
15-08-20 12:59:07 [TOTAL] Starting  
0 15-08-20 12:59:07 [SETUP] ybd.py version is HEAD 15-27-60-gdde8ba8-dirty (15-27 + 60 commits)
0 15-08-20 12:59:07 [SETUP] Default configuration is:

aliases:
  'baserock:': 'git://git.baserock.org/baserock/'
  'freedesktop:': 'git://anongit.freedesktop.org/'
  'github:': 'git://github.com/'
  'gnome:': 'git://git.gnome.org/'
  'upstream:': 'git://git.baserock.org/delta/'
base-path: ['/usr/bin', '/bin', '/usr/sbin', '/sbin']
base: '/src'
cache-server: 'http://git.baserock.org:8080/1.0/sha1s?'
defaults: 'config/defaults.conf'
defs-schema: './schema/definitions-schema.json'
instances: 5 
json-schema: './schema/json-schema.json'
no-ccache: False
no-distcc: True
server: 'http://192.168.56.102:8000/'
tar-url: 'http://git.baserock.org/tarballs'
 
0 15-08-20 12:59:07 [SETUP] Max-jobs is set to 12
0 15-08-20 12:59:07 [TARGET] Target is /src/definitions/ci x86_64
0 15-08-20 12:59:07 [DEFINITIONS] Starting parsing HEAD baserock-15.17-rc-519-g6cb6399 (baserock-15.17-rc + 519 commits) 
0 15-08-20 12:59:07 [DEFINITIONS] WARNING: problem loading ./schema/json-schema.json
0 15-08-20 12:59:07 [DEFINITIONS] WARNING: problem loading ./schema/definitions-schema.json
0 15-08-20 12:59:07 [ansible] WARNING: ansible contains ansible
0 15-08-20 12:59:08 [baserock-import] WARNING: baserock-import contains baserock-import
0 15-08-20 12:59:08 [cups] WARNING: cups contains cups
0 15-08-20 12:59:08 [cxmanage] WARNING: cxmanage contains cxmanage
0 15-08-20 12:59:08 [django] WARNING: django contains django
0 15-08-20 12:59:08 [enlightenment] WARNING: enlightenment contains enlightenment
0 15-08-20 12:59:08 [erlang] WARNING: erlang contains erlang
0 15-08-20 12:59:08 [gtk3] WARNING: gtk3 contains gtk3
0 15-08-20 12:59:08 [lorry-controller] WARNING: lorry-controller contains lorry-controller
0 15-08-20 12:59:08 [lorry] WARNING: lorry contains lorry
0 15-08-20 12:59:08 [lua] WARNING: lua contains lua
0 15-08-20 12:59:08 [orc] WARNING: multiple definitions of build-depends
0 15-08-20 12:59:08 [orc] ['strata/core.morph', 'strata/foundation.morph', 'strata/audio-bluetooth.morph', 'strata/multimedia-common.morph'] | ['strata/audio-bluetooth.morph', 'strata/multimedia-common.morph', 'strata/mesa-common.morph'] 
0 15-08-20 12:59:08 [orc] WARNING: multiple definitions of ref
0 15-08-20 12:59:08 [orc] b4f7fcaf99a4d952e59f2a9fa9286d24cc4b3a5a | 16e053b8f2359196fd50b111f1c10b93590f5cb9 
0 15-08-20 12:59:08 [orc] WARNING: multiple definitions of unpetrify-ref
0 15-08-20 12:59:08 [orc] baserock/morph | orc-0.4.22 
0 15-08-20 12:59:08 [ntpd] WARNING: ntpd contains ntpd
0 15-08-20 12:59:08 [qt4-tools] WARNING: qt4-tools contains qt4-tools
0 15-08-20 12:59:08 [ruby] WARNING: ruby contains ruby
0 15-08-20 12:59:08 [samba] WARNING: samba contains samba
0 15-08-20 12:59:08 [swift] WARNING: swift contains swift
0 15-08-20 12:59:08 [linux-user-chroot] WARNING: multiple definitions of build-depends
0 15-08-20 12:59:08 [linux-user-chroot] ['strata/core.morph', 'strata/python-core.morph'] | ['strata/core.morph', 'strata/glib-common.morph'] 
0 15-08-20 12:59:08 [libepoxy] WARNING: multiple definitions of build-depends
0 15-08-20 12:59:08 [libepoxy] ['strata/gtk-deps.morph', 'strata/wayland-generic.morph'] | ['strata/foundation.morph', 'strata/libdrm-common.morph', 'strata/mesa-common.morph', 'strata/x-common.morph', 'strata/graphics-common.morph'] 
0 15-08-20 12:59:08 [xstatic] WARNING: xstatic contains xstatic
0 15-08-20 12:59:08 [zookeeper-client] WARNING: zookeeper-client contains zookeeper-client
0 15-08-20 12:59:08 [zookeeper-server] WARNING: zookeeper-server contains zookeeper-server
0 15-08-20 12:59:08 [zookeeper] WARNING: zookeeper contains zookeeper
0 15-08-20 12:59:10 [DEFINITIONS] Elapsed time for parsing HEAD baserock-15.17-rc-519-g6cb6399 (baserock-15.17-rc + 519 commits) 00:00:02
0 15-08-20 12:59:10 [CACHE-KEYS] Starting cache-key calculations 
0 15-08-20 12:59:10 [stage1-binutils] WARNING: no tree from cache-server 5500a97a2ad1735db5b35bc51cfb825c1f4c38df
0 15-08-20 12:59:10 [stage1-binutils] Try fetching tarball git___git_baserock_org_delta_binutils_tarball.tar 
0 15-08-20 12:59:15 [stage1-binutils] Git repo is mirrored at /src/gits/git___git_baserock_org_delta_binutils_tarball
0 15-08-20 12:59:15 [stage1-binutils] Cache_key is stage1-binutils.dac85c48b260aa710b7910ab871bf5b5cce1e27910bf090b4b60bf2dc35fbbbb
0 15-08-20 12:59:15 [stage1-gcc] WARNING: no tree from cache-server b3c9b176c1f10ebeff5700eb3760e9511f23fa06
0 15-08-20 12:59:15 [stage1-gcc] Try fetching tarball git___git_baserock_org_delta_gcc_tarball.tar 
0 15-08-20 13:00:31 [stage1-gcc] Git repo is mirrored at /src/gits/git___git_baserock_org_delta_gcc_tarball
0 15-08-20 13:00:31 [stage1-gcc] Cache_key is stage1-gcc.53687a18c4d5992c2ada2b6e3c95b1f07712315c32de33b36e94691ddaf40a1f
0 15-08-20 13:00:32 [stage2-linux-api-headers] WARNING: no tree from cache-server 39a8804455fb23f09157341d3ba7db6d7ae6ee76
0 15-08-20 13:00:32 [stage2-linux-api-headers] Try fetching tarball git___git_baserock_org_delta_linux.tar 
0 15-08-20 13:05:45 [stage2-linux-api-headers] Git repo is mirrored at /src/gits/git___git_baserock_org_delta_linux
0 15-08-20 13:05:45 [stage2-linux-api-headers] Cache_key is stage2-linux-api-headers.dc284802a859862bdecea33c6aea2483185729cca5134cf230d926d12c27ed6e
0 15-08-20 13:05:46 [stage2-glibc] WARNING: no tree from cache-server 4e42b5b8f89f0e288e68be7ad70f9525aebc2cff
0 15-08-20 13:05:46 [stage2-glibc] Try fetching tarball git___git_baserock_org_delta_glibc.tar 
0 15-08-20 13:06:20 [stage2-glibc] Git repo is mirrored at /src/gits/git___git_baserock_org_delta_glibc
0 15-08-20 13:06:20 [stage2-glibc] Cache_key is stage2-glibc.d9a5b38ff5115592af4ad878a5eda98915582e3e16c9d11b5176e123058bcf67
0 15-08-20 13:06:20 [stage2-libstdc++] Cache_key is stage2-libstdc++.65583b8c05dc4caef8a29b523101f92e34ccb46812997a4daf55a49a3e5ce6eb
0 15-08-20 13:06:20 [stage2-binutils] Cache_key is stage2-binutils.3175f086ad037c0283315c5b332c8bbd8850eda1ead9acd02859dd5c1fe85fad
0 15-08-20 13:06:20 [stage2-gcc-fixed-headers] Cache_key is stage2-gcc-fixed-headers.fd6946769145588533e14bed18ca1e2c34563abc6dd97efc8b447d386c905d49
0 15-08-20 13:06:20 [stage2-gcc] Cache_key is stage2-gcc.f4ad49035ffcc979d01b2906ad2e9aa711da0964b5ce424de0234671aede0522
0 15-08-20 13:06:20 [stage2-busybox] WARNING: no tree from cache-server 1ecfe811fe2f70380170ef7d820e8150054e88ca
0 15-08-20 13:06:20 [stage2-busybox] Try fetching tarball git___git_baserock_org_delta_busybox.tar 
0 15-08-20 13:06:34 [stage2-busybox] Git repo is mirrored at /src/gits/git___git_baserock_org_delta_busybox
0 15-08-20 13:06:34 [stage2-busybox] Cache_key is stage2-busybox.a723c45e102066a6ff4ff6964ff7f7f72c497488823f807f580f17aceeabb7b7
0 15-08-20 13:06:35 [stage2-fake-bash] WARNING: no tree from cache-server 3590145af6f1c9fa321dff231f69ae696e7e740b
0 15-08-20 13:06:35 [stage2-fake-bash] Try fetching tarball git___git_baserock_org_delta_bash.tar 
0 15-08-20 13:06:50 [stage2-fake-bash] Git repo is mirrored at /src/gits/git___git_baserock_org_delta_bash
0 15-08-20 13:06:50 [stage2-fake-bash] Cache_key is stage2-fake-bash.52d635bc2a14edd105e2c787579f57de00c10c80be8b171d9e19b75d9288b2a0
0 15-08-20 13:06:50 [stage2-fhs-dirs] WARNING: no tree from cache-server 1218cbd38a4f4e9da75af6f7fae946ca92666afb
0 15-08-20 13:06:50 [stage2-fhs-dirs] Try fetching tarball git___git_baserock_org_baserock_baserock_fhs_dirs.tar 
0 15-08-20 13:06:50 [stage2-fhs-dirs] Try git clone from git://git.baserock.org/baserock/baserock/fhs-dirs
0 15-08-20 13:06:52 [stage2-fhs-dirs] Git repo is mirrored at /src/gits/git___git_baserock_org_baserock_baserock_fhs_dirs
0 15-08-20 13:06:52 [stage2-fhs-dirs] Cache_key is stage2-fhs-dirs.720694aabff97560c1a93e2697f22f563250493e1691290819c5c92fe2944cab
0 15-08-20 13:06:52 [stage2-gawk] WARNING: no tree from cache-server 925f9363c4b0a5bb9375298afcdcf404efb32587
0 15-08-20 13:06:52 [stage2-gawk] Try fetching tarball git___git_baserock_org_delta_gawk.tar 
0 15-08-20 13:07:02 [stage2-gawk] Git repo is mirrored at /src/gits/git___git_baserock_org_delta_gawk
0 15-08-20 13:07:02 [stage2-gawk] Cache_key is stage2-gawk.2ab3b2e9c8471856e54a666c2cca6b00809a71d78078f620b705654993390b3b
0 15-08-20 13:07:02 [stage2-make] WARNING: no tree from cache-server 4978d7129e42340ab9efeb0cb9cae4ad0fa052d4
0 15-08-20 13:07:02 [stage2-make] Try fetching tarball git___git_baserock_org_delta_make_tarball.tar 
0 15-08-20 13:07:04 [stage2-make] Git repo is mirrored at /src/gits/git___git_baserock_org_delta_make_tarball
0 15-08-20 13:07:04 [stage2-make] Cache_key is stage2-make.aa763a78bbd47c27a2fab8ceee20f4f907ab5a9252518b3fa0cb4b5b81e14a46
0 15-08-20 13:07:04 [stage2-reset-specs] Cache_key is stage2-reset-specs.f37a9c787711c982424343453023f38cb71e25bead9aa2a753cdb5814582f82d
0 15-08-20 13:07:04 [fhs-dirs] Cache_key is fhs-dirs.db5bbe26bff0c8cb21fd794d0a4c985b0eed76d7d2e53080d6df57b1ab88b8f3
0 15-08-20 13:07:04 [linux-api-headers] Cache_key is linux-api-headers.237a2ba2311e24708b67b1c90cc89838284fc01385cf4a084bfad8e2c65499a5
0 15-08-20 13:07:04 [glibc] Cache_key is glibc.bb8864cb4601f4c634b7a516fe0fa3b2095dcab4a64948f084a3384ff96aaa79
0 15-08-20 13:07:05 [zlib] WARNING: no tree from cache-server 50893291621658f355bc5b4d450a8d06a563053d
0 15-08-20 13:07:05 [zlib] Try fetching tarball git___git_baserock_org_delta_zlib.tar 
0 15-08-20 13:07:09 [zlib] Git repo is mirrored at /src/gits/git___git_baserock_org_delta_zlib
0 15-08-20 13:07:09 [zlib] Cache_key is zlib.27275d608c76ea20550c1cb6e38daede972f726a647aa9abd8ed1b65755d539d
0 15-08-20 13:07:09 [binutils] Cache_key is binutils.14915a2085ce11d52f34e9c5ce8201beef7273e385d95bb9995c427447db58a5
0 15-08-20 13:07:09 [busybox] Cache_key is busybox.b1aeb37aea1437d90e7749f54f4bf8549a135b8dfad1f5941a88082831fa9b8b
0 15-08-20 13:07:09 [gawk] Cache_key is gawk.62242a56c06e47097783ffec7c22ebcb265f077db5ee7a590ac36eeed34b7672
0 15-08-20 13:07:09 [m4-tarball] WARNING: no tree from cache-server 23c11479b3ad787adc7a651ee0c4347839e47723
0 15-08-20 13:07:09 [m4-tarball] Try fetching tarball git___git_baserock_org_delta_m4_tarball.tar 
0 15-08-20 13:07:11 [m4-tarball] Git repo is mirrored at /src/gits/git___git_baserock_org_delta_m4_tarball
0 15-08-20 13:07:11 [m4-tarball] Cache_key is m4-tarball.0c2d9933239c549f2f8a0b3a2920a70a9d58994a93e6470f12c186228107ce74
0 15-08-20 13:07:11 [gcc] Cache_key is gcc.03e24200e7b35e61a28f11bce604beb373e1c0b978d15a0a91076a7d139c8e6b
0 15-08-20 13:07:11 [make] Cache_key is make.8d23551037112ef49a3dba7b7760762186216f0470aa31e1f5558bf91b6e8ee4
0 15-08-20 13:07:12 [ccache] WARNING: no tree from cache-server 567631456f0899cdf0c382f898d38aadc8901d32
0 15-08-20 13:07:12 [ccache] Try fetching tarball git___git_baserock_org_delta_ccache.tar 
0 15-08-20 13:07:16 [ccache] Git repo is mirrored at /src/gits/git___git_baserock_org_delta_ccache
0 15-08-20 13:07:16 [ccache] Cache_key is ccache.dcf062f109a0d9cd03b356b91a895f87500fe901566e15bc0ddaa580f384bf59
0 15-08-20 13:07:16 [build-essential] Cache_key is build-essential.e1bdf843212f662b23383566b09874097b32deae33d512280a33572574f5d94f
0 15-08-20 13:07:16 [sqlite3] WARNING: no tree from cache-server 24adc227bc29cd17e39df097fbca389c7724cd14
0 15-08-20 13:07:16 [sqlite3] Try fetching tarball git___git_baserock_org_delta_sqlite3.tar 
0 15-08-20 13:07:21 [sqlite3] Git repo is mirrored at /src/gits/git___git_baserock_org_delta_sqlite3
0 15-08-20 13:07:21 [sqlite3] Cache_key is sqlite3.d744b851f94dee7febce562be72ce32e2585f50a7e48b08c69133e753bb158ef
0 15-08-20 13:07:21 [cmake] WARNING: no tree from cache-server 732d8a467ab8a295b1bbf580f865980f8a1a9b29
0 15-08-20 13:07:21 [cmake] Try fetching tarball git___git_baserock_org_delta_cmake.tar 
0 15-08-20 13:07:40 [cmake] Git repo is mirrored at /src/gits/git___git_baserock_org_delta_cmake
0 15-08-20 13:07:40 [cmake] Cache_key is cmake.175ecd258e44f48d6fa86937e30f1cf3aa5812b04782fbb36f5195628837d9c5
0 15-08-20 13:07:40 [gdbm] WARNING: no tree from cache-server e5faeaaf75ecfb705a9b643b3e4cb881ebb69f48
0 15-08-20 13:07:40 [gdbm] Try fetching tarball git___git_baserock_org_delta_gdbm_tarball.tar 
0 15-08-20 13:07:42 [gdbm] Git repo is mirrored at /src/gits/git___git_baserock_org_delta_gdbm_tarball
0 15-08-20 13:07:42 [gdbm] Cache_key is gdbm.cb78fef1c32c1e15fabbf288cffe5af3530f8f7d90eaa847e3ed19e2ab7119b3
0 15-08-20 13:07:42 [mini-utils] WARNING: no tree from cache-server 5293265b29bbf468ab9d7f3302b19dbc81d0f8b8
0 15-08-20 13:07:42 [mini-utils] Try fetching tarball git___git_baserock_org_baserock_baserock_mini_utils.tar 
0 15-08-20 13:07:43 [mini-utils] Try git clone from git://git.baserock.org/baserock/baserock/mini-utils
0 15-08-20 13:07:44 [mini-utils] Git repo is mirrored at /src/gits/git___git_baserock_org_baserock_baserock_mini_utils
0 15-08-20 13:07:44 [mini-utils] Cache_key is mini-utils.ad863fe0d3df72a01feca99626ff79f10378f513f74e89d46d0ce0634d70bb25
0 15-08-20 13:07:44 [ncurses] WARNING: no tree from cache-server f67398afa6a76fbc902cc0cea963d5151fa2a953
0 15-08-20 13:07:44 [ncurses] Try fetching tarball git___git_baserock_org_delta_ncurses.tar 
0 15-08-20 13:07:47 [ncurses] Git repo is mirrored at /src/gits/git___git_baserock_org_delta_ncurses
0 15-08-20 13:07:47 [ncurses] Cache_key is ncurses.0ec451a4381d56ef6c7178574634bfd6cf8a465cad4c53c8acf20f3a2fd3f3fa
0 15-08-20 13:07:47 [perl] WARNING: no tree from cache-server 70f63a4c7dba89e8e48b44de7978faae4319e693
0 15-08-20 13:07:47 [perl] Try fetching tarball git___git_baserock_org_delta_perl.tar 
0 15-08-20 13:08:33 [perl] Git repo is mirrored at /src/gits/git___git_baserock_org_delta_perl
0 15-08-20 13:08:33 [perl] Cache_key is perl.670fbbb974c10f9593857049109dfc99f1adcab032fdc5a88598d7776a1a819a
0 15-08-20 13:08:34 [texinfo-tarball] WARNING: no tree from cache-server 6a55f074b1f67d02149c13931eb1df9f0e539b15
0 15-08-20 13:08:34 [texinfo-tarball] Try fetching tarball git___git_baserock_org_delta_texinfo_tarball.tar 
0 15-08-20 13:08:40 [texinfo-tarball] Git repo is mirrored at /src/gits/git___git_baserock_org_delta_texinfo_tarball
0 15-08-20 13:08:40 [texinfo-tarball] Cache_key is texinfo-tarball.dd87a003df9e81bdc165d265a1897c9f5908ce1163e472fe2a62ffce8dc2558e
0 15-08-20 13:08:40 [autoconf-tarball] WARNING: no tree from cache-server 55d1d2c339bc5f935f6d8d702e98b7bd5d968e9d
0 15-08-20 13:08:40 [autoconf-tarball] Try fetching tarball git___git_baserock_org_delta_autoconf_tarball.tar 
0 15-08-20 13:08:42 [autoconf-tarball] Git repo is mirrored at /src/gits/git___git_baserock_org_delta_autoconf_tarball
0 15-08-20 13:08:42 [autoconf-tarball] Cache_key is autoconf-tarball.2511688a597d42c6257b07bad5ffbccfed89adb3c484b6a1665589b88c416ae6
0 15-08-20 13:08:43 [automake] WARNING: no tree from cache-server db43dd473361d90d8b00362cfef5bac8e722000d
0 15-08-20 13:08:43 [automake] Try fetching tarball git___git_baserock_org_delta_automake.tar 
0 15-08-20 13:08:53 [automake] Git repo is mirrored at /src/gits/git___git_baserock_org_delta_automake
0 15-08-20 13:08:53 [automake] Cache_key is automake.4f17424d6fb99072f43ef6a65d6b73e0c0a761d3af19669c351a217da81ef623
0 15-08-20 13:08:53 [help2man] WARNING: no tree from cache-server 83bab7e2e8e24a380266a9a247c029c49b0de666
0 15-08-20 13:08:53 [help2man] Try fetching tarball git___git_baserock_org_delta_help2man.tar 
0 15-08-20 13:08:57 [help2man] Git repo is mirrored at /src/gits/git___git_baserock_org_delta_help2man
0 15-08-20 13:08:57 [help2man] Cache_key is help2man.ebd7c188338e62ccb40768824f908e0158871ddbf1a68ded3b1323864c67d60f
0 15-08-20 13:08:58 [autoconf] WARNING: no tree from cache-server 218f9347c9c34919c2b8eef8d9a0513ac567a3c1
0 15-08-20 13:08:58 [autoconf] Try fetching tarball git___git_baserock_org_delta_autoconf.tar 
0 15-08-20 13:09:04 [autoconf] Git repo is mirrored at /src/gits/git___git_baserock_org_delta_autoconf
0 15-08-20 13:09:04 [autoconf] Cache_key is autoconf.c4571abde627e687b3904cc60dcec17beec31df8f52b0dc956696f322d713b77
0 15-08-20 13:09:05 [libtool-tarball] WARNING: no tree from cache-server c026ca36e37d2643623a75d0d3e9e451023139f3
0 15-08-20 13:09:05 [libtool-tarball] Try fetching tarball git___git_baserock_org_delta_libtool_tarball.tar 
0 15-08-20 13:09:07 [libtool-tarball] Git repo is mirrored at /src/gits/git___git_baserock_org_delta_libtool_tarball
0 15-08-20 13:09:07 [libtool-tarball] Cache_key is libtool-tarball.9ba025ca9cb2beb81551e0eb8d7c6cac25b3cea2fbb94392b1162e7b1544f504
0 15-08-20 13:09:07 [file] WARNING: no tree from cache-server f69c3fd9bcb108292e7887dd889e8b49f68c4a52
0 15-08-20 13:09:07 [file] Try fetching tarball git___git_baserock_org_delta_file.tar 
0 15-08-20 13:09:10 [file] Git repo is mirrored at /src/gits/git___git_baserock_org_delta_file
0 15-08-20 13:09:10 [file] Cache_key is file.b93464e40aed13401a3a18dbea474f7a40605ba943cb3e6154df9d77fd1ca76d
0 15-08-20 13:09:11 [libexpat] WARNING: no tree from cache-server 7cfc09db3e258129ab05811f2f9e351746ddab9f
0 15-08-20 13:09:11 [libexpat] Try fetching tarball git___git_baserock_org_delta_libexpat.tar 
0 15-08-20 13:09:13 [libexpat] Git repo is mirrored at /src/gits/git___git_baserock_org_delta_libexpat
0 15-08-20 13:09:13 [libexpat] Cache_key is libexpat.a7146e44ab584569df6405403aee1dac35461f3f6a381467e49b2fff3d6d1544
0 15-08-20 13:09:13 [gettext-tarball] WARNING: no tree from cache-server 482840e61f86ca321838a91e902c41d40c098bbb
0 15-08-20 13:09:13 [gettext-tarball] Try fetching tarball git___git_baserock_org_delta_gettext_tarball.tar 
0 15-08-20 13:09:18 [gettext-tarball] Git repo is mirrored at /src/gits/git___git_baserock_org_delta_gettext_tarball
0 15-08-20 13:09:18 [gettext-tarball] Cache_key is gettext-tarball.0093ae504f7d6588d84f70d87b3f877f600464178b7089cd9a797eec6accee8b
0 15-08-20 13:09:18 [bash] Cache_key is bash.b4b47cf5e0d2ea1de2c99f33fa30fd6238491a9f08086e386f231d4f47b911b1
0 15-08-20 13:09:18 [flex] WARNING: no tree from cache-server de10f98e8a2dc2a021796811490d0f30c3cd90bf
0 15-08-20 13:09:18 [flex] Try fetching tarball git___git_baserock_org_delta_flex.tar 
0 15-08-20 13:09:21 [flex] Git repo is mirrored at /src/gits/git___git_baserock_org_delta_flex
0 15-08-20 13:09:21 [flex] Cache_key is flex.f04fe4e7bc7619858b0795d54e3037aa5158b9d604093d3c018800131bf6be98
0 15-08-20 13:09:22 [openssl-new] WARNING: no tree from cache-server 506c1068801fdeef5cb00f2053854bf56150fb6d
0 15-08-20 13:09:22 [openssl-new] Try fetching tarball git___git_baserock_org_delta_openssl_new.tar 
0 15-08-20 13:09:48 [openssl-new] Git repo is mirrored at /src/gits/git___git_baserock_org_delta_openssl_new
0 15-08-20 13:09:48 [openssl-new] Cache_key is openssl-new.7e1842570fefefb40e3b0f039165ded3a2f421f42203112a4f685dec93df03d7
0 15-08-20 13:09:48 [bzip2] WARNING: no tree from cache-server 8deafa68e52b230018c0318dc7959ff9af3ad2a5
0 15-08-20 13:09:48 [bzip2] Try fetching tarball git___git_baserock_org_delta_bzip2.tar 
0 15-08-20 13:09:50 [bzip2] Git repo is mirrored at /src/gits/git___git_baserock_org_delta_bzip2
0 15-08-20 13:09:50 [bzip2] Cache_key is bzip2.8a1e1faf3002d95ab36f5b0815e0cfff8f820d3cf0524b5be720d0f220f7ad2f
0 15-08-20 13:09:50 [readline] WARNING: no tree from cache-server 518937ab89be812ccd45e9b8c1ce4ad721d35ef6
0 15-08-20 13:09:50 [readline] Try fetching tarball git___git_baserock_org_delta_readline.tar 
0 15-08-20 13:09:55 [readline] Git repo is mirrored at /src/gits/git___git_baserock_org_delta_readline
0 15-08-20 13:09:55 [readline] Cache_key is readline.f8f9931299703b2ab0a9b25eb9d84e607f6a2bbb802e00d6e3802e88aae5d2d7
0 15-08-20 13:09:55 [libffi] WARNING: no tree from cache-server 77d4586cc47e8f4c02278afbc220145bba0d442b
0 15-08-20 13:09:55 [libffi] Try fetching tarball git___git_baserock_org_delta_libffi.tar 
0 15-08-20 13:10:07 [libffi] Git repo is mirrored at /src/gits/git___git_baserock_org_delta_libffi
0 15-08-20 13:10:07 [libffi] Cache_key is libffi.f3aed3fe98aa72383c2af6115caa2f992bb14a7a56848d2c220658f6a44052ff
0 15-08-20 13:10:07 [cpython] WARNING: no tree from cache-server 57af3f22d11600ca98c0c9073d0b3b57d43f7c4b
0 15-08-20 13:10:07 [cpython] Try fetching tarball git___git_baserock_org_delta_cpython.tar 
0 15-08-20 13:11:16 [cpython] Git repo is mirrored at /src/gits/git___git_baserock_org_delta_cpython
0 15-08-20 13:11:16 [cpython] Cache_key is cpython.13579b30dfac619ff822a3fe23aabd83c01801e9f12d319f6150e192d9163027
0 15-08-20 13:11:16 [cython] WARNING: no tree from cache-server 4dd8e762fa51d01775506fbbc102c45dbcea065d
0 15-08-20 13:11:16 [cython] Try fetching tarball git___git_baserock_org_delta_cython.tar 
0 15-08-20 13:11:31 [cython] Git repo is mirrored at /src/gits/git___git_baserock_org_delta_cython
0 15-08-20 13:11:31 [cython] Cache_key is cython.1998d9a2fbb02ab69e0bfb9b4770ebee35a1798b6fe95d6cf670e6de8306e0b9
0 15-08-20 13:11:31 [bison] WARNING: no tree from cache-server 2ab6d1daaccf32fc4314e4b2fe44da977f11a308
0 15-08-20 13:11:31 [bison] Try fetching tarball git___git_baserock_org_delta_bison.tar 
0 15-08-20 13:11:40 [bison] Git repo is mirrored at /src/gits/git___git_baserock_org_delta_bison
0 15-08-20 13:11:40 [bison] Cache_key is bison.1ae9f20aa12dafb822e336d41ab0860f3f7aba895755a2a3d86ba3078e28c58a
0 15-08-20 13:11:40 [patch] WARNING: no tree from cache-server 3bbb26c928a147cfcf0756f1cc0a1307e5cc663f
0 15-08-20 13:11:40 [patch] Try fetching tarball git___git_baserock_org_delta_patch.tar 
0 15-08-20 13:11:47 [patch] Git repo is mirrored at /src/gits/git___git_baserock_org_delta_patch
0 15-08-20 13:11:47 [patch] Cache_key is patch.1bf181d4eca2ebe54fba3428152ddecddcdf9b9b6472e4dbdd1d012713cb5788
0 15-08-20 13:11:47 [xz] WARNING: no tree from cache-server a0cd05ee71d330b79ead6eb9222e1b24e1559d3a
0 15-08-20 13:11:47 [xz] Try fetching tarball git___git_baserock_org_delta_xz.tar 
0 15-08-20 13:11:53 [xz] Git repo is mirrored at /src/gits/git___git_baserock_org_delta_xz
0 15-08-20 13:11:53 [xz] Cache_key is xz.0cee8142fe1de69e16ee28313a43d4a1ff513e6485dcf759892f7904c7d6092a
0 15-08-20 13:11:54 [libtool] WARNING: no tree from cache-server 5e11a17c39a2a976a09c33a568431a9f7ad00d48
0 15-08-20 13:11:54 [libtool] Try fetching tarball git___git_baserock_org_delta_libtool.tar 
0 15-08-20 13:12:03 [libtool] Git repo is mirrored at /src/gits/git___git_baserock_org_delta_libtool
0 15-08-20 13:12:03 [libtool] Cache_key is libtool.b05d9d3b0bf1f957743cb3081d283715e092ffd1c7d3e99c21c9fe50236524f9
0 15-08-20 13:12:04 [libxml2] WARNING: no tree from cache-server ee8f1d4cda8dc1a6f2c515fe234f7bc89cdc9f80
0 15-08-20 13:12:04 [libxml2] Try fetching tarball git___git_baserock_org_delta_libxml2.tar 
0 15-08-20 13:12:11 [libxml2] Git repo is mirrored at /src/gits/git___git_baserock_org_delta_libxml2
0 15-08-20 13:12:11 [libxml2] Cache_key is libxml2.331a4a7da8ec646da30dad8298c4922442598b550b8f6f7948eb35c37050d1ca
0 15-08-20 13:12:11 [ca-certificates] WARNING: no tree from cache-server e9b06b26d9e57444e74a5cb6beca3f12726fc3c6
0 15-08-20 13:12:11 [ca-certificates] Try fetching tarball git___git_baserock_org_delta_ca_certificates.tar 
0 15-08-20 13:12:14 [ca-certificates] Git repo is mirrored at /src/gits/git___git_baserock_org_delta_ca_certificates
0 15-08-20 13:12:14 [ca-certificates] Cache_key is ca-certificates.9bab2dd8f381cda6f4c86e10b1c710a98215f5e213d801b5b067868b1b3b575d
0 15-08-20 13:12:15 [curl] WARNING: no tree from cache-server 202aa9f7758636730299b86715d924f54468a908
0 15-08-20 13:12:15 [curl] Try fetching tarball git___git_baserock_org_delta_curl.tar 
0 15-08-20 13:12:31 [curl] Git repo is mirrored at /src/gits/git___git_baserock_org_delta_curl
0 15-08-20 13:12:31 [curl] Cache_key is curl.95f0fd59833ff1f020e1cf49db44dc83f256d32e192e866bb2524a86d3f9fb38
0 15-08-20 13:12:32 [XML-Parser] WARNING: no tree from cache-server e1a3ec157140a699e3020836475a0df622f70f1b
0 15-08-20 13:12:32 [XML-Parser] Try fetching tarball git___git_baserock_org_delta_XML_Parser.tar 
0 15-08-20 13:12:34 [XML-Parser] Git repo is mirrored at /src/gits/git___git_baserock_org_delta_XML_Parser
0 15-08-20 13:12:34 [XML-Parser] Cache_key is XML-Parser.d8e8eeea36d4772b15f26fb23d1d9bd9ec55d1791516e7b48a2a1f3f86ec6f90
0 15-08-20 13:12:34 [git] WARNING: no tree from cache-server 9874fca7122563e28d699a911404fc49d2a24f1c
0 15-08-20 13:12:34 [git] Try fetching tarball git___git_baserock_org_delta_git.tar 
0 15-08-20 13:13:13 [git] Git repo is mirrored at /src/gits/git___git_baserock_org_delta_git
0 15-08-20 13:13:13 [git] Cache_key is git.e10732e788412f52d0eead5994513d285f632af4fb45d004b9d7c9158303275e
0 15-08-20 13:13:13 [gperf] WARNING: no tree from cache-server 5094e4a539adf845111013f82c2c4fcaec637983
0 15-08-20 13:13:13 [gperf] Try fetching tarball git___git_baserock_org_delta_gperf.tar 
0 15-08-20 13:13:15 [gperf] Git repo is mirrored at /src/gits/git___git_baserock_org_delta_gperf
0 15-08-20 13:13:15 [gperf] Cache_key is gperf.7cb955f1904cd22398da74929d6ecfeeb12795278cc216625db28edfefad4e46
0 15-08-20 13:13:16 [intltool] WARNING: no tree from cache-server 12f04c88be9ff8a578d8fd6990ee2448c66dc5f4
0 15-08-20 13:13:16 [intltool] Try fetching tarball git___git_baserock_org_delta_intltool.tar 
0 15-08-20 13:13:18 [intltool] Git repo is mirrored at /src/gits/git___git_baserock_org_delta_intltool
0 15-08-20 13:13:18 [intltool] Cache_key is intltool.1d94bc42de61027ec7036221f6a5348cfdc59d60f60f28f6c1fcc088034559f9
0 15-08-20 13:13:18 [pkg-config] WARNING: no tree from cache-server 74ceac54ef6f9247c00f08eecd8cca811a3c5934
0 15-08-20 13:13:18 [pkg-config] Try fetching tarball git___git_baserock_org_delta_pkg_config.tar 
0 15-08-20 13:13:23 [pkg-config] Git repo is mirrored at /src/gits/git___git_baserock_org_delta_pkg_config
0 15-08-20 13:13:23 [pkg-config] Cache_key is pkg-config.7d0f0412e42554f34fd6536b6b980e67ecef15a0a8b4aa63bf6d5864367def0f
0 15-08-20 13:13:23 [attr] WARNING: no tree from cache-server 4b005410f865895d4dcd56e2c135278a7a315877
0 15-08-20 13:13:23 [attr] Try fetching tarball git___git_baserock_org_delta_attr.tar 
0 15-08-20 13:13:26 [attr] Git repo is mirrored at /src/gits/git___git_baserock_org_delta_attr
0 15-08-20 13:13:27 [attr] Cache_key is attr.29b9142a959de1b603befd49160ff1fbeb344961544b221b79dfbc5d3d7f15fb
0 15-08-20 13:13:27 [acl] WARNING: no tree from cache-server f13e09bd54fd4a501c4952f002ed2752bdd9f93b
0 15-08-20 13:13:27 [acl] Try fetching tarball git___git_baserock_org_delta_acl.tar 
0 15-08-20 13:13:29 [acl] Git repo is mirrored at /src/gits/git___git_baserock_org_delta_acl
0 15-08-20 13:13:29 [acl] Cache_key is acl.d2eb15bf091d893ecc92403379b7fc7b1b0c22485d592817699eb728633f9db6
0 15-08-20 13:13:29 [linux-pam] WARNING: no tree from cache-server b1521c97e73b10469f7b34c0571d51c647eca83c
0 15-08-20 13:13:29 [linux-pam] Try fetching tarball git___git_baserock_org_delta_linux_pam.tar 
0 15-08-20 13:13:34 [linux-pam] Git repo is mirrored at /src/gits/git___git_baserock_org_delta_linux_pam
0 15-08-20 13:13:34 [linux-pam] Cache_key is linux-pam.579e32609267e276580fa883a3fc029bb4af0031c92412528b4f5dda376d9d09
0 15-08-20 13:13:35 [libcap2] WARNING: no tree from cache-server 4f7cca1bc9c2a274edb39d351b65747010d3ba7b
0 15-08-20 13:13:35 [libcap2] Try fetching tarball git___git_baserock_org_delta_libcap2.tar 
0 15-08-20 13:13:36 [libcap2] Git repo is mirrored at /src/gits/git___git_baserock_org_delta_libcap2
0 15-08-20 13:13:36 [libcap2] Cache_key is libcap2.836fa91bd15c5d2aaca392bfb121395b048506fcf03f7a61129769b7a8be51c3
0 15-08-20 13:13:37 [shadow] WARNING: no tree from cache-server bfaa59229d61adb7fa0c570f0d94fd324c6e05aa
0 15-08-20 13:13:37 [shadow] Try fetching tarball git___git_baserock_org_delta_shadow.tar 
0 15-08-20 13:13:40 [shadow] Git repo is mirrored at /src/gits/git___git_baserock_org_delta_shadow
0 15-08-20 13:13:40 [shadow] Cache_key is shadow.084f2be2684fa9c926ad1aab0a164e515283cf4f74d1b04c0246f26aaecc3398
0 15-08-20 13:13:40 [util-linux] WARNING: no tree from cache-server 34760e62e0d5a25262a6aa801b2f1df61216363f
0 15-08-20 13:13:40 [util-linux] Try fetching tarball git___git_baserock_org_delta_util_linux.tar 
0 15-08-20 13:13:58 [util-linux] Git repo is mirrored at /src/gits/git___git_baserock_org_delta_util_linux
0 15-08-20 13:13:58 [util-linux] Cache_key is util-linux.38abf0715d69bd0aa36543e6e2aef45ddf3bb6a005115eca4ebc041a17fa6e94
0 15-08-20 13:13:58 [bc] WARNING: no tree from cache-server 0956d119432ff6a2e85bae1fa336df799cad70b0
0 15-08-20 13:13:58 [bc] Try fetching tarball git___git_baserock_org_delta_bc_tarball.tar 
0 15-08-20 13:14:01 [bc] Git repo is mirrored at /src/gits/git___git_baserock_org_delta_bc_tarball
0 15-08-20 13:14:01 [bc] Cache_key is bc.72604da9fde037a6cbe199df45066d133b7d3db7e2d1e19de1be388d9853e842
0 15-08-20 13:14:01 [libxslt] WARNING: no tree from cache-server 73e08bf7c36a9145d38f51d37e66529b873c011a
0 15-08-20 13:14:01 [libxslt] Try fetching tarball git___git_baserock_org_delta_libxslt.tar 
0 15-08-20 13:14:05 [libxslt] Git repo is mirrored at /src/gits/git___git_baserock_org_delta_libxslt
0 15-08-20 13:14:05 [libxslt] Cache_key is libxslt.9fadbb08ffa26ee18871ce7677bb5cc8028f1d4d323b44466fced16454064cd2
0 15-08-20 13:14:05 [e2fsprogs] WARNING: no tree from cache-server 6a3741ad293031447b95b88431eafa77401a8987
0 15-08-20 13:14:05 [e2fsprogs] Try fetching tarball git___git_baserock_org_delta_e2fsprogs.tar 
0 15-08-20 13:14:13 [e2fsprogs] Git repo is mirrored at /src/gits/git___git_baserock_org_delta_e2fsprogs
0 15-08-20 13:14:13 [e2fsprogs] Cache_key is e2fsprogs.313eb10866c7acdc6c194170768029b566d2af96607e43124c612ea902e1162f
0 15-08-20 13:14:13 [core] Cache_key is core.ff2bf428e04196e1f178b1d14eff9408a9ec0c298bbaf6872a6547da7efac9cf
0 15-08-20 13:14:13 [bash-completion] WARNING: no tree from cache-server 3085c7e12179817a02a611016606391295c69942
0 15-08-20 13:14:13 [bash-completion] Try fetching tarball git___git_baserock_org_delta_bash_completion.tar 
0 15-08-20 13:14:19 [bash-completion] Git repo is mirrored at /src/gits/git___git_baserock_org_delta_bash_completion
0 15-08-20 13:14:19 [coreutils] WARNING: no tree from cache-server 9df9643842e4b4d8ece710fe6105f32fa38a0d22
0 15-08-20 13:14:19 [coreutils] Try fetching tarball git___git_baserock_org_delta_coreutils.tar 
0 15-08-20 13:14:34 [coreutils] Git repo is mirrored at /src/gits/git___git_baserock_org_delta_coreutils
0 15-08-20 13:14:34 [coreutils] Cache_key is coreutils.59ecc1111fe0becf4876613c6b0f300bf74ca9206e1d285a8564fc1f62bc93c7
0 15-08-20 13:14:34 [sed] WARNING: no tree from cache-server ed4b1d7c04f92b330b940d4f0d02cd51d2473ce9
0 15-08-20 13:14:34 [sed] Try fetching tarball git___git_baserock_org_delta_sed.tar 
0 15-08-20 13:14:37 [sed] Git repo is mirrored at /src/gits/git___git_baserock_org_delta_sed
0 15-08-20 13:14:37 [sed] Cache_key is sed.9e95de84d2de20be702bc581eae7ae62175c5d6bec4b1a8d92bcab732c6c5664
0 15-08-20 13:14:38 [diff] WARNING: no tree from cache-server bd86eb1a1e87ab85a7c8dbb658fa829ce69c252e
0 15-08-20 13:14:38 [diff] Try fetching tarball git___git_baserock_org_delta_diffutils.tar 
0 15-08-20 13:14:41 [diff] Git repo is mirrored at /src/gits/git___git_baserock_org_delta_diffutils
0 15-08-20 13:14:41 [diff] Cache_key is diff.efd76a79cc437868e7248afe36cb4ddf5eac38a7b1197405cf4a873143017a48
0 15-08-20 13:14:42 [tar] WARNING: no tree from cache-server 9a58d148c26c220cb1b163c71e7a51a2e41f6b37
0 15-08-20 13:14:42 [tar] Try fetching tarball git___git_baserock_org_delta_tar.tar 
0 15-08-20 13:14:48 [tar] Git repo is mirrored at /src/gits/git___git_baserock_org_delta_tar
0 15-08-20 13:14:48 [tar] Cache_key is tar.b443773f9c390aea1a974ffeb1834152f5172f164972f957efb657e944aab6b1
0 15-08-20 13:14:49 [findutils] WARNING: no tree from cache-server ee6b25541336f9d74624ca814538ddc8c67f0732
0 15-08-20 13:14:49 [findutils] Try fetching tarball git___git_baserock_org_delta_findutils.tar 
0 15-08-20 13:14:55 [findutils] Git repo is mirrored at /src/gits/git___git_baserock_org_delta_findutils
0 15-08-20 13:14:55 [findutils] Cache_key is findutils.ef06309e7716ab8e05100b8dc86118a0def5e8fe658bce05b8de452e61c40b86
0 15-08-20 13:14:55 [coreutils-common] Cache_key is coreutils-common.dc6b0d69a633f34292460a4c4dcd2d5d254f1d25ef4ec7976d1f69e104c30592
0 15-08-20 13:14:55 [bash-completion] Cache_key is bash-completion.9a9993dfa9a2d73febf41f329dbd2452c627f3bc0870edee256e6f2dd4d8362b
0 15-08-20 13:14:55 [groff] WARNING: no tree from cache-server 16305a24e67966ace06d55e2a0b98cc0e3127a93
0 15-08-20 13:14:55 [groff] Try fetching tarball git___git_baserock_org_delta_groff_git.tar 
0 15-08-20 13:15:01 [groff] Git repo is mirrored at /src/gits/git___git_baserock_org_delta_groff_git
0 15-08-20 13:15:01 [groff] Cache_key is groff.373d845880dc9a897f542f97a7dcad208229a545e1095f25d2f3be88cb7efeee
0 15-08-20 13:15:02 [kmod] WARNING: no tree from cache-server ae58de0fcb4a6528dd365e23d383bbe2eaf2d566
0 15-08-20 13:15:02 [kmod] Try fetching tarball git___git_baserock_org_delta_kmod.tar 
0 15-08-20 13:15:11 [kmod] Git repo is mirrored at /src/gits/git___git_baserock_org_delta_kmod
0 15-08-20 13:15:11 [kmod] Cache_key is kmod.f23268e92e49332b4aec73bc6d4c1c102b2104c219ec931edfb280b38fa93c12
0 15-08-20 13:15:12 [time-zone-database] WARNING: no tree from cache-server a0782484f101ac55c916568bc1c490d7761fc904
0 15-08-20 13:15:12 [time-zone-database] Try fetching tarball git___git_baserock_org_delta_tz.tar 
0 15-08-20 13:15:19 [time-zone-database] Git repo is mirrored at /src/gits/git___git_baserock_org_delta_tz
0 15-08-20 13:15:19 [time-zone-database] Cache_key is time-zone-database.91b5bb9375cea9e0f310a10eda9bf7a864968c4131f2635d56660dd315544a00
0 15-08-20 13:15:19 [pciutils] WARNING: no tree from cache-server bae04bd0473c68a2f21b7712a627abb08fd84b29
0 15-08-20 13:15:19 [pciutils] Try fetching tarball git___git_baserock_org_delta_pciutils.tar 
0 15-08-20 13:15:22 [pciutils] Git repo is mirrored at /src/gits/git___git_baserock_org_delta_pciutils
0 15-08-20 13:15:22 [pciutils] Cache_key is pciutils.d9aaa388911239cf9f63dcce44f371d25ab4e76ed250adad7c294905d0693717
0 15-08-20 13:15:22 [dbus-pre] WARNING: no tree from cache-server 92a2d95a6c4457783dbd663bab27260c328f2248
0 15-08-20 13:15:22 [dbus-pre] Try fetching tarball git___git_baserock_org_delta_dbus.tar 
0 15-08-20 13:15:31 [dbus-pre] Git repo is mirrored at /src/gits/git___git_baserock_org_delta_dbus
0 15-08-20 13:15:31 [dbus-pre] Cache_key is dbus-pre.a5ff7eadfe393cf52a336811a0863aad514dec6061a4742dcc1d08c9e6904796
0 15-08-20 13:15:32 [libgpg-error] WARNING: no tree from cache-server d77c33ae608d67086ea057cca5ddee99a7202f8b
0 15-08-20 13:15:32 [libgpg-error] Try fetching tarball git___git_baserock_org_delta_libgpg_error.tar 
0 15-08-20 13:15:36 [libgpg-error] Git repo is mirrored at /src/gits/git___git_baserock_org_delta_libgpg_error
0 15-08-20 13:15:36 [libgpg-error] Cache_key is libgpg-error.64220bce7b16d41a84b64ea07fc28887abe7756dac339805f0f38b567bee17e7
0 15-08-20 13:15:37 [libgcrypt] WARNING: no tree from cache-server 412eed473b557ed2172d81d76fa1e1f53c973a67
0 15-08-20 13:15:37 [libgcrypt] Try fetching tarball git___git_baserock_org_delta_libgcrypt.tar 
0 15-08-20 13:15:45 [libgcrypt] Git repo is mirrored at /src/gits/git___git_baserock_org_delta_libgcrypt
0 15-08-20 13:15:45 [libgcrypt] Cache_key is libgcrypt.bb440b5feffc55c18268e648cf173e4b450325c0d3ccd6dd877eb4b8ce5d5939
0 15-08-20 13:15:45 [systemd] WARNING: no tree from cache-server dde8bb32b12c855509777ce52ff59a835155ac78
0 15-08-20 13:15:45 [systemd] Try fetching tarball git___git_baserock_org_delta_systemd.tar 
0 15-08-20 13:16:11 [systemd] Git repo is mirrored at /src/gits/git___git_baserock_org_delta_systemd
0 15-08-20 13:16:11 [systemd] Cache_key is systemd.89a5cffbe118d47c92e138c5db9fbc52c971f1e65186d9e149ab4686ebc6bd97
0 15-08-20 13:16:11 [libusb] WARNING: no tree from cache-server e11525c66c7dd2db466c8f5785ff0b37d6a99ec9
0 15-08-20 13:16:11 [libusb] Try fetching tarball git___git_baserock_org_delta_libusb.tar 
0 15-08-20 13:16:17 [libusb] Git repo is mirrored at /src/gits/git___git_baserock_org_delta_libusb
0 15-08-20 13:16:17 [libusb] Cache_key is libusb.199b28a66f9dba60cc1d618fee0b0fcba17a9f7d41f0cbf14ae0dc4c209f488b
0 15-08-20 13:16:17 [usbutils] WARNING: no tree from cache-server c37f146eb2c6642c600f1b025a6d56996b0697ff
0 15-08-20 13:16:17 [usbutils] Try fetching tarball git___git_baserock_org_delta_usbutils.tar 
0 15-08-20 13:16:21 [usbutils] Git repo is mirrored at /src/gits/git___git_baserock_org_delta_usbutils
0 15-08-20 13:16:21 [usbutils] Cache_key is usbutils.2201d15df99461270ff18f8091e4a59dd6ff33e45291bd5df5eedf48974d5107
0 15-08-20 13:16:21 [lzo] WARNING: no tree from cache-server 5cca83e4d1b0be5825a597ab24ffa6126dc0bc95
0 15-08-20 13:16:21 [lzo] Try fetching tarball git___git_baserock_org_delta_lzo.tar 
0 15-08-20 13:16:24 [lzo] Git repo is mirrored at /src/gits/git___git_baserock_org_delta_lzo
0 15-08-20 13:16:24 [lzo] Cache_key is lzo.0f9a62b2cdb2bfff8c9e05e2dc9437f317429282154bb9a4f0e20e5861ceab6d
0 15-08-20 13:16:24 [fuse] WARNING: no tree from cache-server d69e627e79862e2df4ff9ff1ddb0363c4520d8a8
0 15-08-20 13:16:24 [fuse] Try fetching tarball git___git_baserock_org_delta_fuse.tar 
0 15-08-20 13:16:28 [fuse] Git repo is mirrored at /src/gits/git___git_baserock_org_delta_fuse
0 15-08-20 13:16:28 [fuse] Cache_key is fuse.1c3ccb8db97ac85ec23a7b09a908c013c32dfcba102cf10d27fd01b87fe59f9d
0 15-08-20 13:16:29 [btrfs-progs] WARNING: no tree from cache-server 19a806f575cd010734fa5793c4b3bfb49926dc62
0 15-08-20 13:16:29 [btrfs-progs] Try fetching tarball git___git_baserock_org_delta_btrfs_progs.tar 
0 15-08-20 13:16:33 [btrfs-progs] Git repo is mirrored at /src/gits/git___git_baserock_org_delta_btrfs_progs
0 15-08-20 13:16:33 [btrfs-progs] Cache_key is btrfs-progs.6b8d967113024da582a13f16a060751f5bbe9967d4350c9d9dc2c2f38b0a004b
0 15-08-20 13:16:33 [dbus] Cache_key is dbus.4e2a4baad71dd64402f1b7dcd3d051fdfb9878f93daed9f7c7207e9ad734dd92
0 15-08-20 13:16:33 [openssh] WARNING: no tree from cache-server 782fe9e725243eeb5ad6ab9a1783b5d6bedfe0d7
0 15-08-20 13:16:33 [openssh] Try fetching tarball git___git_baserock_org_delta_openssh_git.tar 
0 15-08-20 13:16:45 [openssh] Git repo is mirrored at /src/gits/git___git_baserock_org_delta_openssh_git
0 15-08-20 13:16:45 [openssh] Cache_key is openssh.f838036da292e497aa23e8e1e614e6bf16774a6adae920991e688d640e33ef5a
0 15-08-20 13:16:46 [tbdiff] WARNING: no tree from cache-server 235e95c3479f96b04d33edecc684f985bda50e53
0 15-08-20 13:16:46 [tbdiff] Try fetching tarball git___git_baserock_org_baserock_baserock_tbdiff.tar 
0 15-08-20 13:16:46 [tbdiff] Try git clone from git://git.baserock.org/baserock/baserock/tbdiff
0 15-08-20 13:16:51 [tbdiff] Git repo is mirrored at /src/gits/git___git_baserock_org_baserock_baserock_tbdiff
0 15-08-20 13:16:51 [tbdiff] Cache_key is tbdiff.fe505e5054f6f30645cb4d59a74fca1a50c5e04bfa0744a2d34610e027d7667b
0 15-08-20 13:16:52 [rsync] WARNING: no tree from cache-server 7cb0de6326c915a72253fd103dae93308031ec3f
0 15-08-20 13:16:52 [rsync] Try fetching tarball git___git_baserock_org_delta_rsync.tar 
0 15-08-20 13:16:57 [rsync] Git repo is mirrored at /src/gits/git___git_baserock_org_delta_rsync
0 15-08-20 13:16:57 [rsync] Cache_key is rsync.a36cd4b1eef18a9d1afbd264921050478d67fd5ea9ea6832c5c0fedb2a4f9660
0 15-08-20 13:16:57 [foundation] Cache_key is foundation.5666f4ec3a65337a6140ea4cf9af8375143ffed67bee31ebd543d01893dd7007
0 15-08-20 13:16:58 [xml-catalog] WARNING: no tree from cache-server 1d4a2abc875c4dda1b5eadc0a097a48a8d2ec82b
0 15-08-20 13:16:58 [xml-catalog] Try fetching tarball git___git_baserock_org_baserock_baserock_xml_catalog.tar 
0 15-08-20 13:16:58 [xml-catalog] Try git clone from git://git.baserock.org/baserock/baserock/xml-catalog
0 15-08-20 13:17:00 [xml-catalog] Git repo is mirrored at /src/gits/git___git_baserock_org_baserock_baserock_xml_catalog
0 15-08-20 13:17:00 [xml-catalog] Cache_key is xml-catalog.149fefa9b5d6c64eccb7408dc8b6c8354373a124c53d00c7389a092dd1497724
0 15-08-20 13:17:00 [docbook-xml] WARNING: no tree from cache-server c8f0ce32a8075e9ab21e5cf734fb96195455264d
0 15-08-20 13:17:00 [docbook-xml] Try fetching tarball git___git_baserock_org_delta_docbook_xml.tar 
0 15-08-20 13:17:02 [docbook-xml] Git repo is mirrored at /src/gits/git___git_baserock_org_delta_docbook_xml
0 15-08-20 13:17:02 [docbook-xml] Cache_key is docbook-xml.751d5ce77e3380bd8112d578421f3224bf57255b0cde1d676f433e550cdf6302
0 15-08-20 13:17:02 [docbook-xsl] WARNING: no tree from cache-server 802da9dd5d4bc18f46a916eedc0c5c1980a15e59
0 15-08-20 13:17:02 [docbook-xsl] Try fetching tarball git___git_baserock_org_delta_docbook_xsl.tar 
0 15-08-20 13:17:05 [docbook-xsl] Git repo is mirrored at /src/gits/git___git_baserock_org_delta_docbook_xsl
0 15-08-20 13:17:05 [docbook-xsl] Cache_key is docbook-xsl.112739a259e15ab9b1317dd92abbdeea177d57608bc8fefdffaf34f7e1d2f350
0 15-08-20 13:17:05 [asciidoc] WARNING: no tree from cache-server d3a6df0caa94edaf8180bd71bf2fc68390f56520
0 15-08-20 13:17:05 [asciidoc] Try fetching tarball git___git_baserock_org_delta_asciidoc.tar 
0 15-08-20 13:17:08 [asciidoc] Git repo is mirrored at /src/gits/git___git_baserock_org_delta_asciidoc
0 15-08-20 13:17:08 [asciidoc] Cache_key is asciidoc.603be49e35cad0791cf8184b6980cf101fb9e41b558906c2a21e9feb9a1abb8f
0 15-08-20 13:17:08 [xmlto] WARNING: no tree from cache-server 6a590aba95cbcce0f184381fb19d16558e56832d
0 15-08-20 13:17:08 [xmlto] Try fetching tarball git___git_baserock_org_delta_xmlto_tarball.tar 
0 15-08-20 13:17:10 [xmlto] Git repo is mirrored at /src/gits/git___git_baserock_org_delta_xmlto_tarball
0 15-08-20 13:17:10 [xmlto] Cache_key is xmlto.afa47c09433309a9d6bd9ff88cb8af688c489c7783675febc799263e3115becc
0 15-08-20 13:17:10 [strata-docutils.morph] Cache_key is strata-docutils.morph.3eb8760f5f86f24bf707d0bd86f03f5cfd60d36ffa2bd79969d760269459cf32
0 15-08-20 13:17:10 [linux-x86-64-generic] Cache_key is linux-x86-64-generic.d634f2b285385ca1d2692e0ef3102503907e3334d9d5aecbdd85b332ed8405c6
0 15-08-20 13:17:10 [nasm] WARNING: no tree from cache-server 8fa0fe16408afc76ce1ae4387e1a9d46893cfda6
0 15-08-20 13:17:10 [nasm] Try fetching tarball git___git_baserock_org_delta_nasm.tar 
0 15-08-20 13:17:16 [nasm] Git repo is mirrored at /src/gits/git___git_baserock_org_delta_nasm
0 15-08-20 13:17:16 [nasm] Cache_key is nasm.74bcbede016473bc87abc9bbabacf60343f4f2dcde28661d9052e47294f59c6c
0 15-08-20 13:17:17 [syslinux] WARNING: no tree from cache-server 2aab8555987b547b617cbb887e61083fece01541
0 15-08-20 13:17:17 [syslinux] Try fetching tarball git___git_baserock_org_delta_syslinux.tar 
0 15-08-20 13:17:29 [syslinux] Git repo is mirrored at /src/gits/git___git_baserock_org_delta_syslinux
0 15-08-20 13:17:29 [syslinux] Cache_key is syslinux.edef431b418d9efa1457bc8946a3a227ff5a9005d2492b64308575da5be5b238
0 15-08-20 13:17:29 [bsp-x86_64-generic] Cache_key is bsp-x86_64-generic.59bbf783d441d4d3c2f181f23fc29ea2fa6226012844f665d038665bd91b1f23
0 15-08-20 13:17:29 [distcc] WARNING: no tree from cache-server c9691a9604fdf9d6711204999787d332b7141692
0 15-08-20 13:17:29 [distcc] Try fetching tarball git___git_baserock_org_delta_distcc.tar 
0 15-08-20 13:17:32 [distcc] Git repo is mirrored at /src/gits/git___git_baserock_org_delta_distcc
0 15-08-20 13:17:32 [gtk-doc-stub] WARNING: no tree from cache-server 58ec0d8593541ef7ae522ce42ebec6f98536c4e0
0 15-08-20 13:17:32 [gtk-doc-stub] Try fetching tarball git___git_baserock_org_delta_gtk_doc_stub.tar 
0 15-08-20 13:17:33 [gtk-doc-stub] Git repo is mirrored at /src/gits/git___git_baserock_org_delta_gtk_doc_stub
0 15-08-20 13:17:33 [gtk-doc-stub] Cache_key is gtk-doc-stub.45f18332077d7896270e9cbb5d54789b48afa9afae40d931ee1a52cb9ee036d8
0 15-08-20 13:17:34 [gnome-common] WARNING: no tree from cache-server 5d61b55e8bea32fe2b52e21682ee4b3719b290c5
0 15-08-20 13:17:34 [gnome-common] Try fetching tarball git___git_baserock_org_delta_gnome_common.tar 
0 15-08-20 13:17:38 [gnome-common] Git repo is mirrored at /src/gits/git___git_baserock_org_delta_gnome_common
0 15-08-20 13:17:38 [gnome-common] Cache_key is gnome-common.0b2714bf58ab8ff61b83b5f2816c5204ea588b0c9a6a01a23ff263bd3e95ebbb
0 15-08-20 13:17:39 [glib] WARNING: no tree from cache-server 966ffb16f6bd54cb3d928a55d00d0eda73592094
0 15-08-20 13:17:39 [glib] Try fetching tarball git___git_baserock_org_delta_glib.tar 
0 15-08-20 13:18:11 [glib] Git repo is mirrored at /src/gits/git___git_baserock_org_delta_glib
0 15-08-20 13:18:11 [glib] Cache_key is glib.67ed042fdcce5d1b650d7710b20a57d5f5e03fdfbdcc1cbc2bac9cc86934f815
0 15-08-20 13:18:12 [gobject-introspection] WARNING: no tree from cache-server c0243e116c5e261c262dded9f4d7726a770c5a19
0 15-08-20 13:18:12 [gobject-introspection] Try fetching tarball git___git_baserock_org_delta_gobject_introspection.tar 
0 15-08-20 13:18:24 [gobject-introspection] Git repo is mirrored at /src/gits/git___git_baserock_org_delta_gobject_introspection
0 15-08-20 13:18:24 [gobject-introspection] Cache_key is gobject-introspection.98b585db3369dd78c43af31a661b0b547f6b5dcac9d920b5aaed97bfed5ea47e
0 15-08-20 13:18:24 [glib-common] Cache_key is glib-common.8fcf5243d4a47abdde59ce9f8c4220eabe565fd7916c8e5160be84009a9f5a1c
0 15-08-20 13:18:24 [distcc] Cache_key is distcc.c5bdb758610f8e375252b3722b4da934d9691fd11a839627670846df28dadf5b
0 15-08-20 13:18:24 [gdb] WARNING: no tree from cache-server 129ee12d013f4a2f09fe40a33072e6e47e949890
0 15-08-20 13:18:24 [gdb] Try fetching tarball git___git_baserock_org_delta_binutils_gdb.tar 
0 15-08-20 13:19:15 [gdb] Git repo is mirrored at /src/gits/git___git_baserock_org_delta_binutils_gdb
0 15-08-20 13:19:15 [gdb] Cache_key is gdb.250db27ea78860061aaafb0aa13894ea7166a00ceb325566b84aff03d25714c6
0 15-08-20 13:19:16 [linux-user-chroot] WARNING: no tree from cache-server d25cc110f69e6e71a95b4ac532dcfc5423d4a16b
0 15-08-20 13:19:16 [linux-user-chroot] Try fetching tarball git___git_baserock_org_delta_linux_user_chroot.tar 
0 15-08-20 13:19:17 [linux-user-chroot] Git repo is mirrored at /src/gits/git___git_baserock_org_delta_linux_user_chroot
0 15-08-20 13:19:18 [python-setuptools] WARNING: no tree from cache-server 0aa6a4de5931d02876428388678802db2371fd37
0 15-08-20 13:19:18 [python-setuptools] Try fetching tarball git___git_baserock_org_delta_python_setuptools_bitbucket.tar 
0 15-08-20 13:19:26 [python-setuptools] Git repo is mirrored at /src/gits/git___git_baserock_org_delta_python_setuptools_bitbucket
0 15-08-20 13:19:26 [python-setuptools] Cache_key is python-setuptools.664c8bd2bed922d2b17b2dc1ec8346dccb527e31514b9d46f61f35bf1b2a6af9
0 15-08-20 13:19:26 [mako] WARNING: no tree from cache-server 285bc818a50ccc0f9549630f7c4f4c250585c3e7
0 15-08-20 13:19:26 [mako] Try fetching tarball git___git_baserock_org_delta_python_packages_mako.tar 
0 15-08-20 13:19:30 [mako] Git repo is mirrored at /src/gits/git___git_baserock_org_delta_python_packages_mako
0 15-08-20 13:19:30 [mako] Cache_key is mako.a00cce7c2b8558839b0cb27fd52b124dec5be45a2ac49cbff3fd24df4ba1d4d7
0 15-08-20 13:19:30 [pip] WARNING: no tree from cache-server ea680f204fb0e48789710c22c8f597a9bf01bc16
0 15-08-20 13:19:30 [pip] Try fetching tarball git___git_baserock_org_delta_pip.tar 
0 15-08-20 13:19:54 [pip] Git repo is mirrored at /src/gits/git___git_baserock_org_delta_pip
0 15-08-20 13:19:54 [pip] Cache_key is pip.7014a50bbc30b90ec443ea9a6ad2d1c3226ccc469e25a945ae98ce45c702373e
0 15-08-20 13:19:54 [pbr] WARNING: no tree from cache-server aef4f7ef4faec987d553d1ca40b55951235af0b1
0 15-08-20 13:19:54 [pbr] Try fetching tarball git___git_baserock_org_delta_pbr.tar 
0 15-08-20 13:20:01 [pbr] Git repo is mirrored at /src/gits/git___git_baserock_org_delta_pbr
0 15-08-20 13:20:01 [pbr] Cache_key is pbr.7777ef7b44141983ea276cdb38445c351085ee469f41e87fb6ab1a191c2204d4
0 15-08-20 13:20:01 [python-requests] WARNING: no tree from cache-server b83131779c701720a9ae9efae78996277d416269
0 15-08-20 13:20:01 [python-requests] Try fetching tarball git___git_baserock_org_delta_python_requests.tar 
0 15-08-20 13:20:12 [python-requests] Git repo is mirrored at /src/gits/git___git_baserock_org_delta_python_requests
0 15-08-20 13:20:12 [python-requests] Cache_key is python-requests.40c6fa8c14eb4472af971f00547ba3ef362c8fafbeec682c98e9a1c4e0f0003e
0 15-08-20 13:20:12 [six] WARNING: no tree from cache-server 8cfbff6b764af86d825086fa1637aa009e90d75a
0 15-08-20 13:20:12 [six] Try fetching tarball git___git_baserock_org_delta_six.tar 
0 15-08-20 13:20:18 [six] Git repo is mirrored at /src/gits/git___git_baserock_org_delta_six
0 15-08-20 13:20:18 [six] Cache_key is six.0a6674ad3c5c85f810f1fd5f96cf57207fd088b7742bffae0105cd63582acaab
0 15-08-20 13:20:18 [pyyaml] WARNING: no tree from cache-server d9fbcceaed39d955f6871b07c61dc42f824285c1
0 15-08-20 13:20:18 [pyyaml] Try fetching tarball git___git_baserock_org_delta_pyyaml.tar 
0 15-08-20 13:20:20 [pyyaml] Git repo is mirrored at /src/gits/git___git_baserock_org_delta_pyyaml
0 15-08-20 13:20:20 [pyyaml] Cache_key is pyyaml.e08d02ae45d778eb2a0667fa2272b9c3a9befc9e25be53094f0ab57561da23b5
0 15-08-20 13:20:21 [python-lxml] WARNING: no tree from cache-server 14505bc62f5f1fc9fb0ff007955f3e67ab4562bb
0 15-08-20 13:20:21 [python-lxml] Try fetching tarball git___git_baserock_org_delta_python_lxml.tar 
0 15-08-20 13:20:34 [python-lxml] Git repo is mirrored at /src/gits/git___git_baserock_org_delta_python_lxml
0 15-08-20 13:20:34 [python-lxml] Cache_key is python-lxml.8a5720838e267813350867bb3dc43898554e643a524bde95a9116ffd22f224a3
0 15-08-20 13:20:35 [python-markdown] WARNING: no tree from cache-server f0c5b71acbc02af60a33d67c59558bb513b25e74
0 15-08-20 13:20:35 [python-markdown] Try fetching tarball git___git_baserock_org_delta_python_markdown.tar 
0 15-08-20 13:20:40 [python-markdown] Git repo is mirrored at /src/gits/git___git_baserock_org_delta_python_markdown
0 15-08-20 13:20:40 [python-markdown] Cache_key is python-markdown.686cf7565b897937a0627cf18e95d105e7e215135a13c38db95e7832c9515c48
0 15-08-20 13:20:40 [python-core] Cache_key is python-core.261eee184c937af51171a7c719d79a2edd0ec39c0b6469ff39385909fc9dfcd2
0 15-08-20 13:20:40 [linux-user-chroot] Cache_key is linux-user-chroot.09a7fd40615fff7515e9af9ac5fe299b50f8b7fe612b64ae652741197bc5a7f7
0 15-08-20 13:20:40 [lsof] WARNING: no tree from cache-server fffb8558208586338587027c265fd0eca44466be
0 15-08-20 13:20:40 [lsof] Try fetching tarball git___git_baserock_org_delta_lsof.tar 
0 15-08-20 13:20:42 [lsof] Git repo is mirrored at /src/gits/git___git_baserock_org_delta_lsof
0 15-08-20 13:20:42 [lsof] Cache_key is lsof.4fb32d8c89eb2f647cf196a3040c7e7eb5e26d29a77f3e3a156be83480a46134
0 15-08-20 13:20:43 [strace] WARNING: no tree from cache-server 6d8c0637e8dd0f65c667af33c612230552419db1
0 15-08-20 13:20:43 [strace] Try fetching tarball git___git_baserock_org_delta_strace.tar 
0 15-08-20 13:20:45 [strace] Git repo is mirrored at /src/gits/git___git_baserock_org_delta_strace
0 15-08-20 13:20:45 [strace] Cache_key is strace.e2ac45b2d3180568654608ef4633e36d9039ac2ffef5a37226d16f84d419b62d
0 15-08-20 13:20:46 [vala-bootstrap] WARNING: no tree from cache-server 4e4a02c03445336237b36723b23a91670ef7621b
0 15-08-20 13:20:46 [vala-bootstrap] Try fetching tarball git___git_baserock_org_delta_vala.tar 
0 15-08-20 13:21:06 [vala-bootstrap] Git repo is mirrored at /src/gits/git___git_baserock_org_delta_vala
0 15-08-20 13:21:06 [vala-bootstrap] Cache_key is vala-bootstrap.9268982e31cab7af1748dcdbbac184f668fd546a867dc0ac91b11f97e1164815
0 15-08-20 13:21:06 [vala] Cache_key is vala.14b2b1e353f951328ce92c01ac76da1a431ea3ef257b97d673663417ab978547
0 15-08-20 13:21:06 [u-boot] WARNING: no tree from cache-server fe57382d04b46c37f34cf8d3b3ad876554fd12bf
0 15-08-20 13:21:06 [u-boot] Try fetching tarball git___git_baserock_org_delta_u_boot.tar 
0 15-08-20 13:21:21 [u-boot] Git repo is mirrored at /src/gits/git___git_baserock_org_delta_u_boot
0 15-08-20 13:21:21 [u-boot] Cache_key is u-boot.0a027efff1c70e869f6a88eaa78bb8fa6087a70d0af43b71f5ad437fd02478b8
0 15-08-20 13:21:21 [kexec-tools] WARNING: no tree from cache-server f4d1d2ad474e882df13418239aa3050673a844d7
0 15-08-20 13:21:21 [kexec-tools] Try fetching tarball git___git_baserock_org_delta_kexec_tools.tar 
0 15-08-20 13:21:25 [kexec-tools] Git repo is mirrored at /src/gits/git___git_baserock_org_delta_kexec_tools
0 15-08-20 13:21:25 [kexec-tools] Cache_key is kexec-tools.e9afd88b0338e5068283bf83dceb132c5f897a0927fe5100b5345a4aed4a52de
0 15-08-20 13:21:25 [device-tree-compiler] WARNING: no tree from cache-server c92f284c3cf76d471eb27a271de3a51cb45ed058
0 15-08-20 13:21:25 [device-tree-compiler] Try fetching tarball git___git_baserock_org_delta_device_tree_compiler.tar 
0 15-08-20 13:21:28 [device-tree-compiler] Git repo is mirrored at /src/gits/git___git_baserock_org_delta_device_tree_compiler
0 15-08-20 13:21:28 [device-tree-compiler] Cache_key is device-tree-compiler.69e3f7056cbb508b746d0dcf6b28a253d3810f19d05eccf05a53f49dd6e498fa
0 15-08-20 13:21:28 [sudo] WARNING: no tree from cache-server a4769dc7999b53260325fb89945bef85714fb338
0 15-08-20 13:21:28 [sudo] Try fetching tarball git___git_baserock_org_delta_sudo.tar 
0 15-08-20 13:21:47 [sudo] Git repo is mirrored at /src/gits/git___git_baserock_org_delta_sudo
0 15-08-20 13:21:47 [sudo] Cache_key is sudo.70ae6df4f03490a2183e8a1a0bbdcea057c8f614ff7484e55b67ad4222d219f1
0 15-08-20 13:21:48 [procps-ng] WARNING: no tree from cache-server 85fff468fa263cdd2ff1c0144579527c32333695
0 15-08-20 13:21:48 [procps-ng] Try fetching tarball git___git_baserock_org_delta_procps_ng.tar 
0 15-08-20 13:21:52 [procps-ng] Git repo is mirrored at /src/gits/git___git_baserock_org_delta_procps_ng
0 15-08-20 13:21:52 [procps-ng] Cache_key is procps-ng.f0482412d75ad0572725b80538719e3cc00bcc378f66df143b0c7db167d0d856
0 15-08-20 13:21:52 [ipmitool] WARNING: no tree from cache-server be7917f9f58c8a354bc0960ed57516af5d2bd29a
0 15-08-20 13:21:52 [ipmitool] Try fetching tarball git___git_baserock_org_delta_ipmitool.tar 
0 15-08-20 13:21:59 [ipmitool] Git repo is mirrored at /src/gits/git___git_baserock_org_delta_ipmitool
0 15-08-20 13:21:59 [ipmitool] Cache_key is ipmitool.4e74e2c265430d11211239f51a9c62f8c1f0c5ac653d37d0ae0ab737b9064d5c
0 15-08-20 13:22:00 [parted] WARNING: no tree from cache-server 387e96e6eac59d84e9a688422b4b321ae9beaa20
0 15-08-20 13:22:00 [parted] Try fetching tarball git___git_baserock_org_delta_parted.tar 
0 15-08-20 13:22:04 [parted] Git repo is mirrored at /src/gits/git___git_baserock_org_delta_parted
0 15-08-20 13:22:04 [parted] Cache_key is parted.461cbbbb4f9563e1a80cc3a33f27c5a8dabedb56b94b2a707d874bbecc15f48e
0 15-08-20 13:22:05 [zip] WARNING: no tree from cache-server e52e9d6a339aad5fcff464cf207da51c02996e39
0 15-08-20 13:22:05 [zip] Try fetching tarball git___git_baserock_org_delta_zip.tar 
0 15-08-20 13:22:07 [zip] Git repo is mirrored at /src/gits/git___git_baserock_org_delta_zip
0 15-08-20 13:22:07 [zip] Cache_key is zip.9c72b178dce4fc5957aa5cf80728dfe795ed3db322b4cc8e7b30728d29caeff7
0 15-08-20 13:22:07 [tools] Cache_key is tools.5ae284c6f05620b44a2fa8113a4df092d373013dcc582fa467a71b95d2b494ba
0 15-08-20 13:22:07 [python-coveragepy] WARNING: no tree from cache-server 77d2e3bfd8fb325092aaed37ba1378054d182d19
0 15-08-20 13:22:07 [python-coveragepy] Try fetching tarball git___git_baserock_org_delta_python_coveragepy.tar 
0 15-08-20 13:22:18 [python-coveragepy] Git repo is mirrored at /src/gits/git___git_baserock_org_delta_python_coveragepy
0 15-08-20 13:22:18 [python-coveragepy] Cache_key is python-coveragepy.10106ed47f66fb7d0f40e20c707ff0619c3dab9c9a05a77981065c9c211dfcc7
0 15-08-20 13:22:19 [python-coverage-test-runner] WARNING: no tree from cache-server 8ea9421ac3384b2e88e0c36f2cfa52586c4798b7
0 15-08-20 13:22:19 [python-coverage-test-runner] Try fetching tarball git___git_baserock_org_delta_python_coverage_test_runner.tar 
0 15-08-20 13:22:20 [python-coverage-test-runner] Git repo is mirrored at /src/gits/git___git_baserock_org_delta_python_coverage_test_runner
0 15-08-20 13:22:20 [python-coverage-test-runner] Cache_key is python-coverage-test-runner.9d410e2965ed9bb1b79ebab75730c6e365af3f3f6a05bb491e18390f43d287ae
0 15-08-20 13:22:21 [cliapp] WARNING: no tree from cache-server cec20cedd062a3aef1b04f997e77b45090c07806
0 15-08-20 13:22:21 [cliapp] Try fetching tarball git___git_baserock_org_delta_cliapp.tar 
0 15-08-20 13:22:24 [cliapp] Git repo is mirrored at /src/gits/git___git_baserock_org_delta_cliapp
0 15-08-20 13:22:24 [cliapp] Cache_key is cliapp.75db58b3fd90c18a14ac12aa3a5a138b96c4962ab452c20f329b5df9ed528d43
0 15-08-20 13:22:24 [python-cliapp] Cache_key is python-cliapp.9061a4c0651cbb7152da09547e476fd77b47c72e9d3e520e2c7bce120d68469c
0 15-08-20 13:22:24 [pygobject] WARNING: no tree from cache-server 276341d7ddab180020c31e6837bd28fd25784de0
0 15-08-20 13:22:24 [pygobject] Try fetching tarball git___git_baserock_org_delta_pygobject.tar 
0 15-08-20 13:22:35 [pygobject] Git repo is mirrored at /src/gits/git___git_baserock_org_delta_pygobject
0 15-08-20 13:22:35 [pygobject] Cache_key is pygobject.e733d96c4333eec39f888e9ef72658a436c4f6c3c1150ad8ec8bed517e3e860a
0 15-08-20 13:22:35 [python-pygobject] Cache_key is python-pygobject.13fcb72b609ec8750f61cfe78f55c5b4bda7a439ad5be5b7676cf0161cc92653
0 15-08-20 13:22:35 [bottle] WARNING: no tree from cache-server 5238c615b3ec198fedebb0fcaad4458e3d68d70f
0 15-08-20 13:22:35 [bottle] Try fetching tarball git___git_baserock_org_delta_bottle.tar 
0 15-08-20 13:22:42 [bottle] Git repo is mirrored at /src/gits/git___git_baserock_org_delta_bottle
0 15-08-20 13:22:42 [bottle] Cache_key is bottle.78a1e36c3564086c763829d9d2838b6117065d91d960c71a882e0d3152adb5f7
0 15-08-20 13:22:42 [flup] WARNING: no tree from cache-server 0f97c5e0ab7d9827506120efc22af3a9c21d1d70
0 15-08-20 13:22:42 [flup] Try fetching tarball git___git_baserock_org_delta_flup.tar 
0 15-08-20 13:22:44 [flup] Git repo is mirrored at /src/gits/git___git_baserock_org_delta_flup
0 15-08-20 13:22:44 [flup] Cache_key is flup.e819097c9f3b1250d739bc937f17d00c6e88aa9a69bcf5382ebfc5634f90c0a2
0 15-08-20 13:22:44 [python-wsgi] Cache_key is python-wsgi.992b5be4871dad909183cce0963f0998e90406cf61ce75e6588bfe1562beacc1
0 15-08-20 13:22:44 [python-ttystatus] WARNING: no tree from cache-server 47d871216cea6ce3b9d6efd70e9a0f38ab8604f0
0 15-08-20 13:22:44 [python-ttystatus] Try fetching tarball git___git_baserock_org_delta_python_ttystatus.tar 
0 15-08-20 13:22:46 [python-ttystatus] Git repo is mirrored at /src/gits/git___git_baserock_org_delta_python_ttystatus
0 15-08-20 13:22:47 [libgsystem] WARNING: no tree from cache-server 8231b8ad4a4ee35e4b11fae5f6e7cddabf1c51ae
0 15-08-20 13:22:47 [libgsystem] Try fetching tarball git___git_baserock_org_delta_libgsystem.tar 
0 15-08-20 13:22:49 [libgsystem] Git repo is mirrored at /src/gits/git___git_baserock_org_delta_libgsystem
0 15-08-20 13:22:50 [libsoup] WARNING: no tree from cache-server c29630a8fdb4e6997ec27da4af545bddefab35ad
0 15-08-20 13:22:50 [libsoup] Try fetching tarball git___git_baserock_org_delta_libsoup.tar 
0 15-08-20 13:23:05 [libsoup] Git repo is mirrored at /src/gits/git___git_baserock_org_delta_libsoup
0 15-08-20 13:23:05 [libsoup] Cache_key is libsoup.43f3bf5d70d56c44d911bc767112ed3845d698a9fcc937f850d9bfafc81a3f39
0 15-08-20 13:23:05 [libsoup-common] Cache_key is libsoup-common.77ab26c3e3afbd48ed3495bd1aa50d08abc112d8267be7653c883b038db09fbf
0 15-08-20 13:23:05 [libgsystem] Cache_key is libgsystem.ec79ae35a2d61e6394b7e1fe813d18cb13b4f59880e426daa00613447b00bac8
0 15-08-20 13:23:05 [ostree] WARNING: no tree from cache-server c9704e9802dfeda9b5a138535c59e98df3dd7196
0 15-08-20 13:23:05 [ostree] Try fetching tarball git___git_baserock_org_delta_ostree.tar 
0 15-08-20 13:23:14 [ostree] Git repo is mirrored at /src/gits/git___git_baserock_org_delta_ostree
0 15-08-20 13:23:14 [ostree] Cache_key is ostree.152878a2aebd9c7136cc4f55ccabdadefd183fed2f12a226c9ba0fb3061ff4f3
0 15-08-20 13:23:14 [ostree-core] Cache_key is ostree-core.ab1ae70da946b389677d51698e7ac581eb1aff473428eeaf75b59399d77b2379
0 15-08-20 13:23:14 [python-ttystatus] Cache_key is python-ttystatus.72de5542d038cbe8375be4b6f3e4883731a3ded1ca84096821a84ecbafaab223
0 15-08-20 13:23:14 [git-fat] WARNING: no tree from cache-server 208f88d0f0ef04c25e8a231979eb0083f57b1610
0 15-08-20 13:23:14 [git-fat] Try fetching tarball git___git_baserock_org_delta_git_fat.tar 
0 15-08-20 13:23:18 [git-fat] Git repo is mirrored at /src/gits/git___git_baserock_org_delta_git_fat
0 15-08-20 13:23:18 [git-fat] Cache_key is git-fat.b2fa4646241750541ff273f54a0e0912b3f88a99b864fd07f77378419eb919ce
0 15-08-20 13:23:18 [pyfilesystem] WARNING: no tree from cache-server 821f7db1ce3a3e1ac53fa514ddacbc2871eac0f6
0 15-08-20 13:23:18 [pyfilesystem] Try fetching tarball git___git_baserock_org_delta_pyfilesystem.tar 
0 15-08-20 13:23:21 [pyfilesystem] Git repo is mirrored at /src/gits/git___git_baserock_org_delta_pyfilesystem
0 15-08-20 13:23:21 [pyfilesystem] Cache_key is pyfilesystem.99da02dcd703513a9c40c179aaa23a00d1f643afa1a7d68ee834dbf5dd077637
0 15-08-20 13:23:22 [cmdtest] WARNING: no tree from cache-server ac91791842c6e7e6eda3213916af413255999c7b
0 15-08-20 13:23:22 [cmdtest] Try fetching tarball git___git_baserock_org_delta_cmdtest.tar 
0 15-08-20 13:23:25 [cmdtest] Git repo is mirrored at /src/gits/git___git_baserock_org_delta_cmdtest
0 15-08-20 13:23:25 [cmdtest] Cache_key is cmdtest.fa4c7ea2657beb96005763c7fca828580b17a4890aed6de17dc14da09f222c4e
0 15-08-20 13:23:25 [pylru] WARNING: no tree from cache-server 221dd259f5c34562c835611d1cf62384b9019da4
0 15-08-20 13:23:25 [pylru] Try fetching tarball git___git_baserock_org_delta_python_packages_pylru.tar 
0 15-08-20 13:23:27 [pylru] Git repo is mirrored at /src/gits/git___git_baserock_org_delta_python_packages_pylru
0 15-08-20 13:23:27 [pylru] Cache_key is pylru.d7fc990973ea90812b09da87bf334a67bf06931a4338e15bed799a9fc789ae8a
0 15-08-20 13:23:28 [morph] WARNING: no tree from cache-server 60c378c55d5d0ef89184b49ae95e445f8de422e3
0 15-08-20 13:23:28 [morph] Try fetching tarball git___git_baserock_org_baserock_baserock_morph.tar 
0 15-08-20 13:23:28 [morph] Try git clone from git://git.baserock.org/baserock/baserock/morph
0 15-08-20 13:23:47 [morph] Git repo is mirrored at /src/gits/git___git_baserock_org_baserock_baserock_morph
0 15-08-20 13:23:47 [morph] Cache_key is morph.d73a38e5c2bca81e1c701b16513cb658ac0634e5bdfef36e4d9ec9a5307cd2fd
0 15-08-20 13:23:47 [ruamel.yaml] WARNING: no tree from cache-server 840b3ccdb306c6aa6d874474e621ae5596595ae4
0 15-08-20 13:23:47 [ruamel.yaml] Try fetching tarball git___git_baserock_org_delta_python_packages_ruamel_yaml.tar 
0 15-08-20 13:23:49 [ruamel.yaml] Git repo is mirrored at /src/gits/git___git_baserock_org_delta_python_packages_ruamel_yaml
0 15-08-20 13:23:49 [ruamel.yaml] Cache_key is ruamel.yaml.deea1d12e063a6f5cefba455cb5d40340d6db24eb40735b971489cc02e88fc32
0 15-08-20 13:23:49 [morph-utils] Cache_key is morph-utils.70647487a8fd304db8e2dd5e6d43ac006832a364eb678d1ce87c499f77dbd516
0 15-08-20 13:23:50 [pycparser] WARNING: no tree from cache-server c926670643ebb5f88a2bf56579fc9934c82be6d2
0 15-08-20 13:23:50 [pycparser] Try fetching tarball git___git_baserock_org_delta_python_packages_pycparser.tar 
0 15-08-20 13:23:53 [pycparser] Git repo is mirrored at /src/gits/git___git_baserock_org_delta_python_packages_pycparser
0 15-08-20 13:23:53 [pycrypto] WARNING: no tree from cache-server af058ee6f5da391a05275470ab4a4a96aa22b350
0 15-08-20 13:23:53 [pycrypto] Try fetching tarball git___git_baserock_org_delta_python_packages_pycrypto.tar 
0 15-08-20 13:23:55 [pycrypto] Git repo is mirrored at /src/gits/git___git_baserock_org_delta_python_packages_pycrypto
0 15-08-20 13:23:55 [pycrypto] Cache_key is pycrypto.4c781b8bc6bc3c17910d121a0029a11f774f2daeab0a2966240f0c7486418214
0 15-08-20 13:23:56 [ecdsa] WARNING: no tree from cache-server 36e9cfa80fcf8b53119adc787e54a5892ec1eb2c
0 15-08-20 13:23:56 [ecdsa] Try fetching tarball git___git_baserock_org_delta_python_packages_ecdsa.tar 
0 15-08-20 13:23:58 [ecdsa] Git repo is mirrored at /src/gits/git___git_baserock_org_delta_python_packages_ecdsa
0 15-08-20 13:23:58 [ecdsa] Cache_key is ecdsa.15778ee9b8a42c3d03b477ee13a465131690d9e7ca413a02f02e403e4f40603c
0 15-08-20 13:23:58 [paramiko] WARNING: no tree from cache-server 424ba615c2a94d3b059e7f24db1a1093a92d8d22
0 15-08-20 13:23:58 [paramiko] Try fetching tarball git___git_baserock_org_delta_paramiko.tar 
0 15-08-20 13:24:04 [paramiko] Git repo is mirrored at /src/gits/git___git_baserock_org_delta_paramiko
0 15-08-20 13:24:04 [paramiko] Cache_key is paramiko.fe2ba3e90873c32d3ade762cc53cd5a6eee481c6ceab0e9f41952e375d7afc13
0 15-08-20 13:24:04 [markupsafe] WARNING: no tree from cache-server feb1d70c16df62f60dcb521d127fdad8819fc036
0 15-08-20 13:24:04 [markupsafe] Try fetching tarball git___git_baserock_org_delta_markupsafe.tar 
0 15-08-20 13:24:06 [markupsafe] Git repo is mirrored at /src/gits/git___git_baserock_org_delta_markupsafe
0 15-08-20 13:24:06 [markupsafe] Cache_key is markupsafe.287d83503aa5be3d242681b48c40efcc316c5d9ab4f87cd9788f7f39da89b7f3
0 15-08-20 13:24:06 [jinja2] WARNING: no tree from cache-server 762c612e7276889aac265645da00e62e33d1573c
0 15-08-20 13:24:06 [jinja2] Try fetching tarball git___git_baserock_org_delta_jinja2.tar 
0 15-08-20 13:24:08 [jinja2] Git repo is mirrored at /src/gits/git___git_baserock_org_delta_jinja2
0 15-08-20 13:24:08 [jinja2] Cache_key is jinja2.b7a88a8e0694ccf6dab8b5661b86326ed323359d44e2fd8a8e50a05d4dd68254
0 15-08-20 13:24:09 [python-json-pointer] WARNING: no tree from cache-server 34073e561261cb413b9bdff5beac31b070d98ea2
0 15-08-20 13:24:09 [python-json-pointer] Try fetching tarball git___git_baserock_org_delta_python_json_pointer.tar 
0 15-08-20 13:24:11 [python-json-pointer] Git repo is mirrored at /src/gits/git___git_baserock_org_delta_python_json_pointer
0 15-08-20 13:24:11 [python-json-pointer] Cache_key is python-json-pointer.17dab573df6083e7afff763bff72e2dc92b2dd925db53e31f815d1fffd17f8ae
0 15-08-20 13:24:11 [python-json-patch] WARNING: no tree from cache-server e4da658a5dc9f68d3386017ffdcc8e07d22b51a3
0 15-08-20 13:24:11 [python-json-patch] Try fetching tarball git___git_baserock_org_delta_python_json_patch.tar 
0 15-08-20 13:24:14 [python-json-patch] Git repo is mirrored at /src/gits/git___git_baserock_org_delta_python_json_patch
0 15-08-20 13:24:14 [python-json-patch] Cache_key is python-json-patch.33d5b0bc91ba9ddd956f9b004fbdcebaaff3d8e9186678b4a5df03e39f5f744f
0 15-08-20 13:24:14 [python-prettytable] WARNING: no tree from cache-server bea6a50e4da00074b35b57232771cea58b89b3e0
0 15-08-20 13:24:14 [python-prettytable] Try fetching tarball git___git_baserock_org_delta_python_prettytable.tar 
0 15-08-20 13:24:16 [python-prettytable] Git repo is mirrored at /src/gits/git___git_baserock_org_delta_python_prettytable
0 15-08-20 13:24:16 [python-prettytable] Cache_key is python-prettytable.03f13339c1e6a0f7bd479b82915598acc92d27cdde8459cc26a7f0f2cd84dbec
0 15-08-20 13:24:16 [configobj] WARNING: no tree from cache-server 9d2aab01c77dce600b296ba9da1163cc0bbc14e0
0 15-08-20 13:24:16 [configobj] Try fetching tarball git___git_baserock_org_delta_configobj_git.tar 
0 15-08-20 13:24:19 [configobj] Git repo is mirrored at /src/gits/git___git_baserock_org_delta_configobj_git
0 15-08-20 13:24:19 [configobj] Cache_key is configobj.49dcde3bd885fb577c536ebab9a9902da74a0dcf2ee213b5e7116f9f92ba94e9
0 15-08-20 13:24:19 [python-mimeparse] WARNING: no tree from cache-server 2d600d3fc4a386af69d20fba433843b4df2b3c92
0 15-08-20 13:24:19 [python-mimeparse] Try fetching tarball git___git_baserock_org_delta_python_packages_python_mimeparse.tar 
0 15-08-20 13:24:21 [python-mimeparse] Git repo is mirrored at /src/gits/git___git_baserock_org_delta_python_packages_python_mimeparse
0 15-08-20 13:24:21 [python-mimeparse] Cache_key is python-mimeparse.d5763fc11c8cd004007265b4a23b8eddf858f0c7da499b2def7567304e7e000f
0 15-08-20 13:24:21 [kazoo] WARNING: no tree from cache-server 93a718ea4c20df797766742c3d74de281613c651
0 15-08-20 13:24:21 [kazoo] Try fetching tarball git___git_baserock_org_delta_python_packages_kazoo.tar 
0 15-08-20 13:24:26 [kazoo] Git repo is mirrored at /src/gits/git___git_baserock_org_delta_python_packages_kazoo
0 15-08-20 13:24:26 [kazoo] Cache_key is kazoo.fa13c849644c076abbda161e59a4957d701f3c93561b7894588c5e1490ba9194
0 15-08-20 13:24:26 [webob] WARNING: no tree from cache-server ae0ac90f22f9e1ff351e445f92330efd89195f51
0 15-08-20 13:24:26 [webob] Try fetching tarball git___git_baserock_org_delta_python_packages_webob.tar 
0 15-08-20 13:24:31 [webob] Git repo is mirrored at /src/gits/git___git_baserock_org_delta_python_packages_webob
0 15-08-20 13:24:31 [webob] Cache_key is webob.decf300cbe0a3fe212f8b880843299c766f03e5c2812d98dc8183fc8f01690d3
0 15-08-20 13:24:31 [python-decorator] WARNING: no tree from cache-server b02f7a254c3679dfac57a824e08dd02ced850636
0 15-08-20 13:24:31 [python-decorator] Try fetching tarball git___git_baserock_org_delta_python_packages_python_decorator.tar 
0 15-08-20 13:24:33 [python-decorator] Git repo is mirrored at /src/gits/git___git_baserock_org_delta_python_packages_python_decorator
0 15-08-20 13:24:33 [python-decorator] Cache_key is python-decorator.8dccd783ddeb216ec115abbbbb0458c9a2b7d737e29be44d327101050811200c
0 15-08-20 13:24:34 [networkx] WARNING: no tree from cache-server 8ac796aba866ade1a56b83e30f25ed392ca3512c
0 15-08-20 13:24:34 [networkx] Try fetching tarball git___git_baserock_org_delta_python_packages_networkx.tar 
0 15-08-20 13:24:43 [networkx] Git repo is mirrored at /src/gits/git___git_baserock_org_delta_python_packages_networkx
0 15-08-20 13:24:43 [networkx] Cache_key is networkx.271395184001851d1ed99227ff1f7b49b6731e79eea1caa2b3eb06295a99395a
0 15-08-20 13:24:44 [boto] WARNING: no tree from cache-server 2517f660f8ef9012708d46da3a36ab967993d2f6
0 15-08-20 13:24:44 [boto] Try fetching tarball git___git_baserock_org_delta_boto.tar 
0 15-08-20 13:24:53 [boto] Git repo is mirrored at /src/gits/git___git_baserock_org_delta_boto
0 15-08-20 13:24:53 [boto] Cache_key is boto.87fe016b7e5f42464fb310dedbb14a7d891d3870d9e33044df3b914d966813f1
0 15-08-20 13:24:53 [python-common] Cache_key is python-common.70f2fdbdecbc202c93d5d643a804d1db4b129215f47450cd27f12af5eb63d8f0
0 15-08-20 13:24:53 [pycparser] Cache_key is pycparser.8155283f282a8d30b4152e5c609f1ffb417cd3f7c0365a1923c83e09a34460e0
0 15-08-20 13:24:53 [cffi] WARNING: no tree from cache-server fc53b53095d61a1ec5814c09c3bf2c7e18627fb5
0 15-08-20 13:24:53 [cffi] Try fetching tarball git___git_baserock_org_delta_python_packages_cffi.tar 
0 15-08-20 13:25:06 [cffi] Git repo is mirrored at /src/gits/git___git_baserock_org_delta_python_packages_cffi
0 15-08-20 13:25:06 [cffi] Cache_key is cffi.116980c7ac18b49d3be99db4e61480e0bad671f3bc3a77db42d6370ae76cbd92
0 15-08-20 13:25:06 [pytz] WARNING: no tree from cache-server c414cb801776e11c769fb36c0d37b8d7a7c8712c
0 15-08-20 13:25:06 [pytz] Try fetching tarball git___git_baserock_org_delta_pytz_tarball.tar 
0 15-08-20 13:25:08 [pytz] Git repo is mirrored at /src/gits/git___git_baserock_org_delta_pytz_tarball
0 15-08-20 13:25:08 [pytz] Cache_key is pytz.66285ace8ac6a0248482f77ab73dbced0afeeb21bdbf11994ae2c73ba74c3e75
0 15-08-20 13:25:09 [babel] WARNING: no tree from cache-server 1891d93b10e6c11ab08099b95001b17e88315c2a
0 15-08-20 13:25:09 [babel] Try fetching tarball git___git_baserock_org_delta_babel.tar 
0 15-08-20 13:25:15 [babel] Git repo is mirrored at /src/gits/git___git_baserock_org_delta_babel
0 15-08-20 13:25:15 [babel] Cache_key is babel.ade8308012cf2bbc7154f95ee4ef546fb4fbdafa26b394c31745841bf279e1cf
0 15-08-20 13:25:16 [enum34] WARNING: no tree from cache-server f1fa1787ceaac72b9934f318ea2135d28c05dd55
0 15-08-20 13:25:16 [enum34] Try fetching tarball git___git_baserock_org_delta_python_packages_enum34.tar 
0 15-08-20 13:25:17 [enum34] Git repo is mirrored at /src/gits/git___git_baserock_org_delta_python_packages_enum34
0 15-08-20 13:25:17 [enum34] Cache_key is enum34.98e5ab95afe9271a366e3b676e58e5ab43afe4341d9896a5da25cf1b154dfe5d
0 15-08-20 13:25:18 [pyasn1] WARNING: no tree from cache-server fa8e66c5f4367a1e39b53dcddc133d084b10400f
0 15-08-20 13:25:18 [pyasn1] Try fetching tarball git___git_baserock_org_delta_python_packages_pyasn1.tar 
0 15-08-20 13:25:21 [pyasn1] Git repo is mirrored at /src/gits/git___git_baserock_org_delta_python_packages_pyasn1
0 15-08-20 13:25:21 [pyasn1] Cache_key is pyasn1.9db3e9bbc1337f630dc9ef0c8f7a3a9e6408d314d106332f66bc09149bdfdaae
0 15-08-20 13:25:21 [cryptography] WARNING: no tree from cache-server 9ac7d55150c8410a08ee3b00b89bfeac3dbd8e8f
0 15-08-20 13:25:21 [cryptography] Try fetching tarball git___git_baserock_org_delta_python_packages_cryptography.tar 
0 15-08-20 13:25:30 [cryptography] Git repo is mirrored at /src/gits/git___git_baserock_org_delta_python_packages_cryptography
0 15-08-20 13:25:30 [cryptography] Cache_key is cryptography.0fb4b855919d64b3dfc1951f0a9f1bfe2d67e769a2f65e6243cdf61af50f0942
0 15-08-20 13:25:30 [pyiso8601] WARNING: no tree from cache-server 9eb87a9bab114e9cc9a8d3dceb04362644d89cab
0 15-08-20 13:25:30 [pyiso8601] Try fetching tarball git___git_baserock_org_delta_pyiso8601.tar 
0 15-08-20 13:25:32 [pyiso8601] Git repo is mirrored at /src/gits/git___git_baserock_org_delta_pyiso8601
0 15-08-20 13:25:32 [pyiso8601] Cache_key is pyiso8601.5b87475568ba2cbddd9f0d44fa29017617c3bfccbed7bc90128e4d89ffcab5e6
0 15-08-20 13:25:32 [netaddr] WARNING: no tree from cache-server bbb31ed50a5338a7d1c0011fc4429d09954f9f0b
0 15-08-20 13:25:32 [netaddr] Try fetching tarball git___git_baserock_org_delta_netaddr.tar 
0 15-08-20 13:25:38 [netaddr] Git repo is mirrored at /src/gits/git___git_baserock_org_delta_netaddr
0 15-08-20 13:25:38 [netaddr] Cache_key is netaddr.2eee7f40c7bc711931465ebbb5e016d2c72df1d4bfe76148e3b01b9cd636a1a0
0 15-08-20 13:25:38 [stevedore] WARNING: no tree from cache-server 218e95d5f09563bd14c50ee0441855f3389af7e7
0 15-08-20 13:25:38 [stevedore] Try fetching tarball git___git_baserock_org_delta_openstack_stevedore.tar 
0 15-08-20 13:25:42 [stevedore] Git repo is mirrored at /src/gits/git___git_baserock_org_delta_openstack_stevedore
0 15-08-20 13:25:42 [stevedore] Cache_key is stevedore.850ff91ec5db4a1eeb8ebb58dafc4a7d5bd0c348fec89f819c2844f360c38c6e
0 15-08-20 13:25:42 [oslo-config] WARNING: no tree from cache-server 3c51838cdffe7a5057ff4823a8ab523bfacc3164
0 15-08-20 13:25:42 [oslo-config] Try fetching tarball git___git_baserock_org_delta_openstack_oslo_config.tar 
0 15-08-20 13:25:49 [oslo-config] Git repo is mirrored at /src/gits/git___git_baserock_org_delta_openstack_oslo_config
0 15-08-20 13:25:49 [oslo-config] Cache_key is oslo-config.dfe7c14a06a0b4963d042c2da741113511fc0a9931c68c7f846aa6b5d7d872ed
0 15-08-20 13:25:49 [pyopenssl] WARNING: no tree from cache-server 0146d447e63a737b4f05a1164d5950eff68543e7
0 15-08-20 13:25:49 [pyopenssl] Try fetching tarball git___git_baserock_org_delta_python_packages_pyopenssl.tar 
0 15-08-20 13:25:57 [pyopenssl] Git repo is mirrored at /src/gits/git___git_baserock_org_delta_python_packages_pyopenssl
0 15-08-20 13:25:57 [pyopenssl] Cache_key is pyopenssl.706037c23024a5e74061f1d42dbd5f8dd83a5cb4de89b5224e294972c2fde112
0 15-08-20 13:25:57 [oslo-i18n] WARNING: no tree from cache-server b0faab7b3d3ea3b14053ab92dd6086956f643e15
0 15-08-20 13:25:57 [oslo-i18n] Try fetching tarball git___git_baserock_org_delta_openstack_oslo_i18n.tar 
0 15-08-20 13:26:01 [oslo-i18n] Git repo is mirrored at /src/gits/git___git_baserock_org_delta_openstack_oslo_i18n
0 15-08-20 13:26:01 [oslo-i18n] Cache_key is oslo-i18n.5d90131c2ffab11989cb5f3073ac8faeac6ee1973b3824166c86c003b0090a2c
0 15-08-20 13:26:01 [netifaces] WARNING: no tree from cache-server 885b200ba717df87f6e8044ec8c66c677c949bcb
0 15-08-20 13:26:01 [netifaces] Try fetching tarball git___git_baserock_org_delta_python_packages_netifaces.tar 
0 15-08-20 13:26:03 [netifaces] Git repo is mirrored at /src/gits/git___git_baserock_org_delta_python_packages_netifaces
0 15-08-20 13:26:03 [netifaces] Cache_key is netifaces.ee987f9cb55819ca2c8cb2477307adfb811a0517115ca1f1ca87d9bb55ed0c07
0 15-08-20 13:26:04 [oslo-utils] WARNING: no tree from cache-server 91dc782c2f11fb76425effd7a331d63111adf1ce
0 15-08-20 13:26:04 [oslo-utils] Try fetching tarball git___git_baserock_org_delta_openstack_oslo_utils.tar 
0 15-08-20 13:26:09 [oslo-utils] Git repo is mirrored at /src/gits/git___git_baserock_org_delta_openstack_oslo_utils
0 15-08-20 13:26:09 [oslo-utils] Cache_key is oslo-utils.ef5fab34842a1053f737adb3afa13b235b48edc6125887d733f80e5237a73202
0 15-08-20 13:26:10 [futures] WARNING: no tree from cache-server 4f7ceedb8a7742e52b0436a4160c7c44665a2597
0 15-08-20 13:26:10 [futures] Try fetching tarball git___git_baserock_org_delta_python_packages_futures.tar 
0 15-08-20 13:26:12 [futures] Git repo is mirrored at /src/gits/git___git_baserock_org_delta_python_packages_futures
0 15-08-20 13:26:12 [futures] Cache_key is futures.b5229274f816873058d1a8da33bb71cff28716522d32afd8472fb5455d1fe0be
0 15-08-20 13:26:12 [oslo-serialization] WARNING: no tree from cache-server 7bfd5dece0f22dbdea1c3e524dbc0eca1f70f1b7
0 15-08-20 13:26:12 [oslo-serialization] Try fetching tarball git___git_baserock_org_delta_openstack_oslo_serialization.tar 
0 15-08-20 13:26:16 [oslo-serialization] Git repo is mirrored at /src/gits/git___git_baserock_org_delta_openstack_oslo_serialization
0 15-08-20 13:26:16 [oslo-serialization] Cache_key is oslo-serialization.b7b538bb4e98d35cefe95ca4f0bbae6430a81a695e5535e924dedf5e41671568
0 15-08-20 13:26:16 [jsonschema] WARNING: no tree from cache-server 35b60f390098d3306c03eee27ceec8cf8a493579
0 15-08-20 13:26:16 [jsonschema] Try fetching tarball git___git_baserock_org_delta_jsonschema.tar 
0 15-08-20 13:26:21 [jsonschema] Git repo is mirrored at /src/gits/git___git_baserock_org_delta_jsonschema
0 15-08-20 13:26:21 [jsonschema] Cache_key is jsonschema.4ca663f0fece5ce0d5761bacdec9ccf2e0dc96b225f4d4ae56e362216db06682
0 15-08-20 13:26:21 [simplejson] WARNING: no tree from cache-server 54d5ff15d508c51366986cc4f77f2f287f036582
0 15-08-20 13:26:21 [simplejson] Try fetching tarball git___git_baserock_org_delta_simplejson.tar 
0 15-08-20 13:26:25 [simplejson] Git repo is mirrored at /src/gits/git___git_baserock_org_delta_simplejson
0 15-08-20 13:26:25 [simplejson] Cache_key is simplejson.b69423ddda71916f2fa12a0e353647c67f7b7e25bd504d82c8a045ee7bba9edc
0 15-08-20 13:26:25 [greenlet] WARNING: no tree from cache-server 42b65a7b67dfabd180625155cd4fcd8e51917fe2
0 15-08-20 13:26:25 [greenlet] Try fetching tarball git___git_baserock_org_delta_python_packages_greenlet.tar 
0 15-08-20 13:26:28 [greenlet] Git repo is mirrored at /src/gits/git___git_baserock_org_delta_python_packages_greenlet
0 15-08-20 13:26:28 [greenlet] Cache_key is greenlet.49471e16a68378b521ea783e9cfe9f62f438cbbb2049c876caad4f6be3b16c5d
0 15-08-20 13:26:28 [eventlet] WARNING: no tree from cache-server bc0a59f8efdb6d436dd41bcf1b2194b8967bfe7f
0 15-08-20 13:26:28 [eventlet] Try fetching tarball git___git_baserock_org_delta_python_packages_eventlet.tar 
0 15-08-20 13:26:35 [eventlet] Git repo is mirrored at /src/gits/git___git_baserock_org_delta_python_packages_eventlet
0 15-08-20 13:26:35 [eventlet] Cache_key is eventlet.2dc22b2548ec5819d3f3f5d724c121c336ce97532754b33a3aeb302b3db1a3fa
0 15-08-20 13:26:36 [pastedeploy] WARNING: no tree from cache-server 5ad87be617c2cc1dd31625688172e964db2756dc
0 15-08-20 13:26:36 [pastedeploy] Try fetching tarball git___git_baserock_org_delta_python_packages_pastedeploy.tar 
0 15-08-20 13:26:38 [pastedeploy] Git repo is mirrored at /src/gits/git___git_baserock_org_delta_python_packages_pastedeploy
0 15-08-20 13:26:38 [pastedeploy] Cache_key is pastedeploy.35ba2157ef0d9ca60b8efee25045282cb288a264d6793c5b78108a0e339bf4a8
0 15-08-20 13:26:38 [openstack-common] Cache_key is openstack-common.b0a6b61d2145f58386f2034eb08fca37a322e7b75bc403e571869e0598a49911
0 15-08-20 13:26:38 [warlock] WARNING: no tree from cache-server 408ccb82347aabf3dc7cf6eccbd2ed2475cb0d60
0 15-08-20 13:26:38 [warlock] Try fetching tarball git___git_baserock_org_delta_warlock.tar 
0 15-08-20 13:26:40 [warlock] Git repo is mirrored at /src/gits/git___git_baserock_org_delta_warlock
0 15-08-20 13:26:40 [warlock] Cache_key is warlock.e6bd60336825a4de4c2c433407485de75e164a8bd9e9e22aadff1cda3d892701
0 15-08-20 13:26:40 [python-keystoneclient] WARNING: no tree from cache-server 8fa6b6f0b5e95493342ce71489d04f73db2418b8
0 15-08-20 13:26:40 [python-keystoneclient] Try fetching tarball git___git_baserock_org_delta_openstack_python_keystoneclient.tar 
0 15-08-20 13:26:49 [python-keystoneclient] Git repo is mirrored at /src/gits/git___git_baserock_org_delta_openstack_python_keystoneclient
0 15-08-20 13:26:49 [python-keystoneclient] Cache_key is python-keystoneclient.8c9c5528c5dde7fbc775e661c475a1caff7a5e0865696213885981bb60dd3cb9
0 15-08-20 13:26:50 [python-glanceclient] WARNING: no tree from cache-server b176c28bbdae3eb5b3280c1981ad2b3b255e234e
0 15-08-20 13:26:50 [python-glanceclient] Try fetching tarball git___git_baserock_org_delta_openstack_python_glanceclient.tar 
0 15-08-20 13:26:55 [python-glanceclient] Git repo is mirrored at /src/gits/git___git_baserock_org_delta_openstack_python_glanceclient
0 15-08-20 13:26:55 [python-glanceclient] Cache_key is python-glanceclient.7ebe07a98bbb55334c84cb4a038e8708d0add469b7112855b75b5858f452e0df
0 15-08-20 13:26:56 [python-novaclient] WARNING: no tree from cache-server e0f5072907a00d48a183dd8fc91a6cf6038ca279
0 15-08-20 13:26:56 [python-novaclient] Try fetching tarball git___git_baserock_org_delta_openstack_python_novaclient.tar 
0 15-08-20 13:27:05 [python-novaclient] Git repo is mirrored at /src/gits/git___git_baserock_org_delta_openstack_python_novaclient
0 15-08-20 13:27:05 [python-novaclient] Cache_key is python-novaclient.d55c42cf32ed2e883a8e7b133f9989779d9a9247a474f1793fb07a20d0df7abb
0 15-08-20 13:27:05 [python-swiftclient] WARNING: no tree from cache-server bb4d2ab59c4de9389667eeed255642f51e276f1e
0 15-08-20 13:27:05 [python-swiftclient] Try fetching tarball git___git_baserock_org_delta_openstack_python_swiftclient.tar 
0 15-08-20 13:27:10 [python-swiftclient] Git repo is mirrored at /src/gits/git___git_baserock_org_delta_openstack_python_swiftclient
0 15-08-20 13:27:10 [python-swiftclient] Cache_key is python-swiftclient.52ca2eef4b5cd1d369d0474b7e73aa2dbbc34e48bd5848597cfe39f674425277
0 15-08-20 13:27:10 [python-troveclient] WARNING: no tree from cache-server e010a919750f07493afd42a4db867853b925bcbf
0 15-08-20 13:27:10 [python-troveclient] Try fetching tarball git___git_baserock_org_delta_openstack_python_troveclient.tar 
0 15-08-20 13:27:14 [python-troveclient] Git repo is mirrored at /src/gits/git___git_baserock_org_delta_openstack_python_troveclient
0 15-08-20 13:27:14 [python-troveclient] Cache_key is python-troveclient.3eee72e6337df0d9e2c5e13c082b92975c06a0a0d0e2a0f88b7acf1742f77dde
0 15-08-20 13:27:14 [python-cinderclient] WARNING: no tree from cache-server ac9b0913904c43f4bf12c8164324d6e6a55dc1ab
0 15-08-20 13:27:14 [python-cinderclient] Try fetching tarball git___git_baserock_org_delta_openstack_python_cinderclient.tar 
0 15-08-20 13:27:21 [python-cinderclient] Git repo is mirrored at /src/gits/git___git_baserock_org_delta_openstack_python_cinderclient
0 15-08-20 13:27:21 [python-cinderclient] Cache_key is python-cinderclient.df9d2fc9051ba02dcf14cdf9abad68cc1c700dea510c158f70a9af9807f23864
0 15-08-20 13:27:21 [pyparsing] WARNING: no tree from cache-server 8062c76ab3958a570052124f17e71f3dd3ec2257
0 15-08-20 13:27:21 [pyparsing] Try fetching tarball git___git_baserock_org_delta_python_packages_pyparsing.tar 
0 15-08-20 13:27:24 [pyparsing] Git repo is mirrored at /src/gits/git___git_baserock_org_delta_python_packages_pyparsing
0 15-08-20 13:27:24 [pyparsing] Cache_key is pyparsing.c158eb86d9730c52a834424a30a7c2d5ec24cfbb4bcd743dc0d046567e1bea49
0 15-08-20 13:27:24 [cmd2] WARNING: no tree from cache-server c0d606bdeb88717ad92ba198bc9232615b83c4cd
0 15-08-20 13:27:24 [cmd2] Try fetching tarball git___git_baserock_org_delta_python_packages_cmd2_hg.tar 
0 15-08-20 13:27:26 [cmd2] Git repo is mirrored at /src/gits/git___git_baserock_org_delta_python_packages_cmd2_hg
0 15-08-20 13:27:26 [cmd2] Cache_key is cmd2.89548839e30fe55cbfccf43097ab95571ea0d2249662a4c2fb107fb6125011e1
0 15-08-20 13:27:27 [cliff] WARNING: no tree from cache-server b703ad32743026d253f872caa1ff2cd727803d14
0 15-08-20 13:27:27 [cliff] Try fetching tarball git___git_baserock_org_delta_openstack_cliff.tar 
0 15-08-20 13:27:28 [cliff] Git repo is mirrored at /src/gits/git___git_baserock_org_delta_openstack_cliff
0 15-08-20 13:27:28 [cliff] Cache_key is cliff.6782f91def4bfa6121272a666fe7a37539b5ebdca7ca6c815c7fbaeb1b4a16b6
0 15-08-20 13:27:29 [tablib] WARNING: no tree from cache-server 1cc051f3e881289a8b51133c0c1ee73683b2d6fc
0 15-08-20 13:27:29 [tablib] Try fetching tarball git___git_baserock_org_delta_python_packages_tablib.tar 
0 15-08-20 13:27:31 [tablib] Git repo is mirrored at /src/gits/git___git_baserock_org_delta_python_packages_tablib
0 15-08-20 13:27:31 [tablib] Cache_key is tablib.30cb2b071dac30aba0481e6ce0066d9a011778190025f32e730dee1851ed9589
0 15-08-20 13:27:31 [cliff-tablib] WARNING: no tree from cache-server a83bf47d7dfbb690dd53e189c532f0859898db04
0 15-08-20 13:27:31 [cliff-tablib] Try fetching tarball git___git_baserock_org_delta_python_packages_cliff_tablib.tar 
0 15-08-20 13:27:33 [cliff-tablib] Git repo is mirrored at /src/gits/git___git_baserock_org_delta_python_packages_cliff_tablib
0 15-08-20 13:27:33 [cliff-tablib] Cache_key is cliff-tablib.ba219619826250ba03d100ca05456e5310110106381e6d4da47b8492460ea463
0 15-08-20 13:27:33 [python-neutronclient] WARNING: no tree from cache-server aa1215a5ad063b299d32ef319eb63d5210249a9b
0 15-08-20 13:27:33 [python-neutronclient] Try fetching tarball git___git_baserock_org_delta_openstack_python_neutronclient.tar 
0 15-08-20 13:27:39 [python-neutronclient] Git repo is mirrored at /src/gits/git___git_baserock_org_delta_openstack_python_neutronclient
0 15-08-20 13:27:39 [python-neutronclient] Cache_key is python-neutronclient.2a482aeca6beb1cbd1be7ead2649917f455c023457cd6c1a22a31d4e41ac3f9e
0 15-08-20 13:27:40 [python-ceilometerclient] WARNING: no tree from cache-server 127aadfd2b2daf9884ad7003e23440048e2efbd8
0 15-08-20 13:27:40 [python-ceilometerclient] Try fetching tarball git___git_baserock_org_delta_openstack_python_ceilometerclient.tar 
0 15-08-20 13:27:45 [python-ceilometerclient] Git repo is mirrored at /src/gits/git___git_baserock_org_delta_openstack_python_ceilometerclient
0 15-08-20 13:27:45 [python-ceilometerclient] Cache_key is python-ceilometerclient.e5965ed6319bfec8cb91b1e24d64a57f9ad97ced68e2a49b82d3ca113d8f169e
0 15-08-20 13:27:45 [python-heatclient] WARNING: no tree from cache-server 6d528f005742263837d05250662bf6214a703da8
0 15-08-20 13:27:45 [python-heatclient] Try fetching tarball git___git_baserock_org_delta_openstack_python_heatclient.tar 
0 15-08-20 13:27:52 [python-heatclient] Git repo is mirrored at /src/gits/git___git_baserock_org_delta_openstack_python_heatclient
0 15-08-20 13:27:52 [python-heatclient] Cache_key is python-heatclient.da5d8d1a6bf9311373f80a9b9adec77009e2f5c72abe30e204d6431005d08cbd
0 15-08-20 13:27:52 [python-designateclient] WARNING: no tree from cache-server a900b41e4d8a9eb40e1812295ba16d773e2b9618
0 15-08-20 13:27:52 [python-designateclient] Try fetching tarball git___git_baserock_org_delta_openstack_python_designateclient.tar 
0 15-08-20 13:27:57 [python-designateclient] Git repo is mirrored at /src/gits/git___git_baserock_org_delta_openstack_python_designateclient
0 15-08-20 13:27:57 [python-designateclient] Cache_key is python-designateclient.fc223f1ec6aaf6d68208bb74c77f6c08ed063c52c423fe0d4e8fd89f96b9eba1
0 15-08-20 13:27:58 [python-barbicanclient] WARNING: no tree from cache-server 2919366867af335d59913764a55ca8e95569947d
0 15-08-20 13:27:58 [python-barbicanclient] Try fetching tarball git___git_baserock_org_delta_openstack_python_barbicanclient.tar 
0 15-08-20 13:28:06 [python-barbicanclient] Git repo is mirrored at /src/gits/git___git_baserock_org_delta_openstack_python_barbicanclient
0 15-08-20 13:28:06 [python-barbicanclient] Cache_key is python-barbicanclient.5252ff5e0e5bc378d12433ac268d5bfccee413972f1905515f0f68de0f1eefab
0 15-08-20 13:28:06 [python-saharaclient] WARNING: no tree from cache-server 319ceb6acf55382218dcd971367613aecb3e4afc
0 15-08-20 13:28:06 [python-saharaclient] Try fetching tarball git___git_baserock_org_delta_openstack_python_saharaclient.tar 
0 15-08-20 13:28:10 [python-saharaclient] Git repo is mirrored at /src/gits/git___git_baserock_org_delta_openstack_python_saharaclient
0 15-08-20 13:28:10 [python-saharaclient] Cache_key is python-saharaclient.0d90ca564e55e55375588ade7e05822371e2b77272f87ade986f26089f6eec92
0 15-08-20 13:28:11 [python-ironicclient] WARNING: no tree from cache-server 4390a21663de3123fac306e9860624ba7deda0e6
0 15-08-20 13:28:11 [python-ironicclient] Try fetching tarball git___git_baserock_org_delta_openstack_python_ironicclient.tar 
0 15-08-20 13:28:16 [python-ironicclient] Git repo is mirrored at /src/gits/git___git_baserock_org_delta_openstack_python_ironicclient
0 15-08-20 13:28:16 [python-ironicclient] Cache_key is python-ironicclient.db5b84b28123cb5640eb85914881feb9c69e20dd7af59a4dd4975957a11ca63d
0 15-08-20 13:28:16 [argparse] WARNING: no tree from cache-server ec94cd429c56487e89425f226284009f78a596c6
0 15-08-20 13:28:16 [argparse] Try fetching tarball git___git_baserock_org_delta_argparse.tar 
0 15-08-20 13:28:18 [argparse] Git repo is mirrored at /src/gits/git___git_baserock_org_delta_argparse
0 15-08-20 13:28:18 [argparse] Cache_key is argparse.b2a7ffa9e654d5ae5ba3c93b64b7cfb80d1b1417085e113105b8490526996163
0 15-08-20 13:28:19 [python-openstackclient] WARNING: no tree from cache-server 28f65e665045c1c6d0697f856f06020c7c8e656a
0 15-08-20 13:28:19 [python-openstackclient] Try fetching tarball git___git_baserock_org_delta_openstack_python_openstackclient.tar 
0 15-08-20 13:28:26 [python-openstackclient] Git repo is mirrored at /src/gits/git___git_baserock_org_delta_openstack_python_openstackclient
0 15-08-20 13:28:26 [python-openstackclient] Cache_key is python-openstackclient.d4de0aed465abe05ff386e02613815954fd777a2699a2cfdfd1dfc2b59d9c65c
0 15-08-20 13:28:27 [os-client-config] WARNING: no tree from cache-server a0df67704ace186b18fd1ecdc220a7e56409bc6f
0 15-08-20 13:28:27 [os-client-config] Try fetching tarball git___git_baserock_org_delta_openstack_os_client_config.tar 
0 15-08-20 13:28:30 [os-client-config] Git repo is mirrored at /src/gits/git___git_baserock_org_delta_openstack_os_client_config
0 15-08-20 13:28:30 [os-client-config] Cache_key is os-client-config.1972df4c7de267c185da7258eb7d6d1f20f9fc6913b68cfefeca072ab466dafc
0 15-08-20 13:28:30 [appdirs] WARNING: no tree from cache-server 57f2bc44a8bca99bac6c57496c8b3fdea26f94d5
0 15-08-20 13:28:30 [appdirs] Try fetching tarball git___git_baserock_org_delta_python_packages_appdirs.tar 
0 15-08-20 13:28:32 [appdirs] Git repo is mirrored at /src/gits/git___git_baserock_org_delta_python_packages_appdirs
0 15-08-20 13:28:32 [appdirs] Cache_key is appdirs.b7c6532f88109ba89d6ef7d75aced653ad1a1f0bfcb8b8b595700fdb2844d7a6
0 15-08-20 13:28:32 [openstack-clients] Cache_key is openstack-clients.e115bbf09722070f98c76c5e5978f8c523c35c621ab9000d38b04fc5703cbd24
0 15-08-20 13:28:32 [python-cheetah] WARNING: no tree from cache-server 831aa6b99d9b4fb012ee644d8e80e0bc0eb6d6ed
0 15-08-20 13:28:32 [python-cheetah] Try fetching tarball git___git_baserock_org_delta_python_cheetah.tar 
0 15-08-20 13:28:34 [python-cheetah] Git repo is mirrored at /src/gits/git___git_baserock_org_delta_python_cheetah
0 15-08-20 13:28:34 [python-cheetah] Cache_key is python-cheetah.b111107224b2e76c22530b475e53b29d76c64f155496d59c8404324f8193f379
0 15-08-20 13:28:35 [cloud-init] WARNING: no tree from cache-server 130d51acc5b0becd64e7007f9dfe41a6e022eaec
0 15-08-20 13:28:35 [cloud-init] Try fetching tarball git___git_baserock_org_delta_cloud_init.tar 
0 15-08-20 13:28:40 [cloud-init] Git repo is mirrored at /src/gits/git___git_baserock_org_delta_cloud_init
0 15-08-20 13:28:40 [cloud-init] Cache_key is cloud-init.6d6fb93d9bc882a3f8c50c1c295ce9aab1f6a4a4953d1a5129bb8173907904ae
0 15-08-20 13:28:40 [cloudinit-support] Cache_key is cloudinit-support.16c7583bf65c3ba34d359ec862d12eb93484f2cedb0be8bebff6bc306ed87d8b
0 15-08-20 13:28:40 [node] WARNING: no tree from cache-server cc56c62ed879ad4f93b1fdab3235c43e60f48b7e
0 15-08-20 13:28:40 [node] Try fetching tarball git___git_baserock_org_delta_node.tar 
0 15-08-20 13:29:00 [node] Git repo is mirrored at /src/gits/git___git_baserock_org_delta_node
0 15-08-20 13:29:00 [node] Cache_key is node.56d91cb871d9135ab79d332147383dbaf48d191cad46bb6dbca2ce384529ec78
0 15-08-20 13:29:00 [nodejs] Cache_key is nodejs.dc059d9afc6a21328f93f8bc4ebf8f0ccfb76735b5dacd759fecaf96ede5ca04
0 15-08-20 13:29:00 [ruby-1.8] WARNING: no tree from cache-server 7a24f1710028d568ad61d0aa49d5178260178d77
0 15-08-20 13:29:00 [ruby-1.8] Try fetching tarball git___git_baserock_org_delta_ruby.tar 
0 15-08-20 13:29:33 [ruby-1.8] Git repo is mirrored at /src/gits/git___git_baserock_org_delta_ruby
0 15-08-20 13:29:33 [ruby-1.8] Cache_key is ruby-1.8.718134413f31d99f4315a0ef5a441e34e7591767a62d01568df77069e936e37a
0 15-08-20 13:29:33 [libyaml] WARNING: no tree from cache-server 0577078d6625a7bf06e6bc7fb26a43e27400b17e
0 15-08-20 13:29:33 [libyaml] Try fetching tarball git___git_baserock_org_delta_libyaml_hg.tar 
0 15-08-20 13:29:35 [libyaml] Git repo is mirrored at /src/gits/git___git_baserock_org_delta_libyaml_hg
0 15-08-20 13:29:35 [libyaml] Cache_key is libyaml.cbc2187b4441c0acc4f7dbd50aa737689a7b8e84401c912af994a984524229f7
0 15-08-20 13:29:35 [ruby] Cache_key is ruby.3384c5f69bf713a18a4b3c891de7fa48ca9fcb92a3620551c60dfdae8ddf3b89
0 15-08-20 13:29:36 [bundler] WARNING: no tree from cache-server 0708fbe62617a63300e1cc3b9869cc1280c57ef6
0 15-08-20 13:29:36 [bundler] Try fetching tarball git___git_baserock_org_delta_bundler.tar 
0 15-08-20 13:29:43 [bundler] Git repo is mirrored at /src/gits/git___git_baserock_org_delta_bundler
0 15-08-20 13:29:43 [bundler] Cache_key is bundler.2b9423154f8af80e8c0849520d97605675dce04e74250fbd12a05900d604dc0b
0 15-08-20 13:29:44 [hoe] WARNING: no tree from cache-server 50a2706d0f70ece52922ddcc56630e1e0655b83e
0 15-08-20 13:29:44 [hoe] Try fetching tarball git___git_baserock_org_delta_ruby_gems_hoe.tar 
0 15-08-20 13:29:46 [hoe] Git repo is mirrored at /src/gits/git___git_baserock_org_delta_ruby_gems_hoe
0 15-08-20 13:29:46 [hoe] Cache_key is hoe.7c5bab88e1dedecbc3ae182c7a4a51fddd3f333d4a41411bc3cee1a00ec8babb
0 15-08-20 13:29:46 [rake-compiler] WARNING: no tree from cache-server aaed621f6fdb0b0395775fea5464cc83e794fbdb
0 15-08-20 13:29:46 [rake-compiler] Try fetching tarball git___git_baserock_org_delta_ruby_gems_rake_compiler.tar 
0 15-08-20 13:29:49 [rake-compiler] Git repo is mirrored at /src/gits/git___git_baserock_org_delta_ruby_gems_rake_compiler
0 15-08-20 13:29:49 [rake-compiler] Cache_key is rake-compiler.36186c52beef6084ec9a2abf7a86fb7c209d0a2ee1650cd4bed4a09de3c4425b
0 15-08-20 13:29:49 [ruby] Cache_key is ruby.e5873761b2bb8fecb444340a0baba605b0a893a2244acc0c32cfcba85d9553e3
0 15-08-20 13:29:50 [bzr-tarball] WARNING: no tree from cache-server e61c7edb4789abcd0f73c30fe719fa6fea478a52
0 15-08-20 13:29:50 [bzr-tarball] Try fetching tarball git___git_baserock_org_delta_bzr_tarball.tar 
0 15-08-20 13:29:52 [bzr-tarball] Git repo is mirrored at /src/gits/git___git_baserock_org_delta_bzr_tarball
0 15-08-20 13:29:52 [pcre] WARNING: no tree from cache-server 2720152c58e13e7cc7403642ec33127101b9971b
0 15-08-20 13:29:52 [pcre] Try fetching tarball git___git_baserock_org_delta_pcre.tar 
0 15-08-20 13:29:59 [pcre] Git repo is mirrored at /src/gits/git___git_baserock_org_delta_pcre
0 15-08-20 13:29:59 [pcre] Cache_key is pcre.79a12f81f5a398fada873162e59b3d3d336df3f47f92caed87b79beb7f943785
0 15-08-20 13:29:59 [pcre-utils] Cache_key is pcre-utils.a883abfc90c1b3d8b357e5c528272c077e7a573542144e9cd92ac1fc10f8c887
0 15-08-20 13:29:59 [bzr-tarball] Cache_key is bzr-tarball.63743ce8ef98da900d140ac4a033db696e822ae11ffc287085e2c79a4d71e4f9
0 15-08-20 13:29:59 [python-fastimport] WARNING: no tree from cache-server 6500a5e7d82651ade9002d44e3ecc71a50302616
0 15-08-20 13:29:59 [python-fastimport] Try fetching tarball git___git_baserock_org_delta_python_fastimport.tar 
0 15-08-20 13:30:00 [python-fastimport] Try git clone from git://git.baserock.org/delta/python-fastimport
0 15-08-20 13:30:03 [python-fastimport] Git repo is mirrored at /src/gits/git___git_baserock_org_delta_python_fastimport
0 15-08-20 13:30:03 [python-fastimport] Cache_key is python-fastimport.2c2095883d17a1852a2804307680a82afa18a3bde1efc427abeb3f10c3773f1e
0 15-08-20 13:30:03 [bzr-fastimport] WARNING: no tree from cache-server b3cda9967f857127bd4dab5eb72223a95916f5ea
0 15-08-20 13:30:03 [bzr-fastimport] Try fetching tarball git___git_baserock_org_delta_bzr_fastimport.tar 
0 15-08-20 13:30:05 [bzr-fastimport] Git repo is mirrored at /src/gits/git___git_baserock_org_delta_bzr_fastimport
0 15-08-20 13:30:05 [bzr-fastimport] Cache_key is bzr-fastimport.b7b313bc9b9b28bb1dcb5505385182ef1500ddbc38d5eb758c539b6162b2e2a4
0 15-08-20 13:30:06 [cvs-tarball] WARNING: no tree from cache-server ca4cd317a75ef4349563b5a9a734561beb4a4f98
0 15-08-20 13:30:06 [cvs-tarball] Try fetching tarball git___git_baserock_org_delta_cvs_tarball.tar 
0 15-08-20 13:30:10 [cvs-tarball] Git repo is mirrored at /src/gits/git___git_baserock_org_delta_cvs_tarball
0 15-08-20 13:30:10 [cvs-tarball] Cache_key is cvs-tarball.dda70b7fb011e196d615de7d11e7cb86f63e712ccb1273144cc43917cf4053d5
0 15-08-20 13:30:10 [libapr] WARNING: no tree from cache-server 10835ec9a2d8bb9f7b867d15f29984d29744f028
0 15-08-20 13:30:10 [libapr] Try fetching tarball git___git_baserock_org_delta_libapr.tar 
0 15-08-20 13:30:20 [libapr] Git repo is mirrored at /src/gits/git___git_baserock_org_delta_libapr
0 15-08-20 13:30:20 [libapr] Cache_key is libapr.2bae6925d213f3ed2ff040296349b6fd358c96c1b11392ef6e0ffc83632f17f5
0 15-08-20 13:30:21 [libapr-util] WARNING: no tree from cache-server 718a507e2e33d87ab15ff80cfe80aea8ae6c7163
0 15-08-20 13:30:21 [libapr-util] Try fetching tarball git___git_baserock_org_delta_libapr_util.tar 
0 15-08-20 13:30:24 [libapr-util] Git repo is mirrored at /src/gits/git___git_baserock_org_delta_libapr_util
0 15-08-20 13:30:24 [libapr-util] Cache_key is libapr-util.49a4b157f005359ae57e48541c4f16b09d64f6cfc384176f7f6ba07c03b93dac
0 15-08-20 13:30:24 [perl-dbi-tarball] WARNING: no tree from cache-server 09e269cff811f0c1881ea0d6b7571173bab8377b
0 15-08-20 13:30:24 [perl-dbi-tarball] Try fetching tarball git___git_baserock_org_delta_perl_dbi_tarball.tar 
0 15-08-20 13:30:26 [perl-dbi-tarball] Git repo is mirrored at /src/gits/git___git_baserock_org_delta_perl_dbi_tarball
0 15-08-20 13:30:26 [perl-dbi-tarball] Cache_key is perl-dbi-tarball.85137e8f2829dcacd3ff55fa7ff215506dcb1fcb413f9038e7b188c8011742a7
0 15-08-20 13:30:27 [perl-dbd-sqlite-tarball] WARNING: no tree from cache-server 485b97be9f2f2abf5a40923b5fd85f75714a8c02
0 15-08-20 13:30:27 [perl-dbd-sqlite-tarball] Try fetching tarball git___git_baserock_org_delta_perl_dbd_sqlite_tarball.tar 
0 15-08-20 13:30:29 [perl-dbd-sqlite-tarball] Git repo is mirrored at /src/gits/git___git_baserock_org_delta_perl_dbd_sqlite_tarball
0 15-08-20 13:30:29 [perl-dbd-sqlite-tarball] Cache_key is perl-dbd-sqlite-tarball.7d65aaefd0362962732ed02a9906871276fa41ff1e784eb850040ec731170c54
0 15-08-20 13:30:29 [libserf] WARNING: no tree from cache-server 6f61a1acd01dc2ad1d2f5c1f7458702c77c69f9c
0 15-08-20 13:30:29 [libserf] Try fetching tarball git___git_baserock_org_delta_libserf_tarball.tar 
0 15-08-20 13:30:31 [libserf] Git repo is mirrored at /src/gits/git___git_baserock_org_delta_libserf_tarball
0 15-08-20 13:30:31 [libserf] Cache_key is libserf.be8e177d35f851bf922c69a2cbb6cffdb719fdacf8f29665057c8d48345e81f0
0 15-08-20 13:30:31 [swig] WARNING: no tree from cache-server 4e23595704d6ddffe4e50ca41bbc90e4b8893f4d
0 15-08-20 13:30:31 [swig] Try fetching tarball git___git_baserock_org_delta_swig.tar 
0 15-08-20 13:30:42 [swig] Git repo is mirrored at /src/gits/git___git_baserock_org_delta_swig
0 15-08-20 13:30:42 [swig] Cache_key is swig.29758441711fbe695b5e8efb7ed29c100d50000678a4fd25b2e67da7267303f7
0 15-08-20 13:30:43 [neon] WARNING: no tree from cache-server 837374e9d797e216f1de684595cefe791f67c0e4
0 15-08-20 13:30:43 [neon] Try fetching tarball git___git_baserock_org_delta_neon.tar 
0 15-08-20 13:30:46 [neon] Git repo is mirrored at /src/gits/git___git_baserock_org_delta_neon
0 15-08-20 13:30:46 [neon] Cache_key is neon.ecee7e1c88857311f9e4bb972081bc08d4f635fb311f74398712628ea77818ac
0 15-08-20 13:30:46 [subversion-tarball] WARNING: no tree from cache-server bb0ef45f7c46b0ae221b26265ef98a768c33f820
0 15-08-20 13:30:46 [subversion-tarball] Try fetching tarball git___git_baserock_org_delta_subversion_tarball.tar 
0 15-08-20 13:31:04 [subversion-tarball] Git repo is mirrored at /src/gits/git___git_baserock_org_delta_subversion_tarball
0 15-08-20 13:31:04 [subversion-tarball] Cache_key is subversion-tarball.7ffd689a47847928dc0427d40f69ae7b1bd0b044dd3dab877aef52539c2490f7
0 15-08-20 13:31:04 [mercurial-tarball] WARNING: no tree from cache-server 4b0aa73b8c69bd5b7521337809f7bc4714209a5a
0 15-08-20 13:31:04 [mercurial-tarball] Try fetching tarball git___git_baserock_org_delta_mercurial_tarball.tar 
0 15-08-20 13:31:08 [mercurial-tarball] Git repo is mirrored at /src/gits/git___git_baserock_org_delta_mercurial_tarball
0 15-08-20 13:31:08 [mercurial-tarball] Cache_key is mercurial-tarball.bf075f37d5f72bd345fc3fc9c8b1113a294c23074b35ec00936658b6713e38e7
0 15-08-20 13:31:08 [hg-fast-export] WARNING: no tree from cache-server 09a472aa58da0417a11a22bae172785f7cb2e80f
0 15-08-20 13:31:08 [hg-fast-export] Try fetching tarball git___git_baserock_org_delta_hg_fast_export.tar 
0 15-08-20 13:31:10 [hg-fast-export] Git repo is mirrored at /src/gits/git___git_baserock_org_delta_hg_fast_export
0 15-08-20 13:31:10 [hg-fast-export] Cache_key is hg-fast-export.864128a237fbba7a45a75e52c77d5b8981f65e6433e3f3c672d1d5e127094c65
0 15-08-20 13:31:10 [cvsps] WARNING: no tree from cache-server 71c6d1f5668f405a7b259a0aac0d423f6c9b4d49
0 15-08-20 13:31:10 [cvsps] Try fetching tarball git___git_baserock_org_delta_cvsps.tar 
0 15-08-20 13:31:12 [cvsps] Git repo is mirrored at /src/gits/git___git_baserock_org_delta_cvsps
0 15-08-20 13:31:12 [cvsps] Cache_key is cvsps.8fca28775cb3ba04f4c822bea47e972eff44fc00b7b459de84c869ff3854c168
0 15-08-20 13:31:12 [lorry] WARNING: no tree from cache-server a55f642cd3e2d7e330cf96ff9f9eb5d03ae39192
0 15-08-20 13:31:12 [lorry] Try fetching tarball git___git_baserock_org_baserock_baserock_lorry.tar 
0 15-08-20 13:31:13 [lorry] Try git clone from git://git.baserock.org/baserock/baserock/lorry
0 15-08-20 13:31:15 [lorry] Git repo is mirrored at /src/gits/git___git_baserock_org_baserock_baserock_lorry
0 15-08-20 13:31:15 [lorry] Cache_key is lorry.6113ef77fce3ff5fe7d55b58091c63495b8e2eae5989432981e691d60004da28
0 15-08-20 13:31:15 [lorry] Cache_key is lorry.c59d5a8b7ca250cec387a119e64eb7f55ebc7dcca90cc08a97be21283db46b5c
0 15-08-20 13:31:16 [ansicolor] WARNING: no tree from cache-server 9d3adbaff35bb6cde1d63414a8cc72f572c4d0ef
0 15-08-20 13:31:16 [ansicolor] Try fetching tarball git___git_baserock_org_delta_python_packages_ansicolor.tar 
0 15-08-20 13:31:17 [ansicolor] Git repo is mirrored at /src/gits/git___git_baserock_org_delta_python_packages_ansicolor
0 15-08-20 13:31:17 [ansicolor] Cache_key is ansicolor.47daf035d8822df51a8b8a741e62d8d749427da0ebee82493865d485025e6d94
0 15-08-20 13:31:18 [requests-cache] WARNING: no tree from cache-server a1b5e65ccd715f1e8434f18f27913715340d6aaf
0 15-08-20 13:31:18 [requests-cache] Try fetching tarball git___git_baserock_org_delta_python_packages_requests_cache.tar 
0 15-08-20 13:31:20 [requests-cache] Git repo is mirrored at /src/gits/git___git_baserock_org_delta_python_packages_requests_cache
0 15-08-20 13:31:20 [requests-cache] Cache_key is requests-cache.f08e5dfa8eea6ca40f68a3085d27f8d24968ba961f14a7b2bb3fe7a49a0029f4
0 15-08-20 13:31:21 [baserock-import] WARNING: no tree from cache-server 461979515ca30cd8e5acdec4cdb5ca3adeb6a9e7
0 15-08-20 13:31:21 [baserock-import] Try fetching tarball git___git_baserock_org_baserock_baserock_import.tar 
0 15-08-20 13:31:21 [baserock-import] Try git clone from git://git.baserock.org/baserock/baserock/import
0 15-08-20 13:31:30 [baserock-import] Git repo is mirrored at /src/gits/git___git_baserock_org_baserock_baserock_import
0 15-08-20 13:31:30 [baserock-import] Cache_key is baserock-import.9c7fa48e7a43ff502b9fca5560585274f8410e60e8d10b2746c84eb1b397c7d8
0 15-08-20 13:31:30 [baserock-import] Cache_key is baserock-import.7980b1fd511d07dacd3f4f74424d2885bee480ddeffdd7d32b8ce3ce91d1fa1e
0 15-08-20 13:31:31 [libevent] WARNING: no tree from cache-server 0b49ae34594533daa82c06a506078de9e336a013
0 15-08-20 13:31:31 [libevent] Try fetching tarball git___git_baserock_org_delta_libevent.tar 
0 15-08-20 13:31:38 [libevent] Git repo is mirrored at /src/gits/git___git_baserock_org_delta_libevent
0 15-08-20 13:31:38 [libevent] Cache_key is libevent.dd420f974e1dcb0fa828a912dffe51170f8c6c9c7403f8214c61ed24184fcf23
0 15-08-20 13:31:39 [ti-rpc] WARNING: no tree from cache-server c5a7a19070e74115fc9c26aa6f3dfec1da220c1f
0 15-08-20 13:31:39 [ti-rpc] Try fetching tarball git___git_baserock_org_delta_ti_rpc.tar 
0 15-08-20 13:31:43 [ti-rpc] Git repo is mirrored at /src/gits/git___git_baserock_org_delta_ti_rpc
0 15-08-20 13:31:43 [ti-rpc] Cache_key is ti-rpc.2e60756ed60477b4029b01b85a684370b40f3ce0ef7e99563455806739e33fcb
0 15-08-20 13:31:43 [rpcbind] WARNING: no tree from cache-server aa3ac0d86c258d3e355ae59df31a96da795ecdfa
0 15-08-20 13:31:43 [rpcbind] Try fetching tarball git___git_baserock_org_delta_rpcbind.tar 
0 15-08-20 13:31:46 [rpcbind] Git repo is mirrored at /src/gits/git___git_baserock_org_delta_rpcbind
0 15-08-20 13:31:46 [rpcbind] Cache_key is rpcbind.a771f750a1fd0254118ae7d7c6f8021f2ec0fd17d7245895ff0c1add55424ab9
0 15-08-20 13:31:47 [nfs-utils] WARNING: no tree from cache-server 0da9f20a22bb32b2da6b587b4e85dafde087c0f7
0 15-08-20 13:31:47 [nfs-utils] Try fetching tarball git___git_baserock_org_delta_nfs_utils.tar 
0 15-08-20 13:31:57 [nfs-utils] Git repo is mirrored at /src/gits/git___git_baserock_org_delta_nfs_utils
0 15-08-20 13:31:57 [nfs-utils] Cache_key is nfs-utils.7836cb819aad96cc1496f4a71d0581c543b76d570e8204f1977189073c211af7
0 15-08-20 13:31:57 [nfs] Cache_key is nfs.d92d0a3062e136bb81071a2b1171686c0312f3c597596e348f1da481a9594ea8
0 15-08-20 13:31:57 [python3] Cache_key is python3.78d0e9f4bcae235aa01a62fd0fae158d9cfc445e06b05911a0f2e18fbaf8ed04
0 15-08-20 13:31:57 [python3-core] Cache_key is python3-core.0e12afdcc4d234aa0930585ce493c67ad6fccefbfd07591861431202ff3cc02d
0 15-08-20 13:31:57 [virtualenv] WARNING: no tree from cache-server 9205ff46a67130e8835f14bb4f802fd59e7dcf2c
0 15-08-20 13:31:57 [virtualenv] Try fetching tarball git___git_baserock_org_delta_python_packages_virtualenv.tar 
0 15-08-20 13:32:35 [virtualenv] Git repo is mirrored at /src/gits/git___git_baserock_org_delta_python_packages_virtualenv
0 15-08-20 13:32:35 [virtualenv] Cache_key is virtualenv.992e9bc2747dd322d53f7078eedde22b3eb9f7bb3eb107cd5ccbbaaa65c9d1a4
0 15-08-20 13:32:35 [astroid] WARNING: no tree from cache-server 194dc114a33b80b4bfbbeb73f36712848f696025
0 15-08-20 13:32:35 [astroid] Try fetching tarball git___git_baserock_org_delta_python_packages_astroid.tar 
0 15-08-20 13:32:47 [astroid] Git repo is mirrored at /src/gits/git___git_baserock_org_delta_python_packages_astroid
0 15-08-20 13:32:47 [astroid] Cache_key is astroid.bc4d33fda72cd93c92a8023f351f702e21e97df69d94e221c8945fe983231972
0 15-08-20 13:32:48 [logilab-common] WARNING: no tree from cache-server d1d8f793af6d015d885b9ea67b5741d5a093e2f4
0 15-08-20 13:32:48 [logilab-common] Try fetching tarball git___git_baserock_org_delta_python_packages_logilab_common.tar 
0 15-08-20 13:32:50 [logilab-common] Git repo is mirrored at /src/gits/git___git_baserock_org_delta_python_packages_logilab_common
0 15-08-20 13:32:50 [logilab-common] Cache_key is logilab-common.0967d988c259ad0434b3df8e78ba00b25bc81542491517c9eec68c0c4648e5b8
0 15-08-20 13:32:51 [pylint] WARNING: no tree from cache-server ba998d7a4e5fce0ea3a3e701ff446bbe4ca406b5
0 15-08-20 13:32:51 [pylint] Try fetching tarball git___git_baserock_org_delta_python_packages_pylint.tar 
0 15-08-20 13:33:02 [pylint] Git repo is mirrored at /src/gits/git___git_baserock_org_delta_python_packages_pylint
0 15-08-20 13:33:02 [pylint] Cache_key is pylint.692a00e0c36d3e57910c5173debb456c7577d012e9c143e1fde32eed0cbc33d7
0 15-08-20 13:33:02 [python-tools] Cache_key is python-tools.c2e04dd7dafffd54c4d48727c3441a1a0747d9ee5d64d7eca2027b9d69fbc087
0 15-08-20 13:33:03 [nano] WARNING: no tree from cache-server fb040ea36cb8e2158ccd9100600652f94ae90af1
0 15-08-20 13:33:03 [nano] Try fetching tarball git___git_baserock_org_delta_nano_tarball.tar 
0 15-08-20 13:33:05 [nano] Git repo is mirrored at /src/gits/git___git_baserock_org_delta_nano_tarball
0 15-08-20 13:33:05 [nano] Cache_key is nano.a64a81941ee22a67d10150dcda122dbe3aad58f72ab5a9433b35a7e03447596e
0 15-08-20 13:33:06 [vim] WARNING: no tree from cache-server 07c2c06799e0579e6bfb1a7d98acf38e36a98f79
0 15-08-20 13:33:06 [vim] Try fetching tarball git___git_baserock_org_delta_vim.tar 
0 15-08-20 13:33:47 [vim] Git repo is mirrored at /src/gits/git___git_baserock_org_delta_vim
0 15-08-20 13:33:47 [vim] Cache_key is vim.7528eeef67de81a0d352aa6f04ff15d1cd3153dd085780b88b26b887d57e3d8e
0 15-08-20 13:33:47 [pv] WARNING: no tree from cache-server d6ce7cfec684fa72d7a919d7b1aa817a0ca6102a
0 15-08-20 13:33:47 [pv] Try fetching tarball git___git_baserock_org_delta_pv.tar 
0 15-08-20 13:33:49 [pv] Git repo is mirrored at /src/gits/git___git_baserock_org_delta_pv
0 15-08-20 13:33:49 [pv] Cache_key is pv.e79e934b316588d67a5a87c25c668259fbf50e750203faf545a46c1673929b30
0 15-08-20 13:33:49 [screen] WARNING: no tree from cache-server 7dd4a9e5f385c96a77e8ee5c977a1dde4c0ff467
0 15-08-20 13:33:49 [screen] Try fetching tarball git___git_baserock_org_delta_screen.tar 
0 15-08-20 13:33:56 [screen] Git repo is mirrored at /src/gits/git___git_baserock_org_delta_screen
0 15-08-20 13:33:56 [screen] Cache_key is screen.055a4010d28226dbebd04321a6ecb7758e9a4414023ce9a3b130fb86b87c38c8
0 15-08-20 13:33:56 [less] WARNING: no tree from cache-server 09a405d8f652b56944c93ebf5c673cdfe5319b04
0 15-08-20 13:33:56 [less] Try fetching tarball git___git_baserock_org_delta_less.tar 
0 15-08-20 13:33:58 [less] Git repo is mirrored at /src/gits/git___git_baserock_org_delta_less
0 15-08-20 13:33:58 [less] Cache_key is less.7de58c498b8fa6bb28dccaeada838ba6a780049ae20ee3424db5d51204a71c55
0 15-08-20 13:33:59 [git-review] WARNING: no tree from cache-server 79262a52301c146a6b60d09a828661a83a5f5ba7
0 15-08-20 13:33:59 [git-review] Try fetching tarball git___git_baserock_org_delta_git_review.tar 
0 15-08-20 13:34:02 [git-review] Git repo is mirrored at /src/gits/git___git_baserock_org_delta_git_review
0 15-08-20 13:34:02 [git-review] Cache_key is git-review.b7b3a90ff3a880a8757868fc2f0b7b39d6f80aa1aaab2a1aae3ffd031aa41e45
0 15-08-20 13:34:02 [wget] WARNING: no tree from cache-server 71d79f4f3043cf4ca3b2fb7f5328eae725c1293f
0 15-08-20 13:34:02 [wget] Try fetching tarball git___git_baserock_org_delta_wget.tar 
0 15-08-20 13:34:07 [wget] Git repo is mirrored at /src/gits/git___git_baserock_org_delta_wget
0 15-08-20 13:34:07 [wget] Cache_key is wget.231ba77a6cce4584c14339d19b08df7fc65664b9d04ee0f56bd963f453d44286
0 15-08-20 13:34:07 [devtools] Cache_key is devtools.ed2b666b2460f2ed48869a39a0f33f1d5c87e7ba6794947b06b8fab963b6d6c1
0 15-08-20 13:34:07 [ansible] WARNING: no tree from cache-server 0a7124541247cc613352054f4bc0c3e116e0b657
0 15-08-20 13:34:07 [ansible] Try fetching tarball git___git_baserock_org_delta_ansible.tar 
0 15-08-20 13:34:14 [ansible] Git repo is mirrored at /src/gits/git___git_baserock_org_delta_ansible
0 15-08-20 13:34:14 [ansible] Cache_key is ansible.8e4b12bce99c2b6e2f4988bd6e82f7311b3b3b57262c023fee2f7e2f8f9707f2
0 15-08-20 13:34:15 [openstack-ansible-modules] WARNING: no tree from cache-server 451dcdeadfd35615a867d5e59a684e4aa82959ae
0 15-08-20 13:34:15 [openstack-ansible-modules] Try fetching tarball git___git_baserock_org_delta_openstack_openstack_ansible_modules.tar 
0 15-08-20 13:34:17 [openstack-ansible-modules] Git repo is mirrored at /src/gits/git___git_baserock_org_delta_openstack_openstack_ansible_modules
0 15-08-20 13:34:17 [openstack-ansible-modules] Cache_key is openstack-ansible-modules.e785c4c23d4e6ec5289d61848f173903943df682170ce06fd20a9e030196fcf2
0 15-08-20 13:34:17 [ansible] Cache_key is ansible.2ac2dd619f1ed263d4171d305cfeb974f6330d559d4108073b51f50a776473f3
0 15-08-20 13:34:17 [dnspython] WARNING: no tree from cache-server e1369c62d14f82b80ef11197a490ace5d43bb3f3
0 15-08-20 13:34:17 [dnspython] Try fetching tarball git___git_baserock_org_delta_python_packages_dnspython.tar 
0 15-08-20 13:34:22 [dnspython] Git repo is mirrored at /src/gits/git___git_baserock_org_delta_python_packages_dnspython
0 15-08-20 13:34:22 [dnspython] Cache_key is dnspython.ccf0ce876731f22c53393025cd81f575007c53bd405b576c3501be8e436609f2
0 15-08-20 13:34:22 [xattr] WARNING: no tree from cache-server dd10d44e3eb9a1d2303c1f7d5126c099d56e97fc
0 15-08-20 13:34:22 [xattr] Try fetching tarball git___git_baserock_org_delta_python_packages_xattr.tar 
0 15-08-20 13:34:24 [xattr] Git repo is mirrored at /src/gits/git___git_baserock_org_delta_python_packages_xattr
0 15-08-20 13:34:24 [xattr] Cache_key is xattr.9a5e23238cd4bb381c31666c6af256c2cde79240f85ec65a79b0cfcf3def499b
0 15-08-20 13:34:24 [liberasurecode] WARNING: no tree from cache-server a380246762c16ea8eb7dbfccd50d296c3743b39e
0 15-08-20 13:34:24 [liberasurecode] Try fetching tarball git___git_baserock_org_delta_liberasurecode.tar 
0 15-08-20 13:34:30 [liberasurecode] Git repo is mirrored at /src/gits/git___git_baserock_org_delta_liberasurecode
0 15-08-20 13:34:30 [liberasurecode] Cache_key is liberasurecode.510364b9d69ca374b53de5393dc0addfbad29dc48f66fca6a178012301c34576
0 15-08-20 13:34:30 [gf-complete] WARNING: no tree from cache-server 715443661c00558fe32f004a4be5f93f341b6e59
0 15-08-20 13:34:30 [gf-complete] Try fetching tarball git___git_baserock_org_delta_gf_complete.tar 
0 15-08-20 13:34:32 [gf-complete] Git repo is mirrored at /src/gits/git___git_baserock_org_delta_gf_complete
0 15-08-20 13:34:32 [gf-complete] Cache_key is gf-complete.929ff96dd5e98cd439ace62c02dee8272bb17a453bcbcf880e0b3630d040ad37
0 15-08-20 13:34:33 [jerasure] WARNING: no tree from cache-server ff7032153ea230fb59596f1f8a0e9ad8653addfb
0 15-08-20 13:34:33 [jerasure] Try fetching tarball git___git_baserock_org_delta_jerasure.tar 
0 15-08-20 13:34:35 [jerasure] Git repo is mirrored at /src/gits/git___git_baserock_org_delta_jerasure
0 15-08-20 13:34:35 [jerasure] Cache_key is jerasure.6592a33e6da3dc5f806d8952ef8f7ba746fbaf337d0f65d41db221540865a1c7
0 15-08-20 13:34:35 [pyeclib] WARNING: no tree from cache-server aa58aa887c2327e1394d6f28b3b6b7ab8f190b2b
0 15-08-20 13:34:35 [pyeclib] Try fetching tarball git___git_baserock_org_delta_python_packages_pyeclib.tar 
0 15-08-20 13:34:41 [pyeclib] Git repo is mirrored at /src/gits/git___git_baserock_org_delta_python_packages_pyeclib
0 15-08-20 13:34:41 [pyeclib] Cache_key is pyeclib.fbf72e5d905004bc8326be6357574503e00d48ac964c218a50b46def9bc955ee
0 15-08-20 13:34:42 [swift] WARNING: no tree from cache-server f8dee761bd36f857aa1288c27e095907032fad68
0 15-08-20 13:34:42 [swift] Try fetching tarball git___git_baserock_org_delta_openstack_swift.tar 
0 15-08-20 13:34:53 [swift] Git repo is mirrored at /src/gits/git___git_baserock_org_delta_openstack_swift
0 15-08-20 13:34:53 [swift] Cache_key is swift.3eb4c7d72033ff30590a342c0b2cf5ec6436a40b82713bc714090ed6d76d3d9c
0 15-08-20 13:34:53 [swift] Cache_key is swift.530fb43c00bf306e1ca833eb113f74d17ac25564c181c5a702042396df9682c4
0 15-08-20 13:34:53 [devel-system-x86_64-generic] Cache_key is devel-system-x86_64-generic.1ead552744e019a9d1772bbf428142f56c4a036d8c8f0005c42972c85684a8c0
0 15-08-20 13:34:53 [linux-x86-32-generic] Cache_key is linux-x86-32-generic.d634f2b285385ca1d2692e0ef3102503907e3334d9d5aecbdd85b332ed8405c6
0 15-08-20 13:34:53 [nasm] Cache_key is nasm.74bcbede016473bc87abc9bbabacf60343f4f2dcde28661d9052e47294f59c6c
0 15-08-20 13:34:53 [syslinux] Cache_key is syslinux.cb43edb6acad8c2d7eca34e9e99525833fbdde7db4280ade8ad8e6e8ef5f3bad
0 15-08-20 13:34:53 [bsp-x86_32-generic] Cache_key is bsp-x86_32-generic.44ce5a3dc01c076964c6750ab5f1638f7e94d0636e4e0be0f6b6a99eeea972da
0 15-08-20 13:34:53 [devel-system-x86_32-generic] Cache_key is devel-system-x86_32-generic.6538dedd54e85dc149614d413d478ee6c362cf27d725d559a149408642da8b09
0 15-08-20 13:34:53 [device-tree-compiler] Cache_key is device-tree-compiler.f5fdc0181f468a6ba3023ad4f48b64ea5e352929eaff71e967d3228a1d888b9c
0 15-08-20 13:34:53 [u-boot@jetson] Cache_key is u-boot@jetson.e33cba7f5a239795aa2d0cc29457e3fd7caa104044450df78cf8eadd83115588
0 15-08-20 13:34:53 [linux-jetson-tk1] Cache_key is linux-jetson-tk1.80ee19b19e313be7a80ceed25004076bbaa5767a15940bcbfafb70458ce2515e
0 15-08-20 13:34:53 [nouveau-drm] WARNING: no tree from cache-server 73de0a7758eb447d6157d2ed79c84d1a4e6ca09b
0 15-08-20 13:34:53 [nouveau-drm] Try fetching tarball git___git_baserock_org_delta_nouveau.tar 
0 15-08-20 13:35:00 [nouveau-drm] Git repo is mirrored at /src/gits/git___git_baserock_org_delta_nouveau
0 15-08-20 13:35:00 [nouveau-drm] Cache_key is nouveau-drm.b5358ef6326ba941f11071cd04897297e440f3eb70ee1a52979d238a7e02602b
0 15-08-20 13:35:00 [linux-firmware-jetson] WARNING: no tree from cache-server ff2afc9d9649cab2a1f79b8d4eeb0cc0100a2f85
0 15-08-20 13:35:00 [linux-firmware-jetson] Try fetching tarball git___git_baserock_org_delta_linux_firmware.tar 
0 15-08-20 13:35:12 [linux-firmware-jetson] Git repo is mirrored at /src/gits/git___git_baserock_org_delta_linux_firmware
0 15-08-20 13:35:12 [linux-firmware-jetson] Cache_key is linux-firmware-jetson.c94b218b58e4691b94132c0adb3966afd2003c6785ba1eb268f3685a6a07d770
0 15-08-20 13:35:12 [bsp-jetson] Cache_key is bsp-jetson.8c46cbd51d49e7b31f30c1d78ae8cb15417be31cd58bb5b0f4f24b397cac4659
0 15-08-20 13:35:12 [build-system-armv7lhf-jetson] Cache_key is build-system-armv7lhf-jetson.abbd2690d60eb948c27e73439f40e834347b14361be59758494436af81ff9199
0 15-08-20 13:35:12 [libnl] WARNING: no tree from cache-server a2c4bd8f094a7247903578860a9c42049991860b
0 15-08-20 13:35:12 [libnl] Try fetching tarball git___git_baserock_org_delta_libnl.tar 
0 15-08-20 13:35:16 [libnl] Git repo is mirrored at /src/gits/git___git_baserock_org_delta_libnl
0 15-08-20 13:35:16 [libnl] Cache_key is libnl.fc29b65620c1dce0ce9676d9d147ea4a2d0f56490638db4608ff796c0586a8f0
0 15-08-20 13:35:16 [wpa_supplicant] WARNING: no tree from cache-server c4a58c968044c2002706b1a69c089c4d63728e77
0 15-08-20 13:35:16 [wpa_supplicant] Try fetching tarball git___git_baserock_org_delta_hostap.tar 
0 15-08-20 13:35:44 [wpa_supplicant] Git repo is mirrored at /src/gits/git___git_baserock_org_delta_hostap
0 15-08-20 13:35:44 [wpa_supplicant] Cache_key is wpa_supplicant.5f3f1d528013b0c7b2bd149d7cdf26f016553b71fe8f6471fda5df767d634447
0 15-08-20 13:35:44 [iptables] WARNING: no tree from cache-server 482c6d3731e2681cb4baae835c294840300197e6
0 15-08-20 13:35:44 [iptables] Try fetching tarball git___git_baserock_org_delta_iptables.tar 
0 15-08-20 13:35:53 [iptables] Git repo is mirrored at /src/gits/git___git_baserock_org_delta_iptables
0 15-08-20 13:35:53 [iptables] Cache_key is iptables.e08345b83ed92511110284d9bd5d7863015f58a8ebdb678e91e2f191c12be2c2
0 15-08-20 13:35:53 [connectivity] Cache_key is connectivity.c171149bf541804a30c3a7c6fb5cd09cb49314189777dd3c1e1ded4f386141ef
0 15-08-20 13:35:53 [libatomic_ops] WARNING: no tree from cache-server 0a58f5d63969c10d2141af89cb7a53df786909ab
0 15-08-20 13:35:53 [libatomic_ops] Try fetching tarball git___git_baserock_org_delta_libatomic_ops.tar 
0 15-08-20 13:35:57 [libatomic_ops] Git repo is mirrored at /src/gits/git___git_baserock_org_delta_libatomic_ops
0 15-08-20 13:35:57 [libatomic_ops] Cache_key is libatomic_ops.9f176dba5c6c000b0ab506ce559c0c7cedadbcdad72211c249f3bab115c5eb67
0 15-08-20 13:35:57 [alsa-lib] WARNING: no tree from cache-server 9cfd1faa27511edbb8bebbab85030125f33590ae
0 15-08-20 13:35:57 [alsa-lib] Try fetching tarball git___git_baserock_org_delta_alsa_lib.tar 
0 15-08-20 13:36:00 [alsa-lib] Git repo is mirrored at /src/gits/git___git_baserock_org_delta_alsa_lib
0 15-08-20 13:36:00 [alsa-lib] Cache_key is alsa-lib.68843fe4e2253b20924afb573cf1d5b55301e628bc7cb7ee418d04db196b065a
0 15-08-20 13:36:01 [alsa-utils] WARNING: no tree from cache-server bbf137f66b2c8ce36db73f59ee69d5c443436524
0 15-08-20 13:36:01 [alsa-utils] Try fetching tarball git___git_baserock_org_delta_alsa_utils.tar 
0 15-08-20 13:36:04 [alsa-utils] Git repo is mirrored at /src/gits/git___git_baserock_org_delta_alsa_utils
0 15-08-20 13:36:04 [alsa-utils] Cache_key is alsa-utils.a52c7dbc5b7bf9b83c666508f56467959292bf3b2dad48b0df4ecc9054fcd53e
0 15-08-20 13:36:04 [libical] WARNING: no tree from cache-server 52568782ae136e1ec4ddf3eb6da7b0f3fbd3f1b3
0 15-08-20 13:36:04 [libical] Try fetching tarball git___git_baserock_org_delta_libical.tar 
0 15-08-20 13:36:06 [libical] Git repo is mirrored at /src/gits/git___git_baserock_org_delta_libical
0 15-08-20 13:36:06 [libical] Cache_key is libical.d50952426ca729d53048bb462e4b56f0371b697fd9af208eeb3a778638284023
0 15-08-20 13:36:06 [bluez] WARNING: no tree from cache-server a18201b5321e8b41d2ee7c7bc7285d976fc433e6
0 15-08-20 13:36:06 [bluez] Try fetching tarball git___git_baserock_org_delta_bluez.tar 
0 15-08-20 13:36:34 [bluez] Git repo is mirrored at /src/gits/git___git_baserock_org_delta_bluez
0 15-08-20 13:36:34 [bluez] Cache_key is bluez.d863e09fccea2189c1e58341690ab866562b61572bc934befe946849c9747459
0 15-08-20 13:36:35 [dbus-glib] WARNING: no tree from cache-server 397e8297d433547c9bf4150ddd2b9e0b4c39628c
0 15-08-20 13:36:35 [dbus-glib] Try fetching tarball git___git_baserock_org_delta_dbus_glib.tar 
0 15-08-20 13:36:38 [dbus-glib] Git repo is mirrored at /src/gits/git___git_baserock_org_delta_dbus_glib
0 15-08-20 13:36:38 [dbus-glib] Cache_key is dbus-glib.ab98f4f323844ab220b6523dabde0b502fcf5443193f549b30392ddd59c76fa8
0 15-08-20 13:36:38 [bluez-tools] WARNING: no tree from cache-server 7350787e96a6ecf2cc5d4afddb3321ccad9fa461
0 15-08-20 13:36:38 [bluez-tools] Try fetching tarball git___git_baserock_org_delta_bluez_tools.tar 
0 15-08-20 13:36:40 [bluez-tools] Git repo is mirrored at /src/gits/git___git_baserock_org_delta_bluez_tools
0 15-08-20 13:36:40 [bluez-tools] Cache_key is bluez-tools.fc64c6f15ad607ba176367cb24a399fb9d4df39de61e12bb6ec03912fc2a17c3
0 15-08-20 13:36:40 [obexd] WARNING: no tree from cache-server 4225280022c206762c91beee47c62d05e1baeacc
0 15-08-20 13:36:40 [obexd] Try fetching tarball git___git_baserock_org_delta_obexd.tar 
0 15-08-20 13:36:43 [obexd] Git repo is mirrored at /src/gits/git___git_baserock_org_delta_obexd
0 15-08-20 13:36:43 [obexd] Cache_key is obexd.6be70c0fd3437bf83c603281a1e67159045c2332a4ad7dfa5f28a572bfa07110
0 15-08-20 13:36:43 [speex] WARNING: no tree from cache-server e5dc987a403426ee3d0d81768afffa0fe74e20fa
0 15-08-20 13:36:43 [speex] Try fetching tarball git___git_baserock_org_delta_speex.tar 
0 15-08-20 13:36:46 [speex] Git repo is mirrored at /src/gits/git___git_baserock_org_delta_speex
0 15-08-20 13:36:46 [speex] Cache_key is speex.aad18ce89e8ea60a7e807c74e789494640da4a43281f4e30dce9a28268066687
0 15-08-20 13:36:46 [nohands] WARNING: no tree from cache-server 20ec5cc245fd5e74d9a0fc21497d1ba4164f2a3a
0 15-08-20 13:36:46 [nohands] Try fetching tarball git___git_baserock_org_delta_nohands.tar 
0 15-08-20 13:36:46 [nohands] Try git clone from git://git.baserock.org/delta/nohands
0 15-08-20 13:36:48 [nohands] Git repo is mirrored at /src/gits/git___git_baserock_org_delta_nohands
0 15-08-20 13:36:48 [nohands] Cache_key is nohands.1805f861c281eac1ee95f34ca888a021dd4453e13b0f788b79bbc7eb9e4e62b3
0 15-08-20 13:36:48 [mobile-broadband-provider-info] WARNING: no tree from cache-server 4ed19e11c2975105b71b956440acdb25d46a347d
0 15-08-20 13:36:48 [mobile-broadband-provider-info] Try fetching tarball git___git_baserock_org_delta_mobile_broadband_provider_info.tar 
0 15-08-20 13:36:52 [mobile-broadband-provider-info] Git repo is mirrored at /src/gits/git___git_baserock_org_delta_mobile_broadband_provider_info
0 15-08-20 13:36:52 [mobile-broadband-provider-info] Cache_key is mobile-broadband-provider-info.b7e62ce75283b198c24f5975b6b0a20b00da27e38eff388fcbd3e8eab4eaec1f
0 15-08-20 13:36:52 [ofono] WARNING: no tree from cache-server d05b718cc0b0d367227fbfbf52e60fc5462cc549
0 15-08-20 13:36:52 [ofono] Try fetching tarball git___git_baserock_org_delta_ofono.tar 
0 15-08-20 13:36:58 [ofono] Git repo is mirrored at /src/gits/git___git_baserock_org_delta_ofono
0 15-08-20 13:36:58 [ofono] Cache_key is ofono.85d48baeb59d031f098dbca1f4f352265e6d4d161e8bdd975d04b416a9aabf89
0 15-08-20 13:36:58 [json-c] WARNING: no tree from cache-server e8bd6865d7a671e9f75ece05dfe86a19ba610581
0 15-08-20 13:36:58 [json-c] Try fetching tarball git___git_baserock_org_delta_json_c.tar 
0 15-08-20 13:37:01 [json-c] Git repo is mirrored at /src/gits/git___git_baserock_org_delta_json_c
0 15-08-20 13:37:01 [json-c] Cache_key is json-c.6509930818731d89fa880dfc9c754f2d67ec01ba459b91e6cf7a240c3d4b41d3
0 15-08-20 13:37:01 [libsndfile] WARNING: no tree from cache-server 6c05c615c95ffef7a8a5a707cde0bb52bdd74244
0 15-08-20 13:37:01 [libsndfile] Try fetching tarball git___git_baserock_org_delta_libsndfile.tar 
0 15-08-20 13:37:04 [libsndfile] Git repo is mirrored at /src/gits/git___git_baserock_org_delta_libsndfile
0 15-08-20 13:37:04 [libsndfile] Cache_key is libsndfile.07b8fbe6b9ad4295e24df78593a0dd5c0eec67534e9446a937822742984f02ba
0 15-08-20 13:37:04 [pulseaudio] WARNING: no tree from cache-server 53ad8aa7caa33caac52e35f71253e29d5a15f6e7
0 15-08-20 13:37:04 [pulseaudio] Try fetching tarball git___git_baserock_org_delta_pulseaudio.tar 
0 15-08-20 13:37:16 [pulseaudio] Git repo is mirrored at /src/gits/git___git_baserock_org_delta_pulseaudio
0 15-08-20 13:37:16 [pulseaudio] Cache_key is pulseaudio.2bc3a207a51e2d24795df65acee38a1a6d62c94334bfdb719c1f0adf299368b9
0 15-08-20 13:37:16 [audio-bluetooth] Cache_key is audio-bluetooth.2a396660c5bd2771948b390f3c217a1331eb5fac77ff925c88ca74d5a336ca68
0 15-08-20 13:37:16 [xorg-lib-libpciaccess] WARNING: no tree from cache-server f99c2e4199ce37f6f94428df504427f67c3ec543
0 15-08-20 13:37:16 [xorg-lib-libpciaccess] Try fetching tarball git___git_baserock_org_delta_xorg_lib_libpciaccess.tar 
0 15-08-20 13:37:18 [xorg-lib-libpciaccess] Git repo is mirrored at /src/gits/git___git_baserock_org_delta_xorg_lib_libpciaccess
0 15-08-20 13:37:19 [xorg-util-macros] WARNING: no tree from cache-server 9a54b858601bd305de2737b06e609084a2a114c2
0 15-08-20 13:37:19 [xorg-util-macros] Try fetching tarball git___git_baserock_org_delta_xorg_util_macros.tar 
0 15-08-20 13:37:20 [xorg-util-macros] Git repo is mirrored at /src/gits/git___git_baserock_org_delta_xorg_util_macros
0 15-08-20 13:37:20 [xorg-util-macros] Cache_key is xorg-util-macros.090baa852407c7b216cca3a78f77e12f365c847437f1536b78d9f2336ac9c088
0 15-08-20 13:37:21 [xcb-pthread-stubs] WARNING: no tree from cache-server 431d2c0be218d878b9dd3862e4232243c599df4b
0 15-08-20 13:37:21 [xcb-pthread-stubs] Try fetching tarball git___git_baserock_org_delta_xcb_pthread_stubs.tar 
0 15-08-20 13:37:22 [xcb-pthread-stubs] Git repo is mirrored at /src/gits/git___git_baserock_org_delta_xcb_pthread_stubs
0 15-08-20 13:37:22 [xcb-pthread-stubs] Cache_key is xcb-pthread-stubs.de41cb6d7ca9a76042e2851d365a63b1d8d079c8ef8645cee9028837555921a5
0 15-08-20 13:37:22 [xorg-util-macros-common] Cache_key is xorg-util-macros-common.4bf7b18484ae2232f1f9dff8736d32fd91764ce1ea620f2ec1e421a277dffd98
0 15-08-20 13:37:22 [xorg-lib-libpciaccess] Cache_key is xorg-lib-libpciaccess.9c632d5eacbea0c8d2e31343abd8907640c8408d646ab94b1070643eff27c627
0 15-08-20 13:37:23 [drm] WARNING: no tree from cache-server 5f7b6723e1bed755c230817eea0563bab5b2a8a7
0 15-08-20 13:37:23 [drm] Try fetching tarball git___git_baserock_org_delta_drm.tar 
0 15-08-20 13:37:34 [drm] Git repo is mirrored at /src/gits/git___git_baserock_org_delta_drm
0 15-08-20 13:37:34 [drm] Cache_key is drm.cb28decc3e36c3fa9f213e8d1f1c968cbfdd3c1f70952797f1a52685aa90b807
0 15-08-20 13:37:34 [libdrm-common] Cache_key is libdrm-common.9394614dfd93e08e72c763dc87e933431c475d1bd9fb8252c5dde690fe22b353
0 15-08-20 13:37:34 [ogg] WARNING: no tree from cache-server 9b2ba419aecb4a1c97114545d57174593dc13111
0 15-08-20 13:37:34 [ogg] Try fetching tarball git___git_baserock_org_delta_ogg_git.tar 
0 15-08-20 13:37:37 [ogg] Git repo is mirrored at /src/gits/git___git_baserock_org_delta_ogg_git
0 15-08-20 13:37:37 [ogg] Cache_key is ogg.b775ba074639631b8eaeac4c0c9c8c2382b440a27d0e1239e44bcadd89b8d51e
0 15-08-20 13:37:37 [libvorbis] WARNING: no tree from cache-server 7187e7a48f0c3ba32cc080f6bc3d921fe4ec6cc2
0 15-08-20 13:37:37 [libvorbis] Try fetching tarball git___git_baserock_org_delta_libvorbis_git.tar 
0 15-08-20 13:37:42 [libvorbis] Git repo is mirrored at /src/gits/git___git_baserock_org_delta_libvorbis_git
0 15-08-20 13:37:42 [libvorbis] Cache_key is libvorbis.4da9549e29dfc3dc7208e5d584817ceb3c2868d4f0d59bcee56d6426d31c3162
0 15-08-20 13:37:43 [tremor] WARNING: no tree from cache-server b56ffce0c0773ec5ca04c466bc00b1bbcaf65aef
0 15-08-20 13:37:43 [tremor] Try fetching tarball git___git_baserock_org_delta_tremor.tar 
0 15-08-20 13:37:45 [tremor] Git repo is mirrored at /src/gits/git___git_baserock_org_delta_tremor
0 15-08-20 13:37:45 [tremor] Cache_key is tremor.1286a1be1b671f892a4678c2b352ed043266312a94bea86b1b2acdb5fa43d051
0 15-08-20 13:37:45 [flac] WARNING: no tree from cache-server 6ced857c253d5da286bf31adfd74a627aaa43c77
0 15-08-20 13:37:45 [flac] Try fetching tarball git___git_baserock_org_delta_flac.tar 
0 15-08-20 13:37:48 [flac] Git repo is mirrored at /src/gits/git___git_baserock_org_delta_flac
0 15-08-20 13:37:48 [flac] Cache_key is flac.6b35939b474862d6fe8ba67ad646e69946cbc9f968de02a335efc7aa2ec3f925
0 15-08-20 13:37:49 [libmad] WARNING: no tree from cache-server f2b21c41aef22e81b605afe96e1e6ef1bea0cfdc
0 15-08-20 13:37:49 [libmad] Try fetching tarball git___git_baserock_org_delta_libmad_tarball.tar 
0 15-08-20 13:37:51 [libmad] Git repo is mirrored at /src/gits/git___git_baserock_org_delta_libmad_tarball
0 15-08-20 13:37:51 [libmad] Cache_key is libmad.aa19eeeb36fe8b4ac87c4bc388c6fdf537f6849293b0b456077eac0dba2589f5
0 15-08-20 13:37:51 [multimedia-common] Cache_key is multimedia-common.4a272785e560d38af666e2e175eaaecd6bb5c9b6b131efa7f89abe76de69c558
0 15-08-20 13:37:51 [orc] WARNING: no tree from cache-server b4f7fcaf99a4d952e59f2a9fa9286d24cc4b3a5a
0 15-08-20 13:37:51 [orc] Try fetching tarball git___git_baserock_org_delta_orc.tar 
0 15-08-20 13:37:56 [orc] Git repo is mirrored at /src/gits/git___git_baserock_org_delta_orc
0 15-08-20 13:37:56 [orc] Cache_key is orc.e4243bd5ad651a9c8f067f706233ffecaeabc1007a30f1c25d3c5b4d6b3b3343
0 15-08-20 13:37:56 [gstreamer] WARNING: no tree from cache-server c61dea148ca3f14586d8eddf0b7e6ca47c164c86
0 15-08-20 13:37:56 [gstreamer] Try fetching tarball git___git_baserock_org_delta_gstreamer.tar 
0 15-08-20 13:38:12 [gstreamer] Git repo is mirrored at /src/gits/git___git_baserock_org_delta_gstreamer
0 15-08-20 13:38:12 [mesa] WARNING: no tree from cache-server 635ad274470a064100ff6aa38ede83d748ae07cf
0 15-08-20 13:38:12 [mesa] Try fetching tarball git___git_baserock_org_delta_mesa.tar 
0 15-08-20 13:38:39 [mesa] Git repo is mirrored at /src/gits/git___git_baserock_org_delta_mesa
0 15-08-20 13:38:40 [llvm] WARNING: no tree from cache-server a93239b7c6f0d78cb8836768c3ffbc39fb15b79f
0 15-08-20 13:38:40 [llvm] Try fetching tarball git___git_baserock_org_delta_llvm.tar 
0 15-08-20 13:39:24 [llvm] Git repo is mirrored at /src/gits/git___git_baserock_org_delta_llvm
0 15-08-20 13:39:24 [llvm] Cache_key is llvm.c916b6634ee7afd8b8a56e0bc84f632a86f7458365f1ae2a3651ae27371abf1e
0 15-08-20 13:39:24 [llvm-common] Cache_key is llvm-common.68d2c4aa41935d2346184ed84c4e051d660b0ca3e84f7bcfadbcdafd485f630c
0 15-08-20 13:39:24 [libxkbcommon] WARNING: no tree from cache-server c43c3c866eb9d52cd8f61e75cbef1c30d07f3a28
0 15-08-20 13:39:24 [libxkbcommon] Try fetching tarball git___git_baserock_org_delta_xorg_lib_libxkbcommon.tar 
0 15-08-20 13:39:30 [libxkbcommon] Git repo is mirrored at /src/gits/git___git_baserock_org_delta_xorg_lib_libxkbcommon
0 15-08-20 13:39:30 [libxkbcommon] Cache_key is libxkbcommon.2e611a3fe6b6a72cad966db5dafb4fe1c684e52a40a6d28a529313245e041d81
0 15-08-20 13:39:30 [wayland] WARNING: no tree from cache-server 60024af597b68974c451c89f960a7c11de11c33a
0 15-08-20 13:39:30 [wayland] Try fetching tarball git___git_baserock_org_delta_wayland.tar 
0 15-08-20 13:39:41 [wayland] Git repo is mirrored at /src/gits/git___git_baserock_org_delta_wayland
0 15-08-20 13:39:41 [wayland] Cache_key is wayland.ffcd35ea123785d865ae1278566a94f080102080d0fed80c84eac0f8b83dcfba
0 15-08-20 13:39:41 [wayland-generic] Cache_key is wayland-generic.ce436ccdddca9b1aa0042caaa6c79939eb888e66c132ec093879e51f1fd1ca97
0 15-08-20 13:39:41 [mesa] Cache_key is mesa.554f4017dc0eab1ae841960514fb7cb7d12dcece495c388c21258fa24c3311f3
0 15-08-20 13:39:41 [mesa-common] Cache_key is mesa-common.c59b541db4ee9eb4da4f88de2a8f0c3484a79087c412da415277a8d5427bdbd5
0 15-08-20 13:39:41 [gstreamer] Cache_key is gstreamer.3e107fdb5452357a452d9e4d1fb0ec5132a062c13e1989f1a1279a856c9afef3
0 15-08-20 13:39:42 [gstreamer-plugins-base] WARNING: no tree from cache-server 3b38ad94a2d58c07c24e4647e08afa1fe4dd7d46
0 15-08-20 13:39:42 [gstreamer-plugins-base] Try fetching tarball git___git_baserock_org_delta_gstreamer_plugins_base.tar 
0 15-08-20 13:39:49 [gstreamer-plugins-base] Git repo is mirrored at /src/gits/git___git_baserock_org_delta_gstreamer_plugins_base
0 15-08-20 13:39:49 [gstreamer-plugins-base] Cache_key is gstreamer-plugins-base.8ada00b082c0c961c86956e37664c6fb3befa6acc0bff57f1152b2cd550378ce
0 15-08-20 13:39:50 [gstreamer-plugins-good] WARNING: no tree from cache-server 9d48c2f7a7b63fd967de7eec72434bc876c02667
0 15-08-20 13:39:50 [gstreamer-plugins-good] Try fetching tarball git___git_baserock_org_delta_gstreamer_plugins_good.tar 
0 15-08-20 13:40:15 [gstreamer-plugins-good] Git repo is mirrored at /src/gits/git___git_baserock_org_delta_gstreamer_plugins_good
0 15-08-20 13:40:15 [gstreamer-plugins-good] Cache_key is gstreamer-plugins-good.597966320dfb2322e76f79672ead8382b7118dd21145a8ab8b3416445039bd58
0 15-08-20 13:40:16 [gstreamer-plugins-bad] WARNING: no tree from cache-server bb2a4669ff57af90c8101c54744d3228aa060475
0 15-08-20 13:40:16 [gstreamer-plugins-bad] Try fetching tarball git___git_baserock_org_delta_gstreamer_plugins_bad.tar 
0 15-08-20 13:40:32 [gstreamer-plugins-bad] Git repo is mirrored at /src/gits/git___git_baserock_org_delta_gstreamer_plugins_bad
0 15-08-20 13:40:32 [gstreamer-plugins-bad] Cache_key is gstreamer-plugins-bad.bf415ff5299dccaffe3b548a33a1e4e813c979a263f37fd4c527d7e443823457
0 15-08-20 13:40:32 [multimedia-gstreamer] Cache_key is multimedia-gstreamer.3f5e966ccf657bd2d0f38f4b2975afa908196bbf2431f5faa50e483052dda339
0 15-08-20 13:40:32 [pixman] WARNING: no tree from cache-server 87eea99e443b389c978cf37efc52788bf03a0ee0
0 15-08-20 13:40:32 [pixman] Try fetching tarball git___git_baserock_org_delta_pixman.tar 
0 15-08-20 13:40:38 [pixman] Git repo is mirrored at /src/gits/git___git_baserock_org_delta_pixman
0 15-08-20 13:40:38 [xorg-proto-bigreqsproto] WARNING: no tree from cache-server d6ed3e927a756900ad4c9fd7235f8f7f34f376db
0 15-08-20 13:40:38 [xorg-proto-bigreqsproto] Try fetching tarball git___git_baserock_org_delta_xorg_proto_bigreqsproto.tar 
0 15-08-20 13:40:40 [xorg-proto-bigreqsproto] Git repo is mirrored at /src/gits/git___git_baserock_org_delta_xorg_proto_bigreqsproto
0 15-08-20 13:40:40 [xorg-proto-bigreqsproto] Cache_key is xorg-proto-bigreqsproto.3c8d175ae5bff25bf6b9a3fd18b2da2a7872e0de4da704e2bc9c78ac67e56329
0 15-08-20 13:40:40 [xorg-proto-compositeproto] WARNING: no tree from cache-server 39738dbe9438dc80fc6b9e221d9ed26a6d42da6b
0 15-08-20 13:40:40 [xorg-proto-compositeproto] Try fetching tarball git___git_baserock_org_delta_xorg_proto_compositeproto.tar 
0 15-08-20 13:40:42 [xorg-proto-compositeproto] Git repo is mirrored at /src/gits/git___git_baserock_org_delta_xorg_proto_compositeproto
0 15-08-20 13:40:42 [xorg-proto-compositeproto] Cache_key is xorg-proto-compositeproto.8a9f24d3624f89891d68e73614d2e1e8df059017601f9af66fa4987285bdde6d
0 15-08-20 13:40:42 [xorg-proto-damageproto] WARNING: no tree from cache-server 015b980e5091492dbe681af59569768ba89fbfe0
0 15-08-20 13:40:42 [xorg-proto-damageproto] Try fetching tarball git___git_baserock_org_delta_xorg_proto_damageproto.tar 
0 15-08-20 13:40:43 [xorg-proto-damageproto] Git repo is mirrored at /src/gits/git___git_baserock_org_delta_xorg_proto_damageproto
0 15-08-20 13:40:43 [xorg-proto-damageproto] Cache_key is xorg-proto-damageproto.bea1f534ba1b366d40a8376afe99bacc9a237d64366cf7bf4c726b63bb01da3c
0 15-08-20 13:40:44 [xorg-proto-dmxproto] WARNING: no tree from cache-server 395f6fcc0a5635907b5e45829e86b29431316184
0 15-08-20 13:40:44 [xorg-proto-dmxproto] Try fetching tarball git___git_baserock_org_delta_xorg_proto_dmxproto.tar 
0 15-08-20 13:40:46 [xorg-proto-dmxproto] Git repo is mirrored at /src/gits/git___git_baserock_org_delta_xorg_proto_dmxproto
0 15-08-20 13:40:46 [xorg-proto-dmxproto] Cache_key is xorg-proto-dmxproto.47c495d2a641582be2a8bb3b4c8b6a0c751fc5830f457e06d4dc03b3c3c19835
0 15-08-20 13:40:46 [xorg-proto-fixesproto] WARNING: no tree from cache-server b6c6bc2aa4b83f8763c75c90e6671052272a2af2
0 15-08-20 13:40:46 [xorg-proto-fixesproto] Try fetching tarball git___git_baserock_org_delta_xorg_proto_fixesproto.tar 
0 15-08-20 13:40:47 [xorg-proto-fixesproto] Git repo is mirrored at /src/gits/git___git_baserock_org_delta_xorg_proto_fixesproto
0 15-08-20 13:40:47 [xorg-proto-fixesproto] Cache_key is xorg-proto-fixesproto.28b9694fadbf68438d39a44ffeb795f8432d65b87a08cdf55836b38cc6115f92
0 15-08-20 13:40:48 [xorg-proto-fontsproto] WARNING: no tree from cache-server df8c05f7c0253a36589d96efa52938215eff9d4d
0 15-08-20 13:40:48 [xorg-proto-fontsproto] Try fetching tarball git___git_baserock_org_delta_xorg_proto_fontsproto.tar 
0 15-08-20 13:40:49 [xorg-proto-fontsproto] Git repo is mirrored at /src/gits/git___git_baserock_org_delta_xorg_proto_fontsproto
0 15-08-20 13:40:49 [xorg-proto-fontsproto] Cache_key is xorg-proto-fontsproto.ec70a009ea06398be111ff4aa33c3d7ae2c1b608e9679d09f4424fb4a6a67a74
0 15-08-20 13:40:50 [xorg-proto-glproto] WARNING: no tree from cache-server f84853d97d5749308992412a215fa518b6536eb3
0 15-08-20 13:40:50 [xorg-proto-glproto] Try fetching tarball git___git_baserock_org_delta_xorg_proto_glproto.tar 
0 15-08-20 13:40:51 [xorg-proto-glproto] Git repo is mirrored at /src/gits/git___git_baserock_org_delta_xorg_proto_glproto
0 15-08-20 13:40:51 [xorg-proto-glproto] Cache_key is xorg-proto-glproto.8d1ea481713b70f48a054f2f2663a4d64a153954ea66847476ada0e210e59744
0 15-08-20 13:40:52 [xorg-proto-inputproto] WARNING: no tree from cache-server 343ff0938f592876b9d82c966f166bf45a78c3c8
0 15-08-20 13:40:52 [xorg-proto-inputproto] Try fetching tarball git___git_baserock_org_delta_xorg_proto_inputproto.tar 
0 15-08-20 13:40:54 [xorg-proto-inputproto] Git repo is mirrored at /src/gits/git___git_baserock_org_delta_xorg_proto_inputproto
0 15-08-20 13:40:54 [xorg-proto-inputproto] Cache_key is xorg-proto-inputproto.df2d7ddb7baf1f70a1c8c4c73cdefd0d5efd78aaf5bb9f69965f84b85bfee151
0 15-08-20 13:40:55 [xorg-proto-kbproto] WARNING: no tree from cache-server f7022f5775350dce3348b7151845a32390e98791
0 15-08-20 13:40:55 [xorg-proto-kbproto] Try fetching tarball git___git_baserock_org_delta_xorg_proto_kbproto.tar 
0 15-08-20 13:40:56 [xorg-proto-kbproto] Git repo is mirrored at /src/gits/git___git_baserock_org_delta_xorg_proto_kbproto
0 15-08-20 13:40:56 [xorg-proto-kbproto] Cache_key is xorg-proto-kbproto.b2d6bfccae09691a6e79bd34af7ee4f0f2a83c6ce250fed8891b37726cda2906
0 15-08-20 13:40:57 [xorg-proto-xineramaproto] WARNING: no tree from cache-server 4e77b45e0d6b42a448dab2ec316eeb5c490ecfed
0 15-08-20 13:40:57 [xorg-proto-xineramaproto] Try fetching tarball git___git_baserock_org_delta_xorg_proto_xineramaproto.tar 
0 15-08-20 13:40:58 [xorg-proto-xineramaproto] Git repo is mirrored at /src/gits/git___git_baserock_org_delta_xorg_proto_xineramaproto
0 15-08-20 13:40:58 [xorg-proto-xineramaproto] Cache_key is xorg-proto-xineramaproto.5950b6220d6a3a9b458bf8da5ae832b6a1f2645f07f6eadc17126c088245d5f7
0 15-08-20 13:40:59 [xorg-proto-randrproto] WARNING: no tree from cache-server ca7cc541c2e43e6c784df19b4583ac35829d2f72
0 15-08-20 13:40:59 [xorg-proto-randrproto] Try fetching tarball git___git_baserock_org_delta_xorg_proto_randrproto.tar 
0 15-08-20 13:41:00 [xorg-proto-randrproto] Git repo is mirrored at /src/gits/git___git_baserock_org_delta_xorg_proto_randrproto
0 15-08-20 13:41:00 [xorg-proto-randrproto] Cache_key is xorg-proto-randrproto.56ceacccfecc1a357375ea1eb72101236f3f6f0735385716e2e68565308b2933
0 15-08-20 13:41:01 [xorg-proto-recordproto] WARNING: no tree from cache-server 0fd4f8e57c1e637b2aaaaa0f539ddbac8cc50575
0 15-08-20 13:41:01 [xorg-proto-recordproto] Try fetching tarball git___git_baserock_org_delta_xorg_proto_recordproto.tar 
0 15-08-20 13:41:02 [xorg-proto-recordproto] Git repo is mirrored at /src/gits/git___git_baserock_org_delta_xorg_proto_recordproto
0 15-08-20 13:41:02 [xorg-proto-recordproto] Cache_key is xorg-proto-recordproto.e8197260d36a4048cc678a9740926d25bbe1b6ada21637219da5e12f9601da5c
0 15-08-20 13:41:03 [xorg-proto-renderproto] WARNING: no tree from cache-server 935f5ec95a3718c184ff685f5b79b467483b7844
0 15-08-20 13:41:03 [xorg-proto-renderproto] Try fetching tarball git___git_baserock_org_delta_xorg_proto_renderproto.tar 
0 15-08-20 13:41:04 [xorg-proto-renderproto] Git repo is mirrored at /src/gits/git___git_baserock_org_delta_xorg_proto_renderproto
0 15-08-20 13:41:04 [xorg-proto-renderproto] Cache_key is xorg-proto-renderproto.fa6b3eff2d5780566c51519716f8409a0f6709570b0081d620243c3f9ea88496
0 15-08-20 13:41:04 [xorg-proto-resourceproto] WARNING: no tree from cache-server ada91f54c98b5a61d3e116fca6bf239a8604730f
0 15-08-20 13:41:04 [xorg-proto-resourceproto] Try fetching tarball git___git_baserock_org_delta_xorg_proto_resourceproto.tar 
0 15-08-20 13:41:06 [xorg-proto-resourceproto] Git repo is mirrored at /src/gits/git___git_baserock_org_delta_xorg_proto_resourceproto
0 15-08-20 13:41:06 [xorg-proto-resourceproto] Cache_key is xorg-proto-resourceproto.3adc9742e989a3ed047b84c414d24770c278133cc031084d6fae3ded098614ea
0 15-08-20 13:41:06 [xorg-proto-scrnsaverproto] WARNING: no tree from cache-server 614532026e8ec7496216316fb584d6f2af6a7f7b
0 15-08-20 13:41:06 [xorg-proto-scrnsaverproto] Try fetching tarball git___git_baserock_org_delta_xorg_proto_scrnsaverproto.tar 
0 15-08-20 13:41:08 [xorg-proto-scrnsaverproto] Git repo is mirrored at /src/gits/git___git_baserock_org_delta_xorg_proto_scrnsaverproto
0 15-08-20 13:41:08 [xorg-proto-scrnsaverproto] Cache_key is xorg-proto-scrnsaverproto.27a115877b04679c3ce950b89adab470dc99cdbdfac87b07f901d1283ed3680d
0 15-08-20 13:41:08 [xorg-proto-videoproto] WARNING: no tree from cache-server e42cf822e230cff5c6550ca2c050dfa27d2c9611
0 15-08-20 13:41:08 [xorg-proto-videoproto] Try fetching tarball git___git_baserock_org_delta_xorg_proto_videoproto.tar 
0 15-08-20 13:41:10 [xorg-proto-videoproto] Git repo is mirrored at /src/gits/git___git_baserock_org_delta_xorg_proto_videoproto
0 15-08-20 13:41:10 [xorg-proto-videoproto] Cache_key is xorg-proto-videoproto.b0a6c1a967a3aadfe451edb19e0fffa3e7ccb96c6a42c85ac2adf559e55ac121
0 15-08-20 13:41:10 [xorg-proto-xcmiscproto] WARNING: no tree from cache-server 83549077a3c2140b9862709004cd873f1c55e395
0 15-08-20 13:41:10 [xorg-proto-xcmiscproto] Try fetching tarball git___git_baserock_org_delta_xorg_proto_xcmiscproto.tar 
0 15-08-20 13:41:12 [xorg-proto-xcmiscproto] Git repo is mirrored at /src/gits/git___git_baserock_org_delta_xorg_proto_xcmiscproto
0 15-08-20 13:41:12 [xorg-proto-xcmiscproto] Cache_key is xorg-proto-xcmiscproto.37211ec1b52fefe7fd28ad212ce65799df779bc5f4013dcde5a766cbf659a978
0 15-08-20 13:41:12 [xorg-proto-xextproto] WARNING: no tree from cache-server 66afec3f49e8eb0d4c2e9af7088fc3116d4bafd7
0 15-08-20 13:41:12 [xorg-proto-xextproto] Try fetching tarball git___git_baserock_org_delta_xorg_proto_xextproto.tar 
0 15-08-20 13:41:14 [xorg-proto-xextproto] Git repo is mirrored at /src/gits/git___git_baserock_org_delta_xorg_proto_xextproto
0 15-08-20 13:41:14 [xorg-proto-xextproto] Cache_key is xorg-proto-xextproto.2d770a2cedd77c74a8dcb29ab0df9fddf81fc7cc15d0feed2e1da8e73e06a768
0 15-08-20 13:41:14 [xorg-proto-xf86bigfontproto] WARNING: no tree from cache-server f805b328b2195de384c0fb6b82ef5f88c179b2c0
0 15-08-20 13:41:14 [xorg-proto-xf86bigfontproto] Try fetching tarball git___git_baserock_org_delta_xorg_proto_xf86bigfontproto.tar 
0 15-08-20 13:41:16 [xorg-proto-xf86bigfontproto] Git repo is mirrored at /src/gits/git___git_baserock_org_delta_xorg_proto_xf86bigfontproto
0 15-08-20 13:41:16 [xorg-proto-xf86bigfontproto] Cache_key is xorg-proto-xf86bigfontproto.ce0daf4a148108b3c1bec5ad0ba97271ad860fad00baa9e6979c096ce7d9891d
0 15-08-20 13:41:16 [xorg-proto-xf86driproto] WARNING: no tree from cache-server cb03b8d49bf063860859c1ed8bcecd055551e93a
0 15-08-20 13:41:16 [xorg-proto-xf86driproto] Try fetching tarball git___git_baserock_org_delta_xorg_proto_xf86driproto.tar 
0 15-08-20 13:41:18 [xorg-proto-xf86driproto] Git repo is mirrored at /src/gits/git___git_baserock_org_delta_xorg_proto_xf86driproto
0 15-08-20 13:41:18 [xorg-proto-xf86driproto] Cache_key is xorg-proto-xf86driproto.9165438ff434975d8309762cd2f7507d29ad9105bfc6834119c0d62970d13709
0 15-08-20 13:41:18 [xorg-proto-x11proto] WARNING: no tree from cache-server 03cbbf6c3e811c026c86e3a60d2f9af56606e155
0 15-08-20 13:41:18 [xorg-proto-x11proto] Try fetching tarball git___git_baserock_org_delta_xorg_proto_x11proto.tar 
0 15-08-20 13:41:21 [xorg-proto-x11proto] Git repo is mirrored at /src/gits/git___git_baserock_org_delta_xorg_proto_x11proto
0 15-08-20 13:41:21 [xorg-proto-x11proto] Cache_key is xorg-proto-x11proto.4c8ac69e11a792cdc13721c545e3e44138c115743a6bb01affa36837c4bbf076
0 15-08-20 13:41:21 [xorg-proto-dri2proto] WARNING: no tree from cache-server ead89ad84877551cc15d26b95cb19a3e205df71f
0 15-08-20 13:41:21 [xorg-proto-dri2proto] Try fetching tarball git___git_baserock_org_delta_xorg_proto_dri2proto.tar 
0 15-08-20 13:41:23 [xorg-proto-dri2proto] Git repo is mirrored at /src/gits/git___git_baserock_org_delta_xorg_proto_dri2proto
0 15-08-20 13:41:23 [xorg-proto-dri2proto] Cache_key is xorg-proto-dri2proto.ccfe5e5f22a2f7b134d3489511a9ff6c3542f379ed5123a8dc467016210e6175
0 15-08-20 13:41:23 [xorg-proto-dri3proto] WARNING: no tree from cache-server 91df0f88b70c268f3580385a7b37543ab8c544c8
0 15-08-20 13:41:23 [xorg-proto-dri3proto] Try fetching tarball git___git_baserock_org_delta_xorg_proto_dri3proto.tar 
0 15-08-20 13:41:25 [xorg-proto-dri3proto] Git repo is mirrored at /src/gits/git___git_baserock_org_delta_xorg_proto_dri3proto
0 15-08-20 13:41:25 [xorg-proto-dri3proto] Cache_key is xorg-proto-dri3proto.57ccc770ae43493656e6a6c62da507eb58c8fa66834b6d018ae8467e5c88d724
0 15-08-20 13:41:25 [xorg-proto-presentproto] WARNING: no tree from cache-server ef84007fc4a23d3897b4776906139de9d0698c2a
0 15-08-20 13:41:25 [xorg-proto-presentproto] Try fetching tarball git___git_baserock_org_delta_xorg_proto_presentproto.tar 
0 15-08-20 13:41:27 [xorg-proto-presentproto] Git repo is mirrored at /src/gits/git___git_baserock_org_delta_xorg_proto_presentproto
0 15-08-20 13:41:27 [xorg-proto-presentproto] Cache_key is xorg-proto-presentproto.4bba9d30fcd4542d601c322dfdf09bacd7b6c87de027f7c1f12b9342c12aa483
0 15-08-20 13:41:27 [xcb-proto] WARNING: no tree from cache-server 4b384d2a015c50d0e93dcacda4b8260a3fd37640
0 15-08-20 13:41:27 [xcb-proto] Try fetching tarball git___git_baserock_org_delta_xcb_proto.tar 
0 15-08-20 13:41:30 [xcb-proto] Git repo is mirrored at /src/gits/git___git_baserock_org_delta_xcb_proto
0 15-08-20 13:41:30 [xcb-proto] Cache_key is xcb-proto.81ee8f434bb3a7fbe89aee1b747d242a2adace7a4d73b17f352437b6bbcfdf46
0 15-08-20 13:41:31 [xorg-lib-libxshmfence] WARNING: no tree from cache-server 9c4f070e1304a3503cfab08f68573443025fc4c9
0 15-08-20 13:41:31 [xorg-lib-libxshmfence] Try fetching tarball git___git_baserock_org_delta_xorg_lib_libxshmfence.tar 
0 15-08-20 13:41:32 [xorg-lib-libxshmfence] Git repo is mirrored at /src/gits/git___git_baserock_org_delta_xorg_lib_libxshmfence
0 15-08-20 13:41:32 [xorg-lib-libxshmfence] Cache_key is xorg-lib-libxshmfence.c22a746a21c5e124aafb0955e4478620e1c3285900997fe5d6462a476eb24c6f
0 15-08-20 13:41:33 [xorg-lib-libXau] WARNING: no tree from cache-server 1a8a1b2c68967b48c07b56142799b1020f017027
0 15-08-20 13:41:33 [xorg-lib-libXau] Try fetching tarball git___git_baserock_org_delta_xorg_lib_libXau.tar 
0 15-08-20 13:41:34 [xorg-lib-libXau] Git repo is mirrored at /src/gits/git___git_baserock_org_delta_xorg_lib_libXau
0 15-08-20 13:41:34 [xorg-lib-libXau] Cache_key is xorg-lib-libXau.8bbb88bbdee969de37805c9baf6e2ed00bb5f894664dce368ea13e92c8eac78e
0 15-08-20 13:41:35 [xcb-libxcb] WARNING: no tree from cache-server d1e8ec96fca4862f37ec9f0e9407bb989c4c161a
0 15-08-20 13:41:35 [xcb-libxcb] Try fetching tarball git___git_baserock_org_delta_xcb_libxcb.tar 
0 15-08-20 13:41:40 [xcb-libxcb] Git repo is mirrored at /src/gits/git___git_baserock_org_delta_xcb_libxcb
0 15-08-20 13:41:40 [xcb-libxcb] Cache_key is xcb-libxcb.77037ad62163de6af993f349d63835e225d97a585b97a91c6324e44763ae0e18
0 15-08-20 13:41:40 [xcb-util] WARNING: no tree from cache-server 4de010f122da40e17b52866d07d1d501a66bf007
0 15-08-20 13:41:40 [xcb-util] Try fetching tarball git___git_baserock_org_delta_xcb_util.tar 
0 15-08-20 13:41:42 [xcb-util] Git repo is mirrored at /src/gits/git___git_baserock_org_delta_xcb_util
0 15-08-20 13:41:42 [xcb-util] Cache_key is xcb-util.18ff027a95edb3e4bbf316ab7d95ac2ad6de3d22c9cbff578e53399cfad16f91
0 15-08-20 13:41:42 [util-wm] WARNING: no tree from cache-server fb7afc3f291c8cc072d327cd8d97ab1db3283c21
0 15-08-20 13:41:42 [util-wm] Try fetching tarball git___git_baserock_org_delta_util_wm.tar 
0 15-08-20 13:41:44 [util-wm] Git repo is mirrored at /src/gits/git___git_baserock_org_delta_util_wm
0 15-08-20 13:41:44 [util-wm] Cache_key is util-wm.d4e6c58ff46c8a2ea19dd4040663680108d2bf7e6de1b3f0c845c668b41502c3
0 15-08-20 13:41:45 [util-keysyms] WARNING: no tree from cache-server edb763a8837d3932690b9d6d77cb7e20a9ab8013
0 15-08-20 13:41:45 [util-keysyms] Try fetching tarball git___git_baserock_org_delta_util_keysyms.tar 
0 15-08-20 13:41:47 [util-keysyms] Git repo is mirrored at /src/gits/git___git_baserock_org_delta_util_keysyms
0 15-08-20 13:41:47 [util-keysyms] Cache_key is util-keysyms.347cf414f90b237b8fbf59be29c6707c98ea5ba6fb4ee9dd48749b4d459ef4f3
0 15-08-20 13:41:47 [util-image] WARNING: no tree from cache-server f20f25a1c017c58d5d7dfffc6e9adc8d31879152
0 15-08-20 13:41:47 [util-image] Try fetching tarball git___git_baserock_org_delta_util_image.tar 
0 15-08-20 13:41:49 [util-image] Git repo is mirrored at /src/gits/git___git_baserock_org_delta_util_image
0 15-08-20 13:41:49 [util-image] Cache_key is util-image.aca43bafaa70ad9f6700a9142143827e4c7a9c2482f4f191a32e8d543d4bc3c3
0 15-08-20 13:41:50 [xorg-lib-libxtrans] WARNING: no tree from cache-server 7cbad9fe2e61cd9d5caeaf361826a6f4bd320f03
0 15-08-20 13:41:50 [xorg-lib-libxtrans] Try fetching tarball git___git_baserock_org_delta_xorg_lib_libxtrans.tar 
0 15-08-20 13:41:52 [xorg-lib-libxtrans] Git repo is mirrored at /src/gits/git___git_baserock_org_delta_xorg_lib_libxtrans
0 15-08-20 13:41:52 [xorg-lib-libxtrans] Cache_key is xorg-lib-libxtrans.bbb867496df2b6c57d36dbbcc0c93a0d4133e2a7310833a831c522affbdda359
0 15-08-20 13:41:53 [xorg-lib-libX11] WARNING: no tree from cache-server cb107760df33ffc8630677e66e2e50aa37950a5c
0 15-08-20 13:41:53 [xorg-lib-libX11] Try fetching tarball git___git_baserock_org_delta_xorg_lib_libX11.tar 
0 15-08-20 13:41:58 [xorg-lib-libX11] Git repo is mirrored at /src/gits/git___git_baserock_org_delta_xorg_lib_libX11
0 15-08-20 13:41:58 [xorg-lib-libX11] Cache_key is xorg-lib-libX11.b2366bd3603a96faa639d1f6df3e986a8020f47f51fcb573a9a679e126ca9169
0 15-08-20 13:41:58 [xorg-lib-libXext] WARNING: no tree from cache-server 8eee1236041d46a21faba32e0d27c26985267d89
0 15-08-20 13:41:58 [xorg-lib-libXext] Try fetching tarball git___git_baserock_org_delta_xorg_lib_libXext.tar 
0 15-08-20 13:42:00 [xorg-lib-libXext] Git repo is mirrored at /src/gits/git___git_baserock_org_delta_xorg_lib_libXext
0 15-08-20 13:42:00 [xorg-lib-libXext] Cache_key is xorg-lib-libXext.e6fde49f56bef32dc795fa1ac00696be189c5e99dddbe01fed3f619e344005bb
0 15-08-20 13:42:00 [xorg-lib-libXi] WARNING: no tree from cache-server 9b26b81477cf3486e5aa0ef8d81af68a0f04df1b
0 15-08-20 13:42:00 [xorg-lib-libXi] Try fetching tarball git___git_baserock_org_delta_xorg_lib_libXi.tar 
0 15-08-20 13:42:03 [xorg-lib-libXi] Git repo is mirrored at /src/gits/git___git_baserock_org_delta_xorg_lib_libXi
0 15-08-20 13:42:03 [xorg-lib-libXi] Cache_key is xorg-lib-libXi.e9ed49c5ce067d4ef1443a0666d6e3ddd5c3017fa8a0c363aa724acc60d371c5
0 15-08-20 13:42:03 [xorg-lib-libXfixes] WARNING: no tree from cache-server 0cb446962381f750e05d97bfb974ca1e32481d5d
0 15-08-20 13:42:03 [xorg-lib-libXfixes] Try fetching tarball git___git_baserock_org_delta_xorg_lib_libXfixes.tar 
0 15-08-20 13:42:05 [xorg-lib-libXfixes] Git repo is mirrored at /src/gits/git___git_baserock_org_delta_xorg_lib_libXfixes
0 15-08-20 13:42:05 [xorg-lib-libXfixes] Cache_key is xorg-lib-libXfixes.6928ba27583c5e752988dbbe7843c3a80d486acd3979f175e3ac8c358c096b56
0 15-08-20 13:42:05 [xorg-lib-libXrender] WARNING: no tree from cache-server 1af52cb334377611233d7dc156bc1e6f7923756d
0 15-08-20 13:42:05 [xorg-lib-libXrender] Try fetching tarball git___git_baserock_org_delta_xorg_lib_libXrender.tar 
0 15-08-20 13:42:07 [xorg-lib-libXrender] Git repo is mirrored at /src/gits/git___git_baserock_org_delta_xorg_lib_libXrender
0 15-08-20 13:42:07 [xorg-lib-libXrender] Cache_key is xorg-lib-libXrender.925febc32ef355043f22b8db29b3ca871c3ecbbd64d7e4e4f459e2722e4bdd6d
0 15-08-20 13:42:07 [xorg-lib-libXrandr] WARNING: no tree from cache-server 99a63d10cbbab7d69a52d25d78795a3278506ea9
0 15-08-20 13:42:07 [xorg-lib-libXrandr] Try fetching tarball git___git_baserock_org_delta_xorg_lib_libXrandr.tar 
0 15-08-20 13:42:09 [xorg-lib-libXrandr] Git repo is mirrored at /src/gits/git___git_baserock_org_delta_xorg_lib_libXrandr
0 15-08-20 13:42:09 [xorg-lib-libXrandr] Cache_key is xorg-lib-libXrandr.a14bb0b1d03b9ea2c52966d26d409d7ddc81659fe2f26279202775f36382b6ac
0 15-08-20 13:42:09 [xorg-lib-libXtst] WARNING: no tree from cache-server 2aafac9474a0a0a0c39797862f823255918cf368
0 15-08-20 13:42:09 [xorg-lib-libXtst] Try fetching tarball git___git_baserock_org_delta_xorg_lib_libXtst.tar 
0 15-08-20 13:42:11 [xorg-lib-libXtst] Git repo is mirrored at /src/gits/git___git_baserock_org_delta_xorg_lib_libXtst
0 15-08-20 13:42:11 [xorg-lib-libXtst] Cache_key is xorg-lib-libXtst.20baaef97ba0a97948a2df63c828ef584d22729814f295397d5417f5afe7f11a
0 15-08-20 13:42:11 [xorg-lib-libXdamage] WARNING: no tree from cache-server 0d35761dc39409b70e04dd0786aef6537f92976a
0 15-08-20 13:42:11 [xorg-lib-libXdamage] Try fetching tarball git___git_baserock_org_delta_xorg_lib_libXdamage.tar 
0 15-08-20 13:42:13 [xorg-lib-libXdamage] Git repo is mirrored at /src/gits/git___git_baserock_org_delta_xorg_lib_libXdamage
0 15-08-20 13:42:13 [xorg-lib-libXdamage] Cache_key is xorg-lib-libXdamage.539e76fb204eab5ffde35f53bc26c9ebd499ae9b469c1e4050f86193241a328e
0 15-08-20 13:42:13 [xorg-lib-libXcursor] WARNING: no tree from cache-server 1b98fd6a2e8c00a563187849a585e68c7344468b
0 15-08-20 13:42:13 [xorg-lib-libXcursor] Try fetching tarball git___git_baserock_org_delta_xorg_lib_libXcursor.tar 
0 15-08-20 13:42:15 [xorg-lib-libXcursor] Git repo is mirrored at /src/gits/git___git_baserock_org_delta_xorg_lib_libXcursor
0 15-08-20 13:42:15 [xorg-lib-libXcursor] Cache_key is xorg-lib-libXcursor.3767730fc6ce69107df9a8556bbe4a0e63d6a0bce41df76153faa6b3e2d5f6cb
0 15-08-20 13:42:15 [xorg-lib-libICE] WARNING: no tree from cache-server b0cc7794c89d64fc54d0c75b2bba79fd7a1c7e0a
0 15-08-20 13:42:15 [xorg-lib-libICE] Try fetching tarball git___git_baserock_org_delta_xorg_lib_libICE.tar 
0 15-08-20 13:42:17 [xorg-lib-libICE] Git repo is mirrored at /src/gits/git___git_baserock_org_delta_xorg_lib_libICE
0 15-08-20 13:42:17 [xorg-lib-libICE] Cache_key is xorg-lib-libICE.743582daf81f7e894a4c89af1b169fce841e0e4468244333fa616e878f0201fe
0 15-08-20 13:42:18 [xorg-lib-libSM] WARNING: no tree from cache-server d0659dcd3aa23598b38826ac78f85071772c436f
0 15-08-20 13:42:18 [xorg-lib-libSM] Try fetching tarball git___git_baserock_org_delta_xorg_lib_libSM.tar 
0 15-08-20 13:42:19 [xorg-lib-libSM] Git repo is mirrored at /src/gits/git___git_baserock_org_delta_xorg_lib_libSM
0 15-08-20 13:42:19 [xorg-lib-libSM] Cache_key is xorg-lib-libSM.8f78f3d4daa42106b8b2a719e397660deb317db486850367276a8cf1c13cb951
0 15-08-20 13:42:20 [xorg-lib-libXt] WARNING: no tree from cache-server e7411e7e5299116604ff1f01d9415802607f1051
0 15-08-20 13:42:20 [xorg-lib-libXt] Try fetching tarball git___git_baserock_org_delta_xorg_lib_libXt.tar 
0 15-08-20 13:42:22 [xorg-lib-libXt] Git repo is mirrored at /src/gits/git___git_baserock_org_delta_xorg_lib_libXt
0 15-08-20 13:42:22 [xorg-lib-libXt] Cache_key is xorg-lib-libXt.da3d8daf34ad659f7342a7b97248a604ce736fa58f38615bc1b2db0c2f08517f
0 15-08-20 13:42:22 [x-common] Cache_key is x-common.3aeb32148df30f4ab740369c430fd9454cdbf09161f2b7e35ed692c9bcc12d72
0 15-08-20 13:42:22 [pixman] Cache_key is pixman.53836ef25858686063b9d7ce2841571fc3b617dd1316073b0ac65bbc8e3168ab
0 15-08-20 13:42:23 [freetype2] WARNING: no tree from cache-server ec8853cd18e1a0c275372769bdad37a79550ed66
0 15-08-20 13:42:23 [freetype2] Try fetching tarball git___git_baserock_org_delta_freetype2.tar 
0 15-08-20 13:42:35 [freetype2] Git repo is mirrored at /src/gits/git___git_baserock_org_delta_freetype2
0 15-08-20 13:42:35 [freetype2] Cache_key is freetype2.f4f70f95e9eb7792e300077013d497ed4fa42d9540a97336dc60d11ad5e32f60
0 15-08-20 13:42:35 [fontconfig] WARNING: no tree from cache-server 9260b7ec39c34ce68d74e16d47917290a8c3f35a
0 15-08-20 13:42:35 [fontconfig] Try fetching tarball git___git_baserock_org_delta_fontconfig.tar 
0 15-08-20 13:42:40 [fontconfig] Git repo is mirrored at /src/gits/git___git_baserock_org_delta_fontconfig
0 15-08-20 13:42:40 [fontconfig] Cache_key is fontconfig.82ad00d6272742195c54ea6e38a885f49f634085aa7f8046715df9b957a9eb81
0 15-08-20 13:42:40 [freefont-otf] WARNING: no tree from cache-server 75fa95a912718bb94a135d4bf6b13bb38e186ce7
0 15-08-20 13:42:40 [freefont-otf] Try fetching tarball git___git_baserock_org_delta_freefont_otf.tar 
0 15-08-20 13:42:43 [freefont-otf] Git repo is mirrored at /src/gits/git___git_baserock_org_delta_freefont_otf
0 15-08-20 13:42:43 [freefont-otf] Cache_key is freefont-otf.54a2d177f2b4a31115cebe5339372c2b619418ce0dbe585a17109122fde1f12f
0 15-08-20 13:42:43 [libpng] WARNING: no tree from cache-server 88dd30b232362b65cca374dda39096888163dd6b
0 15-08-20 13:42:43 [libpng] Try fetching tarball git___git_baserock_org_delta_libpng.tar 
0 15-08-20 13:43:04 [libpng] Git repo is mirrored at /src/gits/git___git_baserock_org_delta_libpng
0 15-08-20 13:43:04 [libpng] Cache_key is libpng.d4c3240d39c85ecfd7bdcd831a4df62e7a9262722126ac166d7075466d0f2141
0 15-08-20 13:43:04 [libjpeg] WARNING: no tree from cache-server f57ac58ac664ede6bc6e8cd9d88e0edaa366e21a
0 15-08-20 13:43:04 [libjpeg] Try fetching tarball git___git_baserock_org_delta_libjpeg.tar 
0 15-08-20 13:43:06 [libjpeg] Git repo is mirrored at /src/gits/git___git_baserock_org_delta_libjpeg
0 15-08-20 13:43:06 [libjpeg] Cache_key is libjpeg.62a86ffe9ceec0e7ca97559522ee8314a199c333bccac6ab6abb9f13ae0b9dc3
0 15-08-20 13:43:07 [libtiff] WARNING: no tree from cache-server 2f83c385ff3d5493602308b62ca6d7707725b4fd
0 15-08-20 13:43:07 [libtiff] Try fetching tarball git___git_baserock_org_delta_libtiff.tar 
0 15-08-20 13:43:13 [libtiff] Git repo is mirrored at /src/gits/git___git_baserock_org_delta_libtiff
0 15-08-20 13:43:13 [libtiff] Cache_key is libtiff.eb278dbcb6b0a907763de0e34cc2ac2a827bbd2e24bc22352c0d8207359db7cb
0 15-08-20 13:43:13 [cairo] WARNING: no tree from cache-server f6fd372a8b31a0bebbdfe36090d6ffc7bab9a2f8
0 15-08-20 13:43:13 [cairo] Try fetching tarball git___git_baserock_org_delta_cairo.tar 
0 15-08-20 13:43:27 [cairo] Git repo is mirrored at /src/gits/git___git_baserock_org_delta_cairo
0 15-08-20 13:43:27 [cairo] Cache_key is cairo.3723a003a7c3982f8fa5d2855acf7147a377152bbf25dc5c7381524071763f31
0 15-08-20 13:43:28 [harfbuzz] WARNING: no tree from cache-server 09b5393874e56fcfd63a92d28e6c1c2ddeee0942
0 15-08-20 13:43:28 [harfbuzz] Try fetching tarball git___git_baserock_org_delta_harfbuzz.tar 
0 15-08-20 13:43:38 [harfbuzz] Git repo is mirrored at /src/gits/git___git_baserock_org_delta_harfbuzz
0 15-08-20 13:43:38 [harfbuzz] Cache_key is harfbuzz.935a3a499abea0abfee8d3e9f5002ce016a6185773992617e551d00de15ee03a
0 15-08-20 13:43:38 [graphics-common] Cache_key is graphics-common.5e43e4a76935b3940056546fa2c15b6fb89a2424b3bab516f7bfe2859af65df1
0 15-08-20 13:43:39 [mtdev] WARNING: no tree from cache-server 4381b78fea54de0e775bf54952b2f95e5a06c57d
0 15-08-20 13:43:39 [mtdev] Try fetching tarball git___git_baserock_org_delta_mtdev_git.tar 
0 15-08-20 13:43:40 [mtdev] Git repo is mirrored at /src/gits/git___git_baserock_org_delta_mtdev_git
0 15-08-20 13:43:40 [mtdev] Cache_key is mtdev.ee4310c0e6e7f1b805ee8a707a70583df128c42aa53d61b346efd653aeb8f545
0 15-08-20 13:43:41 [xkeyboard-config] WARNING: no tree from cache-server 26f344c93f8c6141e9233eb68088ba4fd56bc9ef
0 15-08-20 13:43:41 [xkeyboard-config] Try fetching tarball git___git_baserock_org_delta_xkeyboard_config.tar 
0 15-08-20 13:43:46 [xkeyboard-config] Git repo is mirrored at /src/gits/git___git_baserock_org_delta_xkeyboard_config
0 15-08-20 13:43:46 [xkeyboard-config] Cache_key is xkeyboard-config.b94210dd589faa16ca0cfdaafe58f569db8c532de86b703aaf1bb5133656db40
0 15-08-20 13:43:46 [libevdev] WARNING: no tree from cache-server 6f03fd49fb949e46ebccb5dfb54489584896c791
0 15-08-20 13:43:46 [libevdev] Try fetching tarball git___git_baserock_org_delta_libevdev.tar 
0 15-08-20 13:43:48 [libevdev] Git repo is mirrored at /src/gits/git___git_baserock_org_delta_libevdev
0 15-08-20 13:43:48 [libevdev] Cache_key is libevdev.7be4dcf2acb01fde302ca2b69256f74bebd605740a9e9ec4efca191522349355
0 15-08-20 13:43:48 [libinput] WARNING: no tree from cache-server 12df380698531472d495534ed356722478563707
0 15-08-20 13:43:48 [libinput] Try fetching tarball git___git_baserock_org_delta_libinput.tar 
0 15-08-20 13:44:02 [libinput] Git repo is mirrored at /src/gits/git___git_baserock_org_delta_libinput
0 15-08-20 13:44:02 [libinput] Cache_key is libinput.2d5507300e9ac246ee07029a9ba62be53b3d7a48d19a49b2f9a2d760281adabb
0 15-08-20 13:44:02 [input-common] Cache_key is input-common.fa857120eb5ba7fbef4e534057b47fd7a7550c66c71e2140337bc21c8ea91005
0 15-08-20 13:44:02 [weston] WARNING: no tree from cache-server 97a6d48e725956a58afad4450c5981c42ba4aa9c
0 15-08-20 13:44:02 [weston] Try fetching tarball git___git_baserock_org_delta_weston.tar 
0 15-08-20 13:44:22 [weston] Git repo is mirrored at /src/gits/git___git_baserock_org_delta_weston
0 15-08-20 13:44:22 [weston] Cache_key is weston.b24c708e83b27f8775d1df086ff501bc4082c6781f006392c193e57298f5ef9e
0 15-08-20 13:44:22 [weston-common] Cache_key is weston-common.79250c487c4f11e9fd768060be26b3a7dd6ab168579be5a4af1ad9640ff9c2e8
0 15-08-20 13:44:23 [libepoxy] WARNING: no tree from cache-server 7422de5b4be7b19d789136b3bb5f932de42db27c
0 15-08-20 13:44:23 [libepoxy] Try fetching tarball git___git_baserock_org_delta_libepoxy.tar 
0 15-08-20 13:44:25 [libepoxy] Git repo is mirrored at /src/gits/git___git_baserock_org_delta_libepoxy
0 15-08-20 13:44:26 [pango] WARNING: no tree from cache-server e0a21abf52a0b7588b1aa3357818948816ed9103
0 15-08-20 13:44:26 [pango] Try fetching tarball git___git_baserock_org_delta_pango.tar 
0 15-08-20 13:44:34 [pango] Git repo is mirrored at /src/gits/git___git_baserock_org_delta_pango
0 15-08-20 13:44:34 [pango] Cache_key is pango.d16b06f0919ea07e96a26d4c4bf6bdfd2861a0e74f587448de3f4420b1be0ca6
0 15-08-20 13:44:34 [shared-mime-info] WARNING: no tree from cache-server c136fc2578aa8f7c0e098008da18d324033eb991
0 15-08-20 13:44:34 [shared-mime-info] Try fetching tarball git___git_baserock_org_delta_shared_mime_info.tar 
0 15-08-20 13:44:45 [shared-mime-info] Git repo is mirrored at /src/gits/git___git_baserock_org_delta_shared_mime_info
0 15-08-20 13:44:45 [shared-mime-info] Cache_key is shared-mime-info.b35bcf9f30c9a5b0d9be594a3f5d637cabe9a022292a84f51c5db11879a7281f
0 15-08-20 13:44:46 [gdk-pixbuf] WARNING: no tree from cache-server b86959aa16e9d49ec6e286bc57d36c5249578c59
0 15-08-20 13:44:46 [gdk-pixbuf] Try fetching tarball git___git_baserock_org_delta_gdk_pixbuf.tar 
0 15-08-20 13:45:13 [gdk-pixbuf] Git repo is mirrored at /src/gits/git___git_baserock_org_delta_gdk_pixbuf
0 15-08-20 13:45:13 [gdk-pixbuf] Cache_key is gdk-pixbuf.10f4c4070d3a6efdcf0c34effe3cbd952cad73e1310a39cd12654381dcc58241
0 15-08-20 13:45:14 [atk] WARNING: no tree from cache-server 3f9e43b94364053fd16eb53391667d161d0dae12
0 15-08-20 13:45:14 [atk] Try fetching tarball git___git_baserock_org_delta_atk.tar 
0 15-08-20 13:45:18 [atk] Git repo is mirrored at /src/gits/git___git_baserock_org_delta_atk
0 15-08-20 13:45:18 [atk] Cache_key is atk.ceac91f9e6d52a6d6baf33eba5a7452bda29d59614bf895e1a3ac0280b6ef7b7
0 15-08-20 13:45:18 [at-spi2-core] WARNING: no tree from cache-server 96c2842088008670e72739ea7921d654487a57fb
0 15-08-20 13:45:18 [at-spi2-core] Try fetching tarball git___git_baserock_org_delta_at_spi2_core.tar 
0 15-08-20 13:45:23 [at-spi2-core] Git repo is mirrored at /src/gits/git___git_baserock_org_delta_at_spi2_core
0 15-08-20 13:45:23 [at-spi2-core] Cache_key is at-spi2-core.8fa337422560fc8d677cd77c22a0d3f7766bffea42e03b94b1a59f24efadf428
0 15-08-20 13:45:23 [at-spi2-atk] WARNING: no tree from cache-server 2c220ff6565c4f02428a0c80267616a677e81ac9
0 15-08-20 13:45:23 [at-spi2-atk] Try fetching tarball git___git_baserock_org_delta_at_spi2_atk.tar 
0 15-08-20 13:45:27 [at-spi2-atk] Git repo is mirrored at /src/gits/git___git_baserock_org_delta_at_spi2_atk
0 15-08-20 13:45:27 [at-spi2-atk] Cache_key is at-spi2-atk.18773016bd20ce4e2ecf59778e81db2be23bd33e0bdc39dcec1da513c68732cb
0 15-08-20 13:45:27 [strata-gtk-deps.morph] Cache_key is strata-gtk-deps.morph.79b8b5f1c013e83c7c4d3cdfbec8d719247ef5e561760221e8a2bf10748ecb27
0 15-08-20 13:45:27 [libepoxy] Cache_key is libepoxy.0c3d4addd358dcefa7f644ba307a2169d84572e16850a2d5855af790bdaccc12
0 15-08-20 13:45:28 [xorg-lib-libxkbfile] WARNING: no tree from cache-server 7381c2f9013ef7784c78091fa671e652a62ca706
0 15-08-20 13:45:28 [xorg-lib-libxkbfile] Try fetching tarball git___git_baserock_org_delta_xorg_lib_libxkbfile.tar 
0 15-08-20 13:45:29 [xorg-lib-libxkbfile] Git repo is mirrored at /src/gits/git___git_baserock_org_delta_xorg_lib_libxkbfile
0 15-08-20 13:45:29 [xorg-lib-libxkbfile] Cache_key is xorg-lib-libxkbfile.211c6df44b2e000b11b545dd42d63c0f1fb7637109b5bc8eff44bda92abfb5fb
0 15-08-20 13:45:30 [xorg-font-util] WARNING: no tree from cache-server 5f01ea79f1cb2328bfc4130b1e693f71be916b87
0 15-08-20 13:45:30 [xorg-font-util] Try fetching tarball git___git_baserock_org_delta_xorg_font_util.tar 
0 15-08-20 13:45:31 [xorg-font-util] Git repo is mirrored at /src/gits/git___git_baserock_org_delta_xorg_font_util
0 15-08-20 13:45:32 [xorg-font-util] Cache_key is xorg-font-util.4183e4dd79c8f00413d32e2256d24d21118cb2772d8118070905e91d9d26adfd
0 15-08-20 13:45:32 [xorg-lib-libfontenc] WARNING: no tree from cache-server f5d1208172e965fdd7fae8927bd3e29b3cc3a975
0 15-08-20 13:45:32 [xorg-lib-libfontenc] Try fetching tarball git___git_baserock_org_delta_xorg_lib_libfontenc.tar 
0 15-08-20 13:45:34 [xorg-lib-libfontenc] Git repo is mirrored at /src/gits/git___git_baserock_org_delta_xorg_lib_libfontenc
0 15-08-20 13:45:34 [xorg-lib-libfontenc] Cache_key is xorg-lib-libfontenc.161dd01c1bca9e77554193a83b05c26def020fa7298df0e1df90dc20631a2ef8
0 15-08-20 13:45:34 [xorg-lib-libXfont] WARNING: no tree from cache-server ad4f4d8a2d0730c0ea3c09210bf921638b4682bc
0 15-08-20 13:45:34 [xorg-lib-libXfont] Try fetching tarball git___git_baserock_org_delta_xorg_lib_libXfont.tar 
0 15-08-20 13:45:36 [xorg-lib-libXfont] Git repo is mirrored at /src/gits/git___git_baserock_org_delta_xorg_lib_libXfont
0 15-08-20 13:45:36 [xorg-lib-libXfont] Cache_key is xorg-lib-libXfont.fe8d8dd5f3aa199dfddbb3d5ea4bdf1571d887f0a9f113808882d33e7806204c
0 15-08-20 13:45:36 [xserver] WARNING: no tree from cache-server 3b0d1ba2266d2780bfc111bab74885b90458eca4
0 15-08-20 13:45:36 [xserver] Try fetching tarball git___git_baserock_org_delta_xserver.tar 
0 15-08-20 13:45:57 [xserver] Git repo is mirrored at /src/gits/git___git_baserock_org_delta_xserver
0 15-08-20 13:45:57 [xserver] Cache_key is xserver.e9808e07439e9fad3854a48da3530bf026b22e64a2a4a15ec7e2ecc5d4cd16bb
0 15-08-20 13:45:58 [xorg-app-xkbcomp] WARNING: no tree from cache-server 705b9bbb426410f9510601c7010da51184919b36
0 15-08-20 13:45:58 [xorg-app-xkbcomp] Try fetching tarball git___git_baserock_org_delta_xorg_app_xkbcomp.tar 
0 15-08-20 13:46:00 [xorg-app-xkbcomp] Git repo is mirrored at /src/gits/git___git_baserock_org_delta_xorg_app_xkbcomp
0 15-08-20 13:46:00 [xorg-app-xkbcomp] Cache_key is xorg-app-xkbcomp.ae6d4c22b382bd45a936020caf50e15f1c4ffcdece50f20619c4980f6d73c4ad
0 15-08-20 13:46:00 [x-generic] Cache_key is x-generic.7e9f390d0719ae913c30a7b6d97269f9c1ed34d490f47edde066d5700c771b64
0 15-08-20 13:46:00 [weston-system-x86_64-generic] Cache_key is weston-system-x86_64-generic.a4eb1c1cd5fa6a9a1278532aa588985657aecdf0f4a0f2208c3b0b0487985602
0 15-08-20 13:46:00 [weston-system-armv7lhf-jetson] Cache_key is weston-system-armv7lhf-jetson.4e0921ab4c22c671f9295f1cb430cd183cf5beaae2d7285304f63b9952fb5201
0 15-08-20 13:46:00 [connman] WARNING: no tree from cache-server 9951ba7a0353cfc884e96833c64e58c1bcae3f44
0 15-08-20 13:46:00 [connman] Try fetching tarball git___git_baserock_org_delta_connman.tar 
0 15-08-20 13:46:10 [connman] Git repo is mirrored at /src/gits/git___git_baserock_org_delta_connman
0 15-08-20 13:46:10 [connman] Cache_key is connman.9e9261cc42ab29f822e1b2858d564172022bc8b471e5224fb43b043d0b21808e
0 15-08-20 13:46:10 [connman-common] Cache_key is connman-common.28a681bb2477c983e88edae6379c042cf753e2c4fbabcfd5a22174fa2c8da95c
0 15-08-20 13:46:10 [linuxquota] WARNING: no tree from cache-server 0804c89a16736533e440771dc42a15e5d0223902
0 15-08-20 13:46:10 [linuxquota] Try fetching tarball git___git_baserock_org_delta_linuxquota.tar 
0 15-08-20 13:46:13 [linuxquota] Git repo is mirrored at /src/gits/git___git_baserock_org_delta_linuxquota
0 15-08-20 13:46:13 [linuxquota] Cache_key is linuxquota.b69564db00e92bf83ae5e397ef1a03e1f9aae65cd895492b7e539ead39eb29b4
0 15-08-20 13:46:13 [DLT-daemon] WARNING: no tree from cache-server 8b48e73f79b4463393916e4c6696917e3dedd026
0 15-08-20 13:46:13 [DLT-daemon] Try fetching tarball git___git_baserock_org_delta_DLT_daemon.tar 
0 15-08-20 13:46:18 [DLT-daemon] Git repo is mirrored at /src/gits/git___git_baserock_org_delta_DLT_daemon
0 15-08-20 13:46:18 [DLT-daemon] Cache_key is DLT-daemon.95f24b2906b2f5723c5843ebdb5e9b6a2742f81ad11ea4f761b9fdae83e35863
0 15-08-20 13:46:18 [node-startup-controller] WARNING: no tree from cache-server b77fb1dbb280ec45525853e52a362eafd736b400
0 15-08-20 13:46:18 [node-startup-controller] Try fetching tarball git___git_baserock_org_delta_node_startup_controller.tar 
0 15-08-20 13:46:20 [node-startup-controller] Git repo is mirrored at /src/gits/git___git_baserock_org_delta_node_startup_controller
0 15-08-20 13:46:20 [node-startup-controller] Cache_key is node-startup-controller.bd627793fe504632465ca33701723e796317af03b9e48346c02aa1549c38915d
0 15-08-20 13:46:21 [googletest] WARNING: no tree from cache-server 5e3f7d3db4c16e2ba8b42b0bf4689f7d2abbcb08
0 15-08-20 13:46:21 [googletest] Try fetching tarball git___git_baserock_org_delta_googletest.tar 
0 15-08-20 13:46:25 [googletest] Git repo is mirrored at /src/gits/git___git_baserock_org_delta_googletest
0 15-08-20 13:46:25 [googletest] Cache_key is googletest.68152ff6d9850cdbbe672a23865d2b17f1dec054564bb7777faf14a4b506ae57
0 15-08-20 13:46:26 [googlemock] WARNING: no tree from cache-server 0e9998c140079046c396a0e7033bb465abae79cd
0 15-08-20 13:46:26 [googlemock] Try fetching tarball git___git_baserock_org_delta_googlemock.tar 
0 15-08-20 13:46:30 [googlemock] Git repo is mirrored at /src/gits/git___git_baserock_org_delta_googlemock
0 15-08-20 13:46:30 [googlemock] Cache_key is googlemock.083349b5a4133677c982ebbe48cad6bbaddd2704fc3fe65194d7bce28bb2fbf6
0 15-08-20 13:46:31 [genivi-common-api-runtime] WARNING: no tree from cache-server 56d1059459c24971bcbf45adef60f6dfd0b44667
0 15-08-20 13:46:31 [genivi-common-api-runtime] Try fetching tarball git___git_baserock_org_delta_genivi_common_api_runtime.tar 
0 15-08-20 13:46:33 [genivi-common-api-runtime] Git repo is mirrored at /src/gits/git___git_baserock_org_delta_genivi_common_api_runtime
0 15-08-20 13:46:33 [genivi-common-api-runtime] Cache_key is genivi-common-api-runtime.3e42637905f916e4b5f07eaa505b21ef12e6ddc78f12ab3f888bcaffb52ee024
0 15-08-20 13:46:34 [genivi-common-api-dbus-runtime] WARNING: no tree from cache-server 49d0b428ca19852d49965f35328a314f22d88807
0 15-08-20 13:46:34 [genivi-common-api-dbus-runtime] Try fetching tarball git___git_baserock_org_delta_genivi_common_api_dbus_runtime.tar 
0 15-08-20 13:46:37 [genivi-common-api-dbus-runtime] Git repo is mirrored at /src/gits/git___git_baserock_org_delta_genivi_common_api_dbus_runtime
0 15-08-20 13:46:37 [genivi-common-api-dbus-runtime] Cache_key is genivi-common-api-dbus-runtime.2160283bf996ccc91c64538b002fb85301bbfaaff28c51e2dad273e2568d3866
0 15-08-20 13:46:38 [audiomanager] WARNING: no tree from cache-server 8725157e248c6706de59a02996f869b6ccdccb13
0 15-08-20 13:46:38 [audiomanager] Try fetching tarball git___git_baserock_org_delta_audiomanager.tar 
0 15-08-20 13:46:50 [audiomanager] Git repo is mirrored at /src/gits/git___git_baserock_org_delta_audiomanager
0 15-08-20 13:46:50 [audiomanager] Cache_key is audiomanager.827bd71cb90b3124fd2d6c7acb7bf6d7c516856494d251ee6b645c4ca420a8e9
0 15-08-20 13:46:50 [itzam-tarball] WARNING: no tree from cache-server 4ebcf671416927b64475da7b810b6016c847bf73
0 15-08-20 13:46:50 [itzam-tarball] Try fetching tarball git___git_baserock_org_delta_itzam_tarball.tar 
0 15-08-20 13:46:52 [itzam-tarball] Git repo is mirrored at /src/gits/git___git_baserock_org_delta_itzam_tarball
0 15-08-20 13:46:52 [itzam-tarball] Cache_key is itzam-tarball.a4e09427e27d88266e16e0f1e14815bfb7acda8dc80fe54dd707817934333790
0 15-08-20 13:46:53 [persistence-common-object] WARNING: no tree from cache-server dc46126214022d068729f7ccd47415dc5f86f425
0 15-08-20 13:46:53 [persistence-common-object] Try fetching tarball git___git_baserock_org_delta_genivi_persistence_common_object.tar 
0 15-08-20 13:46:55 [persistence-common-object] Git repo is mirrored at /src/gits/git___git_baserock_org_delta_genivi_persistence_common_object
0 15-08-20 13:46:55 [persistence-common-object] Cache_key is persistence-common-object.e6078e2af611b9d8e7f3c97827b543b60d7ff6a800855d1ebde138fbe690d9ad
0 15-08-20 13:46:55 [persistence-client-library] WARNING: no tree from cache-server 39c68df2a9ee0b089212855f64a61fbd671b1a80
0 15-08-20 13:46:55 [persistence-client-library] Try fetching tarball git___git_baserock_org_delta_genivi_persistence_client_library.tar 
0 15-08-20 13:47:00 [persistence-client-library] Git repo is mirrored at /src/gits/git___git_baserock_org_delta_genivi_persistence_client_library
0 15-08-20 13:47:00 [persistence-client-library] Cache_key is persistence-client-library.c41484cfdd687cdc512d38f83b02b315ca5748aeba78575f1e0fd0a5adefaf6c
0 15-08-20 13:47:00 [node-state-manager] WARNING: no tree from cache-server 30add4659e002f1df205cc36f71ef3141c10c1fb
0 15-08-20 13:47:00 [node-state-manager] Try fetching tarball git___git_baserock_org_delta_node_state_manager.tar 
0 15-08-20 13:47:02 [node-state-manager] Git repo is mirrored at /src/gits/git___git_baserock_org_delta_node_state_manager
0 15-08-20 13:47:02 [node-state-manager] Cache_key is node-state-manager.fe57cdb2e9bc1582a51a266caa5a519973af2797b54c683c889ce41fd5fea544
0 15-08-20 13:47:02 [libarchive] WARNING: no tree from cache-server 19f23e191f9d3e1dd2a518735046100419965804
0 15-08-20 13:47:02 [libarchive] Try fetching tarball git___git_baserock_org_delta_libarchive.tar 
0 15-08-20 13:47:10 [libarchive] Git repo is mirrored at /src/gits/git___git_baserock_org_delta_libarchive
0 15-08-20 13:47:10 [libarchive] Cache_key is libarchive.c8eb17f17ec34309f3622eb931d75c4a76d01431a9633bf5862e497949b3d099
0 15-08-20 13:47:11 [persistence-administrator] WARNING: no tree from cache-server f9d62e70237c05323cbd60f1d5c7b574fbc2de43
0 15-08-20 13:47:11 [persistence-administrator] Try fetching tarball git___git_baserock_org_delta_genivi_persistence_administrator.tar 
0 15-08-20 13:47:13 [persistence-administrator] Git repo is mirrored at /src/gits/git___git_baserock_org_delta_genivi_persistence_administrator
0 15-08-20 13:47:13 [persistence-administrator] Cache_key is persistence-administrator.acff84aa9e93eab623b9cbf74d68e17f91e60fc2f9adec225f3e0d4be13bd7c0
0 15-08-20 13:47:13 [node-health-monitor] WARNING: no tree from cache-server 61f88bc9fc03c278664e05431ffb5933ff6007f1
0 15-08-20 13:47:13 [node-health-monitor] Try fetching tarball git___git_baserock_org_delta_genivi_node_health_monitor.tar 
0 15-08-20 13:47:15 [node-health-monitor] Git repo is mirrored at /src/gits/git___git_baserock_org_delta_genivi_node_health_monitor
0 15-08-20 13:47:15 [node-health-monitor] Cache_key is node-health-monitor.ac3d4bf083fa698358d63d35fc6155b54df65c05f6cb56428b159a48fa580426
0 15-08-20 13:47:15 [genivi] Cache_key is genivi.cb23155b9ca593d3fa67cc12bf2b38d05af4bad7f1cf5944e0d9cbce092aad0a
0 15-08-20 13:47:15 [weston] Cache_key is weston.689bfcf69206bd5ac5564e89e6cdc1d49a1250994a700654d96773620757852d
0 15-08-20 13:47:16 [wayland-ivi-extension] WARNING: no tree from cache-server 43fa65ede93cef9e6c902df2248229ad204b510a
0 15-08-20 13:47:16 [wayland-ivi-extension] Try fetching tarball git___git_baserock_org_delta_genivi_wayland_ivi_extension.tar 
0 15-08-20 13:47:21 [wayland-ivi-extension] Git repo is mirrored at /src/gits/git___git_baserock_org_delta_genivi_wayland_ivi_extension
0 15-08-20 13:47:21 [wayland-ivi-extension] Cache_key is wayland-ivi-extension.9b23cebf8677a0c21014d4cb07b3b6bdf86e0ffbf4b87ce27da95e41a468a215
0 15-08-20 13:47:21 [weston-genivi] Cache_key is weston-genivi.b9e40f2dd5a7e9848c80da6a2012d4a75d89c58cf60f7c8bf2827dcf11fe3495
0 15-08-20 13:47:21 [genivi-baseline-system-x86_64-generic] Cache_key is genivi-baseline-system-x86_64-generic.a07c46f2e78e6dd2fa945bdf667c52bfdda31b412b4fad842ff0e7337d8f6b1a
0 15-08-20 13:47:21 [genivi-baseline-system-armv7lhf-jetson] Cache_key is genivi-baseline-system-armv7lhf-jetson.7dec2b552999bde212ecc4f3a7843700d9ec26c1bc75bac56488be6c50ee1263
0 15-08-20 13:47:21 [lvm2] WARNING: no tree from cache-server fa01faaa4aa96de834ba7e8fbb9d9aff908571c3
0 15-08-20 13:47:21 [lvm2] Try fetching tarball git___git_baserock_org_delta_lvm2.tar 
0 15-08-20 13:47:44 [lvm2] Git repo is mirrored at /src/gits/git___git_baserock_org_delta_lvm2
0 15-08-20 13:47:44 [lvm2] Cache_key is lvm2.bae9034b8ac5d3e557d519bf68ba9c1fdfedc37a4e97411db5fa573f7d986d78
0 15-08-20 13:47:44 [lvm] Cache_key is lvm.30742a41ae1e3d1cabc04d5585e4175eaab3cdb165abe2cdcf4764773b4b6896
0 15-08-20 13:47:44 [yajl] WARNING: no tree from cache-server 52fc681857228c65c1cb439782da485554875481
0 15-08-20 13:47:44 [yajl] Try fetching tarball git___git_baserock_org_delta_yajl.tar 
0 15-08-20 13:47:47 [yajl] Git repo is mirrored at /src/gits/git___git_baserock_org_delta_yajl
0 15-08-20 13:47:47 [ebtables] WARNING: no tree from cache-server f4bdc80ae8c1a79b4ab5dcb8431ad85aea618d66
0 15-08-20 13:47:47 [ebtables] Try fetching tarball git___git_baserock_org_delta_ebtables.tar 
0 15-08-20 13:47:50 [ebtables] Git repo is mirrored at /src/gits/git___git_baserock_org_delta_ebtables
0 15-08-20 13:47:50 [ebtables] Cache_key is ebtables.edf7bcde0714cb4b33efe7b480ec2a1b068fb0051688c49ae44a307aee026aa1
0 15-08-20 13:47:50 [iproute2] WARNING: no tree from cache-server 50231ad2a554fcb02462bed6405c970833c1baee
0 15-08-20 13:47:50 [iproute2] Try fetching tarball git___git_baserock_org_delta_iproute2.tar 
0 15-08-20 13:47:57 [iproute2] Git repo is mirrored at /src/gits/git___git_baserock_org_delta_iproute2
0 15-08-20 13:47:57 [iproute2] Cache_key is iproute2.dec43a4d10c91b333dda1eede905cd089aa502d5bd357e0c11fda9fc605e2c0e
0 15-08-20 13:47:58 [libmnl] WARNING: no tree from cache-server c9f19b98cd8e108617e825e071091df14f78c53a
0 15-08-20 13:47:58 [libmnl] Try fetching tarball git___git_baserock_org_delta_libmnl.tar 
0 15-08-20 13:47:59 [libmnl] Git repo is mirrored at /src/gits/git___git_baserock_org_delta_libmnl
0 15-08-20 13:47:59 [libmnl] Cache_key is libmnl.f4802f47393b287f137a8be3c14a53e8c2210cd3e2e49f327792a3a4ed1e4609
0 15-08-20 13:48:00 [ipset] WARNING: no tree from cache-server cf25c4c50e9996af30499e5b1c3354ab53be7237
0 15-08-20 13:48:00 [ipset] Try fetching tarball git___git_baserock_org_delta_ipset.tar 
0 15-08-20 13:48:03 [ipset] Git repo is mirrored at /src/gits/git___git_baserock_org_delta_ipset
0 15-08-20 13:48:03 [ipset] Cache_key is ipset.54f7842180fae5232cc09db4d453c057e9c410b971e40a2790f0836c99013509
0 15-08-20 13:48:03 [libpcap] WARNING: no tree from cache-server 098a643f817e8a9929c70dfba157e4d399398375
0 15-08-20 13:48:03 [libpcap] Try fetching tarball git___git_baserock_org_delta_libpcap.tar 
0 15-08-20 13:48:09 [libpcap] Git repo is mirrored at /src/gits/git___git_baserock_org_delta_libpcap
0 15-08-20 13:48:09 [libpcap] Cache_key is libpcap.928e53521141bfa1929cb0a127e7f3094568c331c0417e844b96dc2c03ea634d
0 15-08-20 13:48:09 [tcpdump] WARNING: no tree from cache-server 8aa5edea1b8846740514dee4158b6c707d38fc13
0 15-08-20 13:48:09 [tcpdump] Try fetching tarball git___git_baserock_org_delta_tcpdump.tar 
0 15-08-20 13:48:17 [tcpdump] Git repo is mirrored at /src/gits/git___git_baserock_org_delta_tcpdump
0 15-08-20 13:48:17 [tcpdump] Cache_key is tcpdump.b70056c41236227d01e17acd8dd540089a9e575e3df72c244971b1ce8a78a109
0 15-08-20 13:48:17 [libnet] WARNING: no tree from cache-server 05df365769597e1d64d02af931d6127762ff2658
0 15-08-20 13:48:17 [libnet] Try fetching tarball git___git_baserock_org_delta_libnet.tar 
0 15-08-20 13:48:20 [libnet] Git repo is mirrored at /src/gits/git___git_baserock_org_delta_libnet
0 15-08-20 13:48:20 [libnet] Cache_key is libnet.445ec06788a32ef331795450b1702d363b886bd0a2987667e52950bb5c136821
0 15-08-20 13:48:20 [iputils] WARNING: no tree from cache-server d25e54e25107bc7c5d14737ed65f5f52b54f1472
0 15-08-20 13:48:20 [iputils] Try fetching tarball git___git_baserock_org_delta_iputils.tar 
0 15-08-20 13:48:22 [iputils] Git repo is mirrored at /src/gits/git___git_baserock_org_delta_iputils
0 15-08-20 13:48:22 [iputils] Cache_key is iputils.f2b00627b16a622ea0f3ceacfd80ebfedd62742c613b557591d6f557e429bc69
0 15-08-20 13:48:23 [libnfnetlink] WARNING: no tree from cache-server 1166116e34af868bc814aea338c246e49a7a8748
0 15-08-20 13:48:23 [libnfnetlink] Try fetching tarball git___git_baserock_org_delta_libnfnetlink.tar 
0 15-08-20 13:48:25 [libnfnetlink] Git repo is mirrored at /src/gits/git___git_baserock_org_delta_libnfnetlink
0 15-08-20 13:48:25 [libnfnetlink] Cache_key is libnfnetlink.d5562b69f6f952970f0d8c5c9d7e85258f96471f172fcf3363c287bf6bece33b
0 15-08-20 13:48:25 [libnetfilter_conntrack] WARNING: no tree from cache-server 5ad6ecff6edffd925022372323e42264f61e850d
0 15-08-20 13:48:25 [libnetfilter_conntrack] Try fetching tarball git___git_baserock_org_delta_libnetfilter_conntrack.tar 
0 15-08-20 13:48:27 [libnetfilter_conntrack] Git repo is mirrored at /src/gits/git___git_baserock_org_delta_libnetfilter_conntrack
0 15-08-20 13:48:27 [libnetfilter_conntrack] Cache_key is libnetfilter_conntrack.cf442193b63f76cfe494b57956ead25d2fa97c2322970cf5aadd02e056b357fc
0 15-08-20 13:48:27 [libnetfilter_cthelper] WARNING: no tree from cache-server b8df12f352db62d26e5116e960d24774d5c9f3b7
0 15-08-20 13:48:27 [libnetfilter_cthelper] Try fetching tarball git___git_baserock_org_delta_libnetfilter_cthelper.tar 
0 15-08-20 13:48:29 [libnetfilter_cthelper] Git repo is mirrored at /src/gits/git___git_baserock_org_delta_libnetfilter_cthelper
0 15-08-20 13:48:29 [libnetfilter_cthelper] Cache_key is libnetfilter_cthelper.bddcf75bd78ec5be695b0890c8d4ac75d3da321a95b8da97a05e30976f2a8d8f
0 15-08-20 13:48:29 [libnetfilter_cttimeout] WARNING: no tree from cache-server 329652bef21c831dae1a9a79084b999d40b4eb5b
0 15-08-20 13:48:29 [libnetfilter_cttimeout] Try fetching tarball git___git_baserock_org_delta_libnetfilter_cttimeout.tar 
0 15-08-20 13:48:31 [libnetfilter_cttimeout] Git repo is mirrored at /src/gits/git___git_baserock_org_delta_libnetfilter_cttimeout
0 15-08-20 13:48:31 [libnetfilter_cttimeout] Cache_key is libnetfilter_cttimeout.b68fb5b01d0e66b86ba161b09dfda7510e0772c730bfcf4916be840914d4d92d
0 15-08-20 13:48:31 [libnetfilter_queue] WARNING: no tree from cache-server f5d092dd3145d427c7c2ed668e3ac899875c9612
0 15-08-20 13:48:31 [libnetfilter_queue] Try fetching tarball git___git_baserock_org_delta_libnetfilter_queue.tar 
0 15-08-20 13:48:33 [libnetfilter_queue] Git repo is mirrored at /src/gits/git___git_baserock_org_delta_libnetfilter_queue
0 15-08-20 13:48:33 [libnetfilter_queue] Cache_key is libnetfilter_queue.e34d08061f41eb2c21149e2ac81089df9ff04dc3e80a3ab94035c4cb008403fe
0 15-08-20 13:48:33 [conntrack-tools] WARNING: no tree from cache-server fbe3181be4f2e33509b1c20b95fd55eb3e7075d7
0 15-08-20 13:48:33 [conntrack-tools] Try fetching tarball git___git_baserock_org_delta_conntrack_tools.tar 
0 15-08-20 13:48:35 [conntrack-tools] Git repo is mirrored at /src/gits/git___git_baserock_org_delta_conntrack_tools
0 15-08-20 13:48:35 [conntrack-tools] Cache_key is conntrack-tools.06ef61b978e99cad72d21c988512a2775a56b929db06d835685acc7cb32861cf
0 15-08-20 13:48:35 [networking-utils] Cache_key is networking-utils.d861655eca274b86fc47e90be1f108e743dbfca9e3a768f5c1f4f16a6ffea70f
0 15-08-20 13:48:35 [yajl] Cache_key is yajl.31025d902724c46055a81bc347bacb973ba1b956c243a5b31b893d16b4d06551
0 15-08-20 13:48:36 [dnsmasq] WARNING: no tree from cache-server 8471cd938ca41fbe4fee8ae3f657625c92cfb954
0 15-08-20 13:48:36 [dnsmasq] Try fetching tarball git___git_baserock_org_delta_dnsmasq.tar 
0 15-08-20 13:48:42 [dnsmasq] Git repo is mirrored at /src/gits/git___git_baserock_org_delta_dnsmasq
0 15-08-20 13:48:42 [dnsmasq] Cache_key is dnsmasq.198c00705c0bf9603c0219fb498550339b8df9a130e484880a4f4e47377bd1c6
0 15-08-20 13:48:42 [qemu] WARNING: no tree from cache-server c5691f7ecb32cbe7a95b491314ce070e211fd97d
0 15-08-20 13:48:42 [qemu] Try fetching tarball git___git_baserock_org_delta_qemu.tar 
0 15-08-20 13:49:04 [qemu] Git repo is mirrored at /src/gits/git___git_baserock_org_delta_qemu
0 15-08-20 13:49:04 [qemu] Cache_key is qemu.8152fafb193e2b1d0c2ef7da06ffb71a4d889db600f106a1cc1daa196fcfc794
0 15-08-20 13:49:04 [libpciaccess] WARNING: no tree from cache-server b9c068896914b4132a24839c9ef7f9fcd6282d88
0 15-08-20 13:49:04 [libpciaccess] Try fetching tarball git___git_baserock_org_delta_libpciaccess.tar 
0 15-08-20 13:49:07 [libpciaccess] Git repo is mirrored at /src/gits/git___git_baserock_org_delta_libpciaccess
0 15-08-20 13:49:07 [libpciaccess] Cache_key is libpciaccess.a07714a8fb1fd3bd1fe60694a348e012595c7eeb18bc5b0af8ade3fbf7ccd7f3
0 15-08-20 13:49:07 [dmidecode] WARNING: no tree from cache-server 47a0aa5d6696a83922ee70279b7253a4e55947d5
0 15-08-20 13:49:07 [dmidecode] Try fetching tarball git___git_baserock_org_delta_dmidecode.tar 
0 15-08-20 13:49:10 [dmidecode] Git repo is mirrored at /src/gits/git___git_baserock_org_delta_dmidecode
0 15-08-20 13:49:10 [dmidecode] Cache_key is dmidecode.71047ede5ab05d82a250f7411a3068f0ea4d6ac41225271c010aaadaf24dd377
0 15-08-20 13:49:11 [libvirt] WARNING: no tree from cache-server 7b1ceec1e2f141d36ed9b7ef3a660ff8bb34fc53
0 15-08-20 13:49:11 [libvirt] Try fetching tarball git___git_baserock_org_delta_libvirt.tar 
0 15-08-20 13:49:55 [libvirt] Git repo is mirrored at /src/gits/git___git_baserock_org_delta_libvirt
0 15-08-20 13:49:55 [libvirt] Cache_key is libvirt.0e1b876c8ed53b7516ca353bd326e593900d94cc23ea4011969abb714e5e47b6
0 15-08-20 13:49:55 [pycurl] WARNING: no tree from cache-server 5ca370827d88817eeca3c56cbb37e4ddccc16c6e
0 15-08-20 13:49:55 [pycurl] Try fetching tarball git___git_baserock_org_delta_pycurl.tar 
0 15-08-20 13:50:03 [pycurl] Git repo is mirrored at /src/gits/git___git_baserock_org_delta_pycurl
0 15-08-20 13:50:03 [pycurl] Cache_key is pycurl.f340784c7cbd88dcf239cfe35df143eaf17fa56876cca0f5f84a3f29f9eb7737
0 15-08-20 13:50:03 [urlgrabber] WARNING: no tree from cache-server bf0a0be71373dec515bbb54e0613a3b9b0c00b04
0 15-08-20 13:50:03 [urlgrabber] Try fetching tarball git___git_baserock_org_delta_urlgrabber.tar 
0 15-08-20 13:50:06 [urlgrabber] Git repo is mirrored at /src/gits/git___git_baserock_org_delta_urlgrabber
0 15-08-20 13:50:06 [urlgrabber] Cache_key is urlgrabber.44b4c11e4b7d68e36ebe4f7d3265e3582d68b3df2605585dbeb9524c29af9ed9
0 15-08-20 13:50:06 [libvirt-python] WARNING: no tree from cache-server 8e09c79a07b097a6ba9af83be4916fb9c9538500
0 15-08-20 13:50:06 [libvirt-python] Try fetching tarball git___git_baserock_org_delta_libvirt_python.tar 
0 15-08-20 13:50:08 [libvirt-python] Git repo is mirrored at /src/gits/git___git_baserock_org_delta_libvirt_python
0 15-08-20 13:50:08 [libvirt-python] Cache_key is libvirt-python.189481efa03d6ae6583690fb71c908d12ceb38639e86f3f19c92517d263118d7
0 15-08-20 13:50:08 [libosinfo] WARNING: no tree from cache-server a86c74c4d3f62bb0e315ab7fc78ec9f7746bdd12
0 15-08-20 13:50:08 [libosinfo] Try fetching tarball git___git_baserock_org_delta_libosinfo.tar 
0 15-08-20 13:50:14 [libosinfo] Git repo is mirrored at /src/gits/git___git_baserock_org_delta_libosinfo
0 15-08-20 13:50:14 [libosinfo] Cache_key is libosinfo.cefb7f168ea0cce3f1745b32f496ee0de3a5b84ba7be24865ef5c256d8975d74
0 15-08-20 13:50:14 [virt-manager] WARNING: no tree from cache-server 8b7ebd4538ffbd2d246fdeee4f1bb1c452585575
0 15-08-20 13:50:14 [virt-manager] Try fetching tarball git___git_baserock_org_delta_virt_manager.tar 
0 15-08-20 13:50:36 [virt-manager] Git repo is mirrored at /src/gits/git___git_baserock_org_delta_virt_manager
0 15-08-20 13:50:36 [virt-manager] Cache_key is virt-manager.e621c86e68db32e282f3f7875df80eee70a4e11e042efd54814fb4dcabfd51d2
0 15-08-20 13:50:36 [openvswitch] WARNING: no tree from cache-server a52b0492a4d0398a24ed2a3566ff55ac53fea31f
0 15-08-20 13:50:36 [openvswitch] Try fetching tarball git___git_baserock_org_delta_openvswitch.tar 
0 15-08-20 13:51:01 [openvswitch] Git repo is mirrored at /src/gits/git___git_baserock_org_delta_openvswitch
0 15-08-20 13:51:01 [openvswitch] Cache_key is openvswitch.2e4db3b6934a963088c42f90dc63bcab75fcddef5b503dfce1f0bf7025ef6482
0 15-08-20 13:51:01 [virtualization] Cache_key is virtualization.2a733bcf510a33c4aeca60eba67a132b327c2d8bfefc8571420dfe081b416090
0 15-08-20 13:51:01 [postgresql] WARNING: no tree from cache-server d4f8dde3c1c2c90c723ab550e7f449fc75599316
0 15-08-20 13:51:01 [postgresql] Try fetching tarball git___git_baserock_org_delta_postgresql.tar 
0 15-08-20 13:51:22 [postgresql] Git repo is mirrored at /src/gits/git___git_baserock_org_delta_postgresql
0 15-08-20 13:51:22 [postgresql] Cache_key is postgresql.5ec92d41cc41dd46fd06733658647563054c53240e35b916f9be16bc231ee2ff
0 15-08-20 13:51:22 [redis] WARNING: no tree from cache-server 9ee59fca9c5c429185d35779c2d5db64005091b0
0 15-08-20 13:51:22 [redis] Try fetching tarball git___git_baserock_org_delta_redis.tar 
0 15-08-20 13:51:51 [redis] Git repo is mirrored at /src/gits/git___git_baserock_org_delta_redis
0 15-08-20 13:51:51 [redis] Cache_key is redis.c62a00540815d8e37fda0df84c2ba148acfbea3022d227d3fb7dc597b345eb81
0 15-08-20 13:51:52 [memcached] WARNING: no tree from cache-server c5530027c8ea28674358327ab8212ebaf014c848
0 15-08-20 13:51:52 [memcached] Try fetching tarball git___git_baserock_org_delta_memcached.tar 
0 15-08-20 13:51:57 [memcached] Git repo is mirrored at /src/gits/git___git_baserock_org_delta_memcached
0 15-08-20 13:51:57 [memcached] Cache_key is memcached.2e127797f747db574471e708ce3baeb3ba2971373b30c3e9fbd45ee92cf63891
0 15-08-20 13:51:57 [psycopg2] WARNING: no tree from cache-server 00cafbe85bb82d85cbfe0f062a73c562433b5bc8
0 15-08-20 13:51:57 [psycopg2] Try fetching tarball git___git_baserock_org_delta_python_packages_psycopg2.tar 
0 15-08-20 13:52:01 [psycopg2] Git repo is mirrored at /src/gits/git___git_baserock_org_delta_python_packages_psycopg2
0 15-08-20 13:52:01 [psycopg2] Cache_key is psycopg2.f770c6d0ff87a598c88fa1a0bc5f9812d75ab8fac43747b2d9798b00d1d451b9
0 15-08-20 13:52:02 [python-memcached] WARNING: no tree from cache-server 156ee975ff6e5c69e1d6c58b09bedf03c182c5db
0 15-08-20 13:52:02 [python-memcached] Try fetching tarball git___git_baserock_org_delta_python_packages_python_memcached.tar 
0 15-08-20 13:52:05 [python-memcached] Git repo is mirrored at /src/gits/git___git_baserock_org_delta_python_packages_python_memcached
0 15-08-20 13:52:05 [python-memcached] Cache_key is python-memcached.f7ed73a38102ae522fd6c111e6727e97ccc82c4b94856e478fe80a96937fb55a
0 15-08-20 13:52:05 [databases] Cache_key is databases.fe9f31cee6678a6a63ec8ad2049f654f04117ecb40f2728b3de81d40d7054fe4
0 15-08-20 13:52:05 [erlang] WARNING: no tree from cache-server 9417f044ee3c291c2ea343c203aebdcc40597226
0 15-08-20 13:52:05 [erlang] Try fetching tarball git___git_baserock_org_delta_erlang.tar 
0 15-08-20 13:52:25 [erlang] Git repo is mirrored at /src/gits/git___git_baserock_org_delta_erlang
0 15-08-20 13:52:25 [erlang] Cache_key is erlang.e2dc2206537c01360b272416c6ab43ceb6d631eddcbc1589f671a42b617d81bc
0 15-08-20 13:52:26 [rebar] WARNING: no tree from cache-server d42ed4683576d995f60e3222f076e99f0b081f79
0 15-08-20 13:52:26 [rebar] Try fetching tarball git___git_baserock_org_delta_erlang_modules_rebar.tar 
0 15-08-20 13:52:33 [rebar] Git repo is mirrored at /src/gits/git___git_baserock_org_delta_erlang_modules_rebar
0 15-08-20 13:52:33 [rebar] Cache_key is rebar.82d428132eabd34f443ad341a0f8c504bb43ca7249e84019bb13c9c510d0b74d
0 15-08-20 13:52:33 [erlang] Cache_key is erlang.f9f705dc8e9edb25efb7803821c2f4ac3177469771392d63d46f136e95678acf
0 15-08-20 13:52:33 [apr] WARNING: no tree from cache-server 3c818c6d7351f0130282d212a69035642f5fecad
0 15-08-20 13:52:33 [apr] Try fetching tarball git___git_baserock_org_delta_apache_apr.tar 
0 15-08-20 13:52:41 [apr] Git repo is mirrored at /src/gits/git___git_baserock_org_delta_apache_apr
0 15-08-20 13:52:41 [apr] Cache_key is apr.68f21b5413ab0a893ad2c601e4a3388a7a215e0ce77bd15863ecc28b96353f85
0 15-08-20 13:52:41 [httpd-server] WARNING: no tree from cache-server 6d8e0b2fd95268fcba96326ba9dce7bb8f712c19
0 15-08-20 13:52:41 [httpd-server] Try fetching tarball git___git_baserock_org_delta_apache_httpd.tar 
0 15-08-20 13:53:26 [httpd-server] Git repo is mirrored at /src/gits/git___git_baserock_org_delta_apache_httpd
0 15-08-20 13:53:26 [httpd-server] Cache_key is httpd-server.a78a160f14e2da630c5064fa9011aec281f9ae3b79f9125a8a0895fea2c50bca
0 15-08-20 13:53:26 [psutil] WARNING: no tree from cache-server 2bc8555f0428af81c2d067aa76168ed7bc5e0179
0 15-08-20 13:53:26 [psutil] Try fetching tarball git___git_baserock_org_delta_python_packages_psutil.tar 
0 15-08-20 13:53:38 [psutil] Git repo is mirrored at /src/gits/git___git_baserock_org_delta_python_packages_psutil
0 15-08-20 13:53:38 [psutil] Cache_key is psutil.77e16f1ebc0cd282c77935d6bd03a2e934a0cb7aa820df6114aed29c892f4350
0 15-08-20 13:53:39 [mod_wsgi-metrics] WARNING: no tree from cache-server ec715eb593255229f9f45f3f323edbb845c691d8
0 15-08-20 13:53:39 [mod_wsgi-metrics] Try fetching tarball git___git_baserock_org_delta_python_packages_mod_wsgi_metrics.tar 
0 15-08-20 13:53:40 [mod_wsgi-metrics] Git repo is mirrored at /src/gits/git___git_baserock_org_delta_python_packages_mod_wsgi_metrics
0 15-08-20 13:53:40 [mod_wsgi-metrics] Cache_key is mod_wsgi-metrics.51021ba4a2d81a0a5a2e01a27da7abf4daf4fce8b926f01002bc7c6fa8078b9e
0 15-08-20 13:53:41 [mod_wsgi] WARNING: no tree from cache-server 1be8b37aaf07d8cb3083da99d6fda12375221b07
0 15-08-20 13:53:41 [mod_wsgi] Try fetching tarball git___git_baserock_org_delta_python_packages_mod_wsgi.tar 
0 15-08-20 13:53:46 [mod_wsgi] Git repo is mirrored at /src/gits/git___git_baserock_org_delta_python_packages_mod_wsgi
0 15-08-20 13:53:46 [mod_wsgi] Cache_key is mod_wsgi.050c773f266c23013ba3e9f46880e9b5359c51df9f90b6ebcd0b299314fbc9e7
0 15-08-20 13:53:46 [apache-httpd-server] Cache_key is apache-httpd-server.c0a6b00ca06615490ff4fc7775985449156e5ed1274d3464224fe6833c09e307
0 15-08-20 13:53:46 [django] WARNING: no tree from cache-server 811508b0512d3fa6b2328f8647fbf9eace68eceb
0 15-08-20 13:53:46 [django] Try fetching tarball git___git_baserock_org_delta_python_packages_django.tar 
0 15-08-20 13:54:17 [django] Git repo is mirrored at /src/gits/git___git_baserock_org_delta_python_packages_django
0 15-08-20 13:54:17 [django] Cache_key is django.419bf770c61a84e719c5cc5951abd8c995b143e300dadcc0fc990dad4d09c5f0
0 15-08-20 13:54:18 [django-appconf] WARNING: no tree from cache-server 0c9835f95b44db1b3eb1a9409f95a3ecd63b8ff5
0 15-08-20 13:54:18 [django-appconf] Try fetching tarball git___git_baserock_org_delta_python_packages_django_appconf.tar 
0 15-08-20 13:54:19 [django-appconf] Git repo is mirrored at /src/gits/git___git_baserock_org_delta_python_packages_django_appconf
0 15-08-20 13:54:19 [django-appconf] Cache_key is django-appconf.65ed034f6da6116953e88a5dc292b5645720e2cad7e52deb8bd82236c473d61a
0 15-08-20 13:54:20 [django-compressor] WARNING: no tree from cache-server e747dce3d7e04fe595bbfed54f9554c2725eb757
0 15-08-20 13:54:20 [django-compressor] Try fetching tarball git___git_baserock_org_delta_python_packages_django_compressor.tar 
0 15-08-20 13:54:24 [django-compressor] Git repo is mirrored at /src/gits/git___git_baserock_org_delta_python_packages_django_compressor
0 15-08-20 13:54:24 [django-compressor] Cache_key is django-compressor.804770f4b781fafbcaace9ffea3cf9ac7ab5b2db48b29a17a2dca6b821f74843
0 15-08-20 13:54:24 [pyscss] WARNING: no tree from cache-server 85e8806e39e840c4402ee813c3e38fefaf9212b4
0 15-08-20 13:54:24 [pyscss] Try fetching tarball git___git_baserock_org_delta_python_packages_pyscss.tar 
0 15-08-20 13:54:27 [pyscss] Git repo is mirrored at /src/gits/git___git_baserock_org_delta_python_packages_pyscss
0 15-08-20 13:54:27 [pyscss] Cache_key is pyscss.c6b98f1e0eff29068167782a180241c2a7a745c4076150a0cd06a2bace0981c9
0 15-08-20 13:54:27 [django-pyscss] WARNING: no tree from cache-server 665270b54eea5de5aca379a78673b411ed6b1f04
0 15-08-20 13:54:27 [django-pyscss] Try fetching tarball git___git_baserock_org_delta_python_packages_django_pyscss.tar 
0 15-08-20 13:54:30 [django-pyscss] Git repo is mirrored at /src/gits/git___git_baserock_org_delta_python_packages_django_pyscss
0 15-08-20 13:54:30 [django-pyscss] Cache_key is django-pyscss.75acabc6f4eb0d1d4b328642bc0be858d04d9e233b10e0fd2379ad24ec3117fb
0 15-08-20 13:54:30 [django] Cache_key is django.b1b6e97f78bef3ab25cf540beeca8989f5eac3bb446dacf2650927ff077378f4
0 15-08-20 13:54:30 [xstatic] WARNING: no tree from cache-server 6c8604a422ba7f176ce6b372a8e182c293d06fb2
0 15-08-20 13:54:30 [xstatic] Try fetching tarball git___git_baserock_org_delta_xstatic.tar 
0 15-08-20 13:54:32 [xstatic] Git repo is mirrored at /src/gits/git___git_baserock_org_delta_xstatic
0 15-08-20 13:54:32 [xstatic] Cache_key is xstatic.0411fd10656581385b19b04d433ed855c1c3415e4c15d490016b58ef1c145385
0 15-08-20 13:54:32 [xstatic-angular] WARNING: no tree from cache-server dac047df05da5bb20de4e78876bc03820d0c6671
0 15-08-20 13:54:32 [xstatic-angular] Try fetching tarball git___git_baserock_org_delta_xstatic_packages_xstatic_angular.tar 
0 15-08-20 13:54:35 [xstatic-angular] Git repo is mirrored at /src/gits/git___git_baserock_org_delta_xstatic_packages_xstatic_angular
0 15-08-20 13:54:35 [xstatic-angular] Cache_key is xstatic-angular.441b6b7d53011ba9c227528a69287e2d386d308d5a3ccd2773bf61e01b6f0bd9
0 15-08-20 13:54:35 [xstatic-angular-animate] WARNING: no tree from cache-server 91b9d3197f67213e4e35e9a35ba7196b898731e7
0 15-08-20 13:54:35 [xstatic-angular-animate] Try fetching tarball git___git_baserock_org_delta_xstatic_packages_xstatic_angular_animate.tar 
0 15-08-20 13:54:36 [xstatic-angular-animate] Git repo is mirrored at /src/gits/git___git_baserock_org_delta_xstatic_packages_xstatic_angular_animate
0 15-08-20 13:54:36 [xstatic-angular-animate] Cache_key is xstatic-angular-animate.a30c0603b3c994418f3ea72bff8605bfcbb12e93cba31ed1b9d550b427f13abd
0 15-08-20 13:54:37 [xstatic-angular-bootstrap] WARNING: no tree from cache-server b581edb6975175a564fd02766aef2f9043702c80
0 15-08-20 13:54:37 [xstatic-angular-bootstrap] Try fetching tarball git___git_baserock_org_delta_xstatic_packages_xstatic_angular_bootstrap.tar 
0 15-08-20 13:54:39 [xstatic-angular-bootstrap] Git repo is mirrored at /src/gits/git___git_baserock_org_delta_xstatic_packages_xstatic_angular_bootstrap
0 15-08-20 13:54:39 [xstatic-angular-bootstrap] Cache_key is xstatic-angular-bootstrap.45f4956148b5041b16ebc2795c55f5a6e26a16ba3eb54316ce283930bc1f2e4e
0 15-08-20 13:54:39 [xstatic-angular-lrdragndrop] WARNING: no tree from cache-server 55c7494492e6da2a6664aa00941864dd64589396
0 15-08-20 13:54:39 [xstatic-angular-lrdragndrop] Try fetching tarball git___git_baserock_org_delta_xstatic_packages_xstatic_angular_lrdragndrop.tar 
0 15-08-20 13:54:40 [xstatic-angular-lrdragndrop] Git repo is mirrored at /src/gits/git___git_baserock_org_delta_xstatic_packages_xstatic_angular_lrdragndrop
0 15-08-20 13:54:40 [xstatic-angular-lrdragndrop] Cache_key is xstatic-angular-lrdragndrop.5232302f2da399eb86321f93b1367585ca46c10af5504da84eda349a1636990b
0 15-08-20 13:54:41 [xstatic-angular-cookies] WARNING: no tree from cache-server 66141a33ae7ad84b82ba9384a8101ae15ccd6da5
0 15-08-20 13:54:41 [xstatic-angular-cookies] Try fetching tarball git___git_baserock_org_delta_xstatic_packages_xstatic_angular_cookies.tar 
0 15-08-20 13:54:42 [xstatic-angular-cookies] Git repo is mirrored at /src/gits/git___git_baserock_org_delta_xstatic_packages_xstatic_angular_cookies
0 15-08-20 13:54:42 [xstatic-angular-cookies] Cache_key is xstatic-angular-cookies.9fa3671d98aab1310517010c42970bee7402c36cf5491c67a708ee15ddd94933
0 15-08-20 13:54:43 [xstatic-angular-fileupload] WARNING: no tree from cache-server 04bcd774dae17cfff5e826fc0874f6403b4a6cae
0 15-08-20 13:54:43 [xstatic-angular-fileupload] Try fetching tarball git___git_baserock_org_delta_xstatic_packages_xstatic_angular_fileupload.tar 
0 15-08-20 13:54:44 [xstatic-angular-fileupload] Git repo is mirrored at /src/gits/git___git_baserock_org_delta_xstatic_packages_xstatic_angular_fileupload
0 15-08-20 13:54:44 [xstatic-angular-fileupload] Cache_key is xstatic-angular-fileupload.5edace4f8462e45f3017286a1cfb7dd277593dd62702238738b8e4d4e535152f
0 15-08-20 13:54:45 [xstatic-angular-mock] WARNING: no tree from cache-server 20fdada109b167bcdcacec22986b43fdb42866f3
0 15-08-20 13:54:45 [xstatic-angular-mock] Try fetching tarball git___git_baserock_org_delta_xstatic_packages_xstatic_angular_mock.tar 
0 15-08-20 13:54:46 [xstatic-angular-mock] Git repo is mirrored at /src/gits/git___git_baserock_org_delta_xstatic_packages_xstatic_angular_mock
0 15-08-20 13:54:46 [xstatic-angular-mock] Cache_key is xstatic-angular-mock.25aa367e33922c36d82301a6b7d6d4649494e36bf67ceffa21e3b49ca0888352
0 15-08-20 13:54:46 [xstatic-angular-sanitize] WARNING: no tree from cache-server 9e0f03ada6fc00f8583903aeb6d9fc6516784999
0 15-08-20 13:54:46 [xstatic-angular-sanitize] Try fetching tarball git___git_baserock_org_delta_xstatic_packages_xstatic_angular_sanitize.tar 
0 15-08-20 13:54:48 [xstatic-angular-sanitize] Git repo is mirrored at /src/gits/git___git_baserock_org_delta_xstatic_packages_xstatic_angular_sanitize
0 15-08-20 13:54:48 [xstatic-angular-sanitize] Cache_key is xstatic-angular-sanitize.3f1b5b1c248352af145a9eef9b1a229aaba2c447a9325d8060001ff8bb1b8f53
0 15-08-20 13:54:48 [xstatic-angular-smart-table] WARNING: no tree from cache-server e0fbf69fb156b995547471d71c5c6a7f88989d47
0 15-08-20 13:54:48 [xstatic-angular-smart-table] Try fetching tarball git___git_baserock_org_delta_xstatic_packages_xstatic_angular_smart_table.tar 
0 15-08-20 13:54:50 [xstatic-angular-smart-table] Git repo is mirrored at /src/gits/git___git_baserock_org_delta_xstatic_packages_xstatic_angular_smart_table
0 15-08-20 13:54:50 [xstatic-angular-smart-table] Cache_key is xstatic-angular-smart-table.200779be8d2ff171a967853721cbfee528a9d8a2a33c8691f7bf480d61776d00
0 15-08-20 13:54:50 [xstatic-bootstrap-datepicker] WARNING: no tree from cache-server 60caf41e32d49f9bc715c39570f01449ebfbd37a
0 15-08-20 13:54:50 [xstatic-bootstrap-datepicker] Try fetching tarball git___git_baserock_org_delta_xstatic_packages_xstatic_bootstrap_datepicker.tar 
0 15-08-20 13:54:52 [xstatic-bootstrap-datepicker] Git repo is mirrored at /src/gits/git___git_baserock_org_delta_xstatic_packages_xstatic_bootstrap_datepicker
0 15-08-20 13:54:52 [xstatic-bootstrap-datepicker] Cache_key is xstatic-bootstrap-datepicker.85e856d9977eeb67c2aa8fb1df338f8a9ced532f4dd4b49e559d3e66a53c1187
0 15-08-20 13:54:52 [xstatic-bootstrap-scss] WARNING: no tree from cache-server d81b7b71c6c088406e90d1bdba0e10f0a304bbdc
0 15-08-20 13:54:52 [xstatic-bootstrap-scss] Try fetching tarball git___git_baserock_org_delta_xstatic_packages_xstatic_bootstrap_scss.tar 
0 15-08-20 13:54:54 [xstatic-bootstrap-scss] Git repo is mirrored at /src/gits/git___git_baserock_org_delta_xstatic_packages_xstatic_bootstrap_scss
0 15-08-20 13:54:54 [xstatic-bootstrap-scss] Cache_key is xstatic-bootstrap-scss.ffca402968324b5195a6eab031c5d39e3a8c00cb392108827d1027ac2185b775
0 15-08-20 13:54:55 [xstatic-d3] WARNING: no tree from cache-server 1e754e73c801fb9315995ffeb95ae51233c4fcaf
0 15-08-20 13:54:55 [xstatic-d3] Try fetching tarball git___git_baserock_org_delta_xstatic_packages_xstatic_d3.tar 
0 15-08-20 13:54:56 [xstatic-d3] Git repo is mirrored at /src/gits/git___git_baserock_org_delta_xstatic_packages_xstatic_d3
0 15-08-20 13:54:56 [xstatic-d3] Cache_key is xstatic-d3.65f86dd04bc9ad3c63916864985ee7a41a9e32a63b0082811ac99eefa656b814
0 15-08-20 13:54:57 [xstatic-hogan] WARNING: no tree from cache-server 9e39977f6a6744810b08fa0323147e9f31dbd363
0 15-08-20 13:54:57 [xstatic-hogan] Try fetching tarball git___git_baserock_org_delta_xstatic_packages_xstatic_hogan.tar 
0 15-08-20 13:54:58 [xstatic-hogan] Git repo is mirrored at /src/gits/git___git_baserock_org_delta_xstatic_packages_xstatic_hogan
0 15-08-20 13:54:58 [xstatic-hogan] Cache_key is xstatic-hogan.21c791e23955389149d6a065f7f3cba581329f82ade2d49bd1abfe71240ab4c7
0 15-08-20 13:54:59 [xstatic-font-awesome] WARNING: no tree from cache-server c13aad1b95b1d84e73f2565a18a5a8e2bd2194a7
0 15-08-20 13:54:59 [xstatic-font-awesome] Try fetching tarball git___git_baserock_org_delta_xstatic_packages_xstatic_font_awesome.tar 
0 15-08-20 13:55:01 [xstatic-font-awesome] Git repo is mirrored at /src/gits/git___git_baserock_org_delta_xstatic_packages_xstatic_font_awesome
0 15-08-20 13:55:01 [xstatic-font-awesome] Cache_key is xstatic-font-awesome.ca04b2c7fce5f5107b8494828c130d64dbf643a83a6dec55b108bc7978f0a897
0 15-08-20 13:55:01 [xstatic-jasmine] WARNING: no tree from cache-server a55f5db1dbe59b23c7d6284250bf4eac1d0143c3
0 15-08-20 13:55:01 [xstatic-jasmine] Try fetching tarball git___git_baserock_org_delta_xstatic_packages_xstatic_jasmine.tar 
0 15-08-20 13:55:03 [xstatic-jasmine] Git repo is mirrored at /src/gits/git___git_baserock_org_delta_xstatic_packages_xstatic_jasmine
0 15-08-20 13:55:03 [xstatic-jasmine] Cache_key is xstatic-jasmine.78ee6a63320f7e87cb78803a2dff5d81babc4fdcb885840c38373703ebc6cda1
0 15-08-20 13:55:03 [xstatic-jquery] WARNING: no tree from cache-server e91c5bf82535a62c1cfac61b5efb6b5c0157c1f5
0 15-08-20 13:55:03 [xstatic-jquery] Try fetching tarball git___git_baserock_org_delta_xstatic_packages_xstatic_jquery.tar 
0 15-08-20 13:55:05 [xstatic-jquery] Git repo is mirrored at /src/gits/git___git_baserock_org_delta_xstatic_packages_xstatic_jquery
0 15-08-20 13:55:05 [xstatic-jquery] Cache_key is xstatic-jquery.88ab3ecf0e64e1d598df67ca59315ea735a4a9e6aa23a075de6fa631050aca2a
0 15-08-20 13:55:06 [xstatic-jquery-bootstrap-wizard] WARNING: no tree from cache-server 07ae7e3a15b3af3d3d378d1f2412fe503ee42142
0 15-08-20 13:55:06 [xstatic-jquery-bootstrap-wizard] Try fetching tarball git___git_baserock_org_delta_xstatic_packages_xstatic_jquery_bootstrap_wizard.tar 
0 15-08-20 13:55:07 [xstatic-jquery-bootstrap-wizard] Git repo is mirrored at /src/gits/git___git_baserock_org_delta_xstatic_packages_xstatic_jquery_bootstrap_wizard
0 15-08-20 13:55:07 [xstatic-jquery-bootstrap-wizard] Cache_key is xstatic-jquery-bootstrap-wizard.74925802bcbc6badfe2ef2fb135fcff54574fee94372a75856991d1c36c34925
0 15-08-20 13:55:07 [xstatic-jquery-migrate] WARNING: no tree from cache-server 989b3b31106727542dd83810c3b952f90d8cdb8f
0 15-08-20 13:55:07 [xstatic-jquery-migrate] Try fetching tarball git___git_baserock_org_delta_xstatic_packages_xstatic_jquery_migrate.tar 
0 15-08-20 13:55:09 [xstatic-jquery-migrate] Git repo is mirrored at /src/gits/git___git_baserock_org_delta_xstatic_packages_xstatic_jquery_migrate
0 15-08-20 13:55:09 [xstatic-jquery-migrate] Cache_key is xstatic-jquery-migrate.e1a6e905407183a9e10f048a13425dfa578de9431b0bd99ca0f8a2d494de115d
0 15-08-20 13:55:09 [xstatic-jquery-quicksearch] WARNING: no tree from cache-server f5221c8c30507340846d97d6db41a782e7c63316
0 15-08-20 13:55:09 [xstatic-jquery-quicksearch] Try fetching tarball git___git_baserock_org_delta_xstatic_packages_xstatic_jquery_quicksearch.tar 
0 15-08-20 13:55:10 [xstatic-jquery-quicksearch] Git repo is mirrored at /src/gits/git___git_baserock_org_delta_xstatic_packages_xstatic_jquery_quicksearch
0 15-08-20 13:55:10 [xstatic-jquery-quicksearch] Cache_key is xstatic-jquery-quicksearch.9e91438ee75b61b6766bd8a817520770c240197ab4a9fec31800f1dc8ac94fcd
0 15-08-20 13:55:11 [xstatic-jquery-tablesorter] WARNING: no tree from cache-server eb78328391f44a9a88033e1aede1a605902c5551
0 15-08-20 13:55:11 [xstatic-jquery-tablesorter] Try fetching tarball git___git_baserock_org_delta_xstatic_packages_xstatic_jquery_tablesorter.tar 
0 15-08-20 13:55:12 [xstatic-jquery-tablesorter] Git repo is mirrored at /src/gits/git___git_baserock_org_delta_xstatic_packages_xstatic_jquery_tablesorter
0 15-08-20 13:55:12 [xstatic-jquery-tablesorter] Cache_key is xstatic-jquery-tablesorter.29dc31ad5783b8ef6fc02ab52f632007bb26b41d97b5f23269c27a5e0f7fdf56
0 15-08-20 13:55:13 [xstatic-jquery-ui] WARNING: no tree from cache-server b494369430dafd8ac4ddbe90efb9f8ad20a6e6d1
0 15-08-20 13:55:13 [xstatic-jquery-ui] Try fetching tarball git___git_baserock_org_delta_xstatic_packages_xstatic_jquery_ui.tar 
0 15-08-20 13:55:15 [xstatic-jquery-ui] Git repo is mirrored at /src/gits/git___git_baserock_org_delta_xstatic_packages_xstatic_jquery_ui
0 15-08-20 13:55:15 [xstatic-jquery-ui] Cache_key is xstatic-jquery-ui.458143e289598d9f01267bc1a8b414c8f2ad89af136cde23cba02712e21c369c
0 15-08-20 13:55:15 [xstatic-magic-search] WARNING: no tree from cache-server 60d6954a36e54afa1f925324e7b527d235bdb484
0 15-08-20 13:55:15 [xstatic-magic-search] Try fetching tarball git___git_baserock_org_delta_xstatic_packages_xstatic_magic_search.tar 
0 15-08-20 13:55:17 [xstatic-magic-search] Git repo is mirrored at /src/gits/git___git_baserock_org_delta_xstatic_packages_xstatic_magic_search
0 15-08-20 13:55:17 [xstatic-magic-search] Cache_key is xstatic-magic-search.39e04a79bf2fb03d4233c888c5b8e8e47424f4701f078f5de5c0e4e3e4e055eb
0 15-08-20 13:55:17 [xstatic-jsencrypt] WARNING: no tree from cache-server 5c0f088310ecd602e3aaf5e683385b0d27258409
0 15-08-20 13:55:17 [xstatic-jsencrypt] Try fetching tarball git___git_baserock_org_delta_xstatic_packages_xstatic_jsencrypt.tar 
0 15-08-20 13:55:19 [xstatic-jsencrypt] Git repo is mirrored at /src/gits/git___git_baserock_org_delta_xstatic_packages_xstatic_jsencrypt
0 15-08-20 13:55:19 [xstatic-jsencrypt] Cache_key is xstatic-jsencrypt.54abba2f75898785be77407ec6dfa128e44276eb5fad398bd0da8870067b18bd
0 15-08-20 13:55:19 [xstatic-qunit] WARNING: no tree from cache-server c3189eaa77c68c149a40b8c0afc8722cf394bd1f
0 15-08-20 13:55:19 [xstatic-qunit] Try fetching tarball git___git_baserock_org_delta_xstatic_packages_xstatic_qunit.tar 
0 15-08-20 13:55:20 [xstatic-qunit] Git repo is mirrored at /src/gits/git___git_baserock_org_delta_xstatic_packages_xstatic_qunit
0 15-08-20 13:55:20 [xstatic-qunit] Cache_key is xstatic-qunit.45e94ad961aa9455acc3b7b9d6c8b900c11b6be0eb8bdf50a0baae5befa672d4
0 15-08-20 13:55:21 [xstatic-rickshaw] WARNING: no tree from cache-server 6427ca5406852bc779d6918f487bb0fe3f063e77
0 15-08-20 13:55:21 [xstatic-rickshaw] Try fetching tarball git___git_baserock_org_delta_xstatic_packages_xstatic_rickshaw.tar 
0 15-08-20 13:55:22 [xstatic-rickshaw] Git repo is mirrored at /src/gits/git___git_baserock_org_delta_xstatic_packages_xstatic_rickshaw
0 15-08-20 13:55:22 [xstatic-rickshaw] Cache_key is xstatic-rickshaw.d164591444fd272982b8fb16bd750ef1b839e72671c08b38b517cdd119ff5321
0 15-08-20 13:55:23 [xstatic-spin] WARNING: no tree from cache-server 74b4c0d0ff12db1f84787246857d5e925ff6883f
0 15-08-20 13:55:23 [xstatic-spin] Try fetching tarball git___git_baserock_org_delta_xstatic_packages_xstatic_spin.tar 
0 15-08-20 13:55:24 [xstatic-spin] Git repo is mirrored at /src/gits/git___git_baserock_org_delta_xstatic_packages_xstatic_spin
0 15-08-20 13:55:24 [xstatic-spin] Cache_key is xstatic-spin.db51b4b0cbcb5670a86f07f160a7743cc3961410d23b1d4cfb29cc38e0d530f6
0 15-08-20 13:55:25 [xstatic-termjs] WARNING: no tree from cache-server a4ac0b809ab0d84c636a760215839bb6d68d0113
0 15-08-20 13:55:25 [xstatic-termjs] Try fetching tarball git___git_baserock_org_delta_xstatic_packages_xstatic_termjs.tar 
0 15-08-20 13:55:26 [xstatic-termjs] Git repo is mirrored at /src/gits/git___git_baserock_org_delta_xstatic_packages_xstatic_termjs
0 15-08-20 13:55:26 [xstatic-termjs] Cache_key is xstatic-termjs.165b2781e2e054e4d39cd439159efce6f2e394898cd9544d36a1cedc0d0c7196
0 15-08-20 13:55:26 [xstatic] Cache_key is xstatic.679394318ab97fa81792c50f71ed9edcc3125988ae905f1b140ed30f1c233730
0 15-08-20 13:55:27 [erlang-sd_notify] WARNING: no tree from cache-server 99f4689c2c18570680329f822591f95f9341ca10
0 15-08-20 13:55:27 [erlang-sd_notify] Try fetching tarball git___git_baserock_org_delta_erlang_modules_erlang_sd_notify.tar 
0 15-08-20 13:55:28 [erlang-sd_notify] Git repo is mirrored at /src/gits/git___git_baserock_org_delta_erlang_modules_erlang_sd_notify
0 15-08-20 13:55:28 [python-test-extras] WARNING: no tree from cache-server cdeb596f01241e9c779332e86f6edcd0c2e8e9f0
0 15-08-20 13:55:28 [python-test-extras] Try fetching tarball git___git_baserock_org_delta_python_packages_python_test_extras.tar 
0 15-08-20 13:55:30 [python-test-extras] Git repo is mirrored at /src/gits/git___git_baserock_org_delta_python_packages_python_test_extras
0 15-08-20 13:55:30 [python-test-extras] Cache_key is python-test-extras.34ad972293fbb40353ee58586223b2117197d8884e355871cb1743afb1f8abb6
0 15-08-20 13:55:30 [check] WARNING: no tree from cache-server 8c872aca6675e95fa47e7514e28fbdf25fce6170
0 15-08-20 13:55:30 [check] Try fetching tarball git___git_baserock_org_delta_check.tar 
0 15-08-20 13:55:32 [check] Git repo is mirrored at /src/gits/git___git_baserock_org_delta_check
0 15-08-20 13:55:32 [check] Cache_key is check.1a0eacadb6d127e02064b26f67c4151d98c2185ef1dd298b507b5241646554af
0 15-08-20 13:55:32 [cppunit] WARNING: no tree from cache-server 8133cf2b977f013216f0a41b6fcb740410d83926
0 15-08-20 13:55:32 [cppunit] Try fetching tarball git___git_baserock_org_delta_cppunit.tar 
0 15-08-20 13:55:36 [cppunit] Git repo is mirrored at /src/gits/git___git_baserock_org_delta_cppunit
0 15-08-20 13:55:36 [cppunit] Cache_key is cppunit.4376cfdc4a9336a6014ad9dd6cbd345579892e9a1e3c41828127369bd53bcdba
0 15-08-20 13:55:36 [testtools] WARNING: no tree from cache-server ee9946228ce5a03a84cf146027de0a8a9a46c4fe
0 15-08-20 13:55:36 [testtools] Try fetching tarball git___git_baserock_org_delta_python_packages_testtools.tar 
0 15-08-20 13:55:39 [testtools] Git repo is mirrored at /src/gits/git___git_baserock_org_delta_python_packages_testtools
0 15-08-20 13:55:39 [testtools] Cache_key is testtools.8455dc7603da830c5d8954cbc81092b5a209b8c1dace66b0ecc945d55e6c8cf3
0 15-08-20 13:55:40 [subunit] WARNING: no tree from cache-server e18ffe65a3229d5c1d91be988405d40219db0887
0 15-08-20 13:55:40 [subunit] Try fetching tarball git___git_baserock_org_delta_python_packages_subunit.tar 
0 15-08-20 13:55:42 [subunit] Git repo is mirrored at /src/gits/git___git_baserock_org_delta_python_packages_subunit
0 15-08-20 13:55:42 [subunit] Cache_key is subunit.323e6f15f2d368c145da2d98ac9b9e4cd0a85e9c6255e68721c123ad77af2724
0 15-08-20 13:55:43 [fixtures] WARNING: no tree from cache-server 9f9d89ce718463b24cd3910b9a99efb60b3c9e1b
0 15-08-20 13:55:43 [fixtures] Try fetching tarball git___git_baserock_org_delta_python_packages_fixtures.tar 
0 15-08-20 13:55:45 [fixtures] Git repo is mirrored at /src/gits/git___git_baserock_org_delta_python_packages_fixtures
0 15-08-20 13:55:45 [fixtures] Cache_key is fixtures.891861fbf82ea7b7826e53d30c2305410feebab66cb20c1bb66ed00208d37309
0 15-08-20 13:55:45 [testrepository] WARNING: no tree from cache-server 6419a3dcaabaf09eaf438c6d8d85c90eba7a2b91
0 15-08-20 13:55:45 [testrepository] Try fetching tarball git___git_baserock_org_delta_python_packages_testrepository.tar 
0 15-08-20 13:55:47 [testrepository] Git repo is mirrored at /src/gits/git___git_baserock_org_delta_python_packages_testrepository
0 15-08-20 13:55:47 [testrepository] Cache_key is testrepository.46fcc741423d3df29979945983132d5e4bc3a7ee51da8a558bbca9fe296e4a00
0 15-08-20 13:55:47 [testscenarios] WARNING: no tree from cache-server bccfaa71a2def5590161b6d1a247cf23c45a8b4d
0 15-08-20 13:55:47 [testscenarios] Try fetching tarball git___git_baserock_org_delta_python_packages_testscenarios.tar 
0 15-08-20 13:55:49 [testscenarios] Git repo is mirrored at /src/gits/git___git_baserock_org_delta_python_packages_testscenarios
0 15-08-20 13:55:49 [testscenarios] Cache_key is testscenarios.087da0d6f39c450f5ae7218aee4b0ae5523b77794e9be0e68ab4a88006f60b12
0 15-08-20 13:55:49 [mox] WARNING: no tree from cache-server 160491d0384285698d726b1af21277f336107f51
0 15-08-20 13:55:49 [mox] Try fetching tarball git___git_baserock_org_delta_python_packages_mox.tar 
0 15-08-20 13:55:51 [mox] Git repo is mirrored at /src/gits/git___git_baserock_org_delta_python_packages_mox
0 15-08-20 13:55:51 [mox] Cache_key is mox.6b4af423c3e1a9f43450e8c00aca952311871cffe914c129960306cccfb20f77
0 15-08-20 13:55:51 [mock] WARNING: no tree from cache-server 35b35f7ad239005a950f870af57b44dbdc99d66b
0 15-08-20 13:55:51 [mock] Try fetching tarball git___git_baserock_org_delta_python_packages_mock.tar 
0 15-08-20 13:55:53 [mock] Git repo is mirrored at /src/gits/git___git_baserock_org_delta_python_packages_mock
0 15-08-20 13:55:53 [mock] Cache_key is mock.c197703d357684c782fc7c6e650a3073a63bf94d60cb94f8e3e972be57a84ab8
0 15-08-20 13:55:54 [oslotest] WARNING: no tree from cache-server cfdb562a6e07728570ca624a8c4faf3f5b61423b
0 15-08-20 13:55:54 [oslotest] Try fetching tarball git___git_baserock_org_delta_openstack_oslotest.tar 
0 15-08-20 13:55:58 [oslotest] Git repo is mirrored at /src/gits/git___git_baserock_org_delta_openstack_oslotest
0 15-08-20 13:55:58 [oslotest] Cache_key is oslotest.8b056d3f9fbcf89ec7d006eb9dae25c7f51740af48233512e95df877142ed641
0 15-08-20 13:55:58 [mox3] WARNING: no tree from cache-server 444fa40f4edb529efbffa2da8dbd97e9b8564b5c
0 15-08-20 13:55:58 [mox3] Try fetching tarball git___git_baserock_org_delta_python_packages_pymox.tar 
0 15-08-20 13:56:00 [mox3] Git repo is mirrored at /src/gits/git___git_baserock_org_delta_python_packages_pymox
0 15-08-20 13:56:00 [mox3] Cache_key is mox3.df156f702607003092c4025e373eedef075db862c19c8624cac05a54d3280741
0 15-08-20 13:56:00 [mocker] WARNING: no tree from cache-server f7f87e4ac1c52342162cf2035f5fe3d273f8b07f
0 15-08-20 13:56:00 [mocker] Try fetching tarball git___git_baserock_org_delta_python_packages_mocker.tar 
0 15-08-20 13:56:02 [mocker] Git repo is mirrored at /src/gits/git___git_baserock_org_delta_python_packages_mocker
0 15-08-20 13:56:02 [mocker] Cache_key is mocker.02ecc3a1118a04c39340f6cea9c9c0e696b9e1c279ae0dd94c9c9b1c4681f503
0 15-08-20 13:56:03 [zake] WARNING: no tree from cache-server 436bab3306aeec420f1281f34bd5d26d7f81038c
0 15-08-20 13:56:03 [zake] Try fetching tarball git___git_baserock_org_delta_python_packages_zake.tar 
0 15-08-20 13:56:05 [zake] Git repo is mirrored at /src/gits/git___git_baserock_org_delta_python_packages_zake
0 15-08-20 13:56:05 [zake] Cache_key is zake.9d278165850339aacbab7460808c114213529927e6448baa5b6dad648b50ea21
0 15-08-20 13:56:05 [nose] WARNING: no tree from cache-server 08d134270b035dac3310cd877bb0fe9ab678303a
0 15-08-20 13:56:05 [nose] Try fetching tarball git___git_baserock_org_delta_python_packages_nose.tar 
0 15-08-20 13:56:10 [nose] Git repo is mirrored at /src/gits/git___git_baserock_org_delta_python_packages_nose
0 15-08-20 13:56:10 [nose] Cache_key is nose.1ca5c147a34d9bc759c041f40bc7dff3cda2b05d075735b5f5e5706cb3d6681d
0 15-08-20 13:56:10 [beautifulsoup4] WARNING: no tree from cache-server bcd7af0e9159d97aa511fb2d879424d1c1c5aadf
0 15-08-20 13:56:10 [beautifulsoup4] Try fetching tarball git___git_baserock_org_delta_python_packages_beautifulsoup4.tar 
0 15-08-20 13:56:14 [beautifulsoup4] Git repo is mirrored at /src/gits/git___git_baserock_org_delta_python_packages_beautifulsoup4
0 15-08-20 13:56:14 [beautifulsoup4] Cache_key is beautifulsoup4.7631375037f8da66f045aa441a824eaeb890e9d18bb4429c3da9a574c9f97700
0 15-08-20 13:56:14 [waitress] WARNING: no tree from cache-server b795d573a5a9e6e39b46a6e82da367a6a5db8dbd
0 15-08-20 13:56:14 [waitress] Try fetching tarball git___git_baserock_org_delta_python_packages_waitress.tar 
0 15-08-20 13:56:17 [waitress] Git repo is mirrored at /src/gits/git___git_baserock_org_delta_python_packages_waitress
0 15-08-20 13:56:17 [waitress] Cache_key is waitress.fdf8ecbe8904285d3bcb7c556074c347bfd13cb5160ed884d3e03f47fee91dad
0 15-08-20 13:56:18 [webtest] WARNING: no tree from cache-server 6a24fba456d1c4ac2609b90f1fdc377c595608a4
0 15-08-20 13:56:18 [webtest] Try fetching tarball git___git_baserock_org_delta_python_packages_webtest.tar 
0 15-08-20 13:56:21 [webtest] Git repo is mirrored at /src/gits/git___git_baserock_org_delta_python_packages_webtest
0 15-08-20 13:56:21 [webtest] Cache_key is webtest.d1e9e40bef19dd7dd1c8151f79b68bbd361f9158503239c5ebe38f6adb9b2faf
0 15-08-20 13:56:21 [testresources] WARNING: no tree from cache-server ef938bcce0e436f9e9ffef932a898dc248a1d6ea
0 15-08-20 13:56:21 [testresources] Try fetching tarball git___git_baserock_org_delta_python_packages_testresources.tar 
0 15-08-20 13:56:23 [testresources] Git repo is mirrored at /src/gits/git___git_baserock_org_delta_python_packages_testresources
0 15-08-20 13:56:23 [testresources] Cache_key is testresources.20916aa472a3f9713aaf561691250e2245c2d51ff2be424bbfba52c81a733900
0 15-08-20 13:56:23 [test-tools] Cache_key is test-tools.d44d6039a1a02efdbf404eaf3ebdbee5fd8a211d8ef2faef5980df97a6ee6acb
0 15-08-20 13:56:23 [erlang-sd_notify] Cache_key is erlang-sd_notify.38726d3bb031771bf28bdf8dc2b543db8896f0b3bb285f2b2335f4b79893197c
0 15-08-20 13:56:23 [rabbitmq-codegen] WARNING: no tree from cache-server 4dc5ccde2a0b3d638e5754b00abf94196fe9ca32
0 15-08-20 13:56:23 [rabbitmq-codegen] Try fetching tarball git___git_baserock_org_delta_rabbitmq_codegen.tar 
0 15-08-20 13:56:25 [rabbitmq-codegen] Git repo is mirrored at /src/gits/git___git_baserock_org_delta_rabbitmq_codegen
0 15-08-20 13:56:25 [rabbitmq-codegen] Cache_key is rabbitmq-codegen.cfcb31e27853d9dde9b4475e0917a67631d619273b60400bbda96135d7650e61
0 15-08-20 13:56:26 [rabbitmq-server] WARNING: no tree from cache-server 9afcf9b95d2c53f866e9a33ddce46562f8950ded
0 15-08-20 13:56:26 [rabbitmq-server] Try fetching tarball git___git_baserock_org_delta_rabbitmq_server.tar 
0 15-08-20 13:56:26 [rabbitmq-server] Try git clone from git://git.baserock.org/delta/rabbitmq-server
0 15-08-20 13:56:40 [rabbitmq-server] Git repo is mirrored at /src/gits/git___git_baserock_org_delta_rabbitmq_server
0 15-08-20 13:56:40 [rabbitmq-server] Cache_key is rabbitmq-server.d046bb537825090c05d316a1fb5a5f03fe5119b7b87af487b74e6e9a98052de0
0 15-08-20 13:56:41 [oslo-rootwrap] WARNING: no tree from cache-server f485b93f475b119e3b8fa6c9cf740207e2d2d7ac
0 15-08-20 13:56:41 [oslo-rootwrap] Try fetching tarball git___git_baserock_org_delta_openstack_oslo_rootwrap.tar 
0 15-08-20 13:56:45 [oslo-rootwrap] Git repo is mirrored at /src/gits/git___git_baserock_org_delta_openstack_oslo_rootwrap
0 15-08-20 13:56:45 [oslo-rootwrap] Cache_key is oslo-rootwrap.9487892fac9942d1736e8869f208274550da293731e47fed14a37298088014e3
0 15-08-20 13:56:45 [py-amqp] WARNING: no tree from cache-server 875b10d1715def640042c7ff2f42c00a6c07eed1
0 15-08-20 13:56:45 [py-amqp] Try fetching tarball git___git_baserock_org_delta_python_packages_py_amqp.tar 
0 15-08-20 13:56:48 [py-amqp] Git repo is mirrored at /src/gits/git___git_baserock_org_delta_python_packages_py_amqp
0 15-08-20 13:56:48 [py-amqp] Cache_key is py-amqp.02bc66f3fdcef9583b25cea3684554d42f5f8e0de2463e69074e417620faf52d
0 15-08-20 13:56:48 [librabbitmq] WARNING: no tree from cache-server ecccbd2c7d92f6e189e362b26def8d980fa50e3b
0 15-08-20 13:56:48 [librabbitmq] Try fetching tarball git___git_baserock_org_delta_python_packages_librabbitmq.tar 
0 15-08-20 13:56:51 [librabbitmq] Git repo is mirrored at /src/gits/git___git_baserock_org_delta_python_packages_librabbitmq
0 15-08-20 13:56:51 [librabbitmq] Cache_key is librabbitmq.61b2509c526e96c8d578e90b1f121bce826373de22cfa310ef97cfa9ec126f75
0 15-08-20 13:56:51 [anyjson] WARNING: no tree from cache-server 016506078e94718e1fe750eb5083ab5ba07498c8
0 15-08-20 13:56:51 [anyjson] Try fetching tarball git___git_baserock_org_delta_python_packages_anyjson.tar 
0 15-08-20 13:56:51 [anyjson] Try git clone from git://git.baserock.org/delta/python-packages/anyjson
0 15-08-20 13:56:53 [anyjson] Git repo is mirrored at /src/gits/git___git_baserock_org_delta_python_packages_anyjson
0 15-08-20 13:56:53 [anyjson] Cache_key is anyjson.2205bd8f58c064e21c6f559847cbec68e8c1b1c163f7244798225ad47c58529e
0 15-08-20 13:56:53 [kombu] WARNING: no tree from cache-server 0287b11ab0698d9c52ef1b1683ced23123d43ba4
0 15-08-20 13:56:53 [kombu] Try fetching tarball git___git_baserock_org_delta_python_packages_kombu.tar 
0 15-08-20 13:56:59 [kombu] Git repo is mirrored at /src/gits/git___git_baserock_org_delta_python_packages_kombu
0 15-08-20 13:56:59 [kombu] Cache_key is kombu.6625f145887c3f8af7841beefda160719e658e927517856d6c219b373ae90919
0 15-08-20 13:57:00 [sqlalchemy] WARNING: no tree from cache-server ff34c480dfd2b8b7c72339d196f5477980a5124c
0 15-08-20 13:57:00 [sqlalchemy] Try fetching tarball git___git_baserock_org_delta_python_packages_sqlalchemy.tar 
0 15-08-20 13:57:12 [sqlalchemy] Git repo is mirrored at /src/gits/git___git_baserock_org_delta_python_packages_sqlalchemy
0 15-08-20 13:57:12 [sqlalchemy] Cache_key is sqlalchemy.56c3aea68a5b23fb224c550a823588bd4fda04df67bf321427ba449d512b2eb6
0 15-08-20 13:57:13 [alembic] WARNING: no tree from cache-server 6ae4196acc0170ebef29f617b49376b371a8923c
0 15-08-20 13:57:13 [alembic] Try fetching tarball git___git_baserock_org_delta_python_packages_alembic.tar 
0 15-08-20 13:57:20 [alembic] Git repo is mirrored at /src/gits/git___git_baserock_org_delta_python_packages_alembic
0 15-08-20 13:57:20 [alembic] Cache_key is alembic.631f172f6bd9895a6656d347a38446836d3ff48f041c5adf714a84399e82581c
0 15-08-20 13:57:20 [lockfile] WARNING: no tree from cache-server 777758cdf4520271370b3338b86b5c66f9b104f0
0 15-08-20 13:57:20 [lockfile] Try fetching tarball git___git_baserock_org_delta_python_packages_lockfile.tar 
0 15-08-20 13:57:22 [lockfile] Git repo is mirrored at /src/gits/git___git_baserock_org_delta_python_packages_lockfile
0 15-08-20 13:57:22 [lockfile] Cache_key is lockfile.f47018e2a2af4a3e4b40e8dfc78dca6603ea7514a7dcc232fdd8659743a79ede
0 15-08-20 13:57:22 [dogpile-core] WARNING: no tree from cache-server 3e6f0f86b4161b48898e656039154092426e5cc8
0 15-08-20 13:57:22 [dogpile-core] Try fetching tarball git___git_baserock_org_delta_python_packages_dogpile_core.tar 
0 15-08-20 13:57:24 [dogpile-core] Git repo is mirrored at /src/gits/git___git_baserock_org_delta_python_packages_dogpile_core
0 15-08-20 13:57:24 [dogpile-core] Cache_key is dogpile-core.73770962f3002af436f31261e174543d20c91a6ec501c2c0840ec2e8799f5a0e
0 15-08-20 13:57:24 [dogpile-cache] WARNING: no tree from cache-server 1c753914b335b4391bc5847a87b7c52ca81c2bc6
0 15-08-20 13:57:24 [dogpile-cache] Try fetching tarball git___git_baserock_org_delta_python_packages_dogpile_cache.tar 
0 15-08-20 13:57:27 [dogpile-cache] Git repo is mirrored at /src/gits/git___git_baserock_org_delta_python_packages_dogpile_cache
0 15-08-20 13:57:27 [dogpile-cache] Cache_key is dogpile-cache.5fe00403aa909897c15c123e05cc92d3167508821d193e9db328005bf7cae8ec
0 15-08-20 13:57:27 [pyjwt] WARNING: no tree from cache-server 739efeff4c6c1fc30ab5cf5eb0ac337e8ee107d7
0 15-08-20 13:57:27 [pyjwt] Try fetching tarball git___git_baserock_org_delta_python_packages_pyjwt.tar 
0 15-08-20 13:57:36 [pyjwt] Git repo is mirrored at /src/gits/git___git_baserock_org_delta_python_packages_pyjwt
0 15-08-20 13:57:36 [pyjwt] Cache_key is pyjwt.517defbaa9da96a9c427ef52d428095eb8258437cb7103632ac4021c650e4a0c
0 15-08-20 13:57:36 [creole] WARNING: no tree from cache-server 6390231688adb5d8678a71cd33204e9bca555d4a
0 15-08-20 13:57:36 [creole] Try fetching tarball git___git_baserock_org_delta_python_packages_creole.tar 
0 15-08-20 13:57:42 [creole] Git repo is mirrored at /src/gits/git___git_baserock_org_delta_python_packages_creole
0 15-08-20 13:57:42 [creole] Cache_key is creole.0ff05b05fbf151798a6cda61e4ebe199e873c17f84f2fb5aab705d9010162155
0 15-08-20 13:57:43 [pygments] WARNING: no tree from cache-server f41e8c594e76855611b3b3dfca300894bd29f1c4
0 15-08-20 13:57:43 [pygments] Try fetching tarball git___git_baserock_org_delta_python_packages_pygments.tar 
0 15-08-20 13:57:48 [pygments] Git repo is mirrored at /src/gits/git___git_baserock_org_delta_python_packages_pygments
0 15-08-20 13:57:48 [pygments] Cache_key is pygments.89adfb4837e4e01c82fb0fad9128ec8cf14a0665f18548680b34918f7f35c6d5
0 15-08-20 13:57:49 [docutils] WARNING: no tree from cache-server 1976ba91eff979abc3e13e5d8cb68324833af6a0
0 15-08-20 13:57:49 [docutils] Try fetching tarball git___git_baserock_org_delta_python_packages_docutils.tar 
0 15-08-20 13:57:57 [docutils] Git repo is mirrored at /src/gits/git___git_baserock_org_delta_python_packages_docutils
0 15-08-20 13:57:57 [docutils] Cache_key is docutils.92a37bf6ce7b24108b1a753c7704431b60f3535158c04f77eb7c7e10de970fef
0 15-08-20 13:57:58 [snowballstemmer] WARNING: no tree from cache-server f0d81ce1606d685029302ea073b59d9437d12569
0 15-08-20 13:57:58 [snowballstemmer] Try fetching tarball git___git_baserock_org_delta_python_packages_snowballstemmer.tar 
0 15-08-20 13:58:00 [snowballstemmer] Git repo is mirrored at /src/gits/git___git_baserock_org_delta_python_packages_snowballstemmer
0 15-08-20 13:58:00 [snowballstemmer] Cache_key is snowballstemmer.2d6b40e9e46759a25654dc474f47c9595b0c7ed4ebd22544dface3165b25b3af
0 15-08-20 13:58:00 [sphinx] WARNING: no tree from cache-server e76c9771bad16e68cdb7deb18b4d13de0a718c68
0 15-08-20 13:58:00 [sphinx] Try fetching tarball git___git_baserock_org_delta_python_packages_sphinx.tar 
0 15-08-20 13:58:05 [sphinx] Git repo is mirrored at /src/gits/git___git_baserock_org_delta_python_packages_sphinx
0 15-08-20 13:58:05 [sphinx] Cache_key is sphinx.ba5a8d85dfdcd34eb1e9f0dbf83021abdcc6d1ea4e934d9ea9e1a53d4b2b756b
0 15-08-20 13:58:05 [pystache] WARNING: no tree from cache-server cce3ebd658f28aeb7dd54561554dedf5259303dc
0 15-08-20 13:58:05 [pystache] Try fetching tarball git___git_baserock_org_delta_python_packages_pystache.tar 
0 15-08-20 13:58:08 [pystache] Git repo is mirrored at /src/gits/git___git_baserock_org_delta_python_packages_pystache
0 15-08-20 13:58:08 [pystache] Cache_key is pystache.15b73932f56a7119eb846dea67954c514c2a5b8c0f874e9fe58ae7fae79ab819
0 15-08-20 13:58:08 [pies] WARNING: no tree from cache-server 593dcce07fdb3e8d0053a863a7aba7f2ce8a6c9c
0 15-08-20 13:58:08 [pies] Try fetching tarball git___git_baserock_org_delta_python_packages_pies.tar 
0 15-08-20 13:58:12 [pies] Git repo is mirrored at /src/gits/git___git_baserock_org_delta_python_packages_pies
0 15-08-20 13:58:12 [pies] Cache_key is pies.64556d1315af1add168d2205012e88d7b9ccad4be2f57d88d86bb2a7dc39c141
0 15-08-20 13:58:12 [natsort] WARNING: no tree from cache-server ce94d418c3849e891f0508b41f5bccc4ae1d4e4d
0 15-08-20 13:58:12 [natsort] Try fetching tarball git___git_baserock_org_delta_python_packages_natsort.tar 
0 15-08-20 13:58:15 [natsort] Git repo is mirrored at /src/gits/git___git_baserock_org_delta_python_packages_natsort
0 15-08-20 13:58:15 [natsort] Cache_key is natsort.70ead6863b0f960e18ce00d4575dc1fb62a9281db8e3381ad9e0e21cfb1dd8a7
0 15-08-20 13:58:16 [isort] WARNING: no tree from cache-server 9d1b03b6e1fd2f87be1c635d6159a76a131f8155
0 15-08-20 13:58:16 [isort] Try fetching tarball git___git_baserock_org_delta_python_packages_isort.tar 
0 15-08-20 13:58:19 [isort] Git repo is mirrored at /src/gits/git___git_baserock_org_delta_python_packages_isort
0 15-08-20 13:58:19 [isort] Cache_key is isort.665e5f7fe7f1315da201d864ad8a42ac13fda4e9b3b16ec04f645698b1e37f3a
0 15-08-20 13:58:20 [pep8] WARNING: no tree from cache-server 164066c4d85f212f5f4a11699b848942c678b947
0 15-08-20 13:58:20 [pep8] Try fetching tarball git___git_baserock_org_delta_python_packages_pep8.tar 
0 15-08-20 13:58:26 [pep8] Git repo is mirrored at /src/gits/git___git_baserock_org_delta_python_packages_pep8
0 15-08-20 13:58:26 [pep8] Cache_key is pep8.bc693a23afc171ba78b78fa2a289908b6df26b9ab9ef78f227637bd473cad67f
0 15-08-20 13:58:26 [pyflakes] WARNING: no tree from cache-server 71b7b6776856912d50a0b9a85a8ea2a1dc7eb75c
0 15-08-20 13:58:26 [pyflakes] Try fetching tarball git___git_baserock_org_delta_python_packages_pyflakes.tar 
0 15-08-20 13:58:29 [pyflakes] Git repo is mirrored at /src/gits/git___git_baserock_org_delta_python_packages_pyflakes
0 15-08-20 13:58:29 [pyflakes] Cache_key is pyflakes.e049a5eeebb1d1071c16b403e54c7c9a277d9be3da8374b7a64d7fdfb86e06d9
0 15-08-20 13:58:30 [smartypants] WARNING: no tree from cache-server e89b6e7e119694edcd414a556c634d5ca85bff76
0 15-08-20 13:58:30 [smartypants] Try fetching tarball git___git_baserock_org_delta_python_packages_smartypants.tar 
0 15-08-20 13:58:31 [smartypants] Git repo is mirrored at /src/gits/git___git_baserock_org_delta_python_packages_smartypants
0 15-08-20 13:58:31 [smartypants] Cache_key is smartypants.d523d6ec7f7e0be923664196d36c9f1c8f57c2de49de68e00319028d5292c838
0 15-08-20 13:58:32 [pycco] WARNING: no tree from cache-server 22e157e525760e843dba391ca85fbe9bd35fdc5b
0 15-08-20 13:58:32 [pycco] Try fetching tarball git___git_baserock_org_delta_python_packages_pycco.tar 
0 15-08-20 13:58:33 [pycco] Git repo is mirrored at /src/gits/git___git_baserock_org_delta_python_packages_pycco
0 15-08-20 13:58:33 [pycco] Cache_key is pycco.7d92569dede4e7a1f3f2d219068d968a482ab4a5109d69d7df3ea54cf326edd1
0 15-08-20 13:58:34 [dateutil] WARNING: no tree from cache-server 8c6026ba09716a4e164f5420120bfe2ebb2d9d82
0 15-08-20 13:58:34 [dateutil] Try fetching tarball git___git_baserock_org_delta_python_packages_dateutil.tar 
0 15-08-20 13:58:36 [dateutil] Git repo is mirrored at /src/gits/git___git_baserock_org_delta_python_packages_dateutil
0 15-08-20 13:58:36 [dateutil] Cache_key is dateutil.48e902114543c420836ffef5e5ba9a6779da61fee874cd43b6e0c09de023c585
0 15-08-20 13:58:36 [posix-ipc-tarball] WARNING: no tree from cache-server f3765db04b903b3671733e07cf1541a51966dd14
0 15-08-20 13:58:36 [posix-ipc-tarball] Try fetching tarball git___git_baserock_org_delta_python_packages_posix_ipc_tarball.tar 
0 15-08-20 13:58:37 [posix-ipc-tarball] Git repo is mirrored at /src/gits/git___git_baserock_org_delta_python_packages_posix_ipc_tarball
0 15-08-20 13:58:37 [posix-ipc-tarball] Cache_key is posix-ipc-tarball.8df83076a8f8c0f0923614affc113b1fb6f463077e6da2ef1081b8d9848b60ce
0 15-08-20 13:58:38 [paste] WARNING: no tree from cache-server 4c177fce89fee925f0f4fbfde00ce2e1252562c0
0 15-08-20 13:58:38 [paste] Try fetching tarball git___git_baserock_org_delta_python_packages_paste.tar 
0 15-08-20 13:58:42 [paste] Git repo is mirrored at /src/gits/git___git_baserock_org_delta_python_packages_paste
0 15-08-20 13:58:42 [paste] Cache_key is paste.6a03a31bcb7bd5db0de8280315853989e40014f06f9c1d1e268dccd7268b9814
0 15-08-20 13:58:42 [repoze-lru] WARNING: no tree from cache-server 29c8281dee7fe8dae8c66c7c40ce7c058ec2ab0f
0 15-08-20 13:58:42 [repoze-lru] Try fetching tarball git___git_baserock_org_delta_python_packages_repoze_lru.tar 
0 15-08-20 13:58:44 [repoze-lru] Git repo is mirrored at /src/gits/git___git_baserock_org_delta_python_packages_repoze_lru
0 15-08-20 13:58:44 [repoze-lru] Cache_key is repoze-lru.6d90f767cc5b05b4c7255543f4706a7c49924082896b3e057dc6b3ed3291a4c2
0 15-08-20 13:58:44 [routes] WARNING: no tree from cache-server 745a9207d9e48e309e292172543bc21075e65e09
0 15-08-20 13:58:44 [routes] Try fetching tarball git___git_baserock_org_delta_python_packages_routes.tar 
0 15-08-20 13:58:47 [routes] Git repo is mirrored at /src/gits/git___git_baserock_org_delta_python_packages_routes
0 15-08-20 13:58:47 [routes] Cache_key is routes.b4ba38416f21df0ec5d4a9328f8674295f248d02fc4384d592e3062f425529c4
0 15-08-20 13:58:48 [passlib] WARNING: no tree from cache-server f407312597727a08440e41bc8e31d3b3b334c66f
0 15-08-20 13:58:48 [passlib] Try fetching tarball git___git_baserock_org_delta_python_packages_passlib.tar 
0 15-08-20 13:58:51 [passlib] Git repo is mirrored at /src/gits/git___git_baserock_org_delta_python_packages_passlib
0 15-08-20 13:58:51 [passlib] Cache_key is passlib.d4bad806b3008f0774abbb2a3e36f68f96254b96c2b7495c65d24bd641a212d0
0 15-08-20 13:58:51 [tempita] WARNING: no tree from cache-server b2b67795a009e9f825cbd855d766b78a00273f10
0 15-08-20 13:58:51 [tempita] Try fetching tarball git___git_baserock_org_delta_python_packages_tempita.tar 
0 15-08-20 13:58:53 [tempita] Git repo is mirrored at /src/gits/git___git_baserock_org_delta_python_packages_tempita
0 15-08-20 13:58:53 [tempita] Cache_key is tempita.4bd91fee6f904ef629325bd993a26e36fef2dffb2cc595122fc6338dae943561
0 15-08-20 13:58:53 [numpy] WARNING: no tree from cache-server 65293874fb101907e1648e6b4fafd30d0aa1172a
0 15-08-20 13:58:53 [numpy] Try fetching tarball git___git_baserock_org_delta_python_packages_numpy.tar 
0 15-08-20 13:59:07 [numpy] Git repo is mirrored at /src/gits/git___git_baserock_org_delta_python_packages_numpy
0 15-08-20 13:59:07 [numpy] Cache_key is numpy.caf8e7c3d73a3bd73b2cafa6637f718e296a71c6da7711c42baf4b5ab7e3a7f0
0 15-08-20 13:59:08 [websockify] WARNING: no tree from cache-server 2f025741f86419d4ad5702dabf5903db3dbfe77c
0 15-08-20 13:59:08 [websockify] Try fetching tarball git___git_baserock_org_delta_python_packages_websockify.tar 
0 15-08-20 13:59:13 [websockify] Git repo is mirrored at /src/gits/git___git_baserock_org_delta_python_packages_websockify
0 15-08-20 13:59:13 [websockify] Cache_key is websockify.ac2400c1e8c4e692e3a0cb9704602460a9f41a9b483de6c7b664c23290c31d1b
0 15-08-20 13:59:13 [httplib2] WARNING: no tree from cache-server f9f797223d075874b0031aea832152688ec23fef
0 15-08-20 13:59:13 [httplib2] Try fetching tarball git___git_baserock_org_delta_python_packages_httplib2.tar 
0 15-08-20 13:59:16 [httplib2] Git repo is mirrored at /src/gits/git___git_baserock_org_delta_python_packages_httplib2
0 15-08-20 13:59:16 [httplib2] Cache_key is httplib2.030dabf13527e8d1384ee9fd7f6b174199fba0568f75f05b983ae034c8a7af57
0 15-08-20 13:59:16 [suds] WARNING: no tree from cache-server e7a317f1a20a4d3c86ac85785bb32d24c3d1078f
0 15-08-20 13:59:16 [suds] Try fetching tarball git___git_baserock_org_delta_python_packages_suds.tar 
0 15-08-20 13:59:19 [suds] Git repo is mirrored at /src/gits/git___git_baserock_org_delta_python_packages_suds
0 15-08-20 13:59:19 [suds] Cache_key is suds.ee47420423219fb3239f1813ee81f607ea02e648cff49aec61ffb43d49d9ee80
0 15-08-20 13:59:19 [jsonrpclib] WARNING: no tree from cache-server 53c8ffcfe4dd1718086cc551dce8ac459e8abc67
0 15-08-20 13:59:19 [jsonrpclib] Try fetching tarball git___git_baserock_org_delta_python_packages_jsonrpclib.tar 
0 15-08-20 13:59:21 [jsonrpclib] Git repo is mirrored at /src/gits/git___git_baserock_org_delta_python_packages_jsonrpclib
0 15-08-20 13:59:21 [jsonrpclib] Cache_key is jsonrpclib.ada9f2a2afc1a85126caecf05cbd3ee2edc0ab596a3236851cd6cb237618985e
0 15-08-20 13:59:21 [rtslib-fb] WARNING: no tree from cache-server 8ffb4739d596fb1aac5d62d173d1e6f80270af9d
0 15-08-20 13:59:21 [rtslib-fb] Try fetching tarball git___git_baserock_org_delta_python_packages_rtslib_fb.tar 
0 15-08-20 13:59:25 [rtslib-fb] Git repo is mirrored at /src/gits/git___git_baserock_org_delta_python_packages_rtslib_fb
0 15-08-20 13:59:25 [rtslib-fb] Cache_key is rtslib-fb.040a8d606d4742ce1219d720ba09adabdf2baa0c8a14e18ec2637e726917dace
0 15-08-20 13:59:25 [python-pexpect] WARNING: no tree from cache-server 671417beb41c21f772687c565196fdde444b053b
0 15-08-20 13:59:25 [python-pexpect] Try fetching tarball git___git_baserock_org_delta_python_packages_pexpect.tar 
0 15-08-20 13:59:32 [python-pexpect] Git repo is mirrored at /src/gits/git___git_baserock_org_delta_python_packages_pexpect
0 15-08-20 13:59:32 [python-pexpect] Cache_key is python-pexpect.605a41ab77d2a2f51dc244c7dced8036a68ee4b3423137c3e63d84dca7c02827
0 15-08-20 13:59:32 [ply] WARNING: no tree from cache-server 6513f3537d80f483ec9c7e36d52e87f107a57f23
0 15-08-20 13:59:32 [ply] Try fetching tarball git___git_baserock_org_delta_python_packages_ply.tar 
0 15-08-20 13:59:36 [ply] Git repo is mirrored at /src/gits/git___git_baserock_org_delta_python_packages_ply
0 15-08-20 13:59:36 [ply] Cache_key is ply.8e758611911b6465f876f1d9e0596eb4e3adadf71dd95e1eed81694c4a2ce74a
0 15-08-20 13:59:36 [jsonpath-rw] WARNING: no tree from cache-server f4cfe56b8e8370116c5275ddcea970e9a68fd75d
0 15-08-20 13:59:36 [jsonpath-rw] Try fetching tarball git___git_baserock_org_delta_python_packages_jsonpath_rw.tar 
0 15-08-20 13:59:38 [jsonpath-rw] Git repo is mirrored at /src/gits/git___git_baserock_org_delta_python_packages_jsonpath_rw
0 15-08-20 13:59:38 [jsonpath-rw] Cache_key is jsonpath-rw.5e20805dd1f631b9d3c2b735555bde5cdc33acbd00474578ab963411bde34935
0 15-08-20 13:59:39 [logutils] WARNING: no tree from cache-server 095f14efbaaf838b7772bffd36a466abb9668efe
0 15-08-20 13:59:39 [logutils] Try fetching tarball git___git_baserock_org_delta_python_packages_logutils.tar 
0 15-08-20 13:59:41 [logutils] Git repo is mirrored at /src/gits/git___git_baserock_org_delta_python_packages_logutils
0 15-08-20 13:59:41 [logutils] Cache_key is logutils.8fab0937c43bdbbff2a59573870156d984ca7059eaaedc224cf11f02731a0378
0 15-08-20 13:59:41 [pecan] WARNING: no tree from cache-server c7f241fd6bb8a0b10e02b8b43aaf1810c312cfbf
0 15-08-20 13:59:41 [pecan] Try fetching tarball git___git_baserock_org_delta_python_packages_pecan.tar 
0 15-08-20 13:59:45 [pecan] Git repo is mirrored at /src/gits/git___git_baserock_org_delta_python_packages_pecan
0 15-08-20 13:59:45 [pecan] Cache_key is pecan.f99df32c600e7bc04abf3c7e62b92088501e13da4658e8076722fc7085ecbca2
0 15-08-20 13:59:46 [croniter] WARNING: no tree from cache-server 0c3aeac05791cb4ece9e30da29442e9cd5b22f36
0 15-08-20 13:59:46 [croniter] Try fetching tarball git___git_baserock_org_delta_python_packages_croniter.tar 
0 15-08-20 13:59:48 [croniter] Git repo is mirrored at /src/gits/git___git_baserock_org_delta_python_packages_croniter
0 15-08-20 13:59:48 [croniter] Cache_key is croniter.42f51904df94216d49502d56aaa1ffdc38b09adcefee94d86d1d26f8efc1d3b0
0 15-08-20 13:59:49 [msgpack-python] WARNING: no tree from cache-server 61bac2f586e82313a0e618093bfed2435cd18983
0 15-08-20 13:59:49 [msgpack-python] Try fetching tarball git___git_baserock_org_delta_python_packages_msgpack_python.tar 
0 15-08-20 13:59:51 [msgpack-python] Git repo is mirrored at /src/gits/git___git_baserock_org_delta_python_packages_msgpack_python
0 15-08-20 13:59:51 [msgpack-python] Cache_key is msgpack-python.9a182c8e4bc7113633802a1da93ec5710449231c0bc2f8df714f8a8b4548ac4d
0 15-08-20 13:59:52 [qpid-python] WARNING: no tree from cache-server 587b0febaf1996db1e483137ed6addb45580ee9e
0 15-08-20 13:59:52 [qpid-python] Try fetching tarball git___git_baserock_org_delta_python_packages_qpid_python.tar 
0 15-08-20 14:00:11 [qpid-python] Git repo is mirrored at /src/gits/git___git_baserock_org_delta_python_packages_qpid_python
0 15-08-20 14:00:11 [qpid-python] Cache_key is qpid-python.aaa715c7170ad0ba19c68882fd082d182bc0be5a512f820e6098ec177c069bf1
0 15-08-20 14:00:12 [simplegeneric-tarball] WARNING: no tree from cache-server 601fab9b154c557dfd848d531a8969f4697d1aa2
0 15-08-20 14:00:12 [simplegeneric-tarball] Try fetching tarball git___git_baserock_org_delta_python_packages_simplegeneric_tarball.tar 
0 15-08-20 14:00:13 [simplegeneric-tarball] Git repo is mirrored at /src/gits/git___git_baserock_org_delta_python_packages_simplegeneric_tarball
0 15-08-20 14:00:13 [simplegeneric-tarball] Cache_key is simplegeneric-tarball.5f239d0fd7dc653db345e7c83f7c9c58eaa85bcdbc52eafff774afafd0616abe
0 15-08-20 14:00:14 [ipaddr-py] WARNING: no tree from cache-server c813f4790d1092b1515ee18fe8270180ed3cc5cb
0 15-08-20 14:00:14 [ipaddr-py] Try fetching tarball git___git_baserock_org_delta_python_packages_ipaddr_py.tar 
0 15-08-20 14:00:15 [ipaddr-py] Git repo is mirrored at /src/gits/git___git_baserock_org_delta_python_packages_ipaddr_py
0 15-08-20 14:00:15 [ipaddr-py] Cache_key is ipaddr-py.dd7a8bc7369252e3af877ae0b174415bd4fc4e7d79c31992299d593c41152718
0 15-08-20 14:00:16 [wsme] WARNING: no tree from cache-server 99d7668789cc6252398222549599d1363cddb081
0 15-08-20 14:00:16 [wsme] Try fetching tarball git___git_baserock_org_delta_python_packages_wsme.tar 
0 15-08-20 14:00:20 [wsme] Git repo is mirrored at /src/gits/git___git_baserock_org_delta_python_packages_wsme
0 15-08-20 14:00:20 [wsme] Cache_key is wsme.72e09b0b05a30a775a19c0eba006479a3074c8e22d7463af5b1a200e2373b3be
0 15-08-20 14:00:20 [pysnmp] WARNING: no tree from cache-server 1b377afeaf9ee96ab1d48aeebb2b7a6d65a4ac9d
0 15-08-20 14:00:20 [pysnmp] Try fetching tarball git___git_baserock_org_delta_python_packages_pysnmp.tar 
0 15-08-20 14:00:24 [pysnmp] Git repo is mirrored at /src/gits/git___git_baserock_org_delta_python_packages_pysnmp
0 15-08-20 14:00:24 [pysnmp] Cache_key is pysnmp.d8446f4f702095adc50a4cd9ccde7e3a607aab3f61c93f068c34aadeae9c8f1e
0 15-08-20 14:00:24 [thrift] WARNING: no tree from cache-server 591e20f9636c37527a70dc03598218c3468a0eff
0 15-08-20 14:00:24 [thrift] Try fetching tarball git___git_baserock_org_delta_thrift.tar 
0 15-08-20 14:00:35 [thrift] Git repo is mirrored at /src/gits/git___git_baserock_org_delta_thrift
0 15-08-20 14:00:35 [thrift] Cache_key is thrift.9f4f79965d33a61ea8685f1b6b34dda1b0ed4b5218da1738ef020851f71393c7
0 15-08-20 14:00:36 [retrying] WARNING: no tree from cache-server cab083eb5791615fadbc0c98ad77a70d64b77d0d
0 15-08-20 14:00:36 [retrying] Try fetching tarball git___git_baserock_org_delta_python_packages_retrying.tar 
0 15-08-20 14:00:38 [retrying] Git repo is mirrored at /src/gits/git___git_baserock_org_delta_python_packages_retrying
0 15-08-20 14:00:38 [retrying] Cache_key is retrying.dbe3ab6bfb490c5d1a2fb3d379266703c041e409ab84f175bebbfb1ef2b59b51
0 15-08-20 14:00:38 [oslo-context] WARNING: no tree from cache-server 1c4757a9fb41e47867bd9b8d390057ad7636b76f
0 15-08-20 14:00:38 [oslo-context] Try fetching tarball git___git_baserock_org_delta_openstack_oslo_context.tar 
0 15-08-20 14:00:40 [oslo-context] Git repo is mirrored at /src/gits/git___git_baserock_org_delta_openstack_oslo_context
0 15-08-20 14:00:40 [oslo-context] Cache_key is oslo-context.c9a5c9d2fefa568f42c169a014c9300050787f11e9ca9a9393d6da52b945dff8
0 15-08-20 14:00:40 [oslo-middleware] WARNING: no tree from cache-server bff184a2b5b1a0d3d22508a7544075378aca9e13
0 15-08-20 14:00:40 [oslo-middleware] Try fetching tarball git___git_baserock_org_delta_openstack_oslo_middleware.tar 
0 15-08-20 14:00:43 [oslo-middleware] Git repo is mirrored at /src/gits/git___git_baserock_org_delta_openstack_oslo_middleware
0 15-08-20 14:00:43 [oslo-middleware] Cache_key is oslo-middleware.b859c35cdb7d2ab0530477671fa64cdb397c868c88e44361a66979a411b0ede9
0 15-08-20 14:00:44 [oslo-messaging] WARNING: no tree from cache-server 562c41bb78f578ff9c27633c04ac6dd914c55f5a
0 15-08-20 14:00:44 [oslo-messaging] Try fetching tarball git___git_baserock_org_delta_openstack_oslo_messaging.tar 
0 15-08-20 14:00:55 [oslo-messaging] Git repo is mirrored at /src/gits/git___git_baserock_org_delta_openstack_oslo_messaging
0 15-08-20 14:00:55 [oslo-messaging] Cache_key is oslo-messaging.5e764a287ab007f841d9e5500bb303e472f9ab187435e04e53d4dcd8743771d1
0 15-08-20 14:00:56 [ordereddict] WARNING: no tree from cache-server 332cd0213829089dd827a32e7c5e64c41ce79cbc
0 15-08-20 14:00:56 [ordereddict] Try fetching tarball git___git_baserock_org_delta_python_packages_ordereddict_tarball.tar 
0 15-08-20 14:00:57 [ordereddict] Git repo is mirrored at /src/gits/git___git_baserock_org_delta_python_packages_ordereddict_tarball
0 15-08-20 14:00:57 [ordereddict] Cache_key is ordereddict.bfcb41d99917fb8c67b709404684e8173f2d529698d32dae4e047e3753dfb769
0 15-08-20 14:00:57 [trollius] WARNING: no tree from cache-server fe6f8d61b1257bc01cdf4f789aaf4a8ec3d6f8ec
0 15-08-20 14:00:57 [trollius] Try fetching tarball git___git_baserock_org_delta_python_packages_trollius.tar 
0 15-08-20 14:01:00 [trollius] Git repo is mirrored at /src/gits/git___git_baserock_org_delta_python_packages_trollius
0 15-08-20 14:01:00 [trollius] Cache_key is trollius.2f316af3e31124ad6158aa1a45a9171a51940b5925c97007d08b4a5b7c05266a
0 15-08-20 14:01:00 [aioeventlet] WARNING: no tree from cache-server 3cac0d7740592a380a7dadb2ddcdda000cae2bda
0 15-08-20 14:01:00 [aioeventlet] Try fetching tarball git___git_baserock_org_delta_python_packages_aioeventlet.tar 
0 15-08-20 14:01:02 [aioeventlet] Git repo is mirrored at /src/gits/git___git_baserock_org_delta_python_packages_aioeventlet
0 15-08-20 14:01:02 [aioeventlet] Cache_key is aioeventlet.4852cb8248ee9bf75eee0dd5d16f001c2c243088eab8dfcd4ba2d0b457ff148e
0 15-08-20 14:01:03 [urllib3] WARNING: no tree from cache-server 8434c77d845255c4002b505c6c2d79c3b35def0d
0 15-08-20 14:01:03 [urllib3] Try fetching tarball git___git_baserock_org_delta_python_packages_urllib3.tar 
0 15-08-20 14:01:12 [urllib3] Git repo is mirrored at /src/gits/git___git_baserock_org_delta_python_packages_urllib3
0 15-08-20 14:01:12 [urllib3] Cache_key is urllib3.0c71c8f7d0483ab84a2e340b0e87924b9877de64bbd853aa37d34bce3d7777d4
0 15-08-20 14:01:12 [oslo-concurrency] WARNING: no tree from cache-server a2473ed0a59e4553766ffcb1ee8f06cb98b14a48
0 15-08-20 14:01:12 [oslo-concurrency] Try fetching tarball git___git_baserock_org_delta_openstack_oslo_concurrency.tar 
0 15-08-20 14:01:16 [oslo-concurrency] Git repo is mirrored at /src/gits/git___git_baserock_org_delta_openstack_oslo_concurrency
0 15-08-20 14:01:16 [oslo-concurrency] Cache_key is oslo-concurrency.5e83a2422da48ca9ca43af67aaa7d27e8e98ef5a3842e762ff0cf1f11618c8c3
0 15-08-20 14:01:17 [oslo-vmware] WARNING: no tree from cache-server 5de2c31e9d24f40fc7d33ddb1ce407ffdc6f366c
0 15-08-20 14:01:17 [oslo-vmware] Try fetching tarball git___git_baserock_org_delta_openstack_oslo_vmware.tar 
0 15-08-20 14:01:23 [oslo-vmware] Git repo is mirrored at /src/gits/git___git_baserock_org_delta_openstack_oslo_vmware
0 15-08-20 14:01:23 [oslo-vmware] Cache_key is oslo-vmware.db201e902dbac299ff50e7073b595b5fc96469fd6702990d705321389a638a0f
0 15-08-20 14:01:24 [taskflow] WARNING: no tree from cache-server 28bece7c7c97199b8d941b16865c3670c323589a
0 15-08-20 14:01:24 [taskflow] Try fetching tarball git___git_baserock_org_delta_openstack_taskflow.tar 
0 15-08-20 14:01:35 [taskflow] Git repo is mirrored at /src/gits/git___git_baserock_org_delta_openstack_taskflow
0 15-08-20 14:01:35 [taskflow] Cache_key is taskflow.c0e40b506b224a5a5e8c822682f15a11adc1aad4000f9aba162e6a3eb8cf7b85
0 15-08-20 14:01:36 [sqlalchemy-migrate] WARNING: no tree from cache-server e57ee4c3a4247c634980cbeba74d04a01253967d
0 15-08-20 14:01:36 [sqlalchemy-migrate] Try fetching tarball git___git_baserock_org_delta_python_packages_sqlalchemy_migrate.tar 
0 15-08-20 14:01:39 [sqlalchemy-migrate] Git repo is mirrored at /src/gits/git___git_baserock_org_delta_python_packages_sqlalchemy_migrate
0 15-08-20 14:01:39 [sqlalchemy-migrate] Cache_key is sqlalchemy-migrate.d5ee95c2049b3a9a5aec6e698b9decbd8b947065889f4a43d2d1e413b1ed76ec
0 15-08-20 14:01:40 [oauthlib] WARNING: no tree from cache-server fd239fca84644896b1971cf24bc6213d065adb86
0 15-08-20 14:01:40 [oauthlib] Try fetching tarball git___git_baserock_org_delta_python_packages_oauthlib.tar 
0 15-08-20 14:01:45 [oauthlib] Git repo is mirrored at /src/gits/git___git_baserock_org_delta_python_packages_oauthlib
0 15-08-20 14:01:45 [oauthlib] Cache_key is oauthlib.ea99d49479c3fb9fb5c226c0c11a8ddb8f8cbc991c3ccaf9d1b2b9c228524b0f
0 15-08-20 14:01:46 [happybase] WARNING: no tree from cache-server 90a4b7ef741f0ecfe5145693f64c6f7180b9ba3d
0 15-08-20 14:01:46 [happybase] Try fetching tarball git___git_baserock_org_delta_python_packages_happybase.tar 
0 15-08-20 14:01:48 [happybase] Git repo is mirrored at /src/gits/git___git_baserock_org_delta_python_packages_happybase
0 15-08-20 14:01:48 [happybase] Cache_key is happybase.87d7c6f4286b7e03c88816fdbb4e503e6a118139acf31ce7c786b7d98bd38c1a
0 15-08-20 14:01:48 [osprofiler] WARNING: no tree from cache-server bbe39b517263017c9db56ae1d904d08846eacff7
0 15-08-20 14:01:48 [osprofiler] Try fetching tarball git___git_baserock_org_delta_python_packages_osprofiler.tar 
0 15-08-20 14:01:50 [osprofiler] Git repo is mirrored at /src/gits/git___git_baserock_org_delta_python_packages_osprofiler
0 15-08-20 14:01:50 [osprofiler] Cache_key is osprofiler.96bf08fdbeb0a3f6a47c30f03392cdc43dffd3076eaa9d0a8041ee2607661dec
0 15-08-20 14:01:50 [pycadf] WARNING: no tree from cache-server 9501f4f74c5d800ae43edbe52680e285cf98c710
0 15-08-20 14:01:50 [pycadf] Try fetching tarball git___git_baserock_org_delta_python_packages_pycadf.tar 
0 15-08-20 14:01:54 [pycadf] Git repo is mirrored at /src/gits/git___git_baserock_org_delta_python_packages_pycadf
0 15-08-20 14:01:54 [pycadf] Cache_key is pycadf.7d67f83079a5d4b6bd11fc02480df8c3df2e15d4f88b1869dd4876ff47766e1a
0 15-08-20 14:01:55 [keystonemiddleware] WARNING: no tree from cache-server 0e63b0e13d0a7919fddd7576c99bc15a45d31a9f
0 15-08-20 14:01:55 [keystonemiddleware] Try fetching tarball git___git_baserock_org_delta_openstack_keystonemiddleware.tar 
0 15-08-20 14:02:04 [keystonemiddleware] Git repo is mirrored at /src/gits/git___git_baserock_org_delta_openstack_keystonemiddleware
0 15-08-20 14:02:04 [keystonemiddleware] Cache_key is keystonemiddleware.acd525c9d208d0315c6b05f30ebb8647bf755c6e2f3b05d4c956be74eb7394bd
0 15-08-20 14:02:04 [oslo-db] WARNING: no tree from cache-server 3e6a30c396aa42ef0eccb5b3625af728d8d3f437
0 15-08-20 14:02:04 [oslo-db] Try fetching tarball git___git_baserock_org_delta_openstack_oslo_db.tar 
0 15-08-20 14:02:11 [oslo-db] Git repo is mirrored at /src/gits/git___git_baserock_org_delta_openstack_oslo_db
0 15-08-20 14:02:11 [oslo-db] Cache_key is oslo-db.5ba5afc4cb3e07b3a06f7d3ce991f6f0873c4093b227f8608bb25e9909fdc348
0 15-08-20 14:02:12 [glance_store] WARNING: no tree from cache-server ea88e503b617a7ac9a0ae7e537d6517e9992a104
0 15-08-20 14:02:12 [glance_store] Try fetching tarball git___git_baserock_org_delta_openstack_glance_store.tar 
0 15-08-20 14:02:19 [glance_store] Git repo is mirrored at /src/gits/git___git_baserock_org_delta_openstack_glance_store
0 15-08-20 14:02:19 [glance_store] Cache_key is glance_store.992a60339fef39f35330aca43dee813306c8526d23312ee19c87e5538d862132
0 15-08-20 14:02:19 [oslo-log] WARNING: no tree from cache-server 54e3d0e705accfaa4c73a01fc2ea1480fcc0024e
0 15-08-20 14:02:19 [oslo-log] Try fetching tarball git___git_baserock_org_delta_openstack_oslo_log.tar 
0 15-08-20 14:02:22 [oslo-log] Git repo is mirrored at /src/gits/git___git_baserock_org_delta_openstack_oslo_log
0 15-08-20 14:02:22 [oslo-log] Cache_key is oslo-log.4a1f371b59f1325f7561089f619727e9605a512a7a6e348a312fc11078505e9d
0 15-08-20 14:02:22 [oslo-policy] WARNING: no tree from cache-server 4c8f38cd1d088c46be314b47f6774e721813c6d9
0 15-08-20 14:02:22 [oslo-policy] Try fetching tarball git___git_baserock_org_delta_openstack_oslo_policy.tar 
0 15-08-20 14:02:25 [oslo-policy] Git repo is mirrored at /src/gits/git___git_baserock_org_delta_openstack_oslo_policy
0 15-08-20 14:02:25 [oslo-policy] Cache_key is oslo-policy.beefdb143849c04efd1024c04e96f920a8941bd1503b75792e0b34a07382e4c8
0 15-08-20 14:02:26 [semantic-version] WARNING: no tree from cache-server 2174bdcae6e46f5f68f5b8ea984a695db9f41bcf
0 15-08-20 14:02:26 [semantic-version] Try fetching tarball git___git_baserock_org_delta_python_packages_semantic_version.tar 
0 15-08-20 14:02:28 [semantic-version] Git repo is mirrored at /src/gits/git___git_baserock_org_delta_python_packages_semantic_version
0 15-08-20 14:02:28 [semantic-version] Cache_key is semantic-version.000210d5512a972b02cbb55d38546fce8480c0a1f3d1911bee90ec1c3559b0a7
0 15-08-20 14:02:28 [glance] WARNING: no tree from cache-server 93b0d5fce3a41e4a3a549f98f78b6681cbc3ea95
0 15-08-20 14:02:28 [glance] Try fetching tarball git___git_baserock_org_delta_openstack_glance.tar 
0 15-08-20 14:02:44 [glance] Git repo is mirrored at /src/gits/git___git_baserock_org_delta_openstack_glance
0 15-08-20 14:02:44 [glance] Cache_key is glance.369091b2ee0a1198e85e14cc5eb4bbf7a85cbf55a1befdfd7d1bac9c33240853
0 15-08-20 14:02:45 [sqlparse] WARNING: no tree from cache-server 991e7348075accae6d08025212251af21e92e664
0 15-08-20 14:02:45 [sqlparse] Try fetching tarball git___git_baserock_org_delta_python_packages_sqlparse.tar 
0 15-08-20 14:02:49 [sqlparse] Git repo is mirrored at /src/gits/git___git_baserock_org_delta_python_packages_sqlparse
0 15-08-20 14:02:49 [sqlparse] Cache_key is sqlparse.1a6bacfd981775cf5d72b82adab59981ba83d41787e8dded9c49e07d70ae3d2c
0 15-08-20 14:02:50 [pysaml2] WARNING: no tree from cache-server 13ff5e8899300c9b359fa1bdfdb3d412be0d7356
0 15-08-20 14:02:50 [pysaml2] Try fetching tarball git___git_baserock_org_delta_python_packages_pysaml2.tar 
0 15-08-20 14:02:55 [pysaml2] Git repo is mirrored at /src/gits/git___git_baserock_org_delta_python_packages_pysaml2
0 15-08-20 14:02:55 [pysaml2] Cache_key is pysaml2.8a9bc2f9b7bb085c05e645c8b30c329807edecef942109691a2b5e460b3216eb
0 15-08-20 14:02:56 [keystone] WARNING: no tree from cache-server 5d3b31f9c3d34599ff8a83eeb7530fc6e0b1b67b
0 15-08-20 14:02:56 [keystone] Try fetching tarball git___git_baserock_org_delta_openstack_keystone.tar 
0 15-08-20 14:03:20 [keystone] Git repo is mirrored at /src/gits/git___git_baserock_org_delta_openstack_keystone
0 15-08-20 14:03:20 [keystone] Cache_key is keystone.5c14e7fc95152154a5297e2708d1c9cf7190e995c2a52b27cbf85514660b8e9e
0 15-08-20 14:03:20 [neutron] WARNING: no tree from cache-server 7260e0e3fc2ea479e80e0962624aca7fd38a1f60
0 15-08-20 14:03:20 [neutron] Try fetching tarball git___git_baserock_org_delta_openstack_neutron.tar 
0 15-08-20 14:03:32 [neutron] Git repo is mirrored at /src/gits/git___git_baserock_org_delta_openstack_neutron
0 15-08-20 14:03:32 [neutron] Cache_key is neutron.9539fb45bdd2caa3c9fd906d445f412a86b0456dfc56fb4638e6f020442536c0
0 15-08-20 14:03:32 [wsgiref] WARNING: no tree from cache-server e8360785eef259394e13b2062407edc3c2cbc1e0
0 15-08-20 14:03:32 [wsgiref] Try fetching tarball git___git_baserock_org_delta_python_packages_wsgiref.tar 
0 15-08-20 14:03:34 [wsgiref] Git repo is mirrored at /src/gits/git___git_baserock_org_delta_python_packages_wsgiref
0 15-08-20 14:03:34 [wsgiref] Cache_key is wsgiref.111231204564b00aa012f977962ec5c4fbf1c5d0d738697b0d60c6d7c8d460b9
0 15-08-20 14:03:34 [rfc3986] WARNING: no tree from cache-server 9817ec3e47bca8fba9a7cac56d785e9d644f7473
0 15-08-20 14:03:34 [rfc3986] Try fetching tarball git___git_baserock_org_delta_python_packages_python_rfc3986.tar 
0 15-08-20 14:03:36 [rfc3986] Git repo is mirrored at /src/gits/git___git_baserock_org_delta_python_packages_python_rfc3986
0 15-08-20 14:03:36 [rfc3986] Cache_key is rfc3986.917ff89a21040b67ad9f70c77b4b7d8cf6b601a4b588aecb7dd73e8ceb9684b1
0 15-08-20 14:03:36 [urwid] WARNING: no tree from cache-server 838839f7a300a774240d52f943aafd6ff44b2413
0 15-08-20 14:03:36 [urwid] Try fetching tarball git___git_baserock_org_delta_python_packages_urwid.tar 
0 15-08-20 14:03:40 [urwid] Git repo is mirrored at /src/gits/git___git_baserock_org_delta_python_packages_urwid
0 15-08-20 14:03:40 [urwid] Cache_key is urwid.26151b40a15d9d5d6395ba77982f008cf8959db565a3d3c64a59a4617418a9ca
0 15-08-20 14:03:40 [configshell-fb] WARNING: no tree from cache-server 8c151ccdd75956da60b2304417c41a60a2c28231
0 15-08-20 14:03:40 [configshell-fb] Try fetching tarball git___git_baserock_org_delta_python_packages_configshell_fb.tar 
0 15-08-20 14:03:42 [configshell-fb] Git repo is mirrored at /src/gits/git___git_baserock_org_delta_python_packages_configshell_fb
0 15-08-20 14:03:42 [configshell-fb] Cache_key is configshell-fb.0da4a98e8d04b111260bdbbb61cc895d12805775dc4506db1d0ae1b85aa7c61f
0 15-08-20 14:03:42 [targetcli-fb] WARNING: no tree from cache-server c62610f3c2da6b4d364028c18bcc7f0d3da54477
0 15-08-20 14:03:42 [targetcli-fb] Try fetching tarball git___git_baserock_org_delta_python_packages_targetcli.tar 
0 15-08-20 14:03:45 [targetcli-fb] Git repo is mirrored at /src/gits/git___git_baserock_org_delta_python_packages_targetcli
0 15-08-20 14:03:45 [targetcli-fb] Cache_key is targetcli-fb.4aa66f5db6bdfb806a4b1e755b64439ff5c8e39b668c911e9f7abb5e2db16b15
0 15-08-20 14:03:45 [sysfsutils] WARNING: no tree from cache-server 237bf36e664db92f95b75067bf0f246726993254
0 15-08-20 14:03:45 [sysfsutils] Try fetching tarball git___git_baserock_org_delta_sysfsutils.tar 
0 15-08-20 14:03:47 [sysfsutils] Git repo is mirrored at /src/gits/git___git_baserock_org_delta_sysfsutils
0 15-08-20 14:03:47 [sysfsutils] Cache_key is sysfsutils.0e12f90515a157929c739de92962e247de70faa68ed92aeafd68c198c65383c6
0 15-08-20 14:03:48 [open-iscsi] WARNING: no tree from cache-server 8da14e6f9eeeb4fd03938d40fe1126fe0d110b68
0 15-08-20 14:03:48 [open-iscsi] Try fetching tarball git___git_baserock_org_delta_open_iscsi.tar 
0 15-08-20 14:03:51 [open-iscsi] Git repo is mirrored at /src/gits/git___git_baserock_org_delta_open_iscsi
0 15-08-20 14:03:51 [open-iscsi] Cache_key is open-iscsi.c49efc36429a65b0d77233a893a2dd6b73cc031002ce9665400291bd2778e05d
0 15-08-20 14:03:52 [nova] WARNING: no tree from cache-server 8397b6464af520903f546ce4c6d51a2eb5b4c8a8
0 15-08-20 14:03:52 [nova] Try fetching tarball git___git_baserock_org_delta_openstack_nova.tar 
0 15-08-20 14:04:05 [nova] Git repo is mirrored at /src/gits/git___git_baserock_org_delta_openstack_nova
0 15-08-20 14:04:05 [nova] Cache_key is nova.e5ace58f981f35d643aa79b04ce166f1cca1e05710e13022849751fd0c9a9d27
0 15-08-20 14:04:05 [cinder] WARNING: no tree from cache-server 5987bb2290f629e59b0bcced2f8fe22cdeb9cc6d
0 15-08-20 14:04:05 [cinder] Try fetching tarball git___git_baserock_org_delta_openstack_cinder.tar 
0 15-08-20 14:04:13 [cinder] Git repo is mirrored at /src/gits/git___git_baserock_org_delta_openstack_cinder
0 15-08-20 14:04:13 [cinder] Cache_key is cinder.20d0c4cbb9f24027a28d7855691e8f1b00a28fda689f709906aad53984e70fc6
0 15-08-20 14:04:13 [pymemcache] WARNING: no tree from cache-server 0646937c2bfebdb557ec2c01f0e42a9af79ad49d
0 15-08-20 14:04:13 [pymemcache] Try fetching tarball git___git_baserock_org_delta_python_packages_pymemcache.tar 
0 15-08-20 14:04:17 [pymemcache] Git repo is mirrored at /src/gits/git___git_baserock_org_delta_python_packages_pymemcache
0 15-08-20 14:04:17 [pymemcache] Cache_key is pymemcache.fccca2053bb5ee400d18b0ea595aa9420cfaaf48814abffe9992bb342a12fd70
0 15-08-20 14:04:18 [sysv_ipc-tarball] WARNING: no tree from cache-server a77e3a63f004e6ee789fa05e4a5bbc333b1529f1
0 15-08-20 14:04:18 [sysv_ipc-tarball] Try fetching tarball git___git_baserock_org_delta_python_packages_sysv_ipc_tarball.tar 
0 15-08-20 14:04:19 [sysv_ipc-tarball] Git repo is mirrored at /src/gits/git___git_baserock_org_delta_python_packages_sysv_ipc_tarball
0 15-08-20 14:04:19 [sysv_ipc-tarball] Cache_key is sysv_ipc-tarball.4af197f7b4b1d63ded49bfcdb705135e71ee8ddbf17a557dcdac3d22d8d6ff02
0 15-08-20 14:04:20 [redis-py] WARNING: no tree from cache-server 4d0b0afe9c9a431ed50c3e9fb95a0aa88b1f1038
0 15-08-20 14:04:20 [redis-py] Try fetching tarball git___git_baserock_org_delta_python_packages_redis_py.tar 
0 15-08-20 14:04:23 [redis-py] Git repo is mirrored at /src/gits/git___git_baserock_org_delta_python_packages_redis_py
0 15-08-20 14:04:23 [redis-py] Cache_key is redis-py.945669f1f801669eba25f8e943c4747343b0df76ed32c219d62aa9440d7b4289
0 15-08-20 14:04:23 [tooz] WARNING: no tree from cache-server 8086661f404e61c22f0dd1d07b57a864862a0869
0 15-08-20 14:04:23 [tooz] Try fetching tarball git___git_baserock_org_delta_python_packages_tooz.tar 
0 15-08-20 14:04:29 [tooz] Git repo is mirrored at /src/gits/git___git_baserock_org_delta_python_packages_tooz
0 15-08-20 14:04:29 [tooz] Cache_key is tooz.05796576903089cac705e887d1d06dcac850d6a9f0b30761fd87055d45c1047a
0 15-08-20 14:04:29 [kafka-python] WARNING: no tree from cache-server 8675c3e3e620df5ba9fd7e570c554b773429bd78
0 15-08-20 14:04:29 [kafka-python] Try fetching tarball git___git_baserock_org_delta_python_packages_kafka_python.tar 
0 15-08-20 14:04:34 [kafka-python] Git repo is mirrored at /src/gits/git___git_baserock_org_delta_python_packages_kafka_python
0 15-08-20 14:04:34 [kafka-python] Cache_key is kafka-python.021d5d0a83e0d2f0a17988044a31181bafce3fc9aee41a9bf756836af4cccd56
0 15-08-20 14:04:34 [werkzeug] WARNING: no tree from cache-server 96e49709d627a7766077cff4c98ebf3cad868ceb
0 15-08-20 14:04:34 [werkzeug] Try fetching tarball git___git_baserock_org_delta_python_packages_werkzeug.tar 
0 15-08-20 14:04:39 [werkzeug] Git repo is mirrored at /src/gits/git___git_baserock_org_delta_python_packages_werkzeug
0 15-08-20 14:04:39 [werkzeug] Cache_key is werkzeug.40754e63ca09cc2888f0bffde037bed843fb2bca330ab0483a8b981e855dacc4
0 15-08-20 14:04:39 [requests-aws] WARNING: no tree from cache-server 48fe401c78eb1b1048cd20e2d26015585a7986cb
0 15-08-20 14:04:39 [requests-aws] Try fetching tarball git___git_baserock_org_delta_python_packages_python_requests_aws.tar 
0 15-08-20 14:04:41 [requests-aws] Git repo is mirrored at /src/gits/git___git_baserock_org_delta_python_packages_python_requests_aws
0 15-08-20 14:04:41 [requests-aws] Cache_key is requests-aws.44a5f6c1473674764527dae9b1afe05b1bfdc2abcb2134f150f68c6d81c915fc
0 15-08-20 14:04:41 [ceilometer] WARNING: no tree from cache-server b0447ed8e7bee371bf7095c86e47d717abe89edc
0 15-08-20 14:04:41 [ceilometer] Try fetching tarball git___git_baserock_org_delta_openstack_ceilometer.tar 
0 15-08-20 14:04:51 [ceilometer] Git repo is mirrored at /src/gits/git___git_baserock_org_delta_openstack_ceilometer
0 15-08-20 14:04:51 [ceilometer] Cache_key is ceilometer.8cba8dfbdd7454db3d811aa8649063a91a0f8857e49719c09e00a5bee7be848e
0 15-08-20 14:04:52 [django-openstack-auth] WARNING: no tree from cache-server 0e1f7b78277850634992a594132921efb83256e0
0 15-08-20 14:04:52 [django-openstack-auth] Try fetching tarball git___git_baserock_org_delta_openstack_django_openstack_auth.tar 
0 15-08-20 14:05:00 [django-openstack-auth] Git repo is mirrored at /src/gits/git___git_baserock_org_delta_openstack_django_openstack_auth
0 15-08-20 14:05:00 [django-openstack-auth] Cache_key is django-openstack-auth.817722612b48cf80dcc60c89e6a43aad9da7719b6f54359fc7e1d79014dcd80b
0 15-08-20 14:05:00 [pint] WARNING: no tree from cache-server e7e7de5ca2e1c19963be8a918369fb19186f9a73
0 15-08-20 14:05:00 [pint] Try fetching tarball git___git_baserock_org_delta_python_packages_pint.tar 
0 15-08-20 14:05:03 [pint] Git repo is mirrored at /src/gits/git___git_baserock_org_delta_python_packages_pint
0 15-08-20 14:05:03 [pint] Cache_key is pint.add94d7c602c904aa66c8cef8a125fff0ce46047af43ea01cfeb564bfa544349
0 15-08-20 14:05:03 [horizon] WARNING: no tree from cache-server b99cf48ff346494198fb9740495eacc14fa406bf
0 15-08-20 14:05:03 [horizon] Try fetching tarball git___git_baserock_org_delta_openstack_horizon.tar 
0 15-08-20 14:05:24 [horizon] Git repo is mirrored at /src/gits/git___git_baserock_org_delta_openstack_horizon
0 15-08-20 14:05:24 [horizon] Cache_key is horizon.d24ea3c86fdb799dae9f185f66d51a9a64a8fff06deb3517edfcc9a3ead2e035
0 15-08-20 14:05:24 [novnc] WARNING: no tree from cache-server 97be997f62d59c028fc45323b00e3b93fafe4eb4
0 15-08-20 14:05:24 [novnc] Try fetching tarball git___git_baserock_org_delta_novnc.tar 
0 15-08-20 14:05:30 [novnc] Git repo is mirrored at /src/gits/git___git_baserock_org_delta_novnc
0 15-08-20 14:05:30 [novnc] Cache_key is novnc.2e84cadb42e121afafb22ab2221c6804925385e87e54ea2dc101ab3ddc2078cd
0 15-08-20 14:05:30 [pyserial] WARNING: no tree from cache-server bcfc1ec2fdb9a8c9c867481d7673e85fe512e667
0 15-08-20 14:05:30 [pyserial] Try fetching tarball git___git_baserock_org_delta_python_packages_pyserial.tar 
0 15-08-20 14:05:32 [pyserial] Git repo is mirrored at /src/gits/git___git_baserock_org_delta_python_packages_pyserial
0 15-08-20 14:05:32 [pyserial] Cache_key is pyserial.08acc5e9f3eeee88a3c55eb0b981206cfc5a8bf6a7ed44639ef9358ff250c2ba
0 15-08-20 14:05:33 [tempest-lib] WARNING: no tree from cache-server c307ffc525d896e2071319c8067aec805804f92b
0 15-08-20 14:05:33 [tempest-lib] Try fetching tarball git___git_baserock_org_delta_openstack_tempest_lib.tar 
0 15-08-20 14:05:37 [tempest-lib] Git repo is mirrored at /src/gits/git___git_baserock_org_delta_openstack_tempest_lib
0 15-08-20 14:05:37 [tempest-lib] Cache_key is tempest-lib.f3c0a305b1ee342edfdf1840f46e104252b6e162499b96b7c00d4b4485cb6b90
0 15-08-20 14:05:38 [tempest] WARNING: no tree from cache-server 26149b612d01ad605e4d0f41a2d67280c8088cda
0 15-08-20 14:05:38 [tempest] Try fetching tarball git___git_baserock_org_delta_openstack_tempest.tar 
0 15-08-20 14:05:42 [tempest] Git repo is mirrored at /src/gits/git___git_baserock_org_delta_openstack_tempest
0 15-08-20 14:05:42 [tempest] Cache_key is tempest.2b5dfe89f2a7ca495d15455c34e3d1a9728c904a49f678109a29212e31c1154c
0 15-08-20 14:05:43 [tftp-hpa] WARNING: no tree from cache-server 4faf178a509d8091b7ba1e1fa3d13bc68c5ff55f
0 15-08-20 14:05:43 [tftp-hpa] Try fetching tarball git___git_baserock_org_delta_tftp_hpa.tar 
0 15-08-20 14:05:45 [tftp-hpa] Git repo is mirrored at /src/gits/git___git_baserock_org_delta_tftp_hpa
0 15-08-20 14:05:45 [tftp-hpa] Cache_key is tftp-hpa.a0f39d93a9427643ad58b3a1d1331e354bdf59c7f9ecd6de4f46cb1b1a0e4ed6
0 15-08-20 14:05:45 [singledispatch] WARNING: no tree from cache-server 92175ba65602a03086d2b1f770f45d88af93fc3e
0 15-08-20 14:05:45 [singledispatch] Try fetching tarball git___git_baserock_org_delta_python_packages_singledispatch.tar 
0 15-08-20 14:05:47 [singledispatch] Git repo is mirrored at /src/gits/git___git_baserock_org_delta_python_packages_singledispatch
0 15-08-20 14:05:47 [singledispatch] Cache_key is singledispatch.e1a9973377f224aa32cc1d584e3235505ce69c0e3108783aa22c9aa00612f113
0 15-08-20 14:05:47 [pysendfile] WARNING: no tree from cache-server 6775b2938ef74255239c8e08458369921297b311
0 15-08-20 14:05:47 [pysendfile] Try fetching tarball git___git_baserock_org_delta_python_packages_pysendfile.tar 
0 15-08-20 14:05:49 [pysendfile] Git repo is mirrored at /src/gits/git___git_baserock_org_delta_python_packages_pysendfile
0 15-08-20 14:05:49 [pysendfile] Cache_key is pysendfile.4e042281970b96e9e51597be872b27963e3329b7431732d0835f66c8d191c00e
0 15-08-20 14:05:49 [ironic] WARNING: no tree from cache-server dee609cb7976e9b3cc07c3d342a271c4a347f69f
0 15-08-20 14:05:49 [ironic] Try fetching tarball git___git_baserock_org_delta_openstack_ironic.tar 
0 15-08-20 14:06:02 [ironic] Git repo is mirrored at /src/gits/git___git_baserock_org_delta_openstack_ironic
0 15-08-20 14:06:02 [ironic] Cache_key is ironic.dd57f0d4c01305919d2a69bfbf88049d12d498fbc04be477db8a9ae76f2939b3
0 15-08-20 14:06:02 [openstack-services] Cache_key is openstack-services.92809dfd433e618181b30352cc3e36aee398b9761a8edfe71241c1d9349b7035
0 15-08-20 14:06:03 [ntpd] WARNING: no tree from cache-server b2ccf8dd31d1457ae9f0ae270054117179220370
0 15-08-20 14:06:03 [ntpd] Try fetching tarball git___git_baserock_org_delta_ntp.tar 
0 15-08-20 14:06:06 [ntpd] Git repo is mirrored at /src/gits/git___git_baserock_org_delta_ntp
0 15-08-20 14:06:06 [ntpd] Cache_key is ntpd.f9fccdfe2309c17a269e0f0cd75b0fc61908cf10af16d25f3c65ee93f1ab9c8f
0 15-08-20 14:06:06 [ntpd] Cache_key is ntpd.b98711d68de0c5ffc047c47df0f7885268b758f95bed4a642ec5fb3b63888b7b
0 15-08-20 14:06:06 [openstack-system-x86_64] Cache_key is openstack-system-x86_64.1c8fa9bd82ac4604ebed16cb3b1423ceda7affba4691666c5840a0df43cc140c
0 15-08-20 14:06:06 [ci] Cache_key is ci.4d736d2306d1277e711e26c28d3fe9b3afc40f1b6e4d7a61ec78827e91170945
0 15-08-20 14:06:06 [CACHE-KEYS] Elapsed time for cache-key calculations 01:06:55
0 15-08-20 14:06:06 [clusters/ci.morph] Sandbox using <module 'sandboxlib.chroot' from '/usr/local/lib/python2.7/site-packages/sandboxlib/chroot.pyc'> 
0 15-08-20 14:06:06 [clusters/ci.morph] WARNING: rogue builds in a chroot sandbox may overwrite your system 
1 15-08-20 14:06:06 [FORKS] I am fork 1
1 15-08-20 14:06:06 [ci] Starting assembly 
1 15-08-20 14:06:06 [systems/devel-system-x86_32-generic.morph] Skipping assembly for x86_32
1 15-08-20 14:06:06 [systems/build-system-armv7lhf-jetson.morph] Skipping assembly for armv7lhf
1 15-08-20 14:06:06 [openstack-system-x86_64] Starting assembly 
1 15-08-20 14:06:06 [ansible] Starting assembly 
1 15-08-20 14:06:06 [ansible] Starting assembly 
1 15-08-20 14:06:06 [core] Starting assembly 
1 15-08-20 14:06:06 [mini-utils] Starting assembly 
1 15-08-20 14:06:06 [build-essential] Starting assembly 
1 15-08-20 14:06:06 [make] Starting assembly 
1 15-08-20 14:06:06 [stage2-fhs-dirs] Starting assembly 
1 15-08-20 14:06:06 [1/662/662] [stage2-fhs-dirs] Starting build 
1 15-08-20 14:06:06 [1/662/662] [stage2-fhs-dirs] Git checkout baserock:baserock/fhs-dirs in /src/tmp/tmpv1LqvI/stage2-fhs-dirs.build 
1 15-08-20 14:06:06 [1/662/662] [stage2-fhs-dirs] Upstream version 1218cbd3 (No tag found) 
1 15-08-20 14:06:06 [1/662/662] [stage2-fhs-dirs] Defined build system is manual
1 15-08-20 14:06:06 [1/662/662] [stage2-fhs-dirs] Logging build commands to /src/artifacts/stage2-fhs-dirs.720694aabff97560c1a93e2697f22f563250493e1691290819c5c92fe2944cab.build-log.1 
1 15-08-20 14:06:06 [1/662/662] [stage2-fhs-dirs] Running install-commands
1 15-08-20 14:06:06 [1/662/662] [stage2-fhs-dirs] Running command:
sh ./create-fhs-dirs "$DESTDIR" 
1 15-08-20 14:06:06 [1/662/662] [stage2-fhs-dirs] Running command:
rmdir "$DESTDIR/bin" 
1 15-08-20 14:06:06 [1/662/662] [stage2-fhs-dirs] Running command:
ln -s "$PREFIX/bin" "$DESTDIR/bin" 
 14:06:06 [ntpd] Git repo is mirrored at /src/gits/git___git_baserock_org_delta_ntp
0 15-08-20 14:06:06 [ntpd] Cache_key is ntpd.f9fccdfe2309c17a269e0f0cd75b0fc61908cf10af16d25f3c65ee93f1ab9c8f
0 15-08-20 14:06:06 [ntpd] Cache_key is ntpd.b98711d68de0c5ffc047c47df0f7885268b758f95bed4a642ec5fb3b63888b7b
0 15-08-20 14:06:06 [openstack-system-x86_64] Cache_key is openstack-system-x86_64.1c8fa9bd82ac4604ebed16cb3b1423ceda7affba4691666c5840a0df43cc140c
0 15-08-20 14:06:06 [ci] Cache_key is ci.4d736d2306d1277e711e26c28d3fe9b3afc40f1b6e4d7a61ec78827e91170945
0 15-08-20 14:06:06 [CACHE-KEYS] Elapsed time for cache-key calculations 01:06:55
0 15-08-20 14:06:06 [clusters/ci.morph] Sandbox using <module 'sandboxlib.chroot' from '/usr/local/lib/python2.7/site-packages/sandboxlib/chroot.pyc'> 
0 15-08-20 14:06:06 [clusters/ci.morph] WARNING: rogue builds in a chroot sandbox may overwrite your system 
3 15-08-20 14:06:06 [FORKS] I am fork 3
3 15-08-20 14:06:06 [ci] Starting assembly 
3 15-08-20 14:06:06 [devel-system-x86_64-generic] Starting assembly 
3 15-08-20 14:06:06 [python-common] Starting assembly 
3 15-08-20 14:06:06 [ecdsa] Starting assembly 
3 15-08-20 14:06:06 [python-core] Starting assembly 
3 15-08-20 14:06:06 [six] Starting assembly 
3 15-08-20 14:06:06 [core] Starting assembly 
3 15-08-20 14:06:06 [XML-Parser] Starting assembly 
3 15-08-20 14:06:06 [libexpat] Starting assembly 
3 15-08-20 14:06:06 [libtool-tarball] Starting assembly 
3 15-08-20 14:06:06 [build-essential] Starting assembly 
3 15-08-20 14:06:06 [make] Starting assembly 
3 15-08-20 14:06:06 [stage2-fhs-dirs] Starting assembly 
3 15-08-20 14:06:06 [1/662/662] [stage2-fhs-dirs] Starting build 
3 15-08-20 14:06:06 [1/662/662] [stage2-fhs-dirs] Git checkout baserock:baserock/fhs-dirs in /src/tmp/tmp9gOHiL/stage2-fhs-dirs.build 
3 15-08-20 14:06:06 [1/662/662] [stage2-fhs-dirs] Upstream version 1218cbd3 (No tag found) 
3 15-08-20 14:06:06 [1/662/662] [stage2-fhs-dirs] Defined build system is manual
3 15-08-20 14:06:06 [1/662/662] [stage2-fhs-dirs] Logging build commands to /src/artifacts/stage2-fhs-dirs.720694aabff97560c1a93e2697f22f563250493e1691290819c5c92fe2944cab.build-log.3 
3 15-08-20 14:06:06 [1/662/662] [stage2-fhs-dirs] Running install-commands
3 15-08-20 14:06:06 [1/662/662] [stage2-fhs-dirs] Running command:
sh ./create-fhs-dirs "$DESTDIR" 
1 15-08-20 14:06:06 [1/662/662] [stage2-fhs-dirs] Running command:
install -m 644 passwd "$DESTDIR/etc/passwd" 
1 15-08-20 14:06:06 [1/662/662] [stage2-fhs-dirs] Running command:
install -m 600 shadow "$DESTDIR/etc/shadow" 
1 15-08-20 14:06:06 [1/662/662] [stage2-fhs-dirs] Running command:
install -m 644 interfaces "$DESTDIR/etc/network/interfaces" 
1 15-08-20 14:06:06 [1/662/662] [stage2-fhs-dirs] Running command:
install -m 644 group "$DESTDIR/etc/group" 
1 15-08-20 14:06:06 [1/662/662] [stage2-fhs-dirs] Running command:
install -m 644 issue "$DESTDIR/etc/issue" 
1 15-08-20 14:06:06 [1/662/662] [stage2-fhs-dirs] Running command:
install -m 644 services "$DESTDIR/etc/services" 
1 15-08-20 14:06:06 [1/662/662] [stage2-fhs-dirs] Running command:
install -m 644 protocols "$DESTDIR/etc/protocols" 
1 15-08-20 14:06:06 [1/662/662] [stage2-fhs-dirs] Running command:
echo baserock > "$DESTDIR"/etc/hostname 
3 15-08-20 14:06:06 [1/662/662] [stage2-fhs-dirs] Running command:
rmdir "$DESTDIR/bin" 
3 15-08-20 14:06:06 [1/662/662] [stage2-fhs-dirs] Running command:
ln -s "$PREFIX/bin" "$DESTDIR/bin" 
3 15-08-20 14:06:06 [1/662/662] [stage2-fhs-dirs] Running command:
install -m 644 passwd "$DESTDIR/etc/passwd" 
3 15-08-20 14:06:06 [1/662/662] [stage2-fhs-dirs] Running command:
install -m 600 shadow "$DESTDIR/etc/shadow" 
3 15-08-20 14:06:06 [1/662/662] [stage2-fhs-dirs] Running command:
install -m 644 interfaces "$DESTDIR/etc/network/interfaces" 
3 15-08-20 14:06:06 [1/662/662] [stage2-fhs-dirs] Running command:
install -m 644 group "$DESTDIR/etc/group" 
3 15-08-20 14:06:06 [1/662/662] [stage2-fhs-dirs] Running command:
install -m 644 issue "$DESTDIR/etc/issue" 
3 15-08-20 14:06:06 [1/662/662] [stage2-fhs-dirs] Running command:
install -m 644 services "$DESTDIR/etc/services" 
3 15-08-20 14:06:06 [1/662/662] [stage2-fhs-dirs] Running command:
install -m 644 protocols "$DESTDIR/etc/protocols" 
3 15-08-20 14:06:06 [1/662/662] [stage2-fhs-dirs] Running command:
echo baserock > "$DESTDIR"/etc/hostname 
1 15-08-20 14:06:06 [1/662/662] [stage2-fhs-dirs] Creating device node /src/tmp/tmpv1LqvI/stage2-fhs-dirs.inst/.//dev/console
1 15-08-20 14:06:06 [1/662/662] [stage2-fhs-dirs] Creating device node /src/tmp/tmpv1LqvI/stage2-fhs-dirs.inst/.//dev/full
1 15-08-20 14:06:06 [1/662/662] [stage2-fhs-dirs] Creating device node /src/tmp/tmpv1LqvI/stage2-fhs-dirs.inst/.//dev/null
1 15-08-20 14:06:06 [1/662/662] [stage2-fhs-dirs] Creating device node /src/tmp/tmpv1LqvI/stage2-fhs-dirs.inst/.//dev/urandom
1 15-08-20 14:06:06 [1/662/662] [stage2-fhs-dirs] Creating device node /src/tmp/tmpv1LqvI/stage2-fhs-dirs.inst/.//dev/zero
1 15-08-20 14:06:06 [1/662/662] [stage2-fhs-dirs] Elapsed time for build 00:00:00
1 15-08-20 14:06:06 [1/662/662] [stage2-fhs-dirs] Starting artifact creation 
1 15-08-20 14:06:06 [1/662/662] [stage2-fhs-dirs] splitting chunk 
1 15-08-20 14:06:06 [1/662/662] [stage2-fhs-dirs] Now cached 10641 bytes as stage2-fhs-dirs.720694aabff97560c1a93e2697f22f563250493e1691290819c5c92fe2944cab
1 15-08-20 14:06:06 [1/662/662] [stage2-fhs-dirs] Elapsed time for artifact creation 00:00:00
1 15-08-20 14:06:06 [1/662/662] [stage2-fhs-dirs] Cleaned up /src/tmp/tmpv1LqvI
1 15-08-20 14:06:06 [1/662/662] [stage2-fhs-dirs] Elapsed time for assembly 00:00:00
1 15-08-20 14:06:06 [1/662/662] [make] Installing stage2-fhs-dirs.720694aabff97560c1a93e2697f22f563250493e1691290819c5c92fe2944cab 
1 15-08-20 14:06:06 [1/662/662] [stage2-fhs-dirs] loaded metadata for strata/build-essential/stage2-fhs-dirs.morph
1 15-08-20 14:06:06 [1/662/662] [glibc] Starting assembly 
1 15-08-20 14:06:06 [1/662/662] [stage2-busybox] Starting assembly 
1 15-08-20 14:06:06 [1/662/662] [stage2-glibc] Starting assembly 
1 15-08-20 14:06:06 [1/662/662] [stage1-gcc] Starting assembly 
1 15-08-20 14:06:06 [1/662/662] [stage1-binutils] Starting assembly 
1 15-08-20 14:06:06 [2/662/662] [stage1-binutils] Starting build 
1 15-08-20 14:06:08 [2/662/662] [stage1-binutils] Git checkout upstream:binutils-tarball in /src/tmp/tmpnmXanV/stage1-binutils.build 
1 15-08-20 14:06:08 [2/662/662] [stage1-binutils] Upstream version 5500a97a binutils-2.25 (binutils-2.25 + 0 commits) 
1 15-08-20 14:06:08 [2/662/662] [stage1-binutils] Defined build system is autotools
1 15-08-20 14:06:08 [2/662/662] [stage1-binutils] Logging build commands to /src/artifacts/stage1-binutils.dac85c48b260aa710b7910ab871bf5b5cce1e27910bf090b4b60bf2dc35fbbbb.build-log.1 
1 15-08-20 14:06:08 [2/662/662] [stage1-binutils] Running configure-commands
1 15-08-20 14:06:08 [2/662/662] [stage1-binutils] Running command:
./configure --prefix="$PREFIX" --disable-nls --disable-werror \
  --build=$(sh config.guess) \
  --host=$(sh config.guess) \
  --target=$TARGET_STAGE1 \
  --with-sysroot=/nonexistentdir --with-lib-path="=$PREFIX/lib:=$PREFIX/lib64"
 
3 15-08-20 14:06:06 [1/662/662] [stage2-fhs-dirs] Creating device node /src/tmp/tmp9gOHiL/stage2-fhs-dirs.inst/.//dev/console
3 15-08-20 14:06:06 [1/662/662] [stage2-fhs-dirs] Creating device node /src/tmp/tmp9gOHiL/stage2-fhs-dirs.inst/.//dev/full
3 15-08-20 14:06:06 [1/662/662] [stage2-fhs-dirs] Creating device node /src/tmp/tmp9gOHiL/stage2-fhs-dirs.inst/.//dev/null
3 15-08-20 14:06:06 [1/662/662] [stage2-fhs-dirs] Creating device node /src/tmp/tmp9gOHiL/stage2-fhs-dirs.inst/.//dev/urandom
3 15-08-20 14:06:06 [1/662/662] [stage2-fhs-dirs] Creating device node /src/tmp/tmp9gOHiL/stage2-fhs-dirs.inst/.//dev/zero
3 15-08-20 14:06:06 [1/662/662] [stage2-fhs-dirs] Elapsed time for build 00:00:00
3 15-08-20 14:06:06 [1/662/662] [stage2-fhs-dirs] Starting artifact creation 
3 15-08-20 14:06:06 [1/662/662] [stage2-fhs-dirs] splitting chunk 
3 15-08-20 14:06:06 [1/662/662] [stage2-fhs-dirs] Bah! I could have cached stage2-fhs-dirs.720694aabff97560c1a93e2697f22f563250493e1691290819c5c92fe2944cab
3 15-08-20 14:06:06 [1/662/662] [stage2-fhs-dirs] Elapsed time for artifact creation 00:00:00
3 15-08-20 14:06:06 [1/662/662] [stage2-fhs-dirs] Cleaned up /src/tmp/tmp9gOHiL
3 15-08-20 14:06:06 [1/662/662] [stage2-fhs-dirs] Elapsed time for assembly 00:00:00
3 15-08-20 14:06:06 [1/662/662] [make] Installing stage2-fhs-dirs.720694aabff97560c1a93e2697f22f563250493e1691290819c5c92fe2944cab 
3 15-08-20 14:06:06 [1/662/662] [stage2-fhs-dirs] loaded metadata for strata/build-essential/stage2-fhs-dirs.morph
3 15-08-20 14:06:06 [1/662/662] [glibc] Starting assembly 
3 15-08-20 14:06:06 [1/662/662] [stage2-binutils] Starting assembly 
3 15-08-20 14:06:06 [1/662/662] [stage2-linux-api-headers] Starting assembly 
3 15-08-20 14:06:06 [1/662/662] [stage1-binutils] Starting assembly 
3 15-08-20 14:06:06 [2/662/662] [stage1-binutils] Starting build 
3 15-08-20 14:06:08 [2/662/662] [stage1-binutils] Git checkout upstream:binutils-tarball in /src/tmp/tmpeKKoSQ/stage1-binutils.build 
3 15-08-20 14:06:08 [2/662/662] [stage1-binutils] Upstream version 5500a97a binutils-2.25 (binutils-2.25 + 0 commits) 
3 15-08-20 14:06:08 [2/662/662] [stage1-binutils] Defined build system is autotools
3 15-08-20 14:06:08 [2/662/662] [stage1-binutils] Logging build commands to /src/artifacts/stage1-binutils.dac85c48b260aa710b7910ab871bf5b5cce1e27910bf090b4b60bf2dc35fbbbb.build-log.3 
3 15-08-20 14:06:08 [2/662/662] [stage1-binutils] Running configure-commands
3 15-08-20 14:06:08 [2/662/662] [stage1-binutils] Running command:
./configure --prefix="$PREFIX" --disable-nls --disable-werror \
  --build=$(sh config.guess) \
  --host=$(sh config.guess) \
  --target=$TARGET_STAGE1 \
  --with-sysroot=/nonexistentdir --with-lib-path="=$PREFIX/lib:=$PREFIX/lib64"
 
 14:06:06 [ntpd] Git repo is mirrored at /src/gits/git___git_baserock_org_delta_ntp
0 15-08-20 14:06:06 [ntpd] Cache_key is ntpd.f9fccdfe2309c17a269e0f0cd75b0fc61908cf10af16d25f3c65ee93f1ab9c8f
0 15-08-20 14:06:06 [ntpd] Cache_key is ntpd.b98711d68de0c5ffc047c47df0f7885268b758f95bed4a642ec5fb3b63888b7b
0 15-08-20 14:06:06 [openstack-system-x86_64] Cache_key is openstack-system-x86_64.1c8fa9bd82ac4604ebed16cb3b1423ceda7affba4691666c5840a0df43cc140c
0 15-08-20 14:06:06 [ci] Cache_key is ci.4d736d2306d1277e711e26c28d3fe9b3afc40f1b6e4d7a61ec78827e91170945
0 15-08-20 14:06:06 [CACHE-KEYS] Elapsed time for cache-key calculations 01:06:55
0 15-08-20 14:06:06 [clusters/ci.morph] Sandbox using <module 'sandboxlib.chroot' from '/usr/local/lib/python2.7/site-packages/sandboxlib/chroot.pyc'> 
0 15-08-20 14:06:06 [clusters/ci.morph] WARNING: rogue builds in a chroot sandbox may overwrite your system 
4 15-08-20 14:06:06 [FORKS] I am fork 4
4 15-08-20 14:06:06 [ci] Starting assembly 
4 15-08-20 14:06:06 [genivi-baseline-system-x86_64-generic] Starting assembly 
4 15-08-20 14:06:06 [wayland-generic] Starting assembly 
4 15-08-20 14:06:06 [libxkbcommon] Starting assembly 
4 15-08-20 14:06:06 [xorg-util-macros-common] Starting assembly 
4 15-08-20 14:06:06 [core] Starting assembly 
4 15-08-20 14:06:06 [bzip2] Starting assembly 
4 15-08-20 14:06:06 [build-essential] Starting assembly 
4 15-08-20 14:06:06 [ccache] Starting assembly 
4 15-08-20 14:06:06 [stage2-binutils] Starting assembly 
4 15-08-20 14:06:06 [stage2-linux-api-headers] Starting assembly 
4 15-08-20 14:06:06 [stage1-binutils] Starting assembly 
4 15-08-20 14:06:06 [1/662/662] [stage1-binutils] Starting build 
4 15-08-20 14:06:08 [1/662/662] [stage1-binutils] Git checkout upstream:binutils-tarball in /src/tmp/tmpv9HMpe/stage1-binutils.build 
4 15-08-20 14:06:08 [1/662/662] [stage1-binutils] Upstream version 5500a97a binutils-2.25 (binutils-2.25 + 0 commits) 
4 15-08-20 14:06:08 [1/662/662] [stage1-binutils] Defined build system is autotools
4 15-08-20 14:06:08 [1/662/662] [stage1-binutils] Logging build commands to /src/artifacts/stage1-binutils.dac85c48b260aa710b7910ab871bf5b5cce1e27910bf090b4b60bf2dc35fbbbb.build-log.4 
4 15-08-20 14:06:08 [1/662/662] [stage1-binutils] Running configure-commands
4 15-08-20 14:06:08 [1/662/662] [stage1-binutils] Running command:
./configure --prefix="$PREFIX" --disable-nls --disable-werror \
  --build=$(sh config.guess) \
  --host=$(sh config.guess) \
  --target=$TARGET_STAGE1 \
  --with-sysroot=/nonexistentdir --with-lib-path="=$PREFIX/lib:=$PREFIX/lib64"
 
 14:06:06 [ntpd] Git repo is mirrored at /src/gits/git___git_baserock_org_delta_ntp
0 15-08-20 14:06:06 [ntpd] Cache_key is ntpd.f9fccdfe2309c17a269e0f0cd75b0fc61908cf10af16d25f3c65ee93f1ab9c8f
0 15-08-20 14:06:06 [ntpd] Cache_key is ntpd.b98711d68de0c5ffc047c47df0f7885268b758f95bed4a642ec5fb3b63888b7b
0 15-08-20 14:06:06 [openstack-system-x86_64] Cache_key is openstack-system-x86_64.1c8fa9bd82ac4604ebed16cb3b1423ceda7affba4691666c5840a0df43cc140c
0 15-08-20 14:06:06 [ci] Cache_key is ci.4d736d2306d1277e711e26c28d3fe9b3afc40f1b6e4d7a61ec78827e91170945
0 15-08-20 14:06:06 [CACHE-KEYS] Elapsed time for cache-key calculations 01:06:55
0 15-08-20 14:06:06 [clusters/ci.morph] Sandbox using <module 'sandboxlib.chroot' from '/usr/local/lib/python2.7/site-packages/sandboxlib/chroot.pyc'> 
0 15-08-20 14:06:06 [clusters/ci.morph] WARNING: rogue builds in a chroot sandbox may overwrite your system 
2 15-08-20 14:06:06 [FORKS] I am fork 2
2 15-08-20 14:06:06 [ci] Starting assembly 
2 15-08-20 14:06:06 [genivi-baseline-system-x86_64-generic] Starting assembly 
2 15-08-20 14:06:06 [multimedia-common] Starting assembly 
2 15-08-20 14:06:06 [libmad] Starting assembly 
2 15-08-20 14:06:06 [core] Starting assembly 
2 15-08-20 14:06:06 [shadow] Starting assembly 
2 15-08-20 14:06:06 [libtool] Starting assembly 
2 15-08-20 14:06:06 [help2man] Starting assembly 
2 15-08-20 14:06:06 [build-essential] Starting assembly 
2 15-08-20 14:06:06 [m4-tarball] Starting assembly 
2 15-08-20 14:06:06 [stage2-reset-specs] Starting assembly 
2 15-08-20 14:06:06 [stage2-glibc] Starting assembly 
2 15-08-20 14:06:06 [stage1-binutils] Starting assembly 
2 15-08-20 14:06:06 [1/662/662] [stage1-binutils] Starting build 
2 15-08-20 14:06:08 [1/662/662] [stage1-binutils] Git checkout upstream:binutils-tarball in /src/tmp/tmpclGTK5/stage1-binutils.build 
2 15-08-20 14:06:08 [1/662/662] [stage1-binutils] Upstream version 5500a97a binutils-2.25 (binutils-2.25 + 0 commits) 
2 15-08-20 14:06:08 [1/662/662] [stage1-binutils] Defined build system is autotools
2 15-08-20 14:06:08 [1/662/662] [stage1-binutils] Logging build commands to /src/artifacts/stage1-binutils.dac85c48b260aa710b7910ab871bf5b5cce1e27910bf090b4b60bf2dc35fbbbb.build-log.2 
2 15-08-20 14:06:08 [1/662/662] [stage1-binutils] Running configure-commands
2 15-08-20 14:06:08 [1/662/662] [stage1-binutils] Running command:
./configure --prefix="$PREFIX" --disable-nls --disable-werror \
  --build=$(sh config.guess) \
  --host=$(sh config.guess) \
  --target=$TARGET_STAGE1 \
  --with-sysroot=/nonexistentdir --with-lib-path="=$PREFIX/lib:=$PREFIX/lib64"
 
 14:06:06 [ntpd] Git repo is mirrored at /src/gits/git___git_baserock_org_delta_ntp
0 15-08-20 14:06:06 [ntpd] Cache_key is ntpd.f9fccdfe2309c17a269e0f0cd75b0fc61908cf10af16d25f3c65ee93f1ab9c8f
0 15-08-20 14:06:06 [ntpd] Cache_key is ntpd.b98711d68de0c5ffc047c47df0f7885268b758f95bed4a642ec5fb3b63888b7b
0 15-08-20 14:06:06 [openstack-system-x86_64] Cache_key is openstack-system-x86_64.1c8fa9bd82ac4604ebed16cb3b1423ceda7affba4691666c5840a0df43cc140c
0 15-08-20 14:06:06 [ci] Cache_key is ci.4d736d2306d1277e711e26c28d3fe9b3afc40f1b6e4d7a61ec78827e91170945
0 15-08-20 14:06:06 [CACHE-KEYS] Elapsed time for cache-key calculations 01:06:55
0 15-08-20 14:06:06 [clusters/ci.morph] Sandbox using <module 'sandboxlib.chroot' from '/usr/local/lib/python2.7/site-packages/sandboxlib/chroot.pyc'> 
0 15-08-20 14:06:06 [clusters/ci.morph] WARNING: rogue builds in a chroot sandbox may overwrite your system 
0 15-08-20 14:06:06 [ci] Starting assembly 
0 15-08-20 14:06:06 [openstack-system-x86_64] Starting assembly 
0 15-08-20 14:06:06 [openstack-common] Starting assembly 
0 15-08-20 14:06:06 [oslo-config] Starting assembly 
0 15-08-20 14:06:06 [foundation] Starting assembly 
0 15-08-20 14:06:06 [libusb] Starting assembly 
0 15-08-20 14:06:06 [coreutils-common] Starting assembly 
0 15-08-20 14:06:06 [coreutils] Starting assembly 
0 15-08-20 14:06:06 [core] Starting assembly 
0 15-08-20 14:06:06 [attr] Starting assembly 
0 15-08-20 14:06:06 [file] Starting assembly 
0 15-08-20 14:06:06 [build-essential] Starting assembly 
0 15-08-20 14:06:06 [make] Starting assembly 
0 15-08-20 14:06:06 [stage2-gcc] Starting assembly 
0 15-08-20 14:06:06 [stage2-libstdc++] Starting assembly 
0 15-08-20 14:06:06 [stage2-linux-api-headers] Starting assembly 
0 15-08-20 14:06:06 [stage1-binutils] Starting assembly 
0 15-08-20 14:06:06 [1/662/662] [stage1-binutils] Starting build 
0 15-08-20 14:06:08 [1/662/662] [stage1-binutils] Git checkout upstream:binutils-tarball in /src/tmp/tmpi_LWBL/stage1-binutils.build 
0 15-08-20 14:06:08 [1/662/662] [stage1-binutils] Upstream version 5500a97a binutils-2.25 (binutils-2.25 + 0 commits) 
0 15-08-20 14:06:08 [1/662/662] [stage1-binutils] Defined build system is autotools
0 15-08-20 14:06:08 [1/662/662] [stage1-binutils] Logging build commands to /src/artifacts/stage1-binutils.dac85c48b260aa710b7910ab871bf5b5cce1e27910bf090b4b60bf2dc35fbbbb.build-log.0 
0 15-08-20 14:06:08 [1/662/662] [stage1-binutils] Running configure-commands
0 15-08-20 14:06:08 [1/662/662] [stage1-binutils] Running command:
./configure --prefix="$PREFIX" --disable-nls --disable-werror \
  --build=$(sh config.guess) \
  --host=$(sh config.guess) \
  --target=$TARGET_STAGE1 \
  --with-sysroot=/nonexistentdir --with-lib-path="=$PREFIX/lib:=$PREFIX/lib64"
 
1 15-08-20 14:06:09 [2/662/662] [stage1-binutils] Running build-commands
1 15-08-20 14:06:09 [2/662/662] [stage1-binutils] Running command:
make 
3 15-08-20 14:06:09 [2/662/662] [stage1-binutils] Running build-commands
3 15-08-20 14:06:09 [2/662/662] [stage1-binutils] Running command:
make 
4 15-08-20 14:06:09 [1/662/662] [stage1-binutils] Running build-commands
4 15-08-20 14:06:09 [1/662/662] [stage1-binutils] Running command:
make 
2 15-08-20 14:06:09 [1/662/662] [stage1-binutils] Running build-commands
2 15-08-20 14:06:09 [1/662/662] [stage1-binutils] Running command:
make 
0 15-08-20 14:06:10 [1/662/662] [stage1-binutils] Running build-commands
0 15-08-20 14:06:10 [1/662/662] [stage1-binutils] Running command:
make 
3 15-08-20 14:06:38 [2/662/662] [stage1-binutils] Running install-commands
3 15-08-20 14:06:38 [2/662/662] [stage1-binutils] Running command:
make DESTDIR="$DESTDIR" install 
1 15-08-20 14:06:38 [2/662/662] [stage1-binutils] Running install-commands
1 15-08-20 14:06:38 [2/662/662] [stage1-binutils] Running command:
make DESTDIR="$DESTDIR" install 
2 15-08-20 14:06:38 [1/662/662] [stage1-binutils] Running install-commands
2 15-08-20 14:06:38 [1/662/662] [stage1-binutils] Running command:
make DESTDIR="$DESTDIR" install 
4 15-08-20 14:06:38 [1/662/662] [stage1-binutils] Running install-commands
4 15-08-20 14:06:38 [1/662/662] [stage1-binutils] Running command:
make DESTDIR="$DESTDIR" install 
3 15-08-20 14:06:39 [2/662/662] [stage1-binutils] Running strip-commands
3 15-08-20 14:06:39 [2/662/662] [stage1-binutils] Running command:
find "$DESTDIR" -type f \
  '(' -perm -111 -o -name '*.so*' -o -name '*.cmxs' -o -name '*.node' ')' \
  -exec sh -ec \
  'read -n4 hdr <"$1"   # check for elf header
  if [ "$hdr" != "$(printf \x7ELF)" ]; then
    exit 0
  fi
  debugfile="$DESTDIR$PREFIX/lib/debug/$(basename "$1")"
  mkdir -p "$(dirname "$debugfile")"
  objcopy --only-keep-debug "$1" "$debugfile"
  chmod 644 "$debugfile"
  strip --remove-section=.comment --remove-section=.note --strip-unneeded "$1"
  objcopy --add-gnu-debuglink "$debugfile" "$1"' - {} ';'
 
1 15-08-20 14:06:39 [2/662/662] [stage1-binutils] Running strip-commands
1 15-08-20 14:06:39 [2/662/662] [stage1-binutils] Running command:
find "$DESTDIR" -type f \
  '(' -perm -111 -o -name '*.so*' -o -name '*.cmxs' -o -name '*.node' ')' \
  -exec sh -ec \
  'read -n4 hdr <"$1"   # check for elf header
  if [ "$hdr" != "$(printf \x7ELF)" ]; then
    exit 0
  fi
  debugfile="$DESTDIR$PREFIX/lib/debug/$(basename "$1")"
  mkdir -p "$(dirname "$debugfile")"
  objcopy --only-keep-debug "$1" "$debugfile"
  chmod 644 "$debugfile"
  strip --remove-section=.comment --remove-section=.note --strip-unneeded "$1"
  objcopy --add-gnu-debuglink "$debugfile" "$1"' - {} ';'
 
2 15-08-20 14:06:39 [1/662/662] [stage1-binutils] Running strip-commands
2 15-08-20 14:06:39 [1/662/662] [stage1-binutils] Running command:
find "$DESTDIR" -type f \
  '(' -perm -111 -o -name '*.so*' -o -name '*.cmxs' -o -name '*.node' ')' \
  -exec sh -ec \
  'read -n4 hdr <"$1"   # check for elf header
  if [ "$hdr" != "$(printf \x7ELF)" ]; then
    exit 0
  fi
  debugfile="$DESTDIR$PREFIX/lib/debug/$(basename "$1")"
  mkdir -p "$(dirname "$debugfile")"
  objcopy --only-keep-debug "$1" "$debugfile"
  chmod 644 "$debugfile"
  strip --remove-section=.comment --remove-section=.note --strip-unneeded "$1"
  objcopy --add-gnu-debuglink "$debugfile" "$1"' - {} ';'
 
0 15-08-20 14:06:40 [1/662/662] [stage1-binutils] Running install-commands
0 15-08-20 14:06:40 [1/662/662] [stage1-binutils] Running command:
make DESTDIR="$DESTDIR" install 
4 15-08-20 14:06:40 [1/662/662] [stage1-binutils] Running strip-commands
4 15-08-20 14:06:40 [1/662/662] [stage1-binutils] Running command:
find "$DESTDIR" -type f \
  '(' -perm -111 -o -name '*.so*' -o -name '*.cmxs' -o -name '*.node' ')' \
  -exec sh -ec \
  'read -n4 hdr <"$1"   # check for elf header
  if [ "$hdr" != "$(printf \x7ELF)" ]; then
    exit 0
  fi
  debugfile="$DESTDIR$PREFIX/lib/debug/$(basename "$1")"
  mkdir -p "$(dirname "$debugfile")"
  objcopy --only-keep-debug "$1" "$debugfile"
  chmod 644 "$debugfile"
  strip --remove-section=.comment --remove-section=.note --strip-unneeded "$1"
  objcopy --add-gnu-debuglink "$debugfile" "$1"' - {} ';'
 
0 15-08-20 14:06:41 [1/662/662] [stage1-binutils] Running strip-commands
0 15-08-20 14:06:41 [1/662/662] [stage1-binutils] Running command:
find "$DESTDIR" -type f \
  '(' -perm -111 -o -name '*.so*' -o -name '*.cmxs' -o -name '*.node' ')' \
  -exec sh -ec \
  'read -n4 hdr <"$1"   # check for elf header
  if [ "$hdr" != "$(printf \x7ELF)" ]; then
    exit 0
  fi
  debugfile="$DESTDIR$PREFIX/lib/debug/$(basename "$1")"
  mkdir -p "$(dirname "$debugfile")"
  objcopy --only-keep-debug "$1" "$debugfile"
  chmod 644 "$debugfile"
  strip --remove-section=.comment --remove-section=.note --strip-unneeded "$1"
  objcopy --add-gnu-debuglink "$debugfile" "$1"' - {} ';'
 
2 15-08-20 14:06:39 [1/662/662] [stage1-binutils] Elapsed time for build 00:00:33
2 15-08-20 14:06:39 [1/662/662] [stage1-binutils] Starting artifact creation 
2 15-08-20 14:06:39 [1/662/662] [stage1-binutils] splitting chunk 
2 15-08-20 14:07:03 [1/662/662] [stage1-binutils] Bah! I raced and rebuilt stage1-binutils.dac85c48b260aa710b7910ab871bf5b5cce1e27910bf090b4b60bf2dc35fbbbb
2 15-08-20 14:07:03 [1/662/662] [stage1-binutils] Elapsed time for artifact creation 00:00:23
2 15-08-20 14:07:03 [1/662/662] [stage1-binutils] Cleaned up /src/tmp/tmpclGTK5
2 15-08-20 14:07:03 [1/662/662] [stage1-binutils] Elapsed time for assembly 00:00:57
2 15-08-20 14:07:03 [1/662/662] [stage2-glibc] Installing stage1-binutils.dac85c48b260aa710b7910ab871bf5b5cce1e27910bf090b4b60bf2dc35fbbbb 
2 15-08-20 14:07:03 [1/662/662] [stage1-binutils] loaded metadata for strata/build-essential/stage1-binutils.morph
2 15-08-20 14:07:03 [1/662/662] [stage1-gcc] Starting assembly 
2 15-08-20 14:07:03 [1/662/662] [stage1-binutils] loaded metadata for stage1-binutils
2 15-08-20 14:07:03 [1/662/662] [stage1-gcc] Installing stage1-binutils.dac85c48b260aa710b7910ab871bf5b5cce1e27910bf090b4b60bf2dc35fbbbb 
2 15-08-20 14:07:03 [2/662/662] [stage1-gcc] Starting build 
2 15-08-20 14:07:20 [2/662/662] [stage1-gcc] Git checkout upstream:gcc-tarball in /src/tmp/tmprcih6O/stage1-gcc.build 
2 15-08-20 14:07:21 [2/662/662] [stage1-gcc] Upstream version b3c9b176 (No tag found) 
2 15-08-20 14:07:27 [2/662/662] [stage1-gcc] Defined build system is manual
2 15-08-20 14:07:27 [2/662/662] [stage1-gcc] Logging build commands to /src/artifacts/stage1-gcc.53687a18c4d5992c2ada2b6e3c95b1f07712315c32de33b36e94691ddaf40a1f.build-log.2 
2 15-08-20 14:07:27 [2/662/662] [stage1-gcc] Running configure-commands
2 15-08-20 14:07:27 [2/662/662] [stage1-gcc] Running command:
sed -i -e '/k prot/a \
gcc_cv_libc_provides_ssp=yes
' gcc/configure
 
1 15-08-20 14:06:39 [2/662/662] [stage1-binutils] Elapsed time for build 00:00:33
1 15-08-20 14:06:39 [2/662/662] [stage1-binutils] Starting artifact creation 
1 15-08-20 14:06:39 [2/662/662] [stage1-binutils] splitting chunk 
1 15-08-20 14:07:03 [2/662/662] [stage1-binutils] Bah! I raced and rebuilt stage1-binutils.dac85c48b260aa710b7910ab871bf5b5cce1e27910bf090b4b60bf2dc35fbbbb
1 15-08-20 14:07:03 [2/662/662] [stage1-binutils] Elapsed time for artifact creation 00:00:23
1 15-08-20 14:07:03 [2/662/662] [stage1-binutils] Cleaned up /src/tmp/tmpnmXanV
1 15-08-20 14:07:03 [2/662/662] [stage1-binutils] Elapsed time for assembly 00:00:57
1 15-08-20 14:07:03 [2/662/662] [stage1-gcc] Installing stage1-binutils.dac85c48b260aa710b7910ab871bf5b5cce1e27910bf090b4b60bf2dc35fbbbb 
1 15-08-20 14:07:03 [2/662/662] [stage1-binutils] loaded metadata for strata/build-essential/stage1-binutils.morph
1 15-08-20 14:07:03 [3/662/662] [stage1-gcc] Starting build 
1 15-08-20 14:07:20 [3/662/662] [stage1-gcc] Git checkout upstream:gcc-tarball in /src/tmp/tmpwPvHRz/stage1-gcc.build 
1 15-08-20 14:07:21 [3/662/662] [stage1-gcc] Upstream version b3c9b176 (No tag found) 
1 15-08-20 14:07:27 [3/662/662] [stage1-gcc] Defined build system is manual
1 15-08-20 14:07:27 [3/662/662] [stage1-gcc] Logging build commands to /src/artifacts/stage1-gcc.53687a18c4d5992c2ada2b6e3c95b1f07712315c32de33b36e94691ddaf40a1f.build-log.1 
1 15-08-20 14:07:27 [3/662/662] [stage1-gcc] Running configure-commands
1 15-08-20 14:07:27 [3/662/662] [stage1-gcc] Running command:
sed -i -e '/k prot/a \
gcc_cv_libc_provides_ssp=yes
' gcc/configure
 
2 15-08-20 14:07:27 [2/662/662] [stage1-gcc] Running command:
mkdir o 
1 15-08-20 14:07:27 [3/662/662] [stage1-gcc] Running command:
mkdir o 
2 15-08-20 14:07:27 [2/662/662] [stage1-gcc] Running command:
case "$MORPH_ARCH" in
    armv7lhf) ARCH_FLAGS="--with-arch=armv7-a \
                          --with-cpu=cortex-a9 \
                          --with-tune=cortex-a9 \
                          --with-fpu=vfpv3-d16 \
                          --with-float=hard" ;;
    armv7*)   ARCH_FLAGS="--with-arch=armv7-a" ;;
esac

cd o && ../configure                                        \
          $ARCH_FLAGS                                       \
          --build=$(sh ../config.guess)                     \
          --host=$(sh ../config.guess)                      \
          --target=$TARGET_STAGE1                           \
          --prefix="$PREFIX"                                \
  `# [1]` --libdir="$PREFIX/lib"                            \
  `# [2]` --with-sysroot=/nonexistentdir                    \
          --with-newlib                                     \
  `# [3]` --with-local-prefix="$PREFIX"                     \
  `# [4]` --with-native-system-header-dir="$PREFIX/include" \
          --without-headers                                 \
          --disable-nls                                     \
          --disable-shared                                  \
          --disable-multilib                                \
  `# [5]` --disable-decimal-float                           \
  `# [5]` --disable-threads                                 \
  `# [5]` --disable-libatomic                               \
  `# [5]` --disable-libgomp                                 \
  `# [5]` --disable-libitm                                  \
  `# [5]` --disable-libquadmath                             \
  `# [5]` --disable-libsanitizer                            \
  `# [5]` --disable-libssp                                  \
  `# [5]` --disable-libvtv                                  \
  `# [5]` --disable-libcilkrts                              \
  `# [5]` --disable-libstdc++-v3                            \
          --enable-languages=c,c++
 
1 15-08-20 14:07:27 [3/662/662] [stage1-gcc] Running command:
case "$MORPH_ARCH" in
    armv7lhf) ARCH_FLAGS="--with-arch=armv7-a \
                          --with-cpu=cortex-a9 \
                          --with-tune=cortex-a9 \
                          --with-fpu=vfpv3-d16 \
                          --with-float=hard" ;;
    armv7*)   ARCH_FLAGS="--with-arch=armv7-a" ;;
esac

cd o && ../configure                                        \
          $ARCH_FLAGS                                       \
          --build=$(sh ../config.guess)                     \
          --host=$(sh ../config.guess)                      \
          --target=$TARGET_STAGE1                           \
          --prefix="$PREFIX"                                \
  `# [1]` --libdir="$PREFIX/lib"                            \
  `# [2]` --with-sysroot=/nonexistentdir                    \
          --with-newlib                                     \
  `# [3]` --with-local-prefix="$PREFIX"                     \
  `# [4]` --with-native-system-header-dir="$PREFIX/include" \
          --without-headers                                 \
          --disable-nls                                     \
          --disable-shared                                  \
          --disable-multilib                                \
  `# [5]` --disable-decimal-float                           \
  `# [5]` --disable-threads                                 \
  `# [5]` --disable-libatomic                               \
  `# [5]` --disable-libgomp                                 \
  `# [5]` --disable-libitm                                  \
  `# [5]` --disable-libquadmath                             \
  `# [5]` --disable-libsanitizer                            \
  `# [5]` --disable-libssp                                  \
  `# [5]` --disable-libvtv                                  \
  `# [5]` --disable-libcilkrts                              \
  `# [5]` --disable-libstdc++-v3                            \
          --enable-languages=c,c++
 
3 15-08-20 14:06:39 [2/662/662] [stage1-binutils] Elapsed time for build 00:00:33
3 15-08-20 14:06:39 [2/662/662] [stage1-binutils] Starting artifact creation 
3 15-08-20 14:06:39 [2/662/662] [stage1-binutils] splitting chunk 
3 15-08-20 14:07:02 [2/662/662] [stage1-binutils] Now cached 32017592 bytes as stage1-binutils.dac85c48b260aa710b7910ab871bf5b5cce1e27910bf090b4b60bf2dc35fbbbb
3 15-08-20 14:07:02 [2/662/662] [stage1-binutils] Elapsed time for artifact creation 00:00:23
3 15-08-20 14:07:03 [2/662/662] [stage1-binutils] Cleaned up /src/tmp/tmpeKKoSQ
3 15-08-20 14:07:03 [2/662/662] [stage1-binutils] Elapsed time for assembly 00:00:56
3 15-08-20 14:07:03 [2/662/662] [stage2-linux-api-headers] Installing stage1-binutils.dac85c48b260aa710b7910ab871bf5b5cce1e27910bf090b4b60bf2dc35fbbbb 
3 15-08-20 14:07:03 [2/662/662] [stage1-binutils] loaded metadata for strata/build-essential/stage1-binutils.morph
3 15-08-20 14:07:04 [2/662/662] [stage1-gcc] Starting assembly 
3 15-08-20 14:07:04 [2/662/662] [stage1-binutils] loaded metadata for stage1-binutils
3 15-08-20 14:07:04 [2/662/662] [stage1-gcc] Installing stage1-binutils.dac85c48b260aa710b7910ab871bf5b5cce1e27910bf090b4b60bf2dc35fbbbb 
3 15-08-20 14:07:04 [3/662/662] [stage1-gcc] Starting build 
3 15-08-20 14:07:22 [3/662/662] [stage1-gcc] Git checkout upstream:gcc-tarball in /src/tmp/tmpKmIZTZ/stage1-gcc.build 
3 15-08-20 14:07:22 [3/662/662] [stage1-gcc] Upstream version b3c9b176 (No tag found) 
3 15-08-20 14:07:28 [3/662/662] [stage1-gcc] Defined build system is manual
3 15-08-20 14:07:28 [3/662/662] [stage1-gcc] Logging build commands to /src/artifacts/stage1-gcc.53687a18c4d5992c2ada2b6e3c95b1f07712315c32de33b36e94691ddaf40a1f.build-log.3 
3 15-08-20 14:07:28 [3/662/662] [stage1-gcc] Running configure-commands
3 15-08-20 14:07:28 [3/662/662] [stage1-gcc] Running command:
sed -i -e '/k prot/a \
gcc_cv_libc_provides_ssp=yes
' gcc/configure
 
3 15-08-20 14:07:28 [3/662/662] [stage1-gcc] Running command:
mkdir o 
3 15-08-20 14:07:28 [3/662/662] [stage1-gcc] Running command:
case "$MORPH_ARCH" in
    armv7lhf) ARCH_FLAGS="--with-arch=armv7-a \
                          --with-cpu=cortex-a9 \
                          --with-tune=cortex-a9 \
                          --with-fpu=vfpv3-d16 \
                          --with-float=hard" ;;
    armv7*)   ARCH_FLAGS="--with-arch=armv7-a" ;;
esac

cd o && ../configure                                        \
          $ARCH_FLAGS                                       \
          --build=$(sh ../config.guess)                     \
          --host=$(sh ../config.guess)                      \
          --target=$TARGET_STAGE1                           \
          --prefix="$PREFIX"                                \
  `# [1]` --libdir="$PREFIX/lib"                            \
  `# [2]` --with-sysroot=/nonexistentdir                    \
          --with-newlib                                     \
  `# [3]` --with-local-prefix="$PREFIX"                     \
  `# [4]` --with-native-system-header-dir="$PREFIX/include" \
          --without-headers                                 \
          --disable-nls                                     \
          --disable-shared                                  \
          --disable-multilib                                \
  `# [5]` --disable-decimal-float                           \
  `# [5]` --disable-threads                                 \
  `# [5]` --disable-libatomic                               \
  `# [5]` --disable-libgomp                                 \
  `# [5]` --disable-libitm                                  \
  `# [5]` --disable-libquadmath                             \
  `# [5]` --disable-libsanitizer                            \
  `# [5]` --disable-libssp                                  \
  `# [5]` --disable-libvtv                                  \
  `# [5]` --disable-libcilkrts                              \
  `# [5]` --disable-libstdc++-v3                            \
          --enable-languages=c,c++
 
4 15-08-20 14:06:40 [1/662/662] [stage1-binutils] Elapsed time for build 00:00:34
4 15-08-20 14:06:40 [1/662/662] [stage1-binutils] Starting artifact creation 
4 15-08-20 14:06:40 [1/662/662] [stage1-binutils] splitting chunk 
4 15-08-20 14:07:03 [1/662/662] [stage1-binutils] Bah! I raced and rebuilt stage1-binutils.dac85c48b260aa710b7910ab871bf5b5cce1e27910bf090b4b60bf2dc35fbbbb
4 15-08-20 14:07:03 [1/662/662] [stage1-binutils] Elapsed time for artifact creation 00:00:23
4 15-08-20 14:07:04 [1/662/662] [stage1-binutils] Cleaned up /src/tmp/tmpv9HMpe
4 15-08-20 14:07:04 [1/662/662] [stage1-binutils] Elapsed time for assembly 00:00:58
4 15-08-20 14:07:04 [1/662/662] [stage2-linux-api-headers] Installing stage1-binutils.dac85c48b260aa710b7910ab871bf5b5cce1e27910bf090b4b60bf2dc35fbbbb 
4 15-08-20 14:07:04 [1/662/662] [stage1-binutils] loaded metadata for strata/build-essential/stage1-binutils.morph
4 15-08-20 14:07:04 [1/662/662] [stage1-gcc] Starting assembly 
4 15-08-20 14:07:04 [1/662/662] [stage1-binutils] loaded metadata for stage1-binutils
4 15-08-20 14:07:04 [1/662/662] [stage1-gcc] Installing stage1-binutils.dac85c48b260aa710b7910ab871bf5b5cce1e27910bf090b4b60bf2dc35fbbbb 
4 15-08-20 14:07:04 [2/662/662] [stage1-gcc] Starting build 
4 15-08-20 14:07:25 [2/662/662] [stage1-gcc] Git checkout upstream:gcc-tarball in /src/tmp/tmpXZJyBu/stage1-gcc.build 
4 15-08-20 14:07:25 [2/662/662] [stage1-gcc] Upstream version b3c9b176 (No tag found) 
4 15-08-20 14:07:29 [2/662/662] [stage1-gcc] Defined build system is manual
4 15-08-20 14:07:29 [2/662/662] [stage1-gcc] Logging build commands to /src/artifacts/stage1-gcc.53687a18c4d5992c2ada2b6e3c95b1f07712315c32de33b36e94691ddaf40a1f.build-log.4 
4 15-08-20 14:07:29 [2/662/662] [stage1-gcc] Running configure-commands
4 15-08-20 14:07:29 [2/662/662] [stage1-gcc] Running command:
sed -i -e '/k prot/a \
gcc_cv_libc_provides_ssp=yes
' gcc/configure
 
4 15-08-20 14:07:29 [2/662/662] [stage1-gcc] Running command:
mkdir o 
4 15-08-20 14:07:29 [2/662/662] [stage1-gcc] Running command:
case "$MORPH_ARCH" in
    armv7lhf) ARCH_FLAGS="--with-arch=armv7-a \
                          --with-cpu=cortex-a9 \
                          --with-tune=cortex-a9 \
                          --with-fpu=vfpv3-d16 \
                          --with-float=hard" ;;
    armv7*)   ARCH_FLAGS="--with-arch=armv7-a" ;;
esac

cd o && ../configure                                        \
          $ARCH_FLAGS                                       \
          --build=$(sh ../config.guess)                     \
          --host=$(sh ../config.guess)                      \
          --target=$TARGET_STAGE1                           \
          --prefix="$PREFIX"                                \
  `# [1]` --libdir="$PREFIX/lib"                            \
  `# [2]` --with-sysroot=/nonexistentdir                    \
          --with-newlib                                     \
  `# [3]` --with-local-prefix="$PREFIX"                     \
  `# [4]` --with-native-system-header-dir="$PREFIX/include" \
          --without-headers                                 \
          --disable-nls                                     \
          --disable-shared                                  \
          --disable-multilib                                \
  `# [5]` --disable-decimal-float                           \
  `# [5]` --disable-threads                                 \
  `# [5]` --disable-libatomic                               \
  `# [5]` --disable-libgomp                                 \
  `# [5]` --disable-libitm                                  \
  `# [5]` --disable-libquadmath                             \
  `# [5]` --disable-libsanitizer                            \
  `# [5]` --disable-libssp                                  \
  `# [5]` --disable-libvtv                                  \
  `# [5]` --disable-libcilkrts                              \
  `# [5]` --disable-libstdc++-v3                            \
          --enable-languages=c,c++
 
0 15-08-20 14:06:41 [1/662/662] [stage1-binutils] Elapsed time for build 00:00:34
0 15-08-20 14:06:41 [1/662/662] [stage1-binutils] Starting artifact creation 
0 15-08-20 14:06:41 [1/662/662] [stage1-binutils] splitting chunk 
0 15-08-20 14:07:04 [1/662/662] [stage1-binutils] Bah! I raced and rebuilt stage1-binutils.dac85c48b260aa710b7910ab871bf5b5cce1e27910bf090b4b60bf2dc35fbbbb
0 15-08-20 14:07:04 [1/662/662] [stage1-binutils] Elapsed time for artifact creation 00:00:23
0 15-08-20 14:07:05 [1/662/662] [stage1-binutils] Cleaned up /src/tmp/tmpi_LWBL
0 15-08-20 14:07:05 [1/662/662] [stage1-binutils] Elapsed time for assembly 00:00:58
0 15-08-20 14:07:05 [1/662/662] [stage2-linux-api-headers] Installing stage1-binutils.dac85c48b260aa710b7910ab871bf5b5cce1e27910bf090b4b60bf2dc35fbbbb 
0 15-08-20 14:07:05 [1/662/662] [stage1-binutils] loaded metadata for strata/build-essential/stage1-binutils.morph
0 15-08-20 14:07:05 [1/662/662] [stage1-gcc] Starting assembly 
0 15-08-20 14:07:05 [1/662/662] [stage1-binutils] loaded metadata for stage1-binutils
0 15-08-20 14:07:05 [1/662/662] [stage1-gcc] Installing stage1-binutils.dac85c48b260aa710b7910ab871bf5b5cce1e27910bf090b4b60bf2dc35fbbbb 
0 15-08-20 14:07:05 [2/662/662] [stage1-gcc] Starting build 
0 15-08-20 14:07:28 [2/662/662] [stage1-gcc] Git checkout upstream:gcc-tarball in /src/tmp/tmpjy5cdL/stage1-gcc.build 
0 15-08-20 14:07:28 [2/662/662] [stage1-gcc] Upstream version b3c9b176 (No tag found) 
0 15-08-20 14:07:31 [2/662/662] [stage1-gcc] Defined build system is manual
0 15-08-20 14:07:31 [2/662/662] [stage1-gcc] Logging build commands to /src/artifacts/stage1-gcc.53687a18c4d5992c2ada2b6e3c95b1f07712315c32de33b36e94691ddaf40a1f.build-log.0 
0 15-08-20 14:07:31 [2/662/662] [stage1-gcc] Running configure-commands
0 15-08-20 14:07:31 [2/662/662] [stage1-gcc] Running command:
sed -i -e '/k prot/a \
gcc_cv_libc_provides_ssp=yes
' gcc/configure
 
0 15-08-20 14:07:31 [2/662/662] [stage1-gcc] Running command:
mkdir o 
0 15-08-20 14:07:31 [2/662/662] [stage1-gcc] Running command:
case "$MORPH_ARCH" in
    armv7lhf) ARCH_FLAGS="--with-arch=armv7-a \
                          --with-cpu=cortex-a9 \
                          --with-tune=cortex-a9 \
                          --with-fpu=vfpv3-d16 \
                          --with-float=hard" ;;
    armv7*)   ARCH_FLAGS="--with-arch=armv7-a" ;;
esac

cd o && ../configure                                        \
          $ARCH_FLAGS                                       \
          --build=$(sh ../config.guess)                     \
          --host=$(sh ../config.guess)                      \
          --target=$TARGET_STAGE1                           \
          --prefix="$PREFIX"                                \
  `# [1]` --libdir="$PREFIX/lib"                            \
  `# [2]` --with-sysroot=/nonexistentdir                    \
          --with-newlib                                     \
  `# [3]` --with-local-prefix="$PREFIX"                     \
  `# [4]` --with-native-system-header-dir="$PREFIX/include" \
          --without-headers                                 \
          --disable-nls                                     \
          --disable-shared                                  \
          --disable-multilib                                \
  `# [5]` --disable-decimal-float                           \
  `# [5]` --disable-threads                                 \
  `# [5]` --disable-libatomic                               \
  `# [5]` --disable-libgomp                                 \
  `# [5]` --disable-libitm                                  \
  `# [5]` --disable-libquadmath                             \
  `# [5]` --disable-libsanitizer                            \
  `# [5]` --disable-libssp                                  \
  `# [5]` --disable-libvtv                                  \
  `# [5]` --disable-libcilkrts                              \
  `# [5]` --disable-libstdc++-v3                            \
          --enable-languages=c,c++
 
2 15-08-20 14:07:31 [2/662/662] [stage1-gcc] Running build-commands
2 15-08-20 14:07:31 [2/662/662] [stage1-gcc] Running command:
# GCC is not passing the correct host/target flags to GMP's configure
# script, which causes it to not use the machine-dependent code for
# the platform and use the generic one instead.  However, the generic
# code results on an undefined reference to `__gmpn_invert_limb' in
# ARMv7.  Fix the invocation of GMP's configure script so that GMP can
# use the machine-dependent code.
case "$MORPH_ARCH" in
    armv5*)   sed -i "s/--host=none/--host=armv5/" o/Makefile
              sed -i "s/--target=none/--target=armv5/" o/Makefile ;;
    armv7*)   sed -i "s/--host=none/--host=armv7a/" o/Makefile
              sed -i "s/--target=none/--target=armv7a/" o/Makefile ;;
esac
cd o && make
 
1 15-08-20 14:07:31 [3/662/662] [stage1-gcc] Running build-commands
1 15-08-20 14:07:31 [3/662/662] [stage1-gcc] Running command:
# GCC is not passing the correct host/target flags to GMP's configure
# script, which causes it to not use the machine-dependent code for
# the platform and use the generic one instead.  However, the generic
# code results on an undefined reference to `__gmpn_invert_limb' in
# ARMv7.  Fix the invocation of GMP's configure script so that GMP can
# use the machine-dependent code.
case "$MORPH_ARCH" in
    armv5*)   sed -i "s/--host=none/--host=armv5/" o/Makefile
              sed -i "s/--target=none/--target=armv5/" o/Makefile ;;
    armv7*)   sed -i "s/--host=none/--host=armv7a/" o/Makefile
              sed -i "s/--target=none/--target=armv7a/" o/Makefile ;;
esac
cd o && make
 
3 15-08-20 14:07:31 [3/662/662] [stage1-gcc] Running build-commands
3 15-08-20 14:07:31 [3/662/662] [stage1-gcc] Running command:
# GCC is not passing the correct host/target flags to GMP's configure
# script, which causes it to not use the machine-dependent code for
# the platform and use the generic one instead.  However, the generic
# code results on an undefined reference to `__gmpn_invert_limb' in
# ARMv7.  Fix the invocation of GMP's configure script so that GMP can
# use the machine-dependent code.
case "$MORPH_ARCH" in
    armv5*)   sed -i "s/--host=none/--host=armv5/" o/Makefile
              sed -i "s/--target=none/--target=armv5/" o/Makefile ;;
    armv7*)   sed -i "s/--host=none/--host=armv7a/" o/Makefile
              sed -i "s/--target=none/--target=armv7a/" o/Makefile ;;
esac
cd o && make
 
4 15-08-20 14:07:32 [2/662/662] [stage1-gcc] Running build-commands
4 15-08-20 14:07:32 [2/662/662] [stage1-gcc] Running command:
# GCC is not passing the correct host/target flags to GMP's configure
# script, which causes it to not use the machine-dependent code for
# the platform and use the generic one instead.  However, the generic
# code results on an undefined reference to `__gmpn_invert_limb' in
# ARMv7.  Fix the invocation of GMP's configure script so that GMP can
# use the machine-dependent code.
case "$MORPH_ARCH" in
    armv5*)   sed -i "s/--host=none/--host=armv5/" o/Makefile
              sed -i "s/--target=none/--target=armv5/" o/Makefile ;;
    armv7*)   sed -i "s/--host=none/--host=armv7a/" o/Makefile
              sed -i "s/--target=none/--target=armv7a/" o/Makefile ;;
esac
cd o && make
 
0 15-08-20 14:07:33 [2/662/662] [stage1-gcc] Running build-commands
0 15-08-20 14:07:33 [2/662/662] [stage1-gcc] Running command:
# GCC is not passing the correct host/target flags to GMP's configure
# script, which causes it to not use the machine-dependent code for
# the platform and use the generic one instead.  However, the generic
# code results on an undefined reference to `__gmpn_invert_limb' in
# ARMv7.  Fix the invocation of GMP's configure script so that GMP can
# use the machine-dependent code.
case "$MORPH_ARCH" in
    armv5*)   sed -i "s/--host=none/--host=armv5/" o/Makefile
              sed -i "s/--target=none/--target=armv5/" o/Makefile ;;
    armv7*)   sed -i "s/--host=none/--host=armv7a/" o/Makefile
              sed -i "s/--target=none/--target=armv7a/" o/Makefile ;;
esac
cd o && make
 
3 15-08-20 14:10:44 [3/662/662] [stage1-gcc] Running install-commands
3 15-08-20 14:10:44 [3/662/662] [stage1-gcc] Running command:
cd o && make DESTDIR="$DESTDIR" install 
2 15-08-20 14:10:45 [2/662/662] [stage1-gcc] Running install-commands
2 15-08-20 14:10:45 [2/662/662] [stage1-gcc] Running command:
cd o && make DESTDIR="$DESTDIR" install 
checking whether fixed-point is supported... no
checking whether to use setjmp/longjmp exceptions... no
checking if the linker (/src/tmp/tmpwPvHRz/stage1-gcc.build/o/./gcc/collect-ld) is GNU ld... yes
checking for thread model used by GCC... single
checking whether assembler supports CFI directives... yes
checking for __attribute__((visibility("hidden")))... yes
checking whether the target assembler supports thread-local storage... yes
checking whether the thread-local storage support is from emutls... no
checking for init priority support... yes
configure: updating cache ./config.cache
configure: creating ./config.status
config.status: creating Makefile
config.status: creating auto-target.h
config.status: linking ../../../libgcc/enable-execute-stack-empty.c to enable-execute-stack.c
config.status: linking ../../../libgcc/unwind-generic.h to unwind.h
config.status: linking ../../../libgcc/config/i386/linux-unwind.h to md-unwind-support.h
config.status: linking ../../../libgcc/config/i386/sfp-machine.h to sfp-machine.h
config.status: linking ../../../libgcc/gthr-single.h to gthr-default.h
config.status: executing default commands
../../../libgcc/../config-ml.in: line 130: enable_libstdc++_v3=no: command not found
make[2]: Entering directory `/src/tmp/tmpwPvHRz/stage1-gcc.build/o/x86_64-bootstrap-linux-gnu/libgcc'
# If this is the top-level multilib, build all the other
DEFINES='' HEADERS='../../../libgcc/config/i386/value-unwind.h' \
	../../../libgcc/mkheader.sh > tmp-libgcc_tm.h
# multilibs.
/src/tmp/tmpwPvHRz/stage1-gcc.build/o/./gcc/xgcc -B/src/tmp/tmpwPvHRz/stage1-gcc.build/o/./gcc/ -B/tools/x86_64-bootstrap-linux-gnu/bin/ -B/tools/x86_64-bootstrap-linux-gnu/lib/ -isystem /tools/x86_64-bootstrap-linux-gnu/include -isystem /tools/x86_64-bootstrap-linux-gnu/sys-include    -g -O2 -O2  -g -O2 -DIN_GCC  -DCROSS_DIRECTORY_STRUCTURE  -W -Wall -Wno-narrowing -Wwrite-strings -Wcast-qual -Wstrict-prototypes -Wmissing-prototypes -Wold-style-definition  -isystem ./include   -fpic -mlong-double-80 -g -DIN_LIBGCC2 -fbuilding-libgcc -fno-stack-protector -Dinhibit_libc  -fpic -mlong-double-80 -I. -I. -I../.././gcc -I../../../libgcc -I../../../libgcc/. -I../../../libgcc/../gcc -I../../../libgcc/../include  -DHAVE_CC_TLS  -DUSE_TLS -o morestack_s.o -MT morestack_s.o -MD -MP -MF morestack_s.dep -DSHARED -c -xassembler-with-cpp ../../../libgcc/config/i386/morestack.S
/bin/sh ../../../libgcc/../move-if-change tmp-libgcc_tm.h libgcc_tm.h
dest=../.././gcc/include/tmp$$-unwind.h; \
cp unwind.h $dest; \
chmod a+r $dest; \
sh ../../../libgcc/../move-if-change $dest ../.././gcc/include/unwind.h
echo timestamp > libgcc_tm.stamp
/src/tmp/tmpwPvHRz/stage1-gcc.build/o/./gcc/xgcc -B/src/tmp/tmpwPvHRz/stage1-gcc.build/o/./gcc/ -B/tools/x86_64-bootstrap-linux-gnu/bin/ -B/tools/x86_64-bootstrap-linux-gnu/lib/ -isystem /tools/x86_64-bootstrap-linux-gnu/include -isystem /tools/x86_64-bootstrap-linux-gnu/sys-include    -g -O2 -O2  -g -O2 -DIN_GCC  -DCROSS_DIRECTORY_STRUCTURE  -W -Wall -Wno-narrowing -Wwrite-strings -Wcast-qual -Wstrict-prototypes -Wmissing-prototypes -Wold-style-definition  -isystem ./include   -fpic -mlong-double-80 -g -DIN_LIBGCC2 -fbuilding-libgcc -fno-stack-protector -Dinhibit_libc  -fpic -mlong-double-80 -I. -I. -I../.././gcc -I../../../libgcc -I../../../libgcc/. -I../../../libgcc/../gcc -I../../../libgcc/../include  -DHAVE_CC_TLS  -DUSE_TLS -o _muldi3.o -MT _muldi3.o -MD -MP -MF _muldi3.dep -DL_muldi3 -c ../../../libgcc/libgcc2.c -fvisibility=hidden -DHIDE_EXPORTS
/src/tmp/tmpwPvHRz/stage1-gcc.build/o/./gcc/xgcc -B/src/tmp/tmpwPvHRz/stage1-gcc.build/o/./gcc/ -B/tools/x86_64-bootstrap-linux-gnu/bin/ -B/tools/x86_64-bootstrap-linux-gnu/lib/ -isystem /tools/x86_64-bootstrap-linux-gnu/include -isystem /tools/x86_64-bootstrap-linux-gnu/sys-include    -g -O2 -O2  -g -O2 -DIN_GCC  -DCROSS_DIRECTORY_STRUCTURE  -W -Wall -Wno-narrowing -Wwrite-strings -Wcast-qual -Wstrict-prototypes -Wmissing-prototypes -Wold-style-definition  -isystem ./include   -fpic -mlong-double-80 -g -DIN_LIBGCC2 -fbuilding-libgcc -fno-stack-protector -Dinhibit_libc  -fpic -mlong-double-80 -I. -I. -I../.././gcc -I../../../libgcc -I../../../libgcc/. -I../../../libgcc/../gcc -I../../../libgcc/../include  -DHAVE_CC_TLS  -DUSE_TLS -o _negdi2.o -MT _negdi2.o -MD -MP -MF _negdi2.dep -DL_negdi2 -c ../../../libgcc/libgcc2.c -fvisibility=hidden -DHIDE_EXPORTS
/src/tmp/tmpwPvHRz/stage1-gcc.build/o/./gcc/xgcc -B/src/tmp/tmpwPvHRz/stage1-gcc.build/o/./gcc/ -B/tools/x86_64-bootstrap-linux-gnu/bin/ -B/tools/x86_64-bootstrap-linux-gnu/lib/ -isystem /tools/x86_64-bootstrap-linux-gnu/include -isystem /tools/x86_64-bootstrap-linux-gnu/sys-include    -g -O2 -O2  -g -O2 -DIN_GCC  -DCROSS_DIRECTORY_STRUCTURE  -W -Wall -Wno-narrowing -Wwrite-strings -Wcast-qual -Wstrict-prototypes -Wmissing-prototypes -Wold-style-definition  -isystem ./include   -fpic -mlong-double-80 -g -DIN_LIBGCC2 -fbuilding-libgcc -fno-stack-protector -Dinhibit_libc  -fpic -mlong-double-80 -I. -I. -I../.././gcc -I../../../libgcc -I../../../libgcc/. -I../../../libgcc/../gcc -I../../../libgcc/../include  -DHAVE_CC_TLS  -DUSE_TLS -o _lshrdi3.o -MT _lshrdi3.o -MD -MP -MF _lshrdi3.dep -DL_lshrdi3 -c ../../../libgcc/libgcc2.c -fvisibility=hidden -DHIDE_EXPORTS
/src/tmp/tmpwPvHRz/stage1-gcc.build/o/./gcc/xgcc -B/src/tmp/tmpwPvHRz/stage1-gcc.build/o/./gcc/ -B/tools/x86_64-bootstrap-linux-gnu/bin/ -B/tools/x86_64-bootstrap-linux-gnu/lib/ -isystem /tools/x86_64-bootstrap-linux-gnu/include -isystem /tools/x86_64-bootstrap-linux-gnu/sys-include    -g -O2 -O2  -g -O2 -DIN_GCC  -DCROSS_DIRECTORY_STRUCTURE  -W -Wall -Wno-narrowing -Wwrite-strings -Wcast-qual -Wstrict-prototypes -Wmissing-prototypes -Wold-style-definition  -isystem ./include   -fpic -mlong-double-80 -g -DIN_LIBGCC2 -fbuilding-libgcc -fno-stack-protector -Dinhibit_libc  -fpic -mlong-double-80 -I. -I. -I../.././gcc -I../../../libgcc -I../../../libgcc/. -I../../../libgcc/../gcc -I../../../libgcc/../include  -DHAVE_CC_TLS  -DUSE_TLS -o _ashldi3.o -MT _ashldi3.o -MD -MP -MF _ashldi3.dep -DL_ashldi3 -c ../../../libgcc/libgcc2.c -fvisibility=hidden -DHIDE_EXPORTS
/src/tmp/tmpwPvHRz/stage1-gcc.build/o/./gcc/xgcc -B/src/tmp/tmpwPvHRz/stage1-gcc.build/o/./gcc/ -B/tools/x86_64-bootstrap-linux-gnu/bin/ -B/tools/x86_64-bootstrap-linux-gnu/lib/ -isystem /tools/x86_64-bootstrap-linux-gnu/include -isystem /tools/x86_64-bootstrap-linux-gnu/sys-include    -g -O2 -O2  -g -O2 -DIN_GCC  -DCROSS_DIRECTORY_STRUCTURE  -W -Wall -Wno-narrowing -Wwrite-strings -Wcast-qual -Wstrict-prototypes -Wmissing-prototypes -Wold-style-definition  -isystem ./include   -fpic -mlong-double-80 -g -DIN_LIBGCC2 -fbuilding-libgcc -fno-stack-protector -Dinhibit_libc  -fpic -mlong-double-80 -I. -I. -I../.././gcc -I../../../libgcc -I../../../libgcc/. -I../../../libgcc/../gcc -I../../../libgcc/../include  -DHAVE_CC_TLS  -DUSE_TLS -o _ashrdi3.o -MT _ashrdi3.o -MD -MP -MF _ashrdi3.dep -DL_ashrdi3 -c ../../../libgcc/libgcc2.c -fvisibility=hidden -DHIDE_EXPORTS
/src/tmp/tmpwPvHRz/stage1-gcc.build/o/./gcc/xgcc -B/src/tmp/tmpwPvHRz/stage1-gcc.build/o/./gcc/ -B/tools/x86_64-bootstrap-linux-gnu/bin/ -B/tools/x86_64-bootstrap-linux-gnu/lib/ -isystem /tools/x86_64-bootstrap-linux-gnu/include -isystem /tools/x86_64-bootstrap-linux-gnu/sys-include    -g -O2 -O2  -g -O2 -DIN_GCC  -DCROSS_DIRECTORY_STRUCTURE  -W -Wall -Wno-narrowing -Wwrite-strings -Wcast-qual -Wstrict-prototypes -Wmissing-prototypes -Wold-style-definition  -isystem ./include   -fpic -mlong-double-80 -g -DIN_LIBGCC2 -fbuilding-libgcc -fno-stack-protector -Dinhibit_libc  -fpic -mlong-double-80 -I. -I. -I../.././gcc -I../../../libgcc -I../../../libgcc/. -I../../../libgcc/../gcc -I../../../libgcc/../include  -DHAVE_CC_TLS  -DUSE_TLS -o _cmpdi2.o -MT _cmpdi2.o -MD -MP -MF _cmpdi2.dep -DL_cmpdi2 -c ../../../libgcc/libgcc2.c -fvisibility=hidden -DHIDE_EXPORTS
/src/tmp/tmpwPvHRz/stage1-gcc.build/o/./gcc/xgcc -B/src/tmp/tmpwPvHRz/stage1-gcc.build/o/./gcc/ -B/tools/x86_64-bootstrap-linux-gnu/bin/ -B/tools/x86_64-bootstrap-linux-gnu/lib/ -isystem /tools/x86_64-bootstrap-linux-gnu/include -isystem /tools/x86_64-bootstrap-linux-gnu/sys-include    -g -O2 -O2  -g -O2 -DIN_GCC  -DCROSS_DIRECTORY_STRUCTURE  -W -Wall -Wno-narrowing -Wwrite-strings -Wcast-qual -Wstrict-prototypes -Wmissing-prototypes -Wold-style-definition  -isystem ./include   -fpic -mlong-double-80 -g -DIN_LIBGCC2 -fbuilding-libgcc -fno-stack-protector -Dinhibit_libc  -fpic -mlong-double-80 -I. -I. -I../.././gcc -I../../../libgcc -I../../../libgcc/. -I../../../libgcc/../gcc -I../../../libgcc/../include  -DHAVE_CC_TLS  -DUSE_TLS -o _ucmpdi2.o -MT _ucmpdi2.o -MD -MP -MF _ucmpdi2.dep -DL_ucmpdi2 -c ../../../libgcc/libgcc2.c -fvisibility=hidden -DHIDE_EXPORTS
/src/tmp/tmpwPvHRz/stage1-gcc.build/o/./gcc/xgcc -B/src/tmp/tmpwPvHRz/stage1-gcc.build/o/./gcc/ -B/tools/x86_64-bootstrap-linux-gnu/bin/ -B/tools/x86_64-bootstrap-linux-gnu/lib/ -isystem /tools/x86_64-bootstrap-linux-gnu/include -isystem /tools/x86_64-bootstrap-linux-gnu/sys-include    -g -O2 -O2  -g -O2 -DIN_GCC  -DCROSS_DIRECTORY_STRUCTURE  -W -Wall -Wno-narrowing -Wwrite-strings -Wcast-qual -Wstrict-prototypes -Wmissing-prototypes -Wold-style-definition  -isystem ./include   -fpic -mlong-double-80 -g -DIN_LIBGCC2 -fbuilding-libgcc -fno-stack-protector -Dinhibit_libc  -fpic -mlong-double-80 -I. -I. -I../.././gcc -I../../../libgcc -I../../../libgcc/. -I../../../libgcc/../gcc -I../../../libgcc/../include  -DHAVE_CC_TLS  -DUSE_TLS -o _clear_cache.o -MT _clear_cache.o -MD -MP -MF _clear_cache.dep -DL_clear_cache -c ../../../libgcc/libgcc2.c -fvisibility=hidden -DHIDE_EXPORTS
/src/tmp/tmpwPvHRz/stage1-gcc.build/o/./gcc/xgcc -B/src/tmp/tmpwPvHRz/stage1-gcc.build/o/./gcc/ -B/tools/x86_64-bootstrap-linux-gnu/bin/ -B/tools/x86_64-bootstrap-linux-gnu/lib/ -isystem /tools/x86_64-bootstrap-linux-gnu/include -isystem /tools/x86_64-bootstrap-linux-gnu/sys-include    -g -O2 -O2  -g -O2 -DIN_GCC  -DCROSS_DIRECTORY_STRUCTURE  -W -Wall -Wno-narrowing -Wwrite-strings -Wcast-qual -Wstrict-prototypes -Wmissing-prototypes -Wold-style-definition  -isystem ./include   -fpic -mlong-double-80 -g -DIN_LIBGCC2 -fbuilding-libgcc -fno-stack-protector -Dinhibit_libc  -fpic -mlong-double-80 -I. -I. -I../.././gcc -I../../../libgcc -I../../../libgcc/. -I../../../libgcc/../gcc -I../../../libgcc/../include  -DHAVE_CC_TLS  -DUSE_TLS -o _trampoline.o -MT _trampoline.o -MD -MP -MF _trampoline.dep -DL_trampoline -c ../../../libgcc/libgcc2.c -fvisibility=hidden -DHIDE_EXPORTS
/src/tmp/tmpwPvHRz/stage1-gcc.build/o/./gcc/xgcc -B/src/tmp/tmpwPvHRz/stage1-gcc.build/o/./gcc/ -B/tools/x86_64-bootstrap-linux-gnu/bin/ -B/tools/x86_64-bootstrap-linux-gnu/lib/ -isystem /tools/x86_64-bootstrap-linux-gnu/include -isystem /tools/x86_64-bootstrap-linux-gnu/sys-include    -g -O2 -O2  -g -O2 -DIN_GCC  -DCROSS_DIRECTORY_STRUCTURE  -W -Wall -Wno-narrowing -Wwrite-strings -Wcast-qual -Wstrict-prototypes -Wmissing-prototypes -Wold-style-definition  -isystem ./include   -fpic -mlong-double-80 -g -DIN_LIBGCC2 -fbuilding-libgcc -fno-stack-protector -Dinhibit_libc  -fpic -mlong-double-80 -I. -I. -I../.././gcc -I../../../libgcc -I../../../libgcc/. -I../../../libgcc/../gcc -I../../../libgcc/../include  -DHAVE_CC_TLS  -DUSE_TLS -o __main.o -MT __main.o -MD -MP -MF __main.dep -DL__main -c ../../../libgcc/libgcc2.c -fvisibility=hidden -DHIDE_EXPORTS
/src/tmp/tmpwPvHRz/stage1-gcc.build/o/./gcc/xgcc -B/src/tmp/tmpwPvHRz/stage1-gcc.build/o/./gcc/ -B/tools/x86_64-bootstrap-linux-gnu/bin/ -B/tools/x86_64-bootstrap-linux-gnu/lib/ -isystem /tools/x86_64-bootstrap-linux-gnu/include -isystem /tools/x86_64-bootstrap-linux-gnu/sys-include    -g -O2 -O2  -g -O2 -DIN_GCC  -DCROSS_DIRECTORY_STRUCTURE  -W -Wall -Wno-narrowing -Wwrite-strings -Wcast-qual -Wstrict-prototypes -Wmissing-prototypes -Wold-style-definition  -isystem ./include   -fpic -mlong-double-80 -g -DIN_LIBGCC2 -fbuilding-libgcc -fno-stack-protector -Dinhibit_libc  -fpic -mlong-double-80 -I. -I. -I../.././gcc -I../../../libgcc -I../../../libgcc/. -I../../../libgcc/../gcc -I../../../libgcc/../include  -DHAVE_CC_TLS  -DUSE_TLS -o _absvsi2.o -MT _absvsi2.o -MD -MP -MF _absvsi2.dep -DL_absvsi2 -c ../../../libgcc/libgcc2.c -fvisibility=hidden -DHIDE_EXPORTS
/src/tmp/tmpwPvHRz/stage1-gcc.build/o/./gcc/xgcc -B/src/tmp/tmpwPvHRz/stage1-gcc.build/o/./gcc/ -B/tools/x86_64-bootstrap-linux-gnu/bin/ -B/tools/x86_64-bootstrap-linux-gnu/lib/ -isystem /tools/x86_64-bootstrap-linux-gnu/include -isystem /tools/x86_64-bootstrap-linux-gnu/sys-include    -g -O2 -O2  -g -O2 -DIN_GCC  -DCROSS_DIRECTORY_STRUCTURE  -W -Wall -Wno-narrowing -Wwrite-strings -Wcast-qual -Wstrict-prototypes -Wmissing-prototypes -Wold-style-definition  -isystem ./include   -fpic -mlong-double-80 -g -DIN_LIBGCC2 -fbuilding-libgcc -fno-stack-protector -Dinhibit_libc  -fpic -mlong-double-80 -I. -I. -I../.././gcc -I../../../libgcc -I../../../libgcc/. -I../../../libgcc/../gcc -I../../../libgcc/../include  -DHAVE_CC_TLS  -DUSE_TLS -o _absvdi2.o -MT _absvdi2.o -MD -MP -MF _absvdi2.dep -DL_absvdi2 -c ../../../libgcc/libgcc2.c -fvisibility=hidden -DHIDE_EXPORTS
/src/tmp/tmpwPvHRz/stage1-gcc.build/o/./gcc/xgcc -B/src/tmp/tmpwPvHRz/stage1-gcc.build/o/./gcc/ -B/tools/x86_64-bootstrap-linux-gnu/bin/ -B/tools/x86_64-bootstrap-linux-gnu/lib/ -isystem /tools/x86_64-bootstrap-linux-gnu/include -isystem /tools/x86_64-bootstrap-linux-gnu/sys-include    -g -O2 -O2  -g -O2 -DIN_GCC  -DCROSS_DIRECTORY_STRUCTURE  -W -Wall -Wno-narrowing -Wwrite-strings -Wcast-qual -Wstrict-prototypes -Wmissing-prototypes -Wold-style-definition  -isystem ./include   -fpic -mlong-double-80 -g -DIN_LIBGCC2 -fbuilding-libgcc -fno-stack-protector -Dinhibit_libc  -fpic -mlong-double-80 -I. -I. -I../.././gcc -I../../../libgcc -I../../../libgcc/. -I../../../libgcc/../gcc -I../../../libgcc/../include  -DHAVE_CC_TLS  -DUSE_TLS -o _addvsi3.o -MT _addvsi3.o -MD -MP -MF _addvsi3.dep -DL_addvsi3 -c ../../../libgcc/libgcc2.c -fvisibility=hidden -DHIDE_EXPORTS
/src/tmp/tmpwPvHRz/stage1-gcc.build/o/./gcc/xgcc -B/src/tmp/tmpwPvHRz/stage1-gcc.build/o/./gcc/ -B/tools/x86_64-bootstrap-linux-gnu/bin/ -B/tools/x86_64-bootstrap-linux-gnu/lib/ -isystem /tools/x86_64-bootstrap-linux-gnu/include -isystem /tools/x86_64-bootstrap-linux-gnu/sys-include    -g -O2 -O2  -g -O2 -DIN_GCC  -DCROSS_DIRECTORY_STRUCTURE  -W -Wall -Wno-narrowing -Wwrite-strings -Wcast-qual -Wstrict-prototypes -Wmissing-prototypes -Wold-style-definition  -isystem ./include   -fpic -mlong-double-80 -g -DIN_LIBGCC2 -fbuilding-libgcc -fno-stack-protector -Dinhibit_libc  -fpic -mlong-double-80 -I. -I. -I../.././gcc -I../../../libgcc -I../../../libgcc/. -I../../../libgcc/../gcc -I../../../libgcc/../include  -DHAVE_CC_TLS  -DUSE_TLS -o _addvdi3.o -MT _addvdi3.o -MD -MP -MF _addvdi3.dep -DL_addvdi3 -c ../../../libgcc/libgcc2.c -fvisibility=hidden -DHIDE_EXPORTS
/src/tmp/tmpwPvHRz/stage1-gcc.build/o/./gcc/xgcc -B/src/tmp/tmpwPvHRz/stage1-gcc.build/o/./gcc/ -B/tools/x86_64-bootstrap-linux-gnu/bin/ -B/tools/x86_64-bootstrap-linux-gnu/lib/ -isystem /tools/x86_64-bootstrap-linux-gnu/include -isystem /tools/x86_64-bootstrap-linux-gnu/sys-include    -g -O2 -O2  -g -O2 -DIN_GCC  -DCROSS_DIRECTORY_STRUCTURE  -W -Wall -Wno-narrowing -Wwrite-strings -Wcast-qual -Wstrict-prototypes -Wmissing-prototypes -Wold-style-definition  -isystem ./include   -fpic -mlong-double-80 -g -DIN_LIBGCC2 -fbuilding-libgcc -fno-stack-protector -Dinhibit_libc  -fpic -mlong-double-80 -I. -I. -I../.././gcc -I../../../libgcc -I../../../libgcc/. -I../../../libgcc/../gcc -I../../../libgcc/../include  -DHAVE_CC_TLS  -DUSE_TLS -o _subvsi3.o -MT _subvsi3.o -MD -MP -MF _subvsi3.dep -DL_subvsi3 -c ../../../libgcc/libgcc2.c -fvisibility=hidden -DHIDE_EXPORTS
/src/tmp/tmpwPvHRz/stage1-gcc.build/o/./gcc/xgcc -B/src/tmp/tmpwPvHRz/stage1-gcc.build/o/./gcc/ -B/tools/x86_64-bootstrap-linux-gnu/bin/ -B/tools/x86_64-bootstrap-linux-gnu/lib/ -isystem /tools/x86_64-bootstrap-linux-gnu/include -isystem /tools/x86_64-bootstrap-linux-gnu/sys-include    -g -O2 -O2  -g -O2 -DIN_GCC  -DCROSS_DIRECTORY_STRUCTURE  -W -Wall -Wno-narrowing -Wwrite-strings -Wcast-qual -Wstrict-prototypes -Wmissing-prototypes -Wold-style-definition  -isystem ./include   -fpic -mlong-double-80 -g -DIN_LIBGCC2 -fbuilding-libgcc -fno-stack-protector -Dinhibit_libc  -fpic -mlong-double-80 -I. -I. -I../.././gcc -I../../../libgcc -I../../../libgcc/. -I../../../libgcc/../gcc -I../../../libgcc/../include  -DHAVE_CC_TLS  -DUSE_TLS -o _subvdi3.o -MT _subvdi3.o -MD -MP -MF _subvdi3.dep -DL_subvdi3 -c ../../../libgcc/libgcc2.c -fvisibility=hidden -DHIDE_EXPORTS
/src/tmp/tmpwPvHRz/stage1-gcc.build/o/./gcc/xgcc -B/src/tmp/tmpwPvHRz/stage1-gcc.build/o/./gcc/ -B/tools/x86_64-bootstrap-linux-gnu/bin/ -B/tools/x86_64-bootstrap-linux-gnu/lib/ -isystem /tools/x86_64-bootstrap-linux-gnu/include -isystem /tools/x86_64-bootstrap-linux-gnu/sys-include    -g -O2 -O2  -g -O2 -DIN_GCC  -DCROSS_DIRECTORY_STRUCTURE  -W -Wall -Wno-narrowing -Wwrite-strings -Wcast-qual -Wstrict-prototypes -Wmissing-prototypes -Wold-style-definition  -isystem ./include   -fpic -mlong-double-80 -g -DIN_LIBGCC2 -fbuilding-libgcc -fno-stack-protector -Dinhibit_libc  -fpic -mlong-double-80 -I. -I. -I../.././gcc -I../../../libgcc -I../../../libgcc/. -I../../../libgcc/../gcc -I../../../libgcc/../include  -DHAVE_CC_TLS  -DUSE_TLS -o _mulvsi3.o -MT _mulvsi3.o -MD -MP -MF _mulvsi3.dep -DL_mulvsi3 -c ../../../libgcc/libgcc2.c -fvisibility=hidden -DHIDE_EXPORTS
/src/tmp/tmpwPvHRz/stage1-gcc.build/o/./gcc/xgcc -B/src/tmp/tmpwPvHRz/stage1-gcc.build/o/./gcc/ -B/tools/x86_64-bootstrap-linux-gnu/bin/ -B/tools/x86_64-bootstrap-linux-gnu/lib/ -isystem /tools/x86_64-bootstrap-linux-gnu/include -isystem /tools/x86_64-bootstrap-linux-gnu/sys-include    -g -O2 -O2  -g -O2 -DIN_GCC  -DCROSS_DIRECTORY_STRUCTURE  -W -Wall -Wno-narrowing -Wwrite-strings -Wcast-qual -Wstrict-prototypes -Wmissing-prototypes -Wold-style-definition  -isystem ./include   -fpic -mlong-double-80 -g -DIN_LIBGCC2 -fbuilding-libgcc -fno-stack-protector -Dinhibit_libc  -fpic -mlong-double-80 -I. -I. -I../.././gcc -I../../../libgcc -I../../../libgcc/. -I../../../libgcc/../gcc -I../../../libgcc/../include  -DHAVE_CC_TLS  -DUSE_TLS -o _mulvdi3.o -MT _mulvdi3.o -MD -MP -MF _mulvdi3.dep -DL_mulvdi3 -c ../../../libgcc/libgcc2.c -fvisibility=hidden -DHIDE_EXPORTS
/src/tmp/tmpwPvHRz/stage1-gcc.build/o/./gcc/xgcc -B/src/tmp/tmpwPvHRz/stage1-gcc.build/o/./gcc/ -B/tools/x86_64-bootstrap-linux-gnu/bin/ -B/tools/x86_64-bootstrap-linux-gnu/lib/ -isystem /tools/x86_64-bootstrap-linux-gnu/include -isystem /tools/x86_64-bootstrap-linux-gnu/sys-include    -g -O2 -O2  -g -O2 -DIN_GCC  -DCROSS_DIRECTORY_STRUCTURE  -W -Wall -Wno-narrowing -Wwrite-strings -Wcast-qual -Wstrict-prototypes -Wmissing-prototypes -Wold-style-definition  -isystem ./include   -fpic -mlong-double-80 -g -DIN_LIBGCC2 -fbuilding-libgcc -fno-stack-protector -Dinhibit_libc  -fpic -mlong-double-80 -I. -I. -I../.././gcc -I../../../libgcc -I../../../libgcc/. -I../../../libgcc/../gcc -I../../../libgcc/../include  -DHAVE_CC_TLS  -DUSE_TLS -o _negvsi2.o -MT _negvsi2.o -MD -MP -MF _negvsi2.dep -DL_negvsi2 -c ../../../libgcc/libgcc2.c -fvisibility=hidden -DHIDE_EXPORTS
/src/tmp/tmpwPvHRz/stage1-gcc.build/o/./gcc/xgcc -B/src/tmp/tmpwPvHRz/stage1-gcc.build/o/./gcc/ -B/tools/x86_64-bootstrap-linux-gnu/bin/ -B/tools/x86_64-bootstrap-linux-gnu/lib/ -isystem /tools/x86_64-bootstrap-linux-gnu/include -isystem /tools/x86_64-bootstrap-linux-gnu/sys-include    -g -O2 -O2  -g -O2 -DIN_GCC  -DCROSS_DIRECTORY_STRUCTURE  -W -Wall -Wno-narrowing -Wwrite-strings -Wcast-qual -Wstrict-prototypes -Wmissing-prototypes -Wold-style-definition  -isystem ./include   -fpic -mlong-double-80 -g -DIN_LIBGCC2 -fbuilding-libgcc -fno-stack-protector -Dinhibit_libc  -fpic -mlong-double-80 -I. -I. -I../.././gcc -I../../../libgcc -I../../../libgcc/. -I../../../libgcc/../gcc -I../../../libgcc/../include  -DHAVE_CC_TLS  -DUSE_TLS -o _negvdi2.o -MT _negvdi2.o -MD -MP -MF _negvdi2.dep -DL_negvdi2 -c ../../../libgcc/libgcc2.c -fvisibility=hidden -DHIDE_EXPORTS
/src/tmp/tmpwPvHRz/stage1-gcc.build/o/./gcc/xgcc -B/src/tmp/tmpwPvHRz/stage1-gcc.build/o/./gcc/ -B/tools/x86_64-bootstrap-linux-gnu/bin/ -B/tools/x86_64-bootstrap-linux-gnu/lib/ -isystem /tools/x86_64-bootstrap-linux-gnu/include -isystem /tools/x86_64-bootstrap-linux-gnu/sys-include    -g -O2 -O2  -g -O2 -DIN_GCC  -DCROSS_DIRECTORY_STRUCTURE  -W -Wall -Wno-narrowing -Wwrite-strings -Wcast-qual -Wstrict-prototypes -Wmissing-prototypes -Wold-style-definition  -isystem ./include   -fpic -mlong-double-80 -g -DIN_LIBGCC2 -fbuilding-libgcc -fno-stack-protector -Dinhibit_libc  -fpic -mlong-double-80 -I. -I. -I../.././gcc -I../../../libgcc -I../../../libgcc/. -I../../../libgcc/../gcc -I../../../libgcc/../include  -DHAVE_CC_TLS  -DUSE_TLS -o _ctors.o -MT _ctors.o -MD -MP -MF _ctors.dep -DL_ctors -c ../../../libgcc/libgcc2.c -fvisibility=hidden -DHIDE_EXPORTS
/src/tmp/tmpwPvHRz/stage1-gcc.build/o/./gcc/xgcc -B/src/tmp/tmpwPvHRz/stage1-gcc.build/o/./gcc/ -B/tools/x86_64-bootstrap-linux-gnu/bin/ -B/tools/x86_64-bootstrap-linux-gnu/lib/ -isystem /tools/x86_64-bootstrap-linux-gnu/include -isystem /tools/x86_64-bootstrap-linux-gnu/sys-include    -g -O2 -O2  -g -O2 -DIN_GCC  -DCROSS_DIRECTORY_STRUCTURE  -W -Wall -Wno-narrowing -Wwrite-strings -Wcast-qual -Wstrict-prototypes -Wmissing-prototypes -Wold-style-definition  -isystem ./include   -fpic -mlong-double-80 -g -DIN_LIBGCC2 -fbuilding-libgcc -fno-stack-protector -Dinhibit_libc  -fpic -mlong-double-80 -I. -I. -I../.././gcc -I../../../libgcc -I../../../libgcc/. -I../../../libgcc/../gcc -I../../../libgcc/../include  -DHAVE_CC_TLS  -DUSE_TLS -o _ffssi2.o -MT _ffssi2.o -MD -MP -MF _ffssi2.dep -DL_ffssi2 -c ../../../libgcc/libgcc2.c -fvisibility=hidden -DHIDE_EXPORTS
/src/tmp/tmpwPvHRz/stage1-gcc.build/o/./gcc/xgcc -B/src/tmp/tmpwPvHRz/stage1-gcc.build/o/./gcc/ -B/tools/x86_64-bootstrap-linux-gnu/bin/ -B/tools/x86_64-bootstrap-linux-gnu/lib/ -isystem /tools/x86_64-bootstrap-linux-gnu/include -isystem /tools/x86_64-bootstrap-linux-gnu/sys-include    -g -O2 -O2  -g -O2 -DIN_GCC  -DCROSS_DIRECTORY_STRUCTURE  -W -Wall -Wno-narrowing -Wwrite-strings -Wcast-qual -Wstrict-prototypes -Wmissing-prototypes -Wold-style-definition  -isystem ./include   -fpic -mlong-double-80 -g -DIN_LIBGCC2 -fbuilding-libgcc -fno-stack-protector -Dinhibit_libc  -fpic -mlong-double-80 -I. -I. -I../.././gcc -I../../../libgcc -I../../../libgcc/. -I../../../libgcc/../gcc -I../../../libgcc/../include  -DHAVE_CC_TLS  -DUSE_TLS -o _ffsdi2.o -MT _ffsdi2.o -MD -MP -MF _ffsdi2.dep -DL_ffsdi2 -c ../../../libgcc/libgcc2.c -fvisibility=hidden -DHIDE_EXPORTS
/src/tmp/tmpwPvHRz/stage1-gcc.build/o/./gcc/xgcc -B/src/tmp/tmpwPvHRz/stage1-gcc.build/o/./gcc/ -B/tools/x86_64-bootstrap-linux-gnu/bin/ -B/tools/x86_64-bootstrap-linux-gnu/lib/ -isystem /tools/x86_64-bootstrap-linux-gnu/include -isystem /tools/x86_64-bootstrap-linux-gnu/sys-include    -g -O2 -O2  -g -O2 -DIN_GCC  -DCROSS_DIRECTORY_STRUCTURE  -W -Wall -Wno-narrowing -Wwrite-strings -Wcast-qual -Wstrict-prototypes -Wmissing-prototypes -Wold-style-definition  -isystem ./include   -fpic -mlong-double-80 -g -DIN_LIBGCC2 -fbuilding-libgcc -fno-stack-protector -Dinhibit_libc  -fpic -mlong-double-80 -I. -I. -I../.././gcc -I../../../libgcc -I../../../libgcc/. -I../../../libgcc/../gcc -I../../../libgcc/../include  -DHAVE_CC_TLS  -DUSE_TLS -o _clz.o -MT _clz.o -MD -MP -MF _clz.dep -DL_clz -c ../../../libgcc/libgcc2.c -fvisibility=hidden -DHIDE_EXPORTS
/src/tmp/tmpwPvHRz/stage1-gcc.build/o/./gcc/xgcc -B/src/tmp/tmpwPvHRz/stage1-gcc.build/o/./gcc/ -B/tools/x86_64-bootstrap-linux-gnu/bin/ -B/tools/x86_64-bootstrap-linux-gnu/lib/ -isystem /tools/x86_64-bootstrap-linux-gnu/include -isystem /tools/x86_64-bootstrap-linux-gnu/sys-include    -g -O2 -O2  -g -O2 -DIN_GCC  -DCROSS_DIRECTORY_STRUCTURE  -W -Wall -Wno-narrowing -Wwrite-strings -Wcast-qual -Wstrict-prototypes -Wmissing-prototypes -Wold-style-definition  -isystem ./include   -fpic -mlong-double-80 -g -DIN_LIBGCC2 -fbuilding-libgcc -fno-stack-protector -Dinhibit_libc  -fpic -mlong-double-80 -I. -I. -I../.././gcc -I../../../libgcc -I../../../libgcc/. -I../../../libgcc/../gcc -I../../../libgcc/../include  -DHAVE_CC_TLS  -DUSE_TLS -o _clzsi2.o -MT _clzsi2.o -MD -MP -MF _clzsi2.dep -DL_clzsi2 -c ../../../libgcc/libgcc2.c -fvisibility=hidden -DHIDE_EXPORTS
/src/tmp/tmpwPvHRz/stage1-gcc.build/o/./gcc/xgcc -B/src/tmp/tmpwPvHRz/stage1-gcc.build/o/./gcc/ -B/tools/x86_64-bootstrap-linux-gnu/bin/ -B/tools/x86_64-bootstrap-linux-gnu/lib/ -isystem /tools/x86_64-bootstrap-linux-gnu/include -isystem /tools/x86_64-bootstrap-linux-gnu/sys-include    -g -O2 -O2  -g -O2 -DIN_GCC  -DCROSS_DIRECTORY_STRUCTURE  -W -Wall -Wno-narrowing -Wwrite-strings -Wcast-qual -Wstrict-prototypes -Wmissing-prototypes -Wold-style-definition  -isystem ./include   -fpic -mlong-double-80 -g -DIN_LIBGCC2 -fbuilding-libgcc -fno-stack-protector -Dinhibit_libc  -fpic -mlong-double-80 -I. -I. -I../.././gcc -I../../../libgcc -I../../../libgcc/. -I../../../libgcc/../gcc -I../../../libgcc/../include  -DHAVE_CC_TLS  -DUSE_TLS -o _clzdi2.o -MT _clzdi2.o -MD -MP -MF _clzdi2.dep -DL_clzdi2 -c ../../../libgcc/libgcc2.c -fvisibility=hidden -DHIDE_EXPORTS
/src/tmp/tmpwPvHRz/stage1-gcc.build/o/./gcc/xgcc -B/src/tmp/tmpwPvHRz/stage1-gcc.build/o/./gcc/ -B/tools/x86_64-bootstrap-linux-gnu/bin/ -B/tools/x86_64-bootstrap-linux-gnu/lib/ -isystem /tools/x86_64-bootstrap-linux-gnu/include -isystem /tools/x86_64-bootstrap-linux-gnu/sys-include    -g -O2 -O2  -g -O2 -DIN_GCC  -DCROSS_DIRECTORY_STRUCTURE  -W -Wall -Wno-narrowing -Wwrite-strings -Wcast-qual -Wstrict-prototypes -Wmissing-prototypes -Wold-style-definition  -isystem ./include   -fpic -mlong-double-80 -g -DIN_LIBGCC2 -fbuilding-libgcc -fno-stack-protector -Dinhibit_libc  -fpic -mlong-double-80 -I. -I. -I../.././gcc -I../../../libgcc -I../../../libgcc/. -I../../../libgcc/../gcc -I../../../libgcc/../include  -DHAVE_CC_TLS  -DUSE_TLS -o _ctzsi2.o -MT _ctzsi2.o -MD -MP -MF _ctzsi2.dep -DL_ctzsi2 -c ../../../libgcc/libgcc2.c -fvisibility=hidden -DHIDE_EXPORTS
/src/tmp/tmpwPvHRz/stage1-gcc.build/o/./gcc/xgcc -B/src/tmp/tmpwPvHRz/stage1-gcc.build/o/./gcc/ -B/tools/x86_64-bootstrap-linux-gnu/bin/ -B/tools/x86_64-bootstrap-linux-gnu/lib/ -isystem /tools/x86_64-bootstrap-linux-gnu/include -isystem /tools/x86_64-bootstrap-linux-gnu/sys-include    -g -O2 -O2  -g -O2 -DIN_GCC  -DCROSS_DIRECTORY_STRUCTURE  -W -Wall -Wno-narrowing -Wwrite-strings -Wcast-qual -Wstrict-prototypes -Wmissing-prototypes -Wold-style-definition  -isystem ./include   -fpic -mlong-double-80 -g -DIN_LIBGCC2 -fbuilding-libgcc -fno-stack-protector -Dinhibit_libc  -fpic -mlong-double-80 -I. -I. -I../.././gcc -I../../../libgcc -I../../../libgcc/. -I../../../libgcc/../gcc -I../../../libgcc/../include  -DHAVE_CC_TLS  -DUSE_TLS -o _ctzdi2.o -MT _ctzdi2.o -MD -MP -MF _ctzdi2.dep -DL_ctzdi2 -c ../../../libgcc/libgcc2.c -fvisibility=hidden -DHIDE_EXPORTS
/src/tmp/tmpwPvHRz/stage1-gcc.build/o/./gcc/xgcc -B/src/tmp/tmpwPvHRz/stage1-gcc.build/o/./gcc/ -B/tools/x86_64-bootstrap-linux-gnu/bin/ -B/tools/x86_64-bootstrap-linux-gnu/lib/ -isystem /tools/x86_64-bootstrap-linux-gnu/include -isystem /tools/x86_64-bootstrap-linux-gnu/sys-include    -g -O2 -O2  -g -O2 -DIN_GCC  -DCROSS_DIRECTORY_STRUCTURE  -W -Wall -Wno-narrowing -Wwrite-strings -Wcast-qual -Wstrict-prototypes -Wmissing-prototypes -Wold-style-definition  -isystem ./include   -fpic -mlong-double-80 -g -DIN_LIBGCC2 -fbuilding-libgcc -fno-stack-protector -Dinhibit_libc  -fpic -mlong-double-80 -I. -I. -I../.././gcc -I../../../libgcc -I../../../libgcc/. -I../../../libgcc/../gcc -I../../../libgcc/../include  -DHAVE_CC_TLS  -DUSE_TLS -o _popcount_tab.o -MT _popcount_tab.o -MD -MP -MF _popcount_tab.dep -DL_popcount_tab -c ../../../libgcc/libgcc2.c -fvisibility=hidden -DHIDE_EXPORTS
/src/tmp/tmpwPvHRz/stage1-gcc.build/o/./gcc/xgcc -B/src/tmp/tmpwPvHRz/stage1-gcc.build/o/./gcc/ -B/tools/x86_64-bootstrap-linux-gnu/bin/ -B/tools/x86_64-bootstrap-linux-gnu/lib/ -isystem /tools/x86_64-bootstrap-linux-gnu/include -isystem /tools/x86_64-bootstrap-linux-gnu/sys-include    -g -O2 -O2  -g -O2 -DIN_GCC  -DCROSS_DIRECTORY_STRUCTURE  -W -Wall -Wno-narrowing -Wwrite-strings -Wcast-qual -Wstrict-prototypes -Wmissing-prototypes -Wold-style-definition  -isystem ./include   -fpic -mlong-double-80 -g -DIN_LIBGCC2 -fbuilding-libgcc -fno-stack-protector -Dinhibit_libc  -fpic -mlong-double-80 -I. -I. -I../.././gcc -I../../../libgcc -I../../../libgcc/. -I../../../libgcc/../gcc -I../../../libgcc/../include  -DHAVE_CC_TLS  -DUSE_TLS -o _popcountsi2.o -MT _popcountsi2.o -MD -MP -MF _popcountsi2.dep -DL_popcountsi2 -c ../../../libgcc/libgcc2.c -fvisibility=hidden -DHIDE_EXPORTS
/src/tmp/tmpwPvHRz/stage1-gcc.build/o/./gcc/xgcc -B/src/tmp/tmpwPvHRz/stage1-gcc.build/o/./gcc/ -B/tools/x86_64-bootstrap-linux-gnu/bin/ -B/tools/x86_64-bootstrap-linux-gnu/lib/ -isystem /tools/x86_64-bootstrap-linux-gnu/include -isystem /tools/x86_64-bootstrap-linux-gnu/sys-include    -g -O2 -O2  -g -O2 -DIN_GCC  -DCROSS_DIRECTORY_STRUCTURE  -W -Wall -Wno-narrowing -Wwrite-strings -Wcast-qual -Wstrict-prototypes -Wmissing-prototypes -Wold-style-definition  -isystem ./include   -fpic -mlong-double-80 -g -DIN_LIBGCC2 -fbuilding-libgcc -fno-stack-protector -Dinhibit_libc  -fpic -mlong-double-80 -I. -I. -I../.././gcc -I../../../libgcc -I../../../libgcc/. -I../../../libgcc/../gcc -I../../../libgcc/../include  -DHAVE_CC_TLS  -DUSE_TLS -o _popcountdi2.o -MT _popcountdi2.o -MD -MP -MF _popcountdi2.dep -DL_popcountdi2 -c ../../../libgcc/libgcc2.c -fvisibility=hidden -DHIDE_EXPORTS
/src/tmp/tmpwPvHRz/stage1-gcc.build/o/./gcc/xgcc -B/src/tmp/tmpwPvHRz/stage1-gcc.build/o/./gcc/ -B/tools/x86_64-bootstrap-linux-gnu/bin/ -B/tools/x86_64-bootstrap-linux-gnu/lib/ -isystem /tools/x86_64-bootstrap-linux-gnu/include -isystem /tools/x86_64-bootstrap-linux-gnu/sys-include    -g -O2 -O2  -g -O2 -DIN_GCC  -DCROSS_DIRECTORY_STRUCTURE  -W -Wall -Wno-narrowing -Wwrite-strings -Wcast-qual -Wstrict-prototypes -Wmissing-prototypes -Wold-style-definition  -isystem ./include   -fpic -mlong-double-80 -g -DIN_LIBGCC2 -fbuilding-libgcc -fno-stack-protector -Dinhibit_libc  -fpic -mlong-double-80 -I. -I. -I../.././gcc -I../../../libgcc -I../../../libgcc/. -I../../../libgcc/../gcc -I../../../libgcc/../include  -DHAVE_CC_TLS  -DUSE_TLS -o _paritysi2.o -MT _paritysi2.o -MD -MP -MF _paritysi2.dep -DL_paritysi2 -c ../../../libgcc/libgcc2.c -fvisibility=hidden -DHIDE_EXPORTS
/src/tmp/tmpwPvHRz/stage1-gcc.build/o/./gcc/xgcc -B/src/tmp/tmpwPvHRz/stage1-gcc.build/o/./gcc/ -B/tools/x86_64-bootstrap-linux-gnu/bin/ -B/tools/x86_64-bootstrap-linux-gnu/lib/ -isystem /tools/x86_64-bootstrap-linux-gnu/include -isystem /tools/x86_64-bootstrap-linux-gnu/sys-include    -g -O2 -O2  -g -O2 -DIN_GCC  -DCROSS_DIRECTORY_STRUCTURE  -W -Wall -Wno-narrowing -Wwrite-strings -Wcast-qual -Wstrict-prototypes -Wmissing-prototypes -Wold-style-definition  -isystem ./include   -fpic -mlong-double-80 -g -DIN_LIBGCC2 -fbuilding-libgcc -fno-stack-protector -Dinhibit_libc  -fpic -mlong-double-80 -I. -I. -I../.././gcc -I../../../libgcc -I../../../libgcc/. -I../../../libgcc/../gcc -I../../../libgcc/../include  -DHAVE_CC_TLS  -DUSE_TLS -o _paritydi2.o -MT _paritydi2.o -MD -MP -MF _paritydi2.dep -DL_paritydi2 -c ../../../libgcc/libgcc2.c -fvisibility=hidden -DHIDE_EXPORTS
/src/tmp/tmpwPvHRz/stage1-gcc.build/o/./gcc/xgcc -B/src/tmp/tmpwPvHRz/stage1-gcc.build/o/./gcc/ -B/tools/x86_64-bootstrap-linux-gnu/bin/ -B/tools/x86_64-bootstrap-linux-gnu/lib/ -isystem /tools/x86_64-bootstrap-linux-gnu/include -isystem /tools/x86_64-bootstrap-linux-gnu/sys-include    -g -O2 -O2  -g -O2 -DIN_GCC  -DCROSS_DIRECTORY_STRUCTURE  -W -Wall -Wno-narrowing -Wwrite-strings -Wcast-qual -Wstrict-prototypes -Wmissing-prototypes -Wold-style-definition  -isystem ./include   -fpic -mlong-double-80 -g -DIN_LIBGCC2 -fbuilding-libgcc -fno-stack-protector -Dinhibit_libc  -fpic -mlong-double-80 -I. -I. -I../.././gcc -I../../../libgcc -I../../../libgcc/. -I../../../libgcc/../gcc -I../../../libgcc/../include  -DHAVE_CC_TLS  -DUSE_TLS -o _powisf2.o -MT _powisf2.o -MD -MP -MF _powisf2.dep -DL_powisf2 -c ../../../libgcc/libgcc2.c -fvisibility=hidden -DHIDE_EXPORTS
/src/tmp/tmpwPvHRz/stage1-gcc.build/o/./gcc/xgcc -B/src/tmp/tmpwPvHRz/stage1-gcc.build/o/./gcc/ -B/tools/x86_64-bootstrap-linux-gnu/bin/ -B/tools/x86_64-bootstrap-linux-gnu/lib/ -isystem /tools/x86_64-bootstrap-linux-gnu/include -isystem /tools/x86_64-bootstrap-linux-gnu/sys-include    -g -O2 -O2  -g -O2 -DIN_GCC  -DCROSS_DIRECTORY_STRUCTURE  -W -Wall -Wno-narrowing -Wwrite-strings -Wcast-qual -Wstrict-prototypes -Wmissing-prototypes -Wold-style-definition  -isystem ./include   -fpic -mlong-double-80 -g -DIN_LIBGCC2 -fbuilding-libgcc -fno-stack-protector -Dinhibit_libc  -fpic -mlong-double-80 -I. -I. -I../.././gcc -I../../../libgcc -I../../../libgcc/. -I../../../libgcc/../gcc -I../../../libgcc/../include  -DHAVE_CC_TLS  -DUSE_TLS -o _powidf2.o -MT _powidf2.o -MD -MP -MF _powidf2.dep -DL_powidf2 -c ../../../libgcc/libgcc2.c -fvisibility=hidden -DHIDE_EXPORTS
/src/tmp/tmpwPvHRz/stage1-gcc.build/o/./gcc/xgcc -B/src/tmp/tmpwPvHRz/stage1-gcc.build/o/./gcc/ -B/tools/x86_64-bootstrap-linux-gnu/bin/ -B/tools/x86_64-bootstrap-linux-gnu/lib/ -isystem /tools/x86_64-bootstrap-linux-gnu/include -isystem /tools/x86_64-bootstrap-linux-gnu/sys-include    -g -O2 -O2  -g -O2 -DIN_GCC  -DCROSS_DIRECTORY_STRUCTURE  -W -Wall -Wno-narrowing -Wwrite-strings -Wcast-qual -Wstrict-prototypes -Wmissing-prototypes -Wold-style-definition  -isystem ./include   -fpic -mlong-double-80 -g -DIN_LIBGCC2 -fbuilding-libgcc -fno-stack-protector -Dinhibit_libc  -fpic -mlong-double-80 -I. -I. -I../.././gcc -I../../../libgcc -I../../../libgcc/. -I../../../libgcc/../gcc -I../../../libgcc/../include  -DHAVE_CC_TLS  -DUSE_TLS -o _powixf2.o -MT _powixf2.o -MD -MP -MF _powixf2.dep -DL_powixf2 -c ../../../libgcc/libgcc2.c -fvisibility=hidden -DHIDE_EXPORTS
/src/tmp/tmpwPvHRz/stage1-gcc.build/o/./gcc/xgcc -B/src/tmp/tmpwPvHRz/stage1-gcc.build/o/./gcc/ -B/tools/x86_64-bootstrap-linux-gnu/bin/ -B/tools/x86_64-bootstrap-linux-gnu/lib/ -isystem /tools/x86_64-bootstrap-linux-gnu/include -isystem /tools/x86_64-bootstrap-linux-gnu/sys-include    -g -O2 -O2  -g -O2 -DIN_GCC  -DCROSS_DIRECTORY_STRUCTURE  -W -Wall -Wno-narrowing -Wwrite-strings -Wcast-qual -Wstrict-prototypes -Wmissing-prototypes -Wold-style-definition  -isystem ./include   -fpic -mlong-double-80 -g -DIN_LIBGCC2 -fbuilding-libgcc -fno-stack-protector -Dinhibit_libc  -fpic -mlong-double-80 -I. -I. -I../.././gcc -I../../../libgcc -I../../../libgcc/. -I../../../libgcc/../gcc -I../../../libgcc/../include  -DHAVE_CC_TLS  -DUSE_TLS -o _mulsc3.o -MT _mulsc3.o -MD -MP -MF _mulsc3.dep -DL_mulsc3 -c ../../../libgcc/libgcc2.c -fvisibility=hidden -DHIDE_EXPORTS
/src/tmp/tmpwPvHRz/stage1-gcc.build/o/./gcc/xgcc -B/src/tmp/tmpwPvHRz/stage1-gcc.build/o/./gcc/ -B/tools/x86_64-bootstrap-linux-gnu/bin/ -B/tools/x86_64-bootstrap-linux-gnu/lib/ -isystem /tools/x86_64-bootstrap-linux-gnu/include -isystem /tools/x86_64-bootstrap-linux-gnu/sys-include    -g -O2 -O2  -g -O2 -DIN_GCC  -DCROSS_DIRECTORY_STRUCTURE  -W -Wall -Wno-narrowing -Wwrite-strings -Wcast-qual -Wstrict-prototypes -Wmissing-prototypes -Wold-style-definition  -isystem ./include   -fpic -mlong-double-80 -g -DIN_LIBGCC2 -fbuilding-libgcc -fno-stack-protector -Dinhibit_libc  -fpic -mlong-double-80 -I. -I. -I../.././gcc -I../../../libgcc -I../../../libgcc/. -I../../../libgcc/../gcc -I../../../libgcc/../include  -DHAVE_CC_TLS  -DUSE_TLS -o _muldc3.o -MT _muldc3.o -MD -MP -MF _muldc3.dep -DL_muldc3 -c ../../../libgcc/libgcc2.c -fvisibility=hidden -DHIDE_EXPORTS
/src/tmp/tmpwPvHRz/stage1-gcc.build/o/./gcc/xgcc -B/src/tmp/tmpwPvHRz/stage1-gcc.build/o/./gcc/ -B/tools/x86_64-bootstrap-linux-gnu/bin/ -B/tools/x86_64-bootstrap-linux-gnu/lib/ -isystem /tools/x86_64-bootstrap-linux-gnu/include -isystem /tools/x86_64-bootstrap-linux-gnu/sys-include    -g -O2 -O2  -g -O2 -DIN_GCC  -DCROSS_DIRECTORY_STRUCTURE  -W -Wall -Wno-narrowing -Wwrite-strings -Wcast-qual -Wstrict-prototypes -Wmissing-prototypes -Wold-style-definition  -isystem ./include   -fpic -mlong-double-80 -g -DIN_LIBGCC2 -fbuilding-libgcc -fno-stack-protector -Dinhibit_libc  -fpic -mlong-double-80 -I. -I. -I../.././gcc -I../../../libgcc -I../../../libgcc/. -I../../../libgcc/../gcc -I../../../libgcc/../include  -DHAVE_CC_TLS  -DUSE_TLS -o _mulxc3.o -MT _mulxc3.o -MD -MP -MF _mulxc3.dep -DL_mulxc3 -c ../../../libgcc/libgcc2.c -fvisibility=hidden -DHIDE_EXPORTS
/src/tmp/tmpwPvHRz/stage1-gcc.build/o/./gcc/xgcc -B/src/tmp/tmpwPvHRz/stage1-gcc.build/o/./gcc/ -B/tools/x86_64-bootstrap-linux-gnu/bin/ -B/tools/x86_64-bootstrap-linux-gnu/lib/ -isystem /tools/x86_64-bootstrap-linux-gnu/include -isystem /tools/x86_64-bootstrap-linux-gnu/sys-include    -g -O2 -O2  -g -O2 -DIN_GCC  -DCROSS_DIRECTORY_STRUCTURE  -W -Wall -Wno-narrowing -Wwrite-strings -Wcast-qual -Wstrict-prototypes -Wmissing-prototypes -Wold-style-definition  -isystem ./include   -fpic -mlong-double-80 -g -DIN_LIBGCC2 -fbuilding-libgcc -fno-stack-protector -Dinhibit_libc  -fpic -mlong-double-80 -I. -I. -I../.././gcc -I../../../libgcc -I../../../libgcc/. -I../../../libgcc/../gcc -I../../../libgcc/../include  -DHAVE_CC_TLS  -DUSE_TLS -o _divsc3.o -MT _divsc3.o -MD -MP -MF _divsc3.dep -DL_divsc3 -c ../../../libgcc/libgcc2.c -fvisibility=hidden -DHIDE_EXPORTS
/src/tmp/tmpwPvHRz/stage1-gcc.build/o/./gcc/xgcc -B/src/tmp/tmpwPvHRz/stage1-gcc.build/o/./gcc/ -B/tools/x86_64-bootstrap-linux-gnu/bin/ -B/tools/x86_64-bootstrap-linux-gnu/lib/ -isystem /tools/x86_64-bootstrap-linux-gnu/include -isystem /tools/x86_64-bootstrap-linux-gnu/sys-include    -g -O2 -O2  -g -O2 -DIN_GCC  -DCROSS_DIRECTORY_STRUCTURE  -W -Wall -Wno-narrowing -Wwrite-strings -Wcast-qual -Wstrict-prototypes -Wmissing-prototypes -Wold-style-definition  -isystem ./include   -fpic -mlong-double-80 -g -DIN_LIBGCC2 -fbuilding-libgcc -fno-stack-protector -Dinhibit_libc  -fpic -mlong-double-80 -I. -I. -I../.././gcc -I../../../libgcc -I../../../libgcc/. -I../../../libgcc/../gcc -I../../../libgcc/../include  -DHAVE_CC_TLS  -DUSE_TLS -o _divdc3.o -MT _divdc3.o -MD -MP -MF _divdc3.dep -DL_divdc3 -c ../../../libgcc/libgcc2.c -fvisibility=hidden -DHIDE_EXPORTS
/src/tmp/tmpwPvHRz/stage1-gcc.build/o/./gcc/xgcc -B/src/tmp/tmpwPvHRz/stage1-gcc.build/o/./gcc/ -B/tools/x86_64-bootstrap-linux-gnu/bin/ -B/tools/x86_64-bootstrap-linux-gnu/lib/ -isystem /tools/x86_64-bootstrap-linux-gnu/include -isystem /tools/x86_64-bootstrap-linux-gnu/sys-include    -g -O2 -O2  -g -O2 -DIN_GCC  -DCROSS_DIRECTORY_STRUCTURE  -W -Wall -Wno-narrowing -Wwrite-strings -Wcast-qual -Wstrict-prototypes -Wmissing-prototypes -Wold-style-definition  -isystem ./include   -fpic -mlong-double-80 -g -DIN_LIBGCC2 -fbuilding-libgcc -fno-stack-protector -Dinhibit_libc  -fpic -mlong-double-80 -I. -I. -I../.././gcc -I../../../libgcc -I../../../libgcc/. -I../../../libgcc/../gcc -I../../../libgcc/../include  -DHAVE_CC_TLS  -DUSE_TLS -o _divxc3.o -MT _divxc3.o -MD -MP -MF _divxc3.dep -DL_divxc3 -c ../../../libgcc/libgcc2.c -fvisibility=hidden -DHIDE_EXPORTS
/src/tmp/tmpwPvHRz/stage1-gcc.build/o/./gcc/xgcc -B/src/tmp/tmpwPvHRz/stage1-gcc.build/o/./gcc/ -B/tools/x86_64-bootstrap-linux-gnu/bin/ -B/tools/x86_64-bootstrap-linux-gnu/lib/ -isystem /tools/x86_64-bootstrap-linux-gnu/include -isystem /tools/x86_64-bootstrap-linux-gnu/sys-include    -g -O2 -O2  -g -O2 -DIN_GCC  -DCROSS_DIRECTORY_STRUCTURE  -W -Wall -Wno-narrowing -Wwrite-strings -Wcast-qual -Wstrict-prototypes -Wmissing-prototypes -Wold-style-definition  -isystem ./include   -fpic -mlong-double-80 -g -DIN_LIBGCC2 -fbuilding-libgcc -fno-stack-protector -Dinhibit_libc  -fpic -mlong-double-80 -I. -I. -I../.././gcc -I../../../libgcc -I../../../libgcc/. -I../../../libgcc/../gcc -I../../../libgcc/../include  -DHAVE_CC_TLS  -DUSE_TLS -o _bswapsi2.o -MT _bswapsi2.o -MD -MP -MF _bswapsi2.dep -DL_bswapsi2 -c ../../../libgcc/libgcc2.c -fvisibility=hidden -DHIDE_EXPORTS
/src/tmp/tmpwPvHRz/stage1-gcc.build/o/./gcc/xgcc -B/src/tmp/tmpwPvHRz/stage1-gcc.build/o/./gcc/ -B/tools/x86_64-bootstrap-linux-gnu/bin/ -B/tools/x86_64-bootstrap-linux-gnu/lib/ -isystem /tools/x86_64-bootstrap-linux-gnu/include -isystem /tools/x86_64-bootstrap-linux-gnu/sys-include    -g -O2 -O2  -g -O2 -DIN_GCC  -DCROSS_DIRECTORY_STRUCTURE  -W -Wall -Wno-narrowing -Wwrite-strings -Wcast-qual -Wstrict-prototypes -Wmissing-prototypes -Wold-style-definition  -isystem ./include   -fpic -mlong-double-80 -g -DIN_LIBGCC2 -fbuilding-libgcc -fno-stack-protector -Dinhibit_libc  -fpic -mlong-double-80 -I. -I. -I../.././gcc -I../../../libgcc -I../../../libgcc/. -I../../../libgcc/../gcc -I../../../libgcc/../include  -DHAVE_CC_TLS  -DUSE_TLS -o _bswapdi2.o -MT _bswapdi2.o -MD -MP -MF _bswapdi2.dep -DL_bswapdi2 -c ../../../libgcc/libgcc2.c -fvisibility=hidden -DHIDE_EXPORTS
/src/tmp/tmpwPvHRz/stage1-gcc.build/o/./gcc/xgcc -B/src/tmp/tmpwPvHRz/stage1-gcc.build/o/./gcc/ -B/tools/x86_64-bootstrap-linux-gnu/bin/ -B/tools/x86_64-bootstrap-linux-gnu/lib/ -isystem /tools/x86_64-bootstrap-linux-gnu/include -isystem /tools/x86_64-bootstrap-linux-gnu/sys-include    -g -O2 -O2  -g -O2 -DIN_GCC  -DCROSS_DIRECTORY_STRUCTURE  -W -Wall -Wno-narrowing -Wwrite-strings -Wcast-qual -Wstrict-prototypes -Wmissing-prototypes -Wold-style-definition  -isystem ./include   -fpic -mlong-double-80 -g -DIN_LIBGCC2 -fbuilding-libgcc -fno-stack-protector -Dinhibit_libc  -fpic -mlong-double-80 -I. -I. -I../.././gcc -I../../../libgcc -I../../../libgcc/. -I../../../libgcc/../gcc -I../../../libgcc/../include  -DHAVE_CC_TLS  -DUSE_TLS -o _clrsbsi2.o -MT _clrsbsi2.o -MD -MP -MF _clrsbsi2.dep -DL_clrsbsi2 -c ../../../libgcc/libgcc2.c -fvisibility=hidden -DHIDE_EXPORTS
/src/tmp/tmpwPvHRz/stage1-gcc.build/o/./gcc/xgcc -B/src/tmp/tmpwPvHRz/stage1-gcc.build/o/./gcc/ -B/tools/x86_64-bootstrap-linux-gnu/bin/ -B/tools/x86_64-bootstrap-linux-gnu/lib/ -isystem /tools/x86_64-bootstrap-linux-gnu/include -isystem /tools/x86_64-bootstrap-linux-gnu/sys-include    -g -O2 -O2  -g -O2 -DIN_GCC  -DCROSS_DIRECTORY_STRUCTURE  -W -Wall -Wno-narrowing -Wwrite-strings -Wcast-qual -Wstrict-prototypes -Wmissing-prototypes -Wold-style-definition  -isystem ./include   -fpic -mlong-double-80 -g -DIN_LIBGCC2 -fbuilding-libgcc -fno-stack-protector -Dinhibit_libc  -fpic -mlong-double-80 -I. -I. -I../.././gcc -I../../../libgcc -I../../../libgcc/. -I../../../libgcc/../gcc -I../../../libgcc/../include  -DHAVE_CC_TLS  -DUSE_TLS -o _clrsbdi2.o -MT _clrsbdi2.o -MD -MP -MF _clrsbdi2.dep -DL_clrsbdi2 -c ../../../libgcc/libgcc2.c -fvisibility=hidden -DHIDE_EXPORTS
/src/tmp/tmpwPvHRz/stage1-gcc.build/o/./gcc/xgcc -B/src/tmp/tmpwPvHRz/stage1-gcc.build/o/./gcc/ -B/tools/x86_64-bootstrap-linux-gnu/bin/ -B/tools/x86_64-bootstrap-linux-gnu/lib/ -isystem /tools/x86_64-bootstrap-linux-gnu/include -isystem /tools/x86_64-bootstrap-linux-gnu/sys-include    -g -O2 -O2  -g -O2 -DIN_GCC  -DCROSS_DIRECTORY_STRUCTURE  -W -Wall -Wno-narrowing -Wwrite-strings -Wcast-qual -Wstrict-prototypes -Wmissing-prototypes -Wold-style-definition  -isystem ./include   -fpic -mlong-double-80 -g -DIN_LIBGCC2 -fbuilding-libgcc -fno-stack-protector -Dinhibit_libc  -fpic -mlong-double-80 -I. -I. -I../.././gcc -I../../../libgcc -I../../../libgcc/. -I../../../libgcc/../gcc -I../../../libgcc/../include  -DHAVE_CC_TLS  -DUSE_TLS -o _fixunssfsi.o -MT _fixunssfsi.o -MD -MP -MF _fixunssfsi.dep -DL_fixunssfsi -c ../../../libgcc/libgcc2.c -fvisibility=hidden -DHIDE_EXPORTS
/src/tmp/tmpwPvHRz/stage1-gcc.build/o/./gcc/xgcc -B/src/tmp/tmpwPvHRz/stage1-gcc.build/o/./gcc/ -B/tools/x86_64-bootstrap-linux-gnu/bin/ -B/tools/x86_64-bootstrap-linux-gnu/lib/ -isystem /tools/x86_64-bootstrap-linux-gnu/include -isystem /tools/x86_64-bootstrap-linux-gnu/sys-include    -g -O2 -O2  -g -O2 -DIN_GCC  -DCROSS_DIRECTORY_STRUCTURE  -W -Wall -Wno-narrowing -Wwrite-strings -Wcast-qual -Wstrict-prototypes -Wmissing-prototypes -Wold-style-definition  -isystem ./include   -fpic -mlong-double-80 -g -DIN_LIBGCC2 -fbuilding-libgcc -fno-stack-protector -Dinhibit_libc  -fpic -mlong-double-80 -I. -I. -I../.././gcc -I../../../libgcc -I../../../libgcc/. -I../../../libgcc/../gcc -I../../../libgcc/../include  -DHAVE_CC_TLS  -DUSE_TLS -o _fixunsdfsi.o -MT _fixunsdfsi.o -MD -MP -MF _fixunsdfsi.dep -DL_fixunsdfsi -c ../../../libgcc/libgcc2.c -fvisibility=hidden -DHIDE_EXPORTS
/src/tmp/tmpwPvHRz/stage1-gcc.build/o/./gcc/xgcc -B/src/tmp/tmpwPvHRz/stage1-gcc.build/o/./gcc/ -B/tools/x86_64-bootstrap-linux-gnu/bin/ -B/tools/x86_64-bootstrap-linux-gnu/lib/ -isystem /tools/x86_64-bootstrap-linux-gnu/include -isystem /tools/x86_64-bootstrap-linux-gnu/sys-include    -g -O2 -O2  -g -O2 -DIN_GCC  -DCROSS_DIRECTORY_STRUCTURE  -W -Wall -Wno-narrowing -Wwrite-strings -Wcast-qual -Wstrict-prototypes -Wmissing-prototypes -Wold-style-definition  -isystem ./include   -fpic -mlong-double-80 -g -DIN_LIBGCC2 -fbuilding-libgcc -fno-stack-protector -Dinhibit_libc  -fpic -mlong-double-80 -I. -I. -I../.././gcc -I../../../libgcc -I../../../libgcc/. -I../../../libgcc/../gcc -I../../../libgcc/../include  -DHAVE_CC_TLS  -DUSE_TLS -o _fixunsxfsi.o -MT _fixunsxfsi.o -MD -MP -MF _fixunsxfsi.dep -DL_fixunsxfsi -c ../../../libgcc/libgcc2.c -fvisibility=hidden -DHIDE_EXPORTS
/src/tmp/tmpwPvHRz/stage1-gcc.build/o/./gcc/xgcc -B/src/tmp/tmpwPvHRz/stage1-gcc.build/o/./gcc/ -B/tools/x86_64-bootstrap-linux-gnu/bin/ -B/tools/x86_64-bootstrap-linux-gnu/lib/ -isystem /tools/x86_64-bootstrap-linux-gnu/include -isystem /tools/x86_64-bootstrap-linux-gnu/sys-include    -g -O2 -O2  -g -O2 -DIN_GCC  -DCROSS_DIRECTORY_STRUCTURE  -W -Wall -Wno-narrowing -Wwrite-strings -Wcast-qual -Wstrict-prototypes -Wmissing-prototypes -Wold-style-definition  -isystem ./include   -fpic -mlong-double-80 -g -DIN_LIBGCC2 -fbuilding-libgcc -fno-stack-protector -Dinhibit_libc  -fpic -mlong-double-80 -I. -I. -I../.././gcc -I../../../libgcc -I../../../libgcc/. -I../../../libgcc/../gcc -I../../../libgcc/../include  -DHAVE_CC_TLS  -DUSE_TLS -o _fixsfdi.o -MT _fixsfdi.o -MD -MP -MF _fixsfdi.dep -DL_fixsfdi -c ../../../libgcc/libgcc2.c -fvisibility=hidden -DHIDE_EXPORTS
/src/tmp/tmpwPvHRz/stage1-gcc.build/o/./gcc/xgcc -B/src/tmp/tmpwPvHRz/stage1-gcc.build/o/./gcc/ -B/tools/x86_64-bootstrap-linux-gnu/bin/ -B/tools/x86_64-bootstrap-linux-gnu/lib/ -isystem /tools/x86_64-bootstrap-linux-gnu/include -isystem /tools/x86_64-bootstrap-linux-gnu/sys-include    -g -O2 -O2  -g -O2 -DIN_GCC  -DCROSS_DIRECTORY_STRUCTURE  -W -Wall -Wno-narrowing -Wwrite-strings -Wcast-qual -Wstrict-prototypes -Wmissing-prototypes -Wold-style-definition  -isystem ./include   -fpic -mlong-double-80 -g -DIN_LIBGCC2 -fbuilding-libgcc -fno-stack-protector -Dinhibit_libc  -fpic -mlong-double-80 -I. -I. -I../.././gcc -I../../../libgcc -I../../../libgcc/. -I../../../libgcc/../gcc -I../../../libgcc/../include  -DHAVE_CC_TLS  -DUSE_TLS -o _fixdfdi.o -MT _fixdfdi.o -MD -MP -MF _fixdfdi.dep -DL_fixdfdi -c ../../../libgcc/libgcc2.c -fvisibility=hidden -DHIDE_EXPORTS
/src/tmp/tmpwPvHRz/stage1-gcc.build/o/./gcc/xgcc -B/src/tmp/tmpwPvHRz/stage1-gcc.build/o/./gcc/ -B/tools/x86_64-bootstrap-linux-gnu/bin/ -B/tools/x86_64-bootstrap-linux-gnu/lib/ -isystem /tools/x86_64-bootstrap-linux-gnu/include -isystem /tools/x86_64-bootstrap-linux-gnu/sys-include    -g -O2 -O2  -g -O2 -DIN_GCC  -DCROSS_DIRECTORY_STRUCTURE  -W -Wall -Wno-narrowing -Wwrite-strings -Wcast-qual -Wstrict-prototypes -Wmissing-prototypes -Wold-style-definition  -isystem ./include   -fpic -mlong-double-80 -g -DIN_LIBGCC2 -fbuilding-libgcc -fno-stack-protector -Dinhibit_libc  -fpic -mlong-double-80 -I. -I. -I../.././gcc -I../../../libgcc -I../../../libgcc/. -I../../../libgcc/../gcc -I../../../libgcc/../include  -DHAVE_CC_TLS  -DUSE_TLS -o _fixxfdi.o -MT _fixxfdi.o -MD -MP -MF _fixxfdi.dep -DL_fixxfdi -c ../../../libgcc/libgcc2.c -fvisibility=hidden -DHIDE_EXPORTS
/src/tmp/tmpwPvHRz/stage1-gcc.build/o/./gcc/xgcc -B/src/tmp/tmpwPvHRz/stage1-gcc.build/o/./gcc/ -B/tools/x86_64-bootstrap-linux-gnu/bin/ -B/tools/x86_64-bootstrap-linux-gnu/lib/ -isystem /tools/x86_64-bootstrap-linux-gnu/include -isystem /tools/x86_64-bootstrap-linux-gnu/sys-include    -g -O2 -O2  -g -O2 -DIN_GCC  -DCROSS_DIRECTORY_STRUCTURE  -W -Wall -Wno-narrowing -Wwrite-strings -Wcast-qual -Wstrict-prototypes -Wmissing-prototypes -Wold-style-definition  -isystem ./include   -fpic -mlong-double-80 -g -DIN_LIBGCC2 -fbuilding-libgcc -fno-stack-protector -Dinhibit_libc  -fpic -mlong-double-80 -I. -I. -I../.././gcc -I../../../libgcc -I../../../libgcc/. -I../../../libgcc/../gcc -I../../../libgcc/../include  -DHAVE_CC_TLS  -DUSE_TLS -o _fixunssfdi.o -MT _fixunssfdi.o -MD -MP -MF _fixunssfdi.dep -DL_fixunssfdi -c ../../../libgcc/libgcc2.c -fvisibility=hidden -DHIDE_EXPORTS
/src/tmp/tmpwPvHRz/stage1-gcc.build/o/./gcc/xgcc -B/src/tmp/tmpwPvHRz/stage1-gcc.build/o/./gcc/ -B/tools/x86_64-bootstrap-linux-gnu/bin/ -B/tools/x86_64-bootstrap-linux-gnu/lib/ -isystem /tools/x86_64-bootstrap-linux-gnu/include -isystem /tools/x86_64-bootstrap-linux-gnu/sys-include    -g -O2 -O2  -g -O2 -DIN_GCC  -DCROSS_DIRECTORY_STRUCTURE  -W -Wall -Wno-narrowing -Wwrite-strings -Wcast-qual -Wstrict-prototypes -Wmissing-prototypes -Wold-style-definition  -isystem ./include   -fpic -mlong-double-80 -g -DIN_LIBGCC2 -fbuilding-libgcc -fno-stack-protector -Dinhibit_libc  -fpic -mlong-double-80 -I. -I. -I../.././gcc -I../../../libgcc -I../../../libgcc/. -I../../../libgcc/../gcc -I../../../libgcc/../include  -DHAVE_CC_TLS  -DUSE_TLS -o _fixunsdfdi.o -MT _fixunsdfdi.o -MD -MP -MF _fixunsdfdi.dep -DL_fixunsdfdi -c ../../../libgcc/libgcc2.c -fvisibility=hidden -DHIDE_EXPORTS
/src/tmp/tmpwPvHRz/stage1-gcc.build/o/./gcc/xgcc -B/src/tmp/tmpwPvHRz/stage1-gcc.build/o/./gcc/ -B/tools/x86_64-bootstrap-linux-gnu/bin/ -B/tools/x86_64-bootstrap-linux-gnu/lib/ -isystem /tools/x86_64-bootstrap-linux-gnu/include -isystem /tools/x86_64-bootstrap-linux-gnu/sys-include    -g -O2 -O2  -g -O2 -DIN_GCC  -DCROSS_DIRECTORY_STRUCTURE  -W -Wall -Wno-narrowing -Wwrite-strings -Wcast-qual -Wstrict-prototypes -Wmissing-prototypes -Wold-style-definition  -isystem ./include   -fpic -mlong-double-80 -g -DIN_LIBGCC2 -fbuilding-libgcc -fno-stack-protector -Dinhibit_libc  -fpic -mlong-double-80 -I. -I. -I../.././gcc -I../../../libgcc -I../../../libgcc/. -I../../../libgcc/../gcc -I../../../libgcc/../include  -DHAVE_CC_TLS  -DUSE_TLS -o _fixunsxfdi.o -MT _fixunsxfdi.o -MD -MP -MF _fixunsxfdi.dep -DL_fixunsxfdi -c ../../../libgcc/libgcc2.c -fvisibility=hidden -DHIDE_EXPORTS
/src/tmp/tmpwPvHRz/stage1-gcc.build/o/./gcc/xgcc -B/src/tmp/tmpwPvHRz/stage1-gcc.build/o/./gcc/ -B/tools/x86_64-bootstrap-linux-gnu/bin/ -B/tools/x86_64-bootstrap-linux-gnu/lib/ -isystem /tools/x86_64-bootstrap-linux-gnu/include -isystem /tools/x86_64-bootstrap-linux-gnu/sys-include    -g -O2 -O2  -g -O2 -DIN_GCC  -DCROSS_DIRECTORY_STRUCTURE  -W -Wall -Wno-narrowing -Wwrite-strings -Wcast-qual -Wstrict-prototypes -Wmissing-prototypes -Wold-style-definition  -isystem ./include   -fpic -mlong-double-80 -g -DIN_LIBGCC2 -fbuilding-libgcc -fno-stack-protector -Dinhibit_libc  -fpic -mlong-double-80 -I. -I. -I../.././gcc -I../../../libgcc -I../../../libgcc/. -I../../../libgcc/../gcc -I../../../libgcc/../include  -DHAVE_CC_TLS  -DUSE_TLS -o _floatdisf.o -MT _floatdisf.o -MD -MP -MF _floatdisf.dep -DL_floatdisf -c ../../../libgcc/libgcc2.c -fvisibility=hidden -DHIDE_EXPORTS
/src/tmp/tmpwPvHRz/stage1-gcc.build/o/./gcc/xgcc -B/src/tmp/tmpwPvHRz/stage1-gcc.build/o/./gcc/ -B/tools/x86_64-bootstrap-linux-gnu/bin/ -B/tools/x86_64-bootstrap-linux-gnu/lib/ -isystem /tools/x86_64-bootstrap-linux-gnu/include -isystem /tools/x86_64-bootstrap-linux-gnu/sys-include    -g -O2 -O2  -g -O2 -DIN_GCC  -DCROSS_DIRECTORY_STRUCTURE  -W -Wall -Wno-narrowing -Wwrite-strings -Wcast-qual -Wstrict-prototypes -Wmissing-prototypes -Wold-style-definition  -isystem ./include   -fpic -mlong-double-80 -g -DIN_LIBGCC2 -fbuilding-libgcc -fno-stack-protector -Dinhibit_libc  -fpic -mlong-double-80 -I. -I. -I../.././gcc -I../../../libgcc -I../../../libgcc/. -I../../../libgcc/../gcc -I../../../libgcc/../include  -DHAVE_CC_TLS  -DUSE_TLS -o _floatdidf.o -MT _floatdidf.o -MD -MP -MF _floatdidf.dep -DL_floatdidf -c ../../../libgcc/libgcc2.c -fvisibility=hidden -DHIDE_EXPORTS
/src/tmp/tmpwPvHRz/stage1-gcc.build/o/./gcc/xgcc -B/src/tmp/tmpwPvHRz/stage1-gcc.build/o/./gcc/ -B/tools/x86_64-bootstrap-linux-gnu/bin/ -B/tools/x86_64-bootstrap-linux-gnu/lib/ -isystem /tools/x86_64-bootstrap-linux-gnu/include -isystem /tools/x86_64-bootstrap-linux-gnu/sys-include    -g -O2 -O2  -g -O2 -DIN_GCC  -DCROSS_DIRECTORY_STRUCTURE  -W -Wall -Wno-narrowing -Wwrite-strings -Wcast-qual -Wstrict-prototypes -Wmissing-prototypes -Wold-style-definition  -isystem ./include   -fpic -mlong-double-80 -g -DIN_LIBGCC2 -fbuilding-libgcc -fno-stack-protector -Dinhibit_libc  -fpic -mlong-double-80 -I. -I. -I../.././gcc -I../../../libgcc -I../../../libgcc/. -I../../../libgcc/../gcc -I../../../libgcc/../include  -DHAVE_CC_TLS  -DUSE_TLS -o _floatdixf.o -MT _floatdixf.o -MD -MP -MF _floatdixf.dep -DL_floatdixf -c ../../../libgcc/libgcc2.c -fvisibility=hidden -DHIDE_EXPORTS
/src/tmp/tmpwPvHRz/stage1-gcc.build/o/./gcc/xgcc -B/src/tmp/tmpwPvHRz/stage1-gcc.build/o/./gcc/ -B/tools/x86_64-bootstrap-linux-gnu/bin/ -B/tools/x86_64-bootstrap-linux-gnu/lib/ -isystem /tools/x86_64-bootstrap-linux-gnu/include -isystem /tools/x86_64-bootstrap-linux-gnu/sys-include    -g -O2 -O2  -g -O2 -DIN_GCC  -DCROSS_DIRECTORY_STRUCTURE  -W -Wall -Wno-narrowing -Wwrite-strings -Wcast-qual -Wstrict-prototypes -Wmissing-prototypes -Wold-style-definition  -isystem ./include   -fpic -mlong-double-80 -g -DIN_LIBGCC2 -fbuilding-libgcc -fno-stack-protector -Dinhibit_libc  -fpic -mlong-double-80 -I. -I. -I../.././gcc -I../../../libgcc -I../../../libgcc/. -I../../../libgcc/../gcc -I../../../libgcc/../include  -DHAVE_CC_TLS  -DUSE_TLS -o _floatundisf.o -MT _floatundisf.o -MD -MP -MF _floatundisf.dep -DL_floatundisf -c ../../../libgcc/libgcc2.c -fvisibility=hidden -DHIDE_EXPORTS
/src/tmp/tmpwPvHRz/stage1-gcc.build/o/./gcc/xgcc -B/src/tmp/tmpwPvHRz/stage1-gcc.build/o/./gcc/ -B/tools/x86_64-bootstrap-linux-gnu/bin/ -B/tools/x86_64-bootstrap-linux-gnu/lib/ -isystem /tools/x86_64-bootstrap-linux-gnu/include -isystem /tools/x86_64-bootstrap-linux-gnu/sys-include    -g -O2 -O2  -g -O2 -DIN_GCC  -DCROSS_DIRECTORY_STRUCTURE  -W -Wall -Wno-narrowing -Wwrite-strings -Wcast-qual -Wstrict-prototypes -Wmissing-prototypes -Wold-style-definition  -isystem ./include   -fpic -mlong-double-80 -g -DIN_LIBGCC2 -fbuilding-libgcc -fno-stack-protector -Dinhibit_libc  -fpic -mlong-double-80 -I. -I. -I../.././gcc -I../../../libgcc -I../../../libgcc/. -I../../../libgcc/../gcc -I../../../libgcc/../include  -DHAVE_CC_TLS  -DUSE_TLS -o _floatundidf.o -MT _floatundidf.o -MD -MP -MF _floatundidf.dep -DL_floatundidf -c ../../../libgcc/libgcc2.c -fvisibility=hidden -DHIDE_EXPORTS
/src/tmp/tmpwPvHRz/stage1-gcc.build/o/./gcc/xgcc -B/src/tmp/tmpwPvHRz/stage1-gcc.build/o/./gcc/ -B/tools/x86_64-bootstrap-linux-gnu/bin/ -B/tools/x86_64-bootstrap-linux-gnu/lib/ -isystem /tools/x86_64-bootstrap-linux-gnu/include -isystem /tools/x86_64-bootstrap-linux-gnu/sys-include    -g -O2 -O2  -g -O2 -DIN_GCC  -DCROSS_DIRECTORY_STRUCTURE  -W -Wall -Wno-narrowing -Wwrite-strings -Wcast-qual -Wstrict-prototypes -Wmissing-prototypes -Wold-style-definition  -isystem ./include   -fpic -mlong-double-80 -g -DIN_LIBGCC2 -fbuilding-libgcc -fno-stack-protector -Dinhibit_libc  -fpic -mlong-double-80 -I. -I. -I../.././gcc -I../../../libgcc -I../../../libgcc/. -I../../../libgcc/../gcc -I../../../libgcc/../include  -DHAVE_CC_TLS  -DUSE_TLS -o _floatundixf.o -MT _floatundixf.o -MD -MP -MF _floatundixf.dep -DL_floatundixf -c ../../../libgcc/libgcc2.c -fvisibility=hidden -DHIDE_EXPORTS
/src/tmp/tmpwPvHRz/stage1-gcc.build/o/./gcc/xgcc -B/src/tmp/tmpwPvHRz/stage1-gcc.build/o/./gcc/ -B/tools/x86_64-bootstrap-linux-gnu/bin/ -B/tools/x86_64-bootstrap-linux-gnu/lib/ -isystem /tools/x86_64-bootstrap-linux-gnu/include -isystem /tools/x86_64-bootstrap-linux-gnu/sys-include    -g -O2 -O2  -g -O2 -DIN_GCC  -DCROSS_DIRECTORY_STRUCTURE  -W -Wall -Wno-narrowing -Wwrite-strings -Wcast-qual -Wstrict-prototypes -Wmissing-prototypes -Wold-style-definition  -isystem ./include   -fpic -mlong-double-80 -g -DIN_LIBGCC2 -fbuilding-libgcc -fno-stack-protector -Dinhibit_libc  -fpic -mlong-double-80 -I. -I. -I../.././gcc -I../../../libgcc -I../../../libgcc/. -I../../../libgcc/../gcc -I../../../libgcc/../include  -DHAVE_CC_TLS  -DUSE_TLS -o _eprintf.o -MT _eprintf.o -MD -MP -MF _eprintf.dep -DL_eprintf -c ../../../libgcc/libgcc2.c -fvisibility=hidden -DHIDE_EXPORTS
/src/tmp/tmpwPvHRz/stage1-gcc.build/o/./gcc/xgcc -B/src/tmp/tmpwPvHRz/stage1-gcc.build/o/./gcc/ -B/tools/x86_64-bootstrap-linux-gnu/bin/ -B/tools/x86_64-bootstrap-linux-gnu/lib/ -isystem /tools/x86_64-bootstrap-linux-gnu/include -isystem /tools/x86_64-bootstrap-linux-gnu/sys-include    -g -O2 -O2  -g -O2 -DIN_GCC  -DCROSS_DIRECTORY_STRUCTURE  -W -Wall -Wno-narrowing -Wwrite-strings -Wcast-qual -Wstrict-prototypes -Wmissing-prototypes -Wold-style-definition  -isystem ./include   -fpic -mlong-double-80 -g -DIN_LIBGCC2 -fbuilding-libgcc -fno-stack-protector -Dinhibit_libc  -fpic -mlong-double-80 -I. -I. -I../.././gcc -I../../../libgcc -I../../../libgcc/. -I../../../libgcc/../gcc -I../../../libgcc/../include  -DHAVE_CC_TLS  -DUSE_TLS -o __gcc_bcmp.o -MT __gcc_bcmp.o -MD -MP -MF __gcc_bcmp.dep -DL__gcc_bcmp -c ../../../libgcc/libgcc2.c -fvisibility=hidden -DHIDE_EXPORTS
/src/tmp/tmpwPvHRz/stage1-gcc.build/o/./gcc/xgcc -B/src/tmp/tmpwPvHRz/stage1-gcc.build/o/./gcc/ -B/tools/x86_64-bootstrap-linux-gnu/bin/ -B/tools/x86_64-bootstrap-linux-gnu/lib/ -isystem /tools/x86_64-bootstrap-linux-gnu/include -isystem /tools/x86_64-bootstrap-linux-gnu/sys-include    -g -O2 -O2  -g -O2 -DIN_GCC  -DCROSS_DIRECTORY_STRUCTURE  -W -Wall -Wno-narrowing -Wwrite-strings -Wcast-qual -Wstrict-prototypes -Wmissing-prototypes -Wold-style-definition  -isystem ./include   -fpic -mlong-double-80 -g -DIN_LIBGCC2 -fbuilding-libgcc -fno-stack-protector -Dinhibit_libc  -fpic -mlong-double-80 -I. -I. -I../.././gcc -I../../../libgcc -I../../../libgcc/. -I../../../libgcc/../gcc -I../../../libgcc/../include  -DHAVE_CC_TLS  -DUSE_TLS -o _divdi3.o -MT _divdi3.o -MD -MP -MF _divdi3.dep -DL_divdi3 -c ../../../libgcc/libgcc2.c \
  -fexceptions -fnon-call-exceptions -fvisibility=hidden -DHIDE_EXPORTS
/src/tmp/tmpwPvHRz/stage1-gcc.build/o/./gcc/xgcc -B/src/tmp/tmpwPvHRz/stage1-gcc.build/o/./gcc/ -B/tools/x86_64-bootstrap-linux-gnu/bin/ -B/tools/x86_64-bootstrap-linux-gnu/lib/ -isystem /tools/x86_64-bootstrap-linux-gnu/include -isystem /tools/x86_64-bootstrap-linux-gnu/sys-include    -g -O2 -O2  -g -O2 -DIN_GCC  -DCROSS_DIRECTORY_STRUCTURE  -W -Wall -Wno-narrowing -Wwrite-strings -Wcast-qual -Wstrict-prototypes -Wmissing-prototypes -Wold-style-definition  -isystem ./include   -fpic -mlong-double-80 -g -DIN_LIBGCC2 -fbuilding-libgcc -fno-stack-protector -Dinhibit_libc  -fpic -mlong-double-80 -I. -I. -I../.././gcc -I../../../libgcc -I../../../libgcc/. -I../../../libgcc/../gcc -I../../../libgcc/../include  -DHAVE_CC_TLS  -DUSE_TLS -o _moddi3.o -MT _moddi3.o -MD -MP -MF _moddi3.dep -DL_moddi3 -c ../../../libgcc/libgcc2.c \
  -fexceptions -fnon-call-exceptions -fvisibility=hidden -DHIDE_EXPORTS
/src/tmp/tmpwPvHRz/stage1-gcc.build/o/./gcc/xgcc -B/src/tmp/tmpwPvHRz/stage1-gcc.build/o/./gcc/ -B/tools/x86_64-bootstrap-linux-gnu/bin/ -B/tools/x86_64-bootstrap-linux-gnu/lib/ -isystem /tools/x86_64-bootstrap-linux-gnu/include -isystem /tools/x86_64-bootstrap-linux-gnu/sys-include    -g -O2 -O2  -g -O2 -DIN_GCC  -DCROSS_DIRECTORY_STRUCTURE  -W -Wall -Wno-narrowing -Wwrite-strings -Wcast-qual -Wstrict-prototypes -Wmissing-prototypes -Wold-style-definition  -isystem ./include   -fpic -mlong-double-80 -g -DIN_LIBGCC2 -fbuilding-libgcc -fno-stack-protector -Dinhibit_libc  -fpic -mlong-double-80 -I. -I. -I../.././gcc -I../../../libgcc -I../../../libgcc/. -I../../../libgcc/../gcc -I../../../libgcc/../include  -DHAVE_CC_TLS  -DUSE_TLS -o _udivdi3.o -MT _udivdi3.o -MD -MP -MF _udivdi3.dep -DL_udivdi3 -c ../../../libgcc/libgcc2.c \
  -fexceptions -fnon-call-exceptions -fvisibility=hidden -DHIDE_EXPORTS
/src/tmp/tmpwPvHRz/stage1-gcc.build/o/./gcc/xgcc -B/src/tmp/tmpwPvHRz/stage1-gcc.build/o/./gcc/ -B/tools/x86_64-bootstrap-linux-gnu/bin/ -B/tools/x86_64-bootstrap-linux-gnu/lib/ -isystem /tools/x86_64-bootstrap-linux-gnu/include -isystem /tools/x86_64-bootstrap-linux-gnu/sys-include    -g -O2 -O2  -g -O2 -DIN_GCC  -DCROSS_DIRECTORY_STRUCTURE  -W -Wall -Wno-narrowing -Wwrite-strings -Wcast-qual -Wstrict-prototypes -Wmissing-prototypes -Wold-style-definition  -isystem ./include   -fpic -mlong-double-80 -g -DIN_LIBGCC2 -fbuilding-libgcc -fno-stack-protector -Dinhibit_libc  -fpic -mlong-double-80 -I. -I. -I../.././gcc -I../../../libgcc -I../../../libgcc/. -I../../../libgcc/../gcc -I../../../libgcc/../include  -DHAVE_CC_TLS  -DUSE_TLS -o _umoddi3.o -MT _umoddi3.o -MD -MP -MF _umoddi3.dep -DL_umoddi3 -c ../../../libgcc/libgcc2.c \
  -fexceptions -fnon-call-exceptions -fvisibility=hidden -DHIDE_EXPORTS
/src/tmp/tmpwPvHRz/stage1-gcc.build/o/./gcc/xgcc -B/src/tmp/tmpwPvHRz/stage1-gcc.build/o/./gcc/ -B/tools/x86_64-bootstrap-linux-gnu/bin/ -B/tools/x86_64-bootstrap-linux-gnu/lib/ -isystem /tools/x86_64-bootstrap-linux-gnu/include -isystem /tools/x86_64-bootstrap-linux-gnu/sys-include    -g -O2 -O2  -g -O2 -DIN_GCC  -DCROSS_DIRECTORY_STRUCTURE  -W -Wall -Wno-narrowing -Wwrite-strings -Wcast-qual -Wstrict-prototypes -Wmissing-prototypes -Wold-style-definition  -isystem ./include   -fpic -mlong-double-80 -g -DIN_LIBGCC2 -fbuilding-libgcc -fno-stack-protector -Dinhibit_libc  -fpic -mlong-double-80 -I. -I. -I../.././gcc -I../../../libgcc -I../../../libgcc/. -I../../../libgcc/../gcc -I../../../libgcc/../include  -DHAVE_CC_TLS  -DUSE_TLS -o _udiv_w_sdiv.o -MT _udiv_w_sdiv.o -MD -MP -MF _udiv_w_sdiv.dep -DL_udiv_w_sdiv -c ../../../libgcc/libgcc2.c \
  -fexceptions -fnon-call-exceptions -fvisibility=hidden -DHIDE_EXPORTS
/src/tmp/tmpwPvHRz/stage1-gcc.build/o/./gcc/xgcc -B/src/tmp/tmpwPvHRz/stage1-gcc.build/o/./gcc/ -B/tools/x86_64-bootstrap-linux-gnu/bin/ -B/tools/x86_64-bootstrap-linux-gnu/lib/ -isystem /tools/x86_64-bootstrap-linux-gnu/include -isystem /tools/x86_64-bootstrap-linux-gnu/sys-include    -g -O2 -O2  -g -O2 -DIN_GCC  -DCROSS_DIRECTORY_STRUCTURE  -W -Wall -Wno-narrowing -Wwrite-strings -Wcast-qual -Wstrict-prototypes -Wmissing-prototypes -Wold-style-definition  -isystem ./include   -fpic -mlong-double-80 -g -DIN_LIBGCC2 -fbuilding-libgcc -fno-stack-protector -Dinhibit_libc  -fpic -mlong-double-80 -I. -I. -I../.././gcc -I../../../libgcc -I../../../libgcc/. -I../../../libgcc/../gcc -I../../../libgcc/../include  -DHAVE_CC_TLS  -DUSE_TLS -o _udivmoddi4.o -MT _udivmoddi4.o -MD -MP -MF _udivmoddi4.dep -DL_udivmoddi4 -c ../../../libgcc/libgcc2.c \
  -fexceptions -fnon-call-exceptions -fvisibility=hidden -DHIDE_EXPORTS
/src/tmp/tmpwPvHRz/stage1-gcc.build/o/./gcc/xgcc -B/src/tmp/tmpwPvHRz/stage1-gcc.build/o/./gcc/ -B/tools/x86_64-bootstrap-linux-gnu/bin/ -B/tools/x86_64-bootstrap-linux-gnu/lib/ -isystem /tools/x86_64-bootstrap-linux-gnu/include -isystem /tools/x86_64-bootstrap-linux-gnu/sys-include    -g -O2 -O2  -g -O2 -DIN_GCC  -DCROSS_DIRECTORY_STRUCTURE  -W -Wall -Wno-narrowing -Wwrite-strings -Wcast-qual -Wstrict-prototypes -Wmissing-prototypes -Wold-style-definition  -isystem ./include   -fpic -mlong-double-80 -g -DIN_LIBGCC2 -fbuilding-libgcc -fno-stack-protector -Dinhibit_libc  -fpic -mlong-double-80 -I. -I. -I../.././gcc -I../../../libgcc -I../../../libgcc/. -I../../../libgcc/../gcc -I../../../libgcc/../include  -DHAVE_CC_TLS  -DUSE_TLS -o cpuinfo.o -MT cpuinfo.o -MD -MP -MF cpuinfo.dep  -c ../../../libgcc/config/i386/cpuinfo.c -fvisibility=hidden -DHIDE_EXPORTS
/src/tmp/tmpwPvHRz/stage1-gcc.build/o/./gcc/xgcc -B/src/tmp/tmpwPvHRz/stage1-gcc.build/o/./gcc/ -B/tools/x86_64-bootstrap-linux-gnu/bin/ -B/tools/x86_64-bootstrap-linux-gnu/lib/ -isystem /tools/x86_64-bootstrap-linux-gnu/include -isystem /tools/x86_64-bootstrap-linux-gnu/sys-include    -g -O2 -O2  -g -O2 -DIN_GCC  -DCROSS_DIRECTORY_STRUCTURE  -W -Wall -Wno-narrowing -Wwrite-strings -Wcast-qual -Wstrict-prototypes -Wmissing-prototypes -Wold-style-definition  -isystem ./include   -fpic -mlong-double-80 -g -DIN_LIBGCC2 -fbuilding-libgcc -fno-stack-protector -Dinhibit_libc  -fpic -mlong-double-80 -I. -I. -I../.././gcc -I../../../libgcc -I../../../libgcc/. -I../../../libgcc/../gcc -I../../../libgcc/../include  -DHAVE_CC_TLS  -DUSE_TLS -o sfp-exceptions.o -MT sfp-exceptions.o -MD -MP -MF sfp-exceptions.dep  -c ../../../libgcc/config/i386/sfp-exceptions.c -fvisibility=hidden -DHIDE_EXPORTS
/src/tmp/tmpwPvHRz/stage1-gcc.build/o/./gcc/xgcc -B/src/tmp/tmpwPvHRz/stage1-gcc.build/o/./gcc/ -B/tools/x86_64-bootstrap-linux-gnu/bin/ -B/tools/x86_64-bootstrap-linux-gnu/lib/ -isystem /tools/x86_64-bootstrap-linux-gnu/include -isystem /tools/x86_64-bootstrap-linux-gnu/sys-include    -g -O2 -O2  -g -O2 -DIN_GCC  -DCROSS_DIRECTORY_STRUCTURE  -W -Wall -Wno-narrowing -Wwrite-strings -Wcast-qual -Wstrict-prototypes -Wmissing-prototypes -Wold-style-definition  -isystem ./include   -fpic -mlong-double-80 -g -DIN_LIBGCC2 -fbuilding-libgcc -fno-stack-protector -Dinhibit_libc  -fpic -mlong-double-80 -I. -I. -I../.././gcc -I../../../libgcc -I../../../libgcc/. -I../../../libgcc/../gcc -I../../../libgcc/../include  -DHAVE_CC_TLS  -DUSE_TLS -Wno-missing-prototypes -Wno-type-limits -o addtf3.o -MT addtf3.o -MD -MP -MF addtf3.dep  -c ../../../libgcc/soft-fp/addtf3.c -fvisibility=hidden -DHIDE_EXPORTS
/src/tmp/tmpwPvHRz/stage1-gcc.build/o/./gcc/xgcc -B/src/tmp/tmpwPvHRz/stage1-gcc.build/o/./gcc/ -B/tools/x86_64-bootstrap-linux-gnu/bin/ -B/tools/x86_64-bootstrap-linux-gnu/lib/ -isystem /tools/x86_64-bootstrap-linux-gnu/include -isystem /tools/x86_64-bootstrap-linux-gnu/sys-include    -g -O2 -O2  -g -O2 -DIN_GCC  -DCROSS_DIRECTORY_STRUCTURE  -W -Wall -Wno-narrowing -Wwrite-strings -Wcast-qual -Wstrict-prototypes -Wmissing-prototypes -Wold-style-definition  -isystem ./include   -fpic -mlong-double-80 -g -DIN_LIBGCC2 -fbuilding-libgcc -fno-stack-protector -Dinhibit_libc  -fpic -mlong-double-80 -I. -I. -I../.././gcc -I../../../libgcc -I../../../libgcc/. -I../../../libgcc/../gcc -I../../../libgcc/../include  -DHAVE_CC_TLS  -DUSE_TLS -Wno-missing-prototypes -Wno-type-limits -o divtf3.o -MT divtf3.o -MD -MP -MF divtf3.dep  -c ../../../libgcc/soft-fp/divtf3.c -fvisibility=hidden -DHIDE_EXPORTS
/src/tmp/tmpwPvHRz/stage1-gcc.build/o/./gcc/xgcc -B/src/tmp/tmpwPvHRz/stage1-gcc.build/o/./gcc/ -B/tools/x86_64-bootstrap-linux-gnu/bin/ -B/tools/x86_64-bootstrap-linux-gnu/lib/ -isystem /tools/x86_64-bootstrap-linux-gnu/include -isystem /tools/x86_64-bootstrap-linux-gnu/sys-include    -g -O2 -O2  -g -O2 -DIN_GCC  -DCROSS_DIRECTORY_STRUCTURE  -W -Wall -Wno-narrowing -Wwrite-strings -Wcast-qual -Wstrict-prototypes -Wmissing-prototypes -Wold-style-definition  -isystem ./include   -fpic -mlong-double-80 -g -DIN_LIBGCC2 -fbuilding-libgcc -fno-stack-protector -Dinhibit_libc  -fpic -mlong-double-80 -I. -I. -I../.././gcc -I../../../libgcc -I../../../libgcc/. -I../../../libgcc/../gcc -I../../../libgcc/../include  -DHAVE_CC_TLS  -DUSE_TLS -Wno-missing-prototypes -Wno-type-limits -o multf3.o -MT multf3.o -MD -MP -MF multf3.dep  -c ../../../libgcc/soft-fp/multf3.c -fvisibility=hidden -DHIDE_EXPORTS
/src/tmp/tmpwPvHRz/stage1-gcc.build/o/./gcc/xgcc -B/src/tmp/tmpwPvHRz/stage1-gcc.build/o/./gcc/ -B/tools/x86_64-bootstrap-linux-gnu/bin/ -B/tools/x86_64-bootstrap-linux-gnu/lib/ -isystem /tools/x86_64-bootstrap-linux-gnu/include -isystem /tools/x86_64-bootstrap-linux-gnu/sys-include    -g -O2 -O2  -g -O2 -DIN_GCC  -DCROSS_DIRECTORY_STRUCTURE  -W -Wall -Wno-narrowing -Wwrite-strings -Wcast-qual -Wstrict-prototypes -Wmissing-prototypes -Wold-style-definition  -isystem ./include   -fpic -mlong-double-80 -g -DIN_LIBGCC2 -fbuilding-libgcc -fno-stack-protector -Dinhibit_libc  -fpic -mlong-double-80 -I. -I. -I../.././gcc -I../../../libgcc -I../../../libgcc/. -I../../../libgcc/../gcc -I../../../libgcc/../include  -DHAVE_CC_TLS  -DUSE_TLS -Wno-missing-prototypes -Wno-type-limits -o negtf2.o -MT negtf2.o -MD -MP -MF negtf2.dep  -c ../../../libgcc/soft-fp/negtf2.c -fvisibility=hidden -DHIDE_EXPORTS
/src/tmp/tmpwPvHRz/stage1-gcc.build/o/./gcc/xgcc -B/src/tmp/tmpwPvHRz/stage1-gcc.build/o/./gcc/ -B/tools/x86_64-bootstrap-linux-gnu/bin/ -B/tools/x86_64-bootstrap-linux-gnu/lib/ -isystem /tools/x86_64-bootstrap-linux-gnu/include -isystem /tools/x86_64-bootstrap-linux-gnu/sys-include    -g -O2 -O2  -g -O2 -DIN_GCC  -DCROSS_DIRECTORY_STRUCTURE  -W -Wall -Wno-narrowing -Wwrite-strings -Wcast-qual -Wstrict-prototypes -Wmissing-prototypes -Wold-style-definition  -isystem ./include   -fpic -mlong-double-80 -g -DIN_LIBGCC2 -fbuilding-libgcc -fno-stack-protector -Dinhibit_libc  -fpic -mlong-double-80 -I. -I. -I../.././gcc -I../../../libgcc -I../../../libgcc/. -I../../../libgcc/../gcc -I../../../libgcc/../include  -DHAVE_CC_TLS  -DUSE_TLS -Wno-missing-prototypes -Wno-type-limits -o subtf3.o -MT subtf3.o -MD -MP -MF subtf3.dep  -c ../../../libgcc/soft-fp/subtf3.c -fvisibility=hidden -DHIDE_EXPORTS
/src/tmp/tmpwPvHRz/stage1-gcc.build/o/./gcc/xgcc -B/src/tmp/tmpwPvHRz/stage1-gcc.build/o/./gcc/ -B/tools/x86_64-bootstrap-linux-gnu/bin/ -B/tools/x86_64-bootstrap-linux-gnu/lib/ -isystem /tools/x86_64-bootstrap-linux-gnu/include -isystem /tools/x86_64-bootstrap-linux-gnu/sys-include    -g -O2 -O2  -g -O2 -DIN_GCC  -DCROSS_DIRECTORY_STRUCTURE  -W -Wall -Wno-narrowing -Wwrite-strings -Wcast-qual -Wstrict-prototypes -Wmissing-prototypes -Wold-style-definition  -isystem ./include   -fpic -mlong-double-80 -g -DIN_LIBGCC2 -fbuilding-libgcc -fno-stack-protector -Dinhibit_libc  -fpic -mlong-double-80 -I. -I. -I../.././gcc -I../../../libgcc -I../../../libgcc/. -I../../../libgcc/../gcc -I../../../libgcc/../include  -DHAVE_CC_TLS  -DUSE_TLS -Wno-missing-prototypes -Wno-type-limits -o unordtf2.o -MT unordtf2.o -MD -MP -MF unordtf2.dep  -c ../../../libgcc/soft-fp/unordtf2.c -fvisibility=hidden -DHIDE_EXPORTS
/src/tmp/tmpwPvHRz/stage1-gcc.build/o/./gcc/xgcc -B/src/tmp/tmpwPvHRz/stage1-gcc.build/o/./gcc/ -B/tools/x86_64-bootstrap-linux-gnu/bin/ -B/tools/x86_64-bootstrap-linux-gnu/lib/ -isystem /tools/x86_64-bootstrap-linux-gnu/include -isystem /tools/x86_64-bootstrap-linux-gnu/sys-include    -g -O2 -O2  -g -O2 -DIN_GCC  -DCROSS_DIRECTORY_STRUCTURE  -W -Wall -Wno-narrowing -Wwrite-strings -Wcast-qual -Wstrict-prototypes -Wmissing-prototypes -Wold-style-definition  -isystem ./include   -fpic -mlong-double-80 -g -DIN_LIBGCC2 -fbuilding-libgcc -fno-stack-protector -Dinhibit_libc  -fpic -mlong-double-80 -I. -I. -I../.././gcc -I../../../libgcc -I../../../libgcc/. -I../../../libgcc/../gcc -I../../../libgcc/../include  -DHAVE_CC_TLS  -DUSE_TLS -Wno-missing-prototypes -Wno-type-limits -o fixtfsi.o -MT fixtfsi.o -MD -MP -MF fixtfsi.dep  -c ../../../libgcc/soft-fp/fixtfsi.c -fvisibility=hidden -DHIDE_EXPORTS
/src/tmp/tmpwPvHRz/stage1-gcc.build/o/./gcc/xgcc -B/src/tmp/tmpwPvHRz/stage1-gcc.build/o/./gcc/ -B/tools/x86_64-bootstrap-linux-gnu/bin/ -B/tools/x86_64-bootstrap-linux-gnu/lib/ -isystem /tools/x86_64-bootstrap-linux-gnu/include -isystem /tools/x86_64-bootstrap-linux-gnu/sys-include    -g -O2 -O2  -g -O2 -DIN_GCC  -DCROSS_DIRECTORY_STRUCTURE  -W -Wall -Wno-narrowing -Wwrite-strings -Wcast-qual -Wstrict-prototypes -Wmissing-prototypes -Wold-style-definition  -isystem ./include   -fpic -mlong-double-80 -g -DIN_LIBGCC2 -fbuilding-libgcc -fno-stack-protector -Dinhibit_libc  -fpic -mlong-double-80 -I. -I. -I../.././gcc -I../../../libgcc -I../../../libgcc/. -I../../../libgcc/../gcc -I../../../libgcc/../include  -DHAVE_CC_TLS  -DUSE_TLS -Wno-missing-prototypes -Wno-type-limits -o fixunstfsi.o -MT fixunstfsi.o -MD -MP -MF fixunstfsi.dep  -c ../../../libgcc/soft-fp/fixunstfsi.c -fvisibility=hidden -DHIDE_EXPORTS
/src/tmp/tmpwPvHRz/stage1-gcc.build/o/./gcc/xgcc -B/src/tmp/tmpwPvHRz/stage1-gcc.build/o/./gcc/ -B/tools/x86_64-bootstrap-linux-gnu/bin/ -B/tools/x86_64-bootstrap-linux-gnu/lib/ -isystem /tools/x86_64-bootstrap-linux-gnu/include -isystem /tools/x86_64-bootstrap-linux-gnu/sys-include    -g -O2 -O2  -g -O2 -DIN_GCC  -DCROSS_DIRECTORY_STRUCTURE  -W -Wall -Wno-narrowing -Wwrite-strings -Wcast-qual -Wstrict-prototypes -Wmissing-prototypes -Wold-style-definition  -isystem ./include   -fpic -mlong-double-80 -g -DIN_LIBGCC2 -fbuilding-libgcc -fno-stack-protector -Dinhibit_libc  -fpic -mlong-double-80 -I. -I. -I../.././gcc -I../../../libgcc -I../../../libgcc/. -I../../../libgcc/../gcc -I../../../libgcc/../include  -DHAVE_CC_TLS  -DUSE_TLS -Wno-missing-prototypes -Wno-type-limits -o floatsitf.o -MT floatsitf.o -MD -MP -MF floatsitf.dep  -c ../../../libgcc/soft-fp/floatsitf.c -fvisibility=hidden -DHIDE_EXPORTS
/src/tmp/tmpwPvHRz/stage1-gcc.build/o/./gcc/xgcc -B/src/tmp/tmpwPvHRz/stage1-gcc.build/o/./gcc/ -B/tools/x86_64-bootstrap-linux-gnu/bin/ -B/tools/x86_64-bootstrap-linux-gnu/lib/ -isystem /tools/x86_64-bootstrap-linux-gnu/include -isystem /tools/x86_64-bootstrap-linux-gnu/sys-include    -g -O2 -O2  -g -O2 -DIN_GCC  -DCROSS_DIRECTORY_STRUCTURE  -W -Wall -Wno-narrowing -Wwrite-strings -Wcast-qual -Wstrict-prototypes -Wmissing-prototypes -Wold-style-definition  -isystem ./include   -fpic -mlong-double-80 -g -DIN_LIBGCC2 -fbuilding-libgcc -fno-stack-protector -Dinhibit_libc  -fpic -mlong-double-80 -I. -I. -I../.././gcc -I../../../libgcc -I../../../libgcc/. -I../../../libgcc/../gcc -I../../../libgcc/../include  -DHAVE_CC_TLS  -DUSE_TLS -Wno-missing-prototypes -Wno-type-limits -o floatunsitf.o -MT floatunsitf.o -MD -MP -MF floatunsitf.dep  -c ../../../libgcc/soft-fp/floatunsitf.c -fvisibility=hidden -DHIDE_EXPORTS
/src/tmp/tmpwPvHRz/stage1-gcc.build/o/./gcc/xgcc -B/src/tmp/tmpwPvHRz/stage1-gcc.build/o/./gcc/ -B/tools/x86_64-bootstrap-linux-gnu/bin/ -B/tools/x86_64-bootstrap-linux-gnu/lib/ -isystem /tools/x86_64-bootstrap-linux-gnu/include -isystem /tools/x86_64-bootstrap-linux-gnu/sys-include    -g -O2 -O2  -g -O2 -DIN_GCC  -DCROSS_DIRECTORY_STRUCTURE  -W -Wall -Wno-narrowing -Wwrite-strings -Wcast-qual -Wstrict-prototypes -Wmissing-prototypes -Wold-style-definition  -isystem ./include   -fpic -mlong-double-80 -g -DIN_LIBGCC2 -fbuilding-libgcc -fno-stack-protector -Dinhibit_libc  -fpic -mlong-double-80 -I. -I. -I../.././gcc -I../../../libgcc -I../../../libgcc/. -I../../../libgcc/../gcc -I../../../libgcc/../include  -DHAVE_CC_TLS  -DUSE_TLS -Wno-missing-prototypes -Wno-type-limits -o fixtfdi.o -MT fixtfdi.o -MD -MP -MF fixtfdi.dep  -c ../../../libgcc/soft-fp/fixtfdi.c -fvisibility=hidden -DHIDE_EXPORTS
/src/tmp/tmpwPvHRz/stage1-gcc.build/o/./gcc/xgcc -B/src/tmp/tmpwPvHRz/stage1-gcc.build/o/./gcc/ -B/tools/x86_64-bootstrap-linux-gnu/bin/ -B/tools/x86_64-bootstrap-linux-gnu/lib/ -isystem /tools/x86_64-bootstrap-linux-gnu/include -isystem /tools/x86_64-bootstrap-linux-gnu/sys-include    -g -O2 -O2  -g -O2 -DIN_GCC  -DCROSS_DIRECTORY_STRUCTURE  -W -Wall -Wno-narrowing -Wwrite-strings -Wcast-qual -Wstrict-prototypes -Wmissing-prototypes -Wold-style-definition  -isystem ./include   -fpic -mlong-double-80 -g -DIN_LIBGCC2 -fbuilding-libgcc -fno-stack-protector -Dinhibit_libc  -fpic -mlong-double-80 -I. -I. -I../.././gcc -I../../../libgcc -I../../../libgcc/. -I../../../libgcc/../gcc -I../../../libgcc/../include  -DHAVE_CC_TLS  -DUSE_TLS -Wno-missing-prototypes -Wno-type-limits -o fixunstfdi.o -MT fixunstfdi.o -MD -MP -MF fixunstfdi.dep  -c ../../../libgcc/soft-fp/fixunstfdi.c -fvisibility=hidden -DHIDE_EXPORTS
/src/tmp/tmpwPvHRz/stage1-gcc.build/o/./gcc/xgcc -B/src/tmp/tmpwPvHRz/stage1-gcc.build/o/./gcc/ -B/tools/x86_64-bootstrap-linux-gnu/bin/ -B/tools/x86_64-bootstrap-linux-gnu/lib/ -isystem /tools/x86_64-bootstrap-linux-gnu/include -isystem /tools/x86_64-bootstrap-linux-gnu/sys-include    -g -O2 -O2  -g -O2 -DIN_GCC  -DCROSS_DIRECTORY_STRUCTURE  -W -Wall -Wno-narrowing -Wwrite-strings -Wcast-qual -Wstrict-prototypes -Wmissing-prototypes -Wold-style-definition  -isystem ./include   -fpic -mlong-double-80 -g -DIN_LIBGCC2 -fbuilding-libgcc -fno-stack-protector -Dinhibit_libc  -fpic -mlong-double-80 -I. -I. -I../.././gcc -I../../../libgcc -I../../../libgcc/. -I../../../libgcc/../gcc -I../../../libgcc/../include  -DHAVE_CC_TLS  -DUSE_TLS -Wno-missing-prototypes -Wno-type-limits -o floatditf.o -MT floatditf.o -MD -MP -MF floatditf.dep  -c ../../../libgcc/soft-fp/floatditf.c -fvisibility=hidden -DHIDE_EXPORTS
/src/tmp/tmpwPvHRz/stage1-gcc.build/o/./gcc/xgcc -B/src/tmp/tmpwPvHRz/stage1-gcc.build/o/./gcc/ -B/tools/x86_64-bootstrap-linux-gnu/bin/ -B/tools/x86_64-bootstrap-linux-gnu/lib/ -isystem /tools/x86_64-bootstrap-linux-gnu/include -isystem /tools/x86_64-bootstrap-linux-gnu/sys-include    -g -O2 -O2  -g -O2 -DIN_GCC  -DCROSS_DIRECTORY_STRUCTURE  -W -Wall -Wno-narrowing -Wwrite-strings -Wcast-qual -Wstrict-prototypes -Wmissing-prototypes -Wold-style-definition  -isystem ./include   -fpic -mlong-double-80 -g -DIN_LIBGCC2 -fbuilding-libgcc -fno-stack-protector -Dinhibit_libc  -fpic -mlong-double-80 -I. -I. -I../.././gcc -I../../../libgcc -I../../../libgcc/. -I../../../libgcc/../gcc -I../../../libgcc/../include  -DHAVE_CC_TLS  -DUSE_TLS -Wno-missing-prototypes -Wno-type-limits -o floatunditf.o -MT floatunditf.o -MD -MP -MF floatunditf.dep  -c ../../../libgcc/soft-fp/floatunditf.c -fvisibility=hidden -DHIDE_EXPORTS
/src/tmp/tmpwPvHRz/stage1-gcc.build/o/./gcc/xgcc -B/src/tmp/tmpwPvHRz/stage1-gcc.build/o/./gcc/ -B/tools/x86_64-bootstrap-linux-gnu/bin/ -B/tools/x86_64-bootstrap-linux-gnu/lib/ -isystem /tools/x86_64-bootstrap-linux-gnu/include -isystem /tools/x86_64-bootstrap-linux-gnu/sys-include    -g -O2 -O2  -g -O2 -DIN_GCC  -DCROSS_DIRECTORY_STRUCTURE  -W -Wall -Wno-narrowing -Wwrite-strings -Wcast-qual -Wstrict-prototypes -Wmissing-prototypes -Wold-style-definition  -isystem ./include   -fpic -mlong-double-80 -g -DIN_LIBGCC2 -fbuilding-libgcc -fno-stack-protector -Dinhibit_libc  -fpic -mlong-double-80 -I. -I. -I../.././gcc -I../../../libgcc -I../../../libgcc/. -I../../../libgcc/../gcc -I../../../libgcc/../include  -DHAVE_CC_TLS  -DUSE_TLS -Wno-missing-prototypes -Wno-type-limits -o fixtfti.o -MT fixtfti.o -MD -MP -MF fixtfti.dep  -c ../../../libgcc/soft-fp/fixtfti.c -fvisibility=hidden -DHIDE_EXPORTS
/src/tmp/tmpwPvHRz/stage1-gcc.build/o/./gcc/xgcc -B/src/tmp/tmpwPvHRz/stage1-gcc.build/o/./gcc/ -B/tools/x86_64-bootstrap-linux-gnu/bin/ -B/tools/x86_64-bootstrap-linux-gnu/lib/ -isystem /tools/x86_64-bootstrap-linux-gnu/include -isystem /tools/x86_64-bootstrap-linux-gnu/sys-include    -g -O2 -O2  -g -O2 -DIN_GCC  -DCROSS_DIRECTORY_STRUCTURE  -W -Wall -Wno-narrowing -Wwrite-strings -Wcast-qual -Wstrict-prototypes -Wmissing-prototypes -Wold-style-definition  -isystem ./include   -fpic -mlong-double-80 -g -DIN_LIBGCC2 -fbuilding-libgcc -fno-stack-protector -Dinhibit_libc  -fpic -mlong-double-80 -I. -I. -I../.././gcc -I../../../libgcc -I../../../libgcc/. -I../../../libgcc/../gcc -I../../../libgcc/../include  -DHAVE_CC_TLS  -DUSE_TLS -Wno-missing-prototypes -Wno-type-limits -o fixunstfti.o -MT fixunstfti.o -MD -MP -MF fixunstfti.dep  -c ../../../libgcc/soft-fp/fixunstfti.c -fvisibility=hidden -DHIDE_EXPORTS
/src/tmp/tmpwPvHRz/stage1-gcc.build/o/./gcc/xgcc -B/src/tmp/tmpwPvHRz/stage1-gcc.build/o/./gcc/ -B/tools/x86_64-bootstrap-linux-gnu/bin/ -B/tools/x86_64-bootstrap-linux-gnu/lib/ -isystem /tools/x86_64-bootstrap-linux-gnu/include -isystem /tools/x86_64-bootstrap-linux-gnu/sys-include    -g -O2 -O2  -g -O2 -DIN_GCC  -DCROSS_DIRECTORY_STRUCTURE  -W -Wall -Wno-narrowing -Wwrite-strings -Wcast-qual -Wstrict-prototypes -Wmissing-prototypes -Wold-style-definition  -isystem ./include   -fpic -mlong-double-80 -g -DIN_LIBGCC2 -fbuilding-libgcc -fno-stack-protector -Dinhibit_libc  -fpic -mlong-double-80 -I. -I. -I../.././gcc -I../../../libgcc -I../../../libgcc/. -I../../../libgcc/../gcc -I../../../libgcc/../include  -DHAVE_CC_TLS  -DUSE_TLS -Wno-missing-prototypes -Wno-type-limits -o floattitf.o -MT floattitf.o -MD -MP -MF floattitf.dep  -c ../../../libgcc/soft-fp/floattitf.c -fvisibility=hidden -DHIDE_EXPORTS
/src/tmp/tmpwPvHRz/stage1-gcc.build/o/./gcc/xgcc -B/src/tmp/tmpwPvHRz/stage1-gcc.build/o/./gcc/ -B/tools/x86_64-bootstrap-linux-gnu/bin/ -B/tools/x86_64-bootstrap-linux-gnu/lib/ -isystem /tools/x86_64-bootstrap-linux-gnu/include -isystem /tools/x86_64-bootstrap-linux-gnu/sys-include    -g -O2 -O2  -g -O2 -DIN_GCC  -DCROSS_DIRECTORY_STRUCTURE  -W -Wall -Wno-narrowing -Wwrite-strings -Wcast-qual -Wstrict-prototypes -Wmissing-prototypes -Wold-style-definition  -isystem ./include   -fpic -mlong-double-80 -g -DIN_LIBGCC2 -fbuilding-libgcc -fno-stack-protector -Dinhibit_libc  -fpic -mlong-double-80 -I. -I. -I../.././gcc -I../../../libgcc -I../../../libgcc/. -I../../../libgcc/../gcc -I../../../libgcc/../include  -DHAVE_CC_TLS  -DUSE_TLS -Wno-missing-prototypes -Wno-type-limits -o floatuntitf.o -MT floatuntitf.o -MD -MP -MF floatuntitf.dep  -c ../../../libgcc/soft-fp/floatuntitf.c -fvisibility=hidden -DHIDE_EXPORTS
/src/tmp/tmpwPvHRz/stage1-gcc.build/o/./gcc/xgcc -B/src/tmp/tmpwPvHRz/stage1-gcc.build/o/./gcc/ -B/tools/x86_64-bootstrap-linux-gnu/bin/ -B/tools/x86_64-bootstrap-linux-gnu/lib/ -isystem /tools/x86_64-bootstrap-linux-gnu/include -isystem /tools/x86_64-bootstrap-linux-gnu/sys-include    -g -O2 -O2  -g -O2 -DIN_GCC  -DCROSS_DIRECTORY_STRUCTURE  -W -Wall -Wno-narrowing -Wwrite-strings -Wcast-qual -Wstrict-prototypes -Wmissing-prototypes -Wold-style-definition  -isystem ./include   -fpic -mlong-double-80 -g -DIN_LIBGCC2 -fbuilding-libgcc -fno-stack-protector -Dinhibit_libc  -fpic -mlong-double-80 -I. -I. -I../.././gcc -I../../../libgcc -I../../../libgcc/. -I../../../libgcc/../gcc -I../../../libgcc/../include  -DHAVE_CC_TLS  -DUSE_TLS -Wno-missing-prototypes -Wno-type-limits -o extendsftf2.o -MT extendsftf2.o -MD -MP -MF extendsftf2.dep  -c ../../../libgcc/soft-fp/extendsftf2.c -fvisibility=hidden -DHIDE_EXPORTS
/src/tmp/tmpwPvHRz/stage1-gcc.build/o/./gcc/xgcc -B/src/tmp/tmpwPvHRz/stage1-gcc.build/o/./gcc/ -B/tools/x86_64-bootstrap-linux-gnu/bin/ -B/tools/x86_64-bootstrap-linux-gnu/lib/ -isystem /tools/x86_64-bootstrap-linux-gnu/include -isystem /tools/x86_64-bootstrap-linux-gnu/sys-include    -g -O2 -O2  -g -O2 -DIN_GCC  -DCROSS_DIRECTORY_STRUCTURE  -W -Wall -Wno-narrowing -Wwrite-strings -Wcast-qual -Wstrict-prototypes -Wmissing-prototypes -Wold-style-definition  -isystem ./include   -fpic -mlong-double-80 -g -DIN_LIBGCC2 -fbuilding-libgcc -fno-stack-protector -Dinhibit_libc  -fpic -mlong-double-80 -I. -I. -I../.././gcc -I../../../libgcc -I../../../libgcc/. -I../../../libgcc/../gcc -I../../../libgcc/../include  -DHAVE_CC_TLS  -DUSE_TLS -Wno-missing-prototypes -Wno-type-limits -o extenddftf2.o -MT extenddftf2.o -MD -MP -MF extenddftf2.dep  -c ../../../libgcc/soft-fp/extenddftf2.c -fvisibility=hidden -DHIDE_EXPORTS
/src/tmp/tmpwPvHRz/stage1-gcc.build/o/./gcc/xgcc -B/src/tmp/tmpwPvHRz/stage1-gcc.build/o/./gcc/ -B/tools/x86_64-bootstrap-linux-gnu/bin/ -B/tools/x86_64-bootstrap-linux-gnu/lib/ -isystem /tools/x86_64-bootstrap-linux-gnu/include -isystem /tools/x86_64-bootstrap-linux-gnu/sys-include    -g -O2 -O2  -g -O2 -DIN_GCC  -DCROSS_DIRECTORY_STRUCTURE  -W -Wall -Wno-narrowing -Wwrite-strings -Wcast-qual -Wstrict-prototypes -Wmissing-prototypes -Wold-style-definition  -isystem ./include   -fpic -mlong-double-80 -g -DIN_LIBGCC2 -fbuilding-libgcc -fno-stack-protector -Dinhibit_libc  -fpic -mlong-double-80 -I. -I. -I../.././gcc -I../../../libgcc -I../../../libgcc/. -I../../../libgcc/../gcc -I../../../libgcc/../include  -DHAVE_CC_TLS  -DUSE_TLS -Wno-missing-prototypes -Wno-type-limits -o extendxftf2.o -MT extendxftf2.o -MD -MP -MF extendxftf2.dep  -c ../../../libgcc/soft-fp/extendxftf2.c -fvisibility=hidden -DHIDE_EXPORTS
/src/tmp/tmpwPvHRz/stage1-gcc.build/o/./gcc/xgcc -B/src/tmp/tmpwPvHRz/stage1-gcc.build/o/./gcc/ -B/tools/x86_64-bootstrap-linux-gnu/bin/ -B/tools/x86_64-bootstrap-linux-gnu/lib/ -isystem /tools/x86_64-bootstrap-linux-gnu/include -isystem /tools/x86_64-bootstrap-linux-gnu/sys-include    -g -O2 -O2  -g -O2 -DIN_GCC  -DCROSS_DIRECTORY_STRUCTURE  -W -Wall -Wno-narrowing -Wwrite-strings -Wcast-qual -Wstrict-prototypes -Wmissing-prototypes -Wold-style-definition  -isystem ./include   -fpic -mlong-double-80 -g -DIN_LIBGCC2 -fbuilding-libgcc -fno-stack-protector -Dinhibit_libc  -fpic -mlong-double-80 -I. -I. -I../.././gcc -I../../../libgcc -I../../../libgcc/. -I../../../libgcc/../gcc -I../../../libgcc/../include  -DHAVE_CC_TLS  -DUSE_TLS -Wno-missing-prototypes -Wno-type-limits -o trunctfsf2.o -MT trunctfsf2.o -MD -MP -MF trunctfsf2.dep  -c ../../../libgcc/soft-fp/trunctfsf2.c -fvisibility=hidden -DHIDE_EXPORTS
/src/tmp/tmpwPvHRz/stage1-gcc.build/o/./gcc/xgcc -B/src/tmp/tmpwPvHRz/stage1-gcc.build/o/./gcc/ -B/tools/x86_64-bootstrap-linux-gnu/bin/ -B/tools/x86_64-bootstrap-linux-gnu/lib/ -isystem /tools/x86_64-bootstrap-linux-gnu/include -isystem /tools/x86_64-bootstrap-linux-gnu/sys-include    -g -O2 -O2  -g -O2 -DIN_GCC  -DCROSS_DIRECTORY_STRUCTURE  -W -Wall -Wno-narrowing -Wwrite-strings -Wcast-qual -Wstrict-prototypes -Wmissing-prototypes -Wold-style-definition  -isystem ./include   -fpic -mlong-double-80 -g -DIN_LIBGCC2 -fbuilding-libgcc -fno-stack-protector -Dinhibit_libc  -fpic -mlong-double-80 -I. -I. -I../.././gcc -I../../../libgcc -I../../../libgcc/. -I../../../libgcc/../gcc -I../../../libgcc/../include  -DHAVE_CC_TLS  -DUSE_TLS -Wno-missing-prototypes -Wno-type-limits -o trunctfdf2.o -MT trunctfdf2.o -MD -MP -MF trunctfdf2.dep  -c ../../../libgcc/soft-fp/trunctfdf2.c -fvisibility=hidden -DHIDE_EXPORTS
/src/tmp/tmpwPvHRz/stage1-gcc.build/o/./gcc/xgcc -B/src/tmp/tmpwPvHRz/stage1-gcc.build/o/./gcc/ -B/tools/x86_64-bootstrap-linux-gnu/bin/ -B/tools/x86_64-bootstrap-linux-gnu/lib/ -isystem /tools/x86_64-bootstrap-linux-gnu/include -isystem /tools/x86_64-bootstrap-linux-gnu/sys-include    -g -O2 -O2  -g -O2 -DIN_GCC  -DCROSS_DIRECTORY_STRUCTURE  -W -Wall -Wno-narrowing -Wwrite-strings -Wcast-qual -Wstrict-prototypes -Wmissing-prototypes -Wold-style-definition  -isystem ./include   -fpic -mlong-double-80 -g -DIN_LIBGCC2 -fbuilding-libgcc -fno-stack-protector -Dinhibit_libc  -fpic -mlong-double-80 -I. -I. -I../.././gcc -I../../../libgcc -I../../../libgcc/. -I../../../libgcc/../gcc -I../../../libgcc/../include  -DHAVE_CC_TLS  -DUSE_TLS -Wno-missing-prototypes -Wno-type-limits -o trunctfxf2.o -MT trunctfxf2.o -MD -MP -MF trunctfxf2.dep  -c ../../../libgcc/soft-fp/trunctfxf2.c -fvisibility=hidden -DHIDE_EXPORTS
/src/tmp/tmpwPvHRz/stage1-gcc.build/o/./gcc/xgcc -B/src/tmp/tmpwPvHRz/stage1-gcc.build/o/./gcc/ -B/tools/x86_64-bootstrap-linux-gnu/bin/ -B/tools/x86_64-bootstrap-linux-gnu/lib/ -isystem /tools/x86_64-bootstrap-linux-gnu/include -isystem /tools/x86_64-bootstrap-linux-gnu/sys-include    -g -O2 -O2  -g -O2 -DIN_GCC  -DCROSS_DIRECTORY_STRUCTURE  -W -Wall -Wno-narrowing -Wwrite-strings -Wcast-qual -Wstrict-prototypes -Wmissing-prototypes -Wold-style-definition  -isystem ./include   -fpic -mlong-double-80 -g -DIN_LIBGCC2 -fbuilding-libgcc -fno-stack-protector -Dinhibit_libc  -fpic -mlong-double-80 -I. -I. -I../.././gcc -I../../../libgcc -I../../../libgcc/. -I../../../libgcc/../gcc -I../../../libgcc/../include  -DHAVE_CC_TLS  -DUSE_TLS -Wno-missing-prototypes -Wno-type-limits -o getf2.o -MT getf2.o -MD -MP -MF getf2.dep  -c ../../../libgcc/config/i386/64/getf2.c -fvisibility=hidden -DHIDE_EXPORTS
/src/tmp/tmpwPvHRz/stage1-gcc.build/o/./gcc/xgcc -B/src/tmp/tmpwPvHRz/stage1-gcc.build/o/./gcc/ -B/tools/x86_64-bootstrap-linux-gnu/bin/ -B/tools/x86_64-bootstrap-linux-gnu/lib/ -isystem /tools/x86_64-bootstrap-linux-gnu/include -isystem /tools/x86_64-bootstrap-linux-gnu/sys-include    -g -O2 -O2  -g -O2 -DIN_GCC  -DCROSS_DIRECTORY_STRUCTURE  -W -Wall -Wno-narrowing -Wwrite-strings -Wcast-qual -Wstrict-prototypes -Wmissing-prototypes -Wold-style-definition  -isystem ./include   -fpic -mlong-double-80 -g -DIN_LIBGCC2 -fbuilding-libgcc -fno-stack-protector -Dinhibit_libc  -fpic -mlong-double-80 -I. -I. -I../.././gcc -I../../../libgcc -I../../../libgcc/. -I../../../libgcc/../gcc -I../../../libgcc/../include  -DHAVE_CC_TLS  -DUSE_TLS -Wno-missing-prototypes -Wno-type-limits -o letf2.o -MT letf2.o -MD -MP -MF letf2.dep  -c ../../../libgcc/config/i386/64/letf2.c -fvisibility=hidden -DHIDE_EXPORTS
/src/tmp/tmpwPvHRz/stage1-gcc.build/o/./gcc/xgcc -B/src/tmp/tmpwPvHRz/stage1-gcc.build/o/./gcc/ -B/tools/x86_64-bootstrap-linux-gnu/bin/ -B/tools/x86_64-bootstrap-linux-gnu/lib/ -isystem /tools/x86_64-bootstrap-linux-gnu/include -isystem /tools/x86_64-bootstrap-linux-gnu/sys-include    -g -O2 -O2  -g -O2 -DIN_GCC  -DCROSS_DIRECTORY_STRUCTURE  -W -Wall -Wno-narrowing -Wwrite-strings -Wcast-qual -Wstrict-prototypes -Wmissing-prototypes -Wold-style-definition  -isystem ./include   -fpic -mlong-double-80 -g -DIN_LIBGCC2 -fbuilding-libgcc -fno-stack-protector -Dinhibit_libc  -fpic -mlong-double-80 -I. -I. -I../.././gcc -I../../../libgcc -I../../../libgcc/. -I../../../libgcc/../gcc -I../../../libgcc/../include  -DHAVE_CC_TLS  -DUSE_TLS -Wno-missing-prototypes -Wno-type-limits -o eqtf2.o -MT eqtf2.o -MD -MP -MF eqtf2.dep  -c ../../../libgcc/config/i386/64/eqtf2.c -fvisibility=hidden -DHIDE_EXPORTS
/src/tmp/tmpwPvHRz/stage1-gcc.build/o/./gcc/xgcc -B/src/tmp/tmpwPvHRz/stage1-gcc.build/o/./gcc/ -B/tools/x86_64-bootstrap-linux-gnu/bin/ -B/tools/x86_64-bootstrap-linux-gnu/lib/ -isystem /tools/x86_64-bootstrap-linux-gnu/include -isystem /tools/x86_64-bootstrap-linux-gnu/sys-include    -g -O2 -O2  -g -O2 -DIN_GCC  -DCROSS_DIRECTORY_STRUCTURE  -W -Wall -Wno-narrowing -Wwrite-strings -Wcast-qual -Wstrict-prototypes -Wmissing-prototypes -Wold-style-definition  -isystem ./include   -fpic -mlong-double-80 -g -DIN_LIBGCC2 -fbuilding-libgcc -fno-stack-protector -Dinhibit_libc  -fpic -mlong-double-80 -I. -I. -I../.././gcc -I../../../libgcc -I../../../libgcc/. -I../../../libgcc/../gcc -I../../../libgcc/../include  -DHAVE_CC_TLS  -DUSE_TLS -o _divtc3.o -MT _divtc3.o -MD -MP -MF _divtc3.dep  -c ../../../libgcc/config/i386/64/_divtc3.c -fvisibility=hidden -DHIDE_EXPORTS
/src/tmp/tmpwPvHRz/stage1-gcc.build/o/./gcc/xgcc -B/src/tmp/tmpwPvHRz/stage1-gcc.build/o/./gcc/ -B/tools/x86_64-bootstrap-linux-gnu/bin/ -B/tools/x86_64-bootstrap-linux-gnu/lib/ -isystem /tools/x86_64-bootstrap-linux-gnu/include -isystem /tools/x86_64-bootstrap-linux-gnu/sys-include    -g -O2 -O2  -g -O2 -DIN_GCC  -DCROSS_DIRECTORY_STRUCTURE  -W -Wall -Wno-narrowing -Wwrite-strings -Wcast-qual -Wstrict-prototypes -Wmissing-prototypes -Wold-style-definition  -isystem ./include   -fpic -mlong-double-80 -g -DIN_LIBGCC2 -fbuilding-libgcc -fno-stack-protector -Dinhibit_libc  -fpic -mlong-double-80 -I. -I. -I../.././gcc -I../../../libgcc -I../../../libgcc/. -I../../../libgcc/../gcc -I../../../libgcc/../include  -DHAVE_CC_TLS  -DUSE_TLS -o _multc3.o -MT _multc3.o -MD -MP -MF _multc3.dep  -c ../../../libgcc/config/i386/64/_multc3.c -fvisibility=hidden -DHIDE_EXPORTS
/src/tmp/tmpwPvHRz/stage1-gcc.build/o/./gcc/xgcc -B/src/tmp/tmpwPvHRz/stage1-gcc.build/o/./gcc/ -B/tools/x86_64-bootstrap-linux-gnu/bin/ -B/tools/x86_64-bootstrap-linux-gnu/lib/ -isystem /tools/x86_64-bootstrap-linux-gnu/include -isystem /tools/x86_64-bootstrap-linux-gnu/sys-include    -g -O2 -O2  -g -O2 -DIN_GCC  -DCROSS_DIRECTORY_STRUCTURE  -W -Wall -Wno-narrowing -Wwrite-strings -Wcast-qual -Wstrict-prototypes -Wmissing-prototypes -Wold-style-definition  -isystem ./include   -fpic -mlong-double-80 -g -DIN_LIBGCC2 -fbuilding-libgcc -fno-stack-protector -Dinhibit_libc  -fpic -mlong-double-80 -I. -I. -I../.././gcc -I../../../libgcc -I../../../libgcc/. -I../../../libgcc/../gcc -I../../../libgcc/../include  -DHAVE_CC_TLS  -DUSE_TLS -o _powitf2.o -MT _powitf2.o -MD -MP -MF _powitf2.dep  -c ../../../libgcc/config/i386/64/_powitf2.c -fvisibility=hidden -DHIDE_EXPORTS
/src/tmp/tmpwPvHRz/stage1-gcc.build/o/./gcc/xgcc -B/src/tmp/tmpwPvHRz/stage1-gcc.build/o/./gcc/ -B/tools/x86_64-bootstrap-linux-gnu/bin/ -B/tools/x86_64-bootstrap-linux-gnu/lib/ -isystem /tools/x86_64-bootstrap-linux-gnu/include -isystem /tools/x86_64-bootstrap-linux-gnu/sys-include    -g -O2 -O2  -g -O2 -DIN_GCC  -DCROSS_DIRECTORY_STRUCTURE  -W -Wall -Wno-narrowing -Wwrite-strings -Wcast-qual -Wstrict-prototypes -Wmissing-prototypes -Wold-style-definition  -isystem ./include   -fpic -mlong-double-80 -g -DIN_LIBGCC2 -fbuilding-libgcc -fno-stack-protector -Dinhibit_libc  -fpic -mlong-double-80 -I. -I. -I../.././gcc -I../../../libgcc -I../../../libgcc/. -I../../../libgcc/../gcc -I../../../libgcc/../include  -DHAVE_CC_TLS  -DUSE_TLS -o enable-execute-stack.o -MT enable-execute-stack.o -MD -MP -MF enable-execute-stack.dep  -c enable-execute-stack.c -fvisibility=hidden -DHIDE_EXPORTS
/src/tmp/tmpwPvHRz/stage1-gcc.build/o/./gcc/xgcc -B/src/tmp/tmpwPvHRz/stage1-gcc.build/o/./gcc/ -B/tools/x86_64-bootstrap-linux-gnu/bin/ -B/tools/x86_64-bootstrap-linux-gnu/lib/ -isystem /tools/x86_64-bootstrap-linux-gnu/include -isystem /tools/x86_64-bootstrap-linux-gnu/sys-include    -g -O2 -O2  -g -O2 -DIN_GCC  -DCROSS_DIRECTORY_STRUCTURE  -W -Wall -Wno-narrowing -Wwrite-strings -Wcast-qual -Wstrict-prototypes -Wmissing-prototypes -Wold-style-definition  -isystem ./include   -fpic -mlong-double-80 -g -DIN_LIBGCC2 -fbuilding-libgcc -fno-stack-protector -Dinhibit_libc  -fpic -mlong-double-80 -I. -I. -I../.././gcc -I../../../libgcc -I../../../libgcc/. -I../../../libgcc/../gcc -I../../../libgcc/../include  -DHAVE_CC_TLS  -DUSE_TLS -o generic-morestack.o -MT generic-morestack.o -MD -MP -MF generic-morestack.dep  -c ../../../libgcc/generic-morestack.c -fvisibility=hidden -DHIDE_EXPORTS
/src/tmp/tmpwPvHRz/stage1-gcc.build/o/./gcc/xgcc -B/src/tmp/tmpwPvHRz/stage1-gcc.build/o/./gcc/ -B/tools/x86_64-bootstrap-linux-gnu/bin/ -B/tools/x86_64-bootstrap-linux-gnu/lib/ -isystem /tools/x86_64-bootstrap-linux-gnu/include -isystem /tools/x86_64-bootstrap-linux-gnu/sys-include    -g -O2 -O2  -g -O2 -DIN_GCC  -DCROSS_DIRECTORY_STRUCTURE  -W -Wall -Wno-narrowing -Wwrite-strings -Wcast-qual -Wstrict-prototypes -Wmissing-prototypes -Wold-style-definition  -isystem ./include   -fpic -mlong-double-80 -g -DIN_LIBGCC2 -fbuilding-libgcc -fno-stack-protector -Dinhibit_libc  -fpic -mlong-double-80 -I. -I. -I../.././gcc -I../../../libgcc -I../../../libgcc/. -I../../../libgcc/../gcc -I../../../libgcc/../include  -DHAVE_CC_TLS  -DUSE_TLS -o generic-morestack-thread.o -MT generic-morestack-thread.o -MD -MP -MF generic-morestack-thread.dep  -c ../../../libgcc/generic-morestack-thread.c -fvisibility=hidden -DHIDE_EXPORTS
/src/tmp/tmpwPvHRz/stage1-gcc.build/o/./gcc/nm -pg morestack_s.o | gawk 'NF == 3 && $2 !~ /^[UN]$/ && $3 !~ /.*_compat/ && $3 !~ /.*@.*/ { print "\t.hidden", $3 }' > morestack.visT
/src/tmp/tmpwPvHRz/stage1-gcc.build/o/./gcc/xgcc -B/src/tmp/tmpwPvHRz/stage1-gcc.build/o/./gcc/ -B/tools/x86_64-bootstrap-linux-gnu/bin/ -B/tools/x86_64-bootstrap-linux-gnu/lib/ -isystem /tools/x86_64-bootstrap-linux-gnu/include -isystem /tools/x86_64-bootstrap-linux-gnu/sys-include    -g -O2 -O2  -g -O2 -DIN_GCC  -DCROSS_DIRECTORY_STRUCTURE  -W -Wall -Wno-narrowing -Wwrite-strings -Wcast-qual -Wstrict-prototypes -Wmissing-prototypes -Wold-style-definition  -isystem ./include   -fpic -mlong-double-80 -g -DIN_LIBGCC2 -fbuilding-libgcc -fno-stack-protector -Dinhibit_libc  -fpic -mlong-double-80 -I. -I. -I../.././gcc -I../../../libgcc -I../../../libgcc/. -I../../../libgcc/../gcc -I../../../libgcc/../include  -DHAVE_CC_TLS  -DUSE_TLS -o unwind-dw2.o -MT unwind-dw2.o -MD -MP -MF unwind-dw2.dep -fexceptions -c ../../../libgcc/unwind-dw2.c -fvisibility=hidden -DHIDE_EXPORTS
mv -f morestack.visT morestack.vis
/src/tmp/tmpwPvHRz/stage1-gcc.build/o/./gcc/xgcc -B/src/tmp/tmpwPvHRz/stage1-gcc.build/o/./gcc/ -B/tools/x86_64-bootstrap-linux-gnu/bin/ -B/tools/x86_64-bootstrap-linux-gnu/lib/ -isystem /tools/x86_64-bootstrap-linux-gnu/include -isystem /tools/x86_64-bootstrap-linux-gnu/sys-include    -g -O2 -O2  -g -O2 -DIN_GCC  -DCROSS_DIRECTORY_STRUCTURE  -W -Wall -Wno-narrowing -Wwrite-strings -Wcast-qual -Wstrict-prototypes -Wmissing-prototypes -Wold-style-definition  -isystem ./include   -fpic -mlong-double-80 -g -DIN_LIBGCC2 -fbuilding-libgcc -fno-stack-protector -Dinhibit_libc  -fpic -mlong-double-80 -I. -I. -I../.././gcc -I../../../libgcc -I../../../libgcc/. -I../../../libgcc/../gcc -I../../../libgcc/../include  -DHAVE_CC_TLS  -DUSE_TLS -o unwind-dw2-fde-dip.o -MT unwind-dw2-fde-dip.o -MD -MP -MF unwind-dw2-fde-dip.dep -fexceptions -c ../../../libgcc/unwind-dw2-fde-dip.c -fvisibility=hidden -DHIDE_EXPORTS
/src/tmp/tmpwPvHRz/stage1-gcc.build/o/./gcc/xgcc -B/src/tmp/tmpwPvHRz/stage1-gcc.build/o/./gcc/ -B/tools/x86_64-bootstrap-linux-gnu/bin/ -B/tools/x86_64-bootstrap-linux-gnu/lib/ -isystem /tools/x86_64-bootstrap-linux-gnu/include -isystem /tools/x86_64-bootstrap-linux-gnu/sys-include    -g -O2 -O2  -g -O2 -DIN_GCC  -DCROSS_DIRECTORY_STRUCTURE  -W -Wall -Wno-narrowing -Wwrite-strings -Wcast-qual -Wstrict-prototypes -Wmissing-prototypes -Wold-style-definition  -isystem ./include   -fpic -mlong-double-80 -g -DIN_LIBGCC2 -fbuilding-libgcc -fno-stack-protector -Dinhibit_libc  -fpic -mlong-double-80 -I. -I. -I../.././gcc -I../../../libgcc -I../../../libgcc/. -I../../../libgcc/../gcc -I../../../libgcc/../include  -DHAVE_CC_TLS  -DUSE_TLS -o unwind-sjlj.o -MT unwind-sjlj.o -MD -MP -MF unwind-sjlj.dep -fexceptions -c ../../../libgcc/unwind-sjlj.c -fvisibility=hidden -DHIDE_EXPORTS
/src/tmp/tmpwPvHRz/stage1-gcc.build/o/./gcc/xgcc -B/src/tmp/tmpwPvHRz/stage1-gcc.build/o/./gcc/ -B/tools/x86_64-bootstrap-linux-gnu/bin/ -B/tools/x86_64-bootstrap-linux-gnu/lib/ -isystem /tools/x86_64-bootstrap-linux-gnu/include -isystem /tools/x86_64-bootstrap-linux-gnu/sys-include    -g -O2 -O2  -g -O2 -DIN_GCC  -DCROSS_DIRECTORY_STRUCTURE  -W -Wall -Wno-narrowing -Wwrite-strings -Wcast-qual -Wstrict-prototypes -Wmissing-prototypes -Wold-style-definition  -isystem ./include   -fpic -mlong-double-80 -g -DIN_LIBGCC2 -fbuilding-libgcc -fno-stack-protector -Dinhibit_libc  -fpic -mlong-double-80 -I. -I. -I../.././gcc -I../../../libgcc -I../../../libgcc/. -I../../../libgcc/../gcc -I../../../libgcc/../include  -DHAVE_CC_TLS  -DUSE_TLS -o unwind-c.o -MT unwind-c.o -MD -MP -MF unwind-c.dep -fexceptions -c ../../../libgcc/unwind-c.c -fvisibility=hidden -DHIDE_EXPORTS
/src/tmp/tmpwPvHRz/stage1-gcc.build/o/./gcc/xgcc -B/src/tmp/tmpwPvHRz/stage1-gcc.build/o/./gcc/ -B/tools/x86_64-bootstrap-linux-gnu/bin/ -B/tools/x86_64-bootstrap-linux-gnu/lib/ -isystem /tools/x86_64-bootstrap-linux-gnu/include -isystem /tools/x86_64-bootstrap-linux-gnu/sys-include    -g -O2 -O2  -g -O2 -DIN_GCC  -DCROSS_DIRECTORY_STRUCTURE  -W -Wall -Wno-narrowing -Wwrite-strings -Wcast-qual -Wstrict-prototypes -Wmissing-prototypes -Wold-style-definition  -isystem ./include   -fpic -mlong-double-80 -g -DIN_LIBGCC2 -fbuilding-libgcc -fno-stack-protector -Dinhibit_libc  -fpic -mlong-double-80 -I. -I. -I../.././gcc -I../../../libgcc -I../../../libgcc/. -I../../../libgcc/../gcc -I../../../libgcc/../include  -DHAVE_CC_TLS  -DUSE_TLS -o emutls.o -MT emutls.o -MD -MP -MF emutls.dep -fexceptions -c ../../../libgcc/emutls.c -fvisibility=hidden -DHIDE_EXPORTS
/src/tmp/tmpwPvHRz/stage1-gcc.build/o/./gcc/xgcc -B/src/tmp/tmpwPvHRz/stage1-gcc.build/o/./gcc/ -B/tools/x86_64-bootstrap-linux-gnu/bin/ -B/tools/x86_64-bootstrap-linux-gnu/lib/ -isystem /tools/x86_64-bootstrap-linux-gnu/include -isystem /tools/x86_64-bootstrap-linux-gnu/sys-include    -g -O2 -O2  -g -O2 -DIN_GCC  -DCROSS_DIRECTORY_STRUCTURE  -W -Wall -Wno-narrowing -Wwrite-strings -Wcast-qual -Wstrict-prototypes -Wmissing-prototypes -Wold-style-definition  -isystem ./include   -fpic -mlong-double-80 -g -DIN_LIBGCC2 -fbuilding-libgcc -fno-stack-protector -Dinhibit_libc  -fpic -mlong-double-80 -I. -I. -I../.././gcc -I../../../libgcc -I../../../libgcc/. -I../../../libgcc/../gcc -I../../../libgcc/../include  -DHAVE_CC_TLS  -DUSE_TLS -o _gcov_merge_add.o -MT _gcov_merge_add.o -MD -MP -MF _gcov_merge_add.dep -DL_gcov_merge_add -c ../../../libgcc/libgcov-merge.c
/src/tmp/tmpwPvHRz/stage1-gcc.build/o/./gcc/xgcc -B/src/tmp/tmpwPvHRz/stage1-gcc.build/o/./gcc/ -B/tools/x86_64-bootstrap-linux-gnu/bin/ -B/tools/x86_64-bootstrap-linux-gnu/lib/ -isystem /tools/x86_64-bootstrap-linux-gnu/include -isystem /tools/x86_64-bootstrap-linux-gnu/sys-include    -g -O2 -O2  -g -O2 -DIN_GCC  -DCROSS_DIRECTORY_STRUCTURE  -W -Wall -Wno-narrowing -Wwrite-strings -Wcast-qual -Wstrict-prototypes -Wmissing-prototypes -Wold-style-definition  -isystem ./include   -fpic -mlong-double-80 -g -DIN_LIBGCC2 -fbuilding-libgcc -fno-stack-protector -Dinhibit_libc  -fpic -mlong-double-80 -I. -I. -I../.././gcc -I../../../libgcc -I../../../libgcc/. -I../../../libgcc/../gcc -I../../../libgcc/../include  -DHAVE_CC_TLS  -DUSE_TLS -o _gcov_merge_single.o -MT _gcov_merge_single.o -MD -MP -MF _gcov_merge_single.dep -DL_gcov_merge_single -c ../../../libgcc/libgcov-merge.c
/src/tmp/tmpwPvHRz/stage1-gcc.build/o/./gcc/xgcc -B/src/tmp/tmpwPvHRz/stage1-gcc.build/o/./gcc/ -B/tools/x86_64-bootstrap-linux-gnu/bin/ -B/tools/x86_64-bootstrap-linux-gnu/lib/ -isystem /tools/x86_64-bootstrap-linux-gnu/include -isystem /tools/x86_64-bootstrap-linux-gnu/sys-include    -g -O2 -O2  -g -O2 -DIN_GCC  -DCROSS_DIRECTORY_STRUCTURE  -W -Wall -Wno-narrowing -Wwrite-strings -Wcast-qual -Wstrict-prototypes -Wmissing-prototypes -Wold-style-definition  -isystem ./include   -fpic -mlong-double-80 -g -DIN_LIBGCC2 -fbuilding-libgcc -fno-stack-protector -Dinhibit_libc  -fpic -mlong-double-80 -I. -I. -I../.././gcc -I../../../libgcc -I../../../libgcc/. -I../../../libgcc/../gcc -I../../../libgcc/../include  -DHAVE_CC_TLS  -DUSE_TLS -o _gcov_merge_delta.o -MT _gcov_merge_delta.o -MD -MP -MF _gcov_merge_delta.dep -DL_gcov_merge_delta -c ../../../libgcc/libgcov-merge.c
/src/tmp/tmpwPvHRz/stage1-gcc.build/o/./gcc/xgcc -B/src/tmp/tmpwPvHRz/stage1-gcc.build/o/./gcc/ -B/tools/x86_64-bootstrap-linux-gnu/bin/ -B/tools/x86_64-bootstrap-linux-gnu/lib/ -isystem /tools/x86_64-bootstrap-linux-gnu/include -isystem /tools/x86_64-bootstrap-linux-gnu/sys-include    -g -O2 -O2  -g -O2 -DIN_GCC  -DCROSS_DIRECTORY_STRUCTURE  -W -Wall -Wno-narrowing -Wwrite-strings -Wcast-qual -Wstrict-prototypes -Wmissing-prototypes -Wold-style-definition  -isystem ./include   -fpic -mlong-double-80 -g -DIN_LIBGCC2 -fbuilding-libgcc -fno-stack-protector -Dinhibit_libc  -fpic -mlong-double-80 -I. -I. -I../.././gcc -I../../../libgcc -I../../../libgcc/. -I../../../libgcc/../gcc -I../../../libgcc/../include  -DHAVE_CC_TLS  -DUSE_TLS -o _gcov_merge_ior.o -MT _gcov_merge_ior.o -MD -MP -MF _gcov_merge_ior.dep -DL_gcov_merge_ior -c ../../../libgcc/libgcov-merge.c
/src/tmp/tmpwPvHRz/stage1-gcc.build/o/./gcc/xgcc -B/src/tmp/tmpwPvHRz/stage1-gcc.build/o/./gcc/ -B/tools/x86_64-bootstrap-linux-gnu/bin/ -B/tools/x86_64-bootstrap-linux-gnu/lib/ -isystem /tools/x86_64-bootstrap-linux-gnu/include -isystem /tools/x86_64-bootstrap-linux-gnu/sys-include    -g -O2 -O2  -g -O2 -DIN_GCC  -DCROSS_DIRECTORY_STRUCTURE  -W -Wall -Wno-narrowing -Wwrite-strings -Wcast-qual -Wstrict-prototypes -Wmissing-prototypes -Wold-style-definition  -isystem ./include   -fpic -mlong-double-80 -g -DIN_LIBGCC2 -fbuilding-libgcc -fno-stack-protector -Dinhibit_libc  -fpic -mlong-double-80 -I. -I. -I../.././gcc -I../../../libgcc -I../../../libgcc/. -I../../../libgcc/../gcc -I../../../libgcc/../include  -DHAVE_CC_TLS  -DUSE_TLS -o _gcov_merge_time_profile.o -MT _gcov_merge_time_profile.o -MD -MP -MF _gcov_merge_time_profile.dep -DL_gcov_merge_time_profile -c ../../../libgcc/libgcov-merge.c
/src/tmp/tmpwPvHRz/stage1-gcc.build/o/./gcc/xgcc -B/src/tmp/tmpwPvHRz/stage1-gcc.build/o/./gcc/ -B/tools/x86_64-bootstrap-linux-gnu/bin/ -B/tools/x86_64-bootstrap-linux-gnu/lib/ -isystem /tools/x86_64-bootstrap-linux-gnu/include -isystem /tools/x86_64-bootstrap-linux-gnu/sys-include    -g -O2 -O2  -g -O2 -DIN_GCC  -DCROSS_DIRECTORY_STRUCTURE  -W -Wall -Wno-narrowing -Wwrite-strings -Wcast-qual -Wstrict-prototypes -Wmissing-prototypes -Wold-style-definition  -isystem ./include   -fpic -mlong-double-80 -g -DIN_LIBGCC2 -fbuilding-libgcc -fno-stack-protector -Dinhibit_libc  -fpic -mlong-double-80 -I. -I. -I../.././gcc -I../../../libgcc -I../../../libgcc/. -I../../../libgcc/../gcc -I../../../libgcc/../include  -DHAVE_CC_TLS  -DUSE_TLS -o _gcov_interval_profiler.o -MT _gcov_interval_profiler.o -MD -MP -MF _gcov_interval_profiler.dep -DL_gcov_interval_profiler -c ../../../libgcc/libgcov-profiler.c
/src/tmp/tmpwPvHRz/stage1-gcc.build/o/./gcc/xgcc -B/src/tmp/tmpwPvHRz/stage1-gcc.build/o/./gcc/ -B/tools/x86_64-bootstrap-linux-gnu/bin/ -B/tools/x86_64-bootstrap-linux-gnu/lib/ -isystem /tools/x86_64-bootstrap-linux-gnu/include -isystem /tools/x86_64-bootstrap-linux-gnu/sys-include    -g -O2 -O2  -g -O2 -DIN_GCC  -DCROSS_DIRECTORY_STRUCTURE  -W -Wall -Wno-narrowing -Wwrite-strings -Wcast-qual -Wstrict-prototypes -Wmissing-prototypes -Wold-style-definition  -isystem ./include   -fpic -mlong-double-80 -g -DIN_LIBGCC2 -fbuilding-libgcc -fno-stack-protector -Dinhibit_libc  -fpic -mlong-double-80 -I. -I. -I../.././gcc -I../../../libgcc -I../../../libgcc/. -I../../../libgcc/../gcc -I../../../libgcc/../include  -DHAVE_CC_TLS  -DUSE_TLS -o _gcov_pow2_profiler.o -MT _gcov_pow2_profiler.o -MD -MP -MF _gcov_pow2_profiler.dep -DL_gcov_pow2_profiler -c ../../../libgcc/libgcov-profiler.c
/src/tmp/tmpwPvHRz/stage1-gcc.build/o/./gcc/xgcc -B/src/tmp/tmpwPvHRz/stage1-gcc.build/o/./gcc/ -B/tools/x86_64-bootstrap-linux-gnu/bin/ -B/tools/x86_64-bootstrap-linux-gnu/lib/ -isystem /tools/x86_64-bootstrap-linux-gnu/include -isystem /tools/x86_64-bootstrap-linux-gnu/sys-include    -g -O2 -O2  -g -O2 -DIN_GCC  -DCROSS_DIRECTORY_STRUCTURE  -W -Wall -Wno-narrowing -Wwrite-strings -Wcast-qual -Wstrict-prototypes -Wmissing-prototypes -Wold-style-definition  -isystem ./include   -fpic -mlong-double-80 -g -DIN_LIBGCC2 -fbuilding-libgcc -fno-stack-protector -Dinhibit_libc  -fpic -mlong-double-80 -I. -I. -I../.././gcc -I../../../libgcc -I../../../libgcc/. -I../../../libgcc/../gcc -I../../../libgcc/../include  -DHAVE_CC_TLS  -DUSE_TLS -o _gcov_one_value_profiler.o -MT _gcov_one_value_profiler.o -MD -MP -MF _gcov_one_value_profiler.dep -DL_gcov_one_value_profiler -c ../../../libgcc/libgcov-profiler.c
/src/tmp/tmpwPvHRz/stage1-gcc.build/o/./gcc/xgcc -B/src/tmp/tmpwPvHRz/stage1-gcc.build/o/./gcc/ -B/tools/x86_64-bootstrap-linux-gnu/bin/ -B/tools/x86_64-bootstrap-linux-gnu/lib/ -isystem /tools/x86_64-bootstrap-linux-gnu/include -isystem /tools/x86_64-bootstrap-linux-gnu/sys-include    -g -O2 -O2  -g -O2 -DIN_GCC  -DCROSS_DIRECTORY_STRUCTURE  -W -Wall -Wno-narrowing -Wwrite-strings -Wcast-qual -Wstrict-prototypes -Wmissing-prototypes -Wold-style-definition  -isystem ./include   -fpic -mlong-double-80 -g -DIN_LIBGCC2 -fbuilding-libgcc -fno-stack-protector -Dinhibit_libc  -fpic -mlong-double-80 -I. -I. -I../.././gcc -I../../../libgcc -I../../../libgcc/. -I../../../libgcc/../gcc -I../../../libgcc/../include  -DHAVE_CC_TLS  -DUSE_TLS -o _gcov_indirect_call_profiler.o -MT _gcov_indirect_call_profiler.o -MD -MP -MF _gcov_indirect_call_profiler.dep -DL_gcov_indirect_call_profiler -c ../../../libgcc/libgcov-profiler.c
/src/tmp/tmpwPvHRz/stage1-gcc.build/o/./gcc/xgcc -B/src/tmp/tmpwPvHRz/stage1-gcc.build/o/./gcc/ -B/tools/x86_64-bootstrap-linux-gnu/bin/ -B/tools/x86_64-bootstrap-linux-gnu/lib/ -isystem /tools/x86_64-bootstrap-linux-gnu/include -isystem /tools/x86_64-bootstrap-linux-gnu/sys-include    -g -O2 -O2  -g -O2 -DIN_GCC  -DCROSS_DIRECTORY_STRUCTURE  -W -Wall -Wno-narrowing -Wwrite-strings -Wcast-qual -Wstrict-prototypes -Wmissing-prototypes -Wold-style-definition  -isystem ./include   -fpic -mlong-double-80 -g -DIN_LIBGCC2 -fbuilding-libgcc -fno-stack-protector -Dinhibit_libc  -fpic -mlong-double-80 -I. -I. -I../.././gcc -I../../../libgcc -I../../../libgcc/. -I../../../libgcc/../gcc -I../../../libgcc/../include  -DHAVE_CC_TLS  -DUSE_TLS -o _gcov_average_profiler.o -MT _gcov_average_profiler.o -MD -MP -MF _gcov_average_profiler.dep -DL_gcov_average_profiler -c ../../../libgcc/libgcov-profiler.c
/src/tmp/tmpwPvHRz/stage1-gcc.build/o/./gcc/xgcc -B/src/tmp/tmpwPvHRz/stage1-gcc.build/o/./gcc/ -B/tools/x86_64-bootstrap-linux-gnu/bin/ -B/tools/x86_64-bootstrap-linux-gnu/lib/ -isystem /tools/x86_64-bootstrap-linux-gnu/include -isystem /tools/x86_64-bootstrap-linux-gnu/sys-include    -g -O2 -O2  -g -O2 -DIN_GCC  -DCROSS_DIRECTORY_STRUCTURE  -W -Wall -Wno-narrowing -Wwrite-strings -Wcast-qual -Wstrict-prototypes -Wmissing-prototypes -Wold-style-definition  -isystem ./include   -fpic -mlong-double-80 -g -DIN_LIBGCC2 -fbuilding-libgcc -fno-stack-protector -Dinhibit_libc  -fpic -mlong-double-80 -I. -I. -I../.././gcc -I../../../libgcc -I../../../libgcc/. -I../../../libgcc/../gcc -I../../../libgcc/../include  -DHAVE_CC_TLS  -DUSE_TLS -o _gcov_ior_profiler.o -MT _gcov_ior_profiler.o -MD -MP -MF _gcov_ior_profiler.dep -DL_gcov_ior_profiler -c ../../../libgcc/libgcov-profiler.c
/src/tmp/tmpwPvHRz/stage1-gcc.build/o/./gcc/xgcc -B/src/tmp/tmpwPvHRz/stage1-gcc.build/o/./gcc/ -B/tools/x86_64-bootstrap-linux-gnu/bin/ -B/tools/x86_64-bootstrap-linux-gnu/lib/ -isystem /tools/x86_64-bootstrap-linux-gnu/include -isystem /tools/x86_64-bootstrap-linux-gnu/sys-include    -g -O2 -O2  -g -O2 -DIN_GCC  -DCROSS_DIRECTORY_STRUCTURE  -W -Wall -Wno-narrowing -Wwrite-strings -Wcast-qual -Wstrict-prototypes -Wmissing-prototypes -Wold-style-definition  -isystem ./include   -fpic -mlong-double-80 -g -DIN_LIBGCC2 -fbuilding-libgcc -fno-stack-protector -Dinhibit_libc  -fpic -mlong-double-80 -I. -I. -I../.././gcc -I../../../libgcc -I../../../libgcc/. -I../../../libgcc/../gcc -I../../../libgcc/../include  -DHAVE_CC_TLS  -DUSE_TLS -o _gcov_indirect_call_profiler_v2.o -MT _gcov_indirect_call_profiler_v2.o -MD -MP -MF _gcov_indirect_call_profiler_v2.dep -DL_gcov_indirect_call_profiler_v2 -c ../../../libgcc/libgcov-profiler.c
/src/tmp/tmpwPvHRz/stage1-gcc.build/o/./gcc/xgcc -B/src/tmp/tmpwPvHRz/stage1-gcc.build/o/./gcc/ -B/tools/x86_64-bootstrap-linux-gnu/bin/ -B/tools/x86_64-bootstrap-linux-gnu/lib/ -isystem /tools/x86_64-bootstrap-linux-gnu/include -isystem /tools/x86_64-bootstrap-linux-gnu/sys-include    -g -O2 -O2  -g -O2 -DIN_GCC  -DCROSS_DIRECTORY_STRUCTURE  -W -Wall -Wno-narrowing -Wwrite-strings -Wcast-qual -Wstrict-prototypes -Wmissing-prototypes -Wold-style-definition  -isystem ./include   -fpic -mlong-double-80 -g -DIN_LIBGCC2 -fbuilding-libgcc -fno-stack-protector -Dinhibit_libc  -fpic -mlong-double-80 -I. -I. -I../.././gcc -I../../../libgcc -I../../../libgcc/. -I../../../libgcc/../gcc -I../../../libgcc/../include  -DHAVE_CC_TLS  -DUSE_TLS -o _gcov_time_profiler.o -MT _gcov_time_profiler.o -MD -MP -MF _gcov_time_profiler.dep -DL_gcov_time_profiler -c ../../../libgcc/libgcov-profiler.c
/src/tmp/tmpwPvHRz/stage1-gcc.build/o/./gcc/xgcc -B/src/tmp/tmpwPvHRz/stage1-gcc.build/o/./gcc/ -B/tools/x86_64-bootstrap-linux-gnu/bin/ -B/tools/x86_64-bootstrap-linux-gnu/lib/ -isystem /tools/x86_64-bootstrap-linux-gnu/include -isystem /tools/x86_64-bootstrap-linux-gnu/sys-include    -g -O2 -O2  -g -O2 -DIN_GCC  -DCROSS_DIRECTORY_STRUCTURE  -W -Wall -Wno-narrowing -Wwrite-strings -Wcast-qual -Wstrict-prototypes -Wmissing-prototypes -Wold-style-definition  -isystem ./include   -fpic -mlong-double-80 -g -DIN_LIBGCC2 -fbuilding-libgcc -fno-stack-protector -Dinhibit_libc  -fpic -mlong-double-80 -I. -I. -I../.././gcc -I../../../libgcc -I../../../libgcc/. -I../../../libgcc/../gcc -I../../../libgcc/../include  -DHAVE_CC_TLS  -DUSE_TLS -o _gcov_flush.o -MT _gcov_flush.o -MD -MP -MF _gcov_flush.dep -DL_gcov_flush -c ../../../libgcc/libgcov-interface.c
/src/tmp/tmpwPvHRz/stage1-gcc.build/o/./gcc/xgcc -B/src/tmp/tmpwPvHRz/stage1-gcc.build/o/./gcc/ -B/tools/x86_64-bootstrap-linux-gnu/bin/ -B/tools/x86_64-bootstrap-linux-gnu/lib/ -isystem /tools/x86_64-bootstrap-linux-gnu/include -isystem /tools/x86_64-bootstrap-linux-gnu/sys-include    -g -O2 -O2  -g -O2 -DIN_GCC  -DCROSS_DIRECTORY_STRUCTURE  -W -Wall -Wno-narrowing -Wwrite-strings -Wcast-qual -Wstrict-prototypes -Wmissing-prototypes -Wold-style-definition  -isystem ./include   -fpic -mlong-double-80 -g -DIN_LIBGCC2 -fbuilding-libgcc -fno-stack-protector -Dinhibit_libc  -fpic -mlong-double-80 -I. -I. -I../.././gcc -I../../../libgcc -I../../../libgcc/. -I../../../libgcc/../gcc -I../../../libgcc/../include  -DHAVE_CC_TLS  -DUSE_TLS -o _gcov_fork.o -MT _gcov_fork.o -MD -MP -MF _gcov_fork.dep -DL_gcov_fork -c ../../../libgcc/libgcov-interface.c
/src/tmp/tmpwPvHRz/stage1-gcc.build/o/./gcc/xgcc -B/src/tmp/tmpwPvHRz/stage1-gcc.build/o/./gcc/ -B/tools/x86_64-bootstrap-linux-gnu/bin/ -B/tools/x86_64-bootstrap-linux-gnu/lib/ -isystem /tools/x86_64-bootstrap-linux-gnu/include -isystem /tools/x86_64-bootstrap-linux-gnu/sys-include    -g -O2 -O2  -g -O2 -DIN_GCC  -DCROSS_DIRECTORY_STRUCTURE  -W -Wall -Wno-narrowing -Wwrite-strings -Wcast-qual -Wstrict-prototypes -Wmissing-prototypes -Wold-style-definition  -isystem ./include   -fpic -mlong-double-80 -g -DIN_LIBGCC2 -fbuilding-libgcc -fno-stack-protector -Dinhibit_libc  -fpic -mlong-double-80 -I. -I. -I../.././gcc -I../../../libgcc -I../../../libgcc/. -I../../../libgcc/../gcc -I../../../libgcc/../include  -DHAVE_CC_TLS  -DUSE_TLS -o _gcov_execl.o -MT _gcov_execl.o -MD -MP -MF _gcov_execl.dep -DL_gcov_execl -c ../../../libgcc/libgcov-interface.c
/src/tmp/tmpwPvHRz/stage1-gcc.build/o/./gcc/xgcc -B/src/tmp/tmpwPvHRz/stage1-gcc.build/o/./gcc/ -B/tools/x86_64-bootstrap-linux-gnu/bin/ -B/tools/x86_64-bootstrap-linux-gnu/lib/ -isystem /tools/x86_64-bootstrap-linux-gnu/include -isystem /tools/x86_64-bootstrap-linux-gnu/sys-include    -g -O2 -O2  -g -O2 -DIN_GCC  -DCROSS_DIRECTORY_STRUCTURE  -W -Wall -Wno-narrowing -Wwrite-strings -Wcast-qual -Wstrict-prototypes -Wmissing-prototypes -Wold-style-definition  -isystem ./include   -fpic -mlong-double-80 -g -DIN_LIBGCC2 -fbuilding-libgcc -fno-stack-protector -Dinhibit_libc  -fpic -mlong-double-80 -I. -I. -I../.././gcc -I../../../libgcc -I../../../libgcc/. -I../../../libgcc/../gcc -I../../../libgcc/../include  -DHAVE_CC_TLS  -DUSE_TLS -o _gcov_execlp.o -MT _gcov_execlp.o -MD -MP -MF _gcov_execlp.dep -DL_gcov_execlp -c ../../../libgcc/libgcov-interface.c
/src/tmp/tmpwPvHRz/stage1-gcc.build/o/./gcc/xgcc -B/src/tmp/tmpwPvHRz/stage1-gcc.build/o/./gcc/ -B/tools/x86_64-bootstrap-linux-gnu/bin/ -B/tools/x86_64-bootstrap-linux-gnu/lib/ -isystem /tools/x86_64-bootstrap-linux-gnu/include -isystem /tools/x86_64-bootstrap-linux-gnu/sys-include    -g -O2 -O2  -g -O2 -DIN_GCC  -DCROSS_DIRECTORY_STRUCTURE  -W -Wall -Wno-narrowing -Wwrite-strings -Wcast-qual -Wstrict-prototypes -Wmissing-prototypes -Wold-style-definition  -isystem ./include   -fpic -mlong-double-80 -g -DIN_LIBGCC2 -fbuilding-libgcc -fno-stack-protector -Dinhibit_libc  -fpic -mlong-double-80 -I. -I. -I../.././gcc -I../../../libgcc -I../../../libgcc/. -I../../../libgcc/../gcc -I../../../libgcc/../include  -DHAVE_CC_TLS  -DUSE_TLS -o _gcov_execle.o -MT _gcov_execle.o -MD -MP -MF _gcov_execle.dep -DL_gcov_execle -c ../../../libgcc/libgcov-interface.c
/src/tmp/tmpwPvHRz/stage1-gcc.build/o/./gcc/xgcc -B/src/tmp/tmpwPvHRz/stage1-gcc.build/o/./gcc/ -B/tools/x86_64-bootstrap-linux-gnu/bin/ -B/tools/x86_64-bootstrap-linux-gnu/lib/ -isystem /tools/x86_64-bootstrap-linux-gnu/include -isystem /tools/x86_64-bootstrap-linux-gnu/sys-include    -g -O2 -O2  -g -O2 -DIN_GCC  -DCROSS_DIRECTORY_STRUCTURE  -W -Wall -Wno-narrowing -Wwrite-strings -Wcast-qual -Wstrict-prototypes -Wmissing-prototypes -Wold-style-definition  -isystem ./include   -fpic -mlong-double-80 -g -DIN_LIBGCC2 -fbuilding-libgcc -fno-stack-protector -Dinhibit_libc  -fpic -mlong-double-80 -I. -I. -I../.././gcc -I../../../libgcc -I../../../libgcc/. -I../../../libgcc/../gcc -I../../../libgcc/../include  -DHAVE_CC_TLS  -DUSE_TLS -o _gcov_execv.o -MT _gcov_execv.o -MD -MP -MF _gcov_execv.dep -DL_gcov_execv -c ../../../libgcc/libgcov-interface.c
/src/tmp/tmpwPvHRz/stage1-gcc.build/o/./gcc/xgcc -B/src/tmp/tmpwPvHRz/stage1-gcc.build/o/./gcc/ -B/tools/x86_64-bootstrap-linux-gnu/bin/ -B/tools/x86_64-bootstrap-linux-gnu/lib/ -isystem /tools/x86_64-bootstrap-linux-gnu/include -isystem /tools/x86_64-bootstrap-linux-gnu/sys-include    -g -O2 -O2  -g -O2 -DIN_GCC  -DCROSS_DIRECTORY_STRUCTURE  -W -Wall -Wno-narrowing -Wwrite-strings -Wcast-qual -Wstrict-prototypes -Wmissing-prototypes -Wold-style-definition  -isystem ./include   -fpic -mlong-double-80 -g -DIN_LIBGCC2 -fbuilding-libgcc -fno-stack-protector -Dinhibit_libc  -fpic -mlong-double-80 -I. -I. -I../.././gcc -I../../../libgcc -I../../../libgcc/. -I../../../libgcc/../gcc -I../../../libgcc/../include  -DHAVE_CC_TLS  -DUSE_TLS -o _gcov_execvp.o -MT _gcov_execvp.o -MD -MP -MF _gcov_execvp.dep -DL_gcov_execvp -c ../../../libgcc/libgcov-interface.c
/src/tmp/tmpwPvHRz/stage1-gcc.build/o/./gcc/xgcc -B/src/tmp/tmpwPvHRz/stage1-gcc.build/o/./gcc/ -B/tools/x86_64-bootstrap-linux-gnu/bin/ -B/tools/x86_64-bootstrap-linux-gnu/lib/ -isystem /tools/x86_64-bootstrap-linux-gnu/include -isystem /tools/x86_64-bootstrap-linux-gnu/sys-include    -g -O2 -O2  -g -O2 -DIN_GCC  -DCROSS_DIRECTORY_STRUCTURE  -W -Wall -Wno-narrowing -Wwrite-strings -Wcast-qual -Wstrict-prototypes -Wmissing-prototypes -Wold-style-definition  -isystem ./include   -fpic -mlong-double-80 -g -DIN_LIBGCC2 -fbuilding-libgcc -fno-stack-protector -Dinhibit_libc  -fpic -mlong-double-80 -I. -I. -I../.././gcc -I../../../libgcc -I../../../libgcc/. -I../../../libgcc/../gcc -I../../../libgcc/../include  -DHAVE_CC_TLS  -DUSE_TLS -o _gcov_execve.o -MT _gcov_execve.o -MD -MP -MF _gcov_execve.dep -DL_gcov_execve -c ../../../libgcc/libgcov-interface.c
/src/tmp/tmpwPvHRz/stage1-gcc.build/o/./gcc/xgcc -B/src/tmp/tmpwPvHRz/stage1-gcc.build/o/./gcc/ -B/tools/x86_64-bootstrap-linux-gnu/bin/ -B/tools/x86_64-bootstrap-linux-gnu/lib/ -isystem /tools/x86_64-bootstrap-linux-gnu/include -isystem /tools/x86_64-bootstrap-linux-gnu/sys-include    -g -O2 -O2  -g -O2 -DIN_GCC  -DCROSS_DIRECTORY_STRUCTURE  -W -Wall -Wno-narrowing -Wwrite-strings -Wcast-qual -Wstrict-prototypes -Wmissing-prototypes -Wold-style-definition  -isystem ./include   -fpic -mlong-double-80 -g -DIN_LIBGCC2 -fbuilding-libgcc -fno-stack-protector -Dinhibit_libc  -fpic -mlong-double-80 -I. -I. -I../.././gcc -I../../../libgcc -I../../../libgcc/. -I../../../libgcc/../gcc -I../../../libgcc/../include  -DHAVE_CC_TLS  -DUSE_TLS -o _gcov_reset.o -MT _gcov_reset.o -MD -MP -MF _gcov_reset.dep -DL_gcov_reset -c ../../../libgcc/libgcov-interface.c
/src/tmp/tmpwPvHRz/stage1-gcc.build/o/./gcc/xgcc -B/src/tmp/tmpwPvHRz/stage1-gcc.build/o/./gcc/ -B/tools/x86_64-bootstrap-linux-gnu/bin/ -B/tools/x86_64-bootstrap-linux-gnu/lib/ -isystem /tools/x86_64-bootstrap-linux-gnu/include -isystem /tools/x86_64-bootstrap-linux-gnu/sys-include    -g -O2 -O2  -g -O2 -DIN_GCC  -DCROSS_DIRECTORY_STRUCTURE  -W -Wall -Wno-narrowing -Wwrite-strings -Wcast-qual -Wstrict-prototypes -Wmissing-prototypes -Wold-style-definition  -isystem ./include   -fpic -mlong-double-80 -g -DIN_LIBGCC2 -fbuilding-libgcc -fno-stack-protector -Dinhibit_libc  -fpic -mlong-double-80 -I. -I. -I../.././gcc -I../../../libgcc -I../../../libgcc/. -I../../../libgcc/../gcc -I../../../libgcc/../include  -DHAVE_CC_TLS  -DUSE_TLS -o _gcov_dump.o -MT _gcov_dump.o -MD -MP -MF _gcov_dump.dep -DL_gcov_dump -c ../../../libgcc/libgcov-interface.c
/src/tmp/tmpwPvHRz/stage1-gcc.build/o/./gcc/xgcc -B/src/tmp/tmpwPvHRz/stage1-gcc.build/o/./gcc/ -B/tools/x86_64-bootstrap-linux-gnu/bin/ -B/tools/x86_64-bootstrap-linux-gnu/lib/ -isystem /tools/x86_64-bootstrap-linux-gnu/include -isystem /tools/x86_64-bootstrap-linux-gnu/sys-include    -g -O2 -O2  -g -O2 -DIN_GCC  -DCROSS_DIRECTORY_STRUCTURE  -W -Wall -Wno-narrowing -Wwrite-strings -Wcast-qual -Wstrict-prototypes -Wmissing-prototypes -Wold-style-definition  -isystem ./include   -fpic -mlong-double-80 -g -DIN_LIBGCC2 -fbuilding-libgcc -fno-stack-protector -Dinhibit_libc  -fpic -mlong-double-80 -I. -I. -I../.././gcc -I../../../libgcc -I../../../libgcc/. -I../../../libgcc/../gcc -I../../../libgcc/../include  -DHAVE_CC_TLS  -DUSE_TLS -o _gcov.o -MT _gcov.o -MD -MP -MF _gcov.dep -DL_gcov -c ../../../libgcc/libgcov-driver.c
/src/tmp/tmpwPvHRz/stage1-gcc.build/o/./gcc/xgcc -B/src/tmp/tmpwPvHRz/stage1-gcc.build/o/./gcc/ -B/tools/x86_64-bootstrap-linux-gnu/bin/ -B/tools/x86_64-bootstrap-linux-gnu/lib/ -isystem /tools/x86_64-bootstrap-linux-gnu/include -isystem /tools/x86_64-bootstrap-linux-gnu/sys-include    -g -O2 -O2 -g -O2 -DIN_GCC  -DCROSS_DIRECTORY_STRUCTURE  -W -Wall -Wno-narrowing -Wwrite-strings -Wcast-qual -Wstrict-prototypes -Wmissing-prototypes -Wold-style-definition  -isystem ./include  -I. -I. -I../.././gcc -I../../../libgcc -I../../../libgcc/. -I../../../libgcc/../gcc -I../../../libgcc/../include   -g0 -finhibit-size-directive -fno-inline -fno-exceptions -fno-zero-initialized-in-bss -fno-toplevel-reorder -fno-tree-vectorize -fno-stack-protector -Dinhibit_libc -I. -I. -I../.././gcc -I../../../libgcc -I../../../libgcc/. -I../../../libgcc/../gcc -I../../../libgcc/../include  -o crtbegin.o -MT crtbegin.o -MD -MP -MF crtbegin.dep  -fno-omit-frame-pointer -fno-asynchronous-unwind-tables -c ../../../libgcc/crtstuff.c -DCRT_BEGIN
/src/tmp/tmpwPvHRz/stage1-gcc.build/o/./gcc/xgcc -B/src/tmp/tmpwPvHRz/stage1-gcc.build/o/./gcc/ -B/tools/x86_64-bootstrap-linux-gnu/bin/ -B/tools/x86_64-bootstrap-linux-gnu/lib/ -isystem /tools/x86_64-bootstrap-linux-gnu/include -isystem /tools/x86_64-bootstrap-linux-gnu/sys-include    -g -O2 -O2 -g -O2 -DIN_GCC  -DCROSS_DIRECTORY_STRUCTURE  -W -Wall -Wno-narrowing -Wwrite-strings -Wcast-qual -Wstrict-prototypes -Wmissing-prototypes -Wold-style-definition  -isystem ./include  -I. -I. -I../.././gcc -I../../../libgcc -I../../../libgcc/. -I../../../libgcc/../gcc -I../../../libgcc/../include   -g0 -finhibit-size-directive -fno-inline -fno-exceptions -fno-zero-initialized-in-bss -fno-toplevel-reorder -fno-tree-vectorize -fno-stack-protector -Dinhibit_libc -I. -I. -I../.././gcc -I../../../libgcc -I../../../libgcc/. -I../../../libgcc/../gcc -I../../../libgcc/../include  -o crtbeginS.o -MT crtbeginS.o -MD -MP -MF crtbeginS.dep  -fno-omit-frame-pointer -fno-asynchronous-unwind-tables -fpic -c ../../../libgcc/crtstuff.c -DCRT_BEGIN -DCRTSTUFFS_O
/src/tmp/tmpwPvHRz/stage1-gcc.build/o/./gcc/xgcc -B/src/tmp/tmpwPvHRz/stage1-gcc.build/o/./gcc/ -B/tools/x86_64-bootstrap-linux-gnu/bin/ -B/tools/x86_64-bootstrap-linux-gnu/lib/ -isystem /tools/x86_64-bootstrap-linux-gnu/include -isystem /tools/x86_64-bootstrap-linux-gnu/sys-include    -g -O2 -O2 -g -O2 -DIN_GCC  -DCROSS_DIRECTORY_STRUCTURE  -W -Wall -Wno-narrowing -Wwrite-strings -Wcast-qual -Wstrict-prototypes -Wmissing-prototypes -Wold-style-definition  -isystem ./include  -I. -I. -I../.././gcc -I../../../libgcc -I../../../libgcc/. -I../../../libgcc/../gcc -I../../../libgcc/../include   -g0 -finhibit-size-directive -fno-inline -fno-exceptions -fno-zero-initialized-in-bss -fno-toplevel-reorder -fno-tree-vectorize -fno-stack-protector -Dinhibit_libc -I. -I. -I../.././gcc -I../../../libgcc -I../../../libgcc/. -I../../../libgcc/../gcc -I../../../libgcc/../include  -o crtbeginT.o -MT crtbeginT.o -MD -MP -MF crtbeginT.dep  -fno-omit-frame-pointer -fno-asynchronous-unwind-tables -c ../../../libgcc/crtstuff.c -DCRT_BEGIN -DCRTSTUFFT_O
/src/tmp/tmpwPvHRz/stage1-gcc.build/o/./gcc/xgcc -B/src/tmp/tmpwPvHRz/stage1-gcc.build/o/./gcc/ -B/tools/x86_64-bootstrap-linux-gnu/bin/ -B/tools/x86_64-bootstrap-linux-gnu/lib/ -isystem /tools/x86_64-bootstrap-linux-gnu/include -isystem /tools/x86_64-bootstrap-linux-gnu/sys-include    -g -O2 -O2 -g -O2 -DIN_GCC  -DCROSS_DIRECTORY_STRUCTURE  -W -Wall -Wno-narrowing -Wwrite-strings -Wcast-qual -Wstrict-prototypes -Wmissing-prototypes -Wold-style-definition  -isystem ./include  -I. -I. -I../.././gcc -I../../../libgcc -I../../../libgcc/. -I../../../libgcc/../gcc -I../../../libgcc/../include   -g0 -finhibit-size-directive -fno-inline -fno-exceptions -fno-zero-initialized-in-bss -fno-toplevel-reorder -fno-tree-vectorize -fno-stack-protector -Dinhibit_libc -I. -I. -I../.././gcc -I../../../libgcc -I../../../libgcc/. -I../../../libgcc/../gcc -I../../../libgcc/../include  -o crtend.o -MT crtend.o -MD -MP -MF crtend.dep  -fno-omit-frame-pointer -fno-asynchronous-unwind-tables -c ../../../libgcc/crtstuff.c -DCRT_END
/src/tmp/tmpwPvHRz/stage1-gcc.build/o/./gcc/xgcc -B/src/tmp/tmpwPvHRz/stage1-gcc.build/o/./gcc/ -B/tools/x86_64-bootstrap-linux-gnu/bin/ -B/tools/x86_64-bootstrap-linux-gnu/lib/ -isystem /tools/x86_64-bootstrap-linux-gnu/include -isystem /tools/x86_64-bootstrap-linux-gnu/sys-include    -g -O2 -O2 -g -O2 -DIN_GCC  -DCROSS_DIRECTORY_STRUCTURE  -W -Wall -Wno-narrowing -Wwrite-strings -Wcast-qual -Wstrict-prototypes -Wmissing-prototypes -Wold-style-definition  -isystem ./include  -I. -I. -I../.././gcc -I../../../libgcc -I../../../libgcc/. -I../../../libgcc/../gcc -I../../../libgcc/../include   -g0 -finhibit-size-directive -fno-inline -fno-exceptions -fno-zero-initialized-in-bss -fno-toplevel-reorder -fno-tree-vectorize -fno-stack-protector -Dinhibit_libc -I. -I. -I../.././gcc -I../../../libgcc -I../../../libgcc/. -I../../../libgcc/../gcc -I../../../libgcc/../include  -o crtendS.o -MT crtendS.o -MD -MP -MF crtendS.dep  -fno-omit-frame-pointer -fno-asynchronous-unwind-tables -fpic -c ../../../libgcc/crtstuff.c -DCRT_END -DCRTSTUFFS_O
/src/tmp/tmpwPvHRz/stage1-gcc.build/o/./gcc/xgcc -B/src/tmp/tmpwPvHRz/stage1-gcc.build/o/./gcc/ -B/tools/x86_64-bootstrap-linux-gnu/bin/ -B/tools/x86_64-bootstrap-linux-gnu/lib/ -isystem /tools/x86_64-bootstrap-linux-gnu/include -isystem /tools/x86_64-bootstrap-linux-gnu/sys-include    -g -O2 -O2  -g -O2 -DIN_GCC  -DCROSS_DIRECTORY_STRUCTURE  -W -Wall -Wno-narrowing -Wwrite-strings -Wcast-qual -Wstrict-prototypes -Wmissing-prototypes -Wold-style-definition  -isystem ./include   -fpic -mlong-double-80 -g -DIN_LIBGCC2 -fbuilding-libgcc -fno-stack-protector -Dinhibit_libc  -fpic -mlong-double-80 -I. -I. -I../.././gcc -I../../../libgcc -I../../../libgcc/. -I../../../libgcc/../gcc -I../../../libgcc/../include  -DHAVE_CC_TLS  -DUSE_TLS -o crtprec32.o -MT crtprec32.o -MD -MP -MF crtprec32.dep -D__PREC=32 -c ../../../libgcc/config/i386/crtprec.c
/src/tmp/tmpwPvHRz/stage1-gcc.build/o/./gcc/xgcc -B/src/tmp/tmpwPvHRz/stage1-gcc.build/o/./gcc/ -B/tools/x86_64-bootstrap-linux-gnu/bin/ -B/tools/x86_64-bootstrap-linux-gnu/lib/ -isystem /tools/x86_64-bootstrap-linux-gnu/include -isystem /tools/x86_64-bootstrap-linux-gnu/sys-include    -g -O2 -O2  -g -O2 -DIN_GCC  -DCROSS_DIRECTORY_STRUCTURE  -W -Wall -Wno-narrowing -Wwrite-strings -Wcast-qual -Wstrict-prototypes -Wmissing-prototypes -Wold-style-definition  -isystem ./include   -fpic -mlong-double-80 -g -DIN_LIBGCC2 -fbuilding-libgcc -fno-stack-protector -Dinhibit_libc  -fpic -mlong-double-80 -I. -I. -I../.././gcc -I../../../libgcc -I../../../libgcc/. -I../../../libgcc/../gcc -I../../../libgcc/../include  -DHAVE_CC_TLS  -DUSE_TLS -o crtprec64.o -MT crtprec64.o -MD -MP -MF crtprec64.dep -D__PREC=64 -c ../../../libgcc/config/i386/crtprec.c
/src/tmp/tmpwPvHRz/stage1-gcc.build/o/./gcc/xgcc -B/src/tmp/tmpwPvHRz/stage1-gcc.build/o/./gcc/ -B/tools/x86_64-bootstrap-linux-gnu/bin/ -B/tools/x86_64-bootstrap-linux-gnu/lib/ -isystem /tools/x86_64-bootstrap-linux-gnu/include -isystem /tools/x86_64-bootstrap-linux-gnu/sys-include    -g -O2 -O2  -g -O2 -DIN_GCC  -DCROSS_DIRECTORY_STRUCTURE  -W -Wall -Wno-narrowing -Wwrite-strings -Wcast-qual -Wstrict-prototypes -Wmissing-prototypes -Wold-style-definition  -isystem ./include   -fpic -mlong-double-80 -g -DIN_LIBGCC2 -fbuilding-libgcc -fno-stack-protector -Dinhibit_libc  -fpic -mlong-double-80 -I. -I. -I../.././gcc -I../../../libgcc -I../../../libgcc/. -I../../../libgcc/../gcc -I../../../libgcc/../include  -DHAVE_CC_TLS  -DUSE_TLS -o crtprec80.o -MT crtprec80.o -MD -MP -MF crtprec80.dep -D__PREC=80 -c ../../../libgcc/config/i386/crtprec.c
/src/tmp/tmpwPvHRz/stage1-gcc.build/o/./gcc/xgcc -B/src/tmp/tmpwPvHRz/stage1-gcc.build/o/./gcc/ -B/tools/x86_64-bootstrap-linux-gnu/bin/ -B/tools/x86_64-bootstrap-linux-gnu/lib/ -isystem /tools/x86_64-bootstrap-linux-gnu/include -isystem /tools/x86_64-bootstrap-linux-gnu/sys-include    -g -O2 -O2  -g -O2 -DIN_GCC  -DCROSS_DIRECTORY_STRUCTURE  -W -Wall -Wno-narrowing -Wwrite-strings -Wcast-qual -Wstrict-prototypes -Wmissing-prototypes -Wold-style-definition  -isystem ./include   -fpic -mlong-double-80 -g -DIN_LIBGCC2 -fbuilding-libgcc -fno-stack-protector -Dinhibit_libc  -fpic -mlong-double-80 -I. -I. -I../.././gcc -I../../../libgcc -I../../../libgcc/. -I../../../libgcc/../gcc -I../../../libgcc/../include  -DHAVE_CC_TLS  -DUSE_TLS -o crtfastmath.o -MT crtfastmath.o -MD -MP -MF crtfastmath.dep -mfxsr -msse -c ../../../libgcc/config/i386/crtfastmath.c
/src/tmp/tmpwPvHRz/stage1-gcc.build/o/./gcc/xgcc -B/src/tmp/tmpwPvHRz/stage1-gcc.build/o/./gcc/ -B/tools/x86_64-bootstrap-linux-gnu/bin/ -B/tools/x86_64-bootstrap-linux-gnu/lib/ -isystem /tools/x86_64-bootstrap-linux-gnu/include -isystem /tools/x86_64-bootstrap-linux-gnu/sys-include    -g -O2 -O2  -g -O2 -DIN_GCC  -DCROSS_DIRECTORY_STRUCTURE  -W -Wall -Wno-narrowing -Wwrite-strings -Wcast-qual -Wstrict-prototypes -Wmissing-prototypes -Wold-style-definition  -isystem ./include   -fpic -mlong-double-80 -g -DIN_LIBGCC2 -fbuilding-libgcc -fno-stack-protector -Dinhibit_libc  -fpic -mlong-double-80 -I. -I. -I../.././gcc -I../../../libgcc -I../../../libgcc/. -I../../../libgcc/../gcc -I../../../libgcc/../include  -DHAVE_CC_TLS  -DUSE_TLS -o morestack.o -MT morestack.o -MD -MP -MF morestack.dep -c -xassembler-with-cpp -include morestack.vis ../../../libgcc/config/i386/morestack.S
rm -f libgcov.a
objects="_gcov_merge_add.o _gcov_merge_single.o _gcov_merge_delta.o _gcov_merge_ior.o _gcov_merge_time_profile.o _gcov_interval_profiler.o _gcov_pow2_profiler.o _gcov_one_value_profiler.o _gcov_indirect_call_profiler.o _gcov_average_profiler.o _gcov_ior_profiler.o _gcov_indirect_call_profiler_v2.o _gcov_time_profiler.o _gcov_flush.o _gcov_fork.o _gcov_execl.o _gcov_execlp.o _gcov_execle.o _gcov_execv.o _gcov_execvp.o _gcov_execve.o _gcov_reset.o _gcov_dump.o _gcov.o";					\
if test -z "$objects"; then				\
  echo 'int __libgcc_eh_dummy;' > eh_dummy.c;		\
  /src/tmp/tmpwPvHRz/stage1-gcc.build/o/./gcc/xgcc -B/src/tmp/tmpwPvHRz/stage1-gcc.build/o/./gcc/ -B/tools/x86_64-bootstrap-linux-gnu/bin/ -B/tools/x86_64-bootstrap-linux-gnu/lib/ -isystem /tools/x86_64-bootstrap-linux-gnu/include -isystem /tools/x86_64-bootstrap-linux-gnu/sys-include    -g -O2 -O2  -g -O2 -DIN_GCC  -DCROSS_DIRECTORY_STRUCTURE  -W -Wall -Wno-narrowing -Wwrite-strings -Wcast-qual -Wstrict-prototypes -Wmissing-prototypes -Wold-style-definition  -isystem ./include   -fpic -mlong-double-80 -g -DIN_LIBGCC2 -fbuilding-libgcc -fno-stack-protector -Dinhibit_libc  -fpic -mlong-double-80 -I. -I. -I../.././gcc -I../../../libgcc -I../../../libgcc/. -I../../../libgcc/../gcc -I../../../libgcc/../include  -DHAVE_CC_TLS  -DUSE_TLS -fvisibility=hidden -DHIDE_EXPORTS -c eh_dummy.c		\
     -o eh_dummy.o;				\
  objects=eh_dummy.o;				\
fi;							\
x86_64-bootstrap-linux-gnu-ar  rc libgcov.a $objects
x86_64-bootstrap-linux-gnu-ranlib libgcov.a
make[2]: x86_64-bootstrap-linux-gnu-ranlib: Command not found
make[2]: *** [libgcov.a] Error 127
make[2]: *** Waiting for unfinished jobs....
make[2]: Leaving directory `/src/tmp/tmpwPvHRz/stage1-gcc.build/o/x86_64-bootstrap-linux-gnu/libgcc'
make[1]: *** [all-target-libgcc] Error 2
make[1]: Leaving directory `/src/tmp/tmpwPvHRz/stage1-gcc.build/o'
make: *** [all] Error 2


1 15-08-20 14:10:48 [3/662/662] [stage1-gcc] ERROR: command failed in directory /src/definitions:

 sh -c '# GCC is not passing the correct host/target flags to GMP'"'"'s configure
# script, which causes it to not use the machine-dependent code for
# the platform and use the generic one instead.  However, the generic
# code results on an undefined reference to `__gmpn_invert_limb'"'"' in
# ARMv7.  Fix the invocation of GMP'"'"'s configure script so that GMP can
# use the machine-dependent code.
case "$MORPH_ARCH" in
    armv5*)   sed -i "s/--host=none/--host=armv5/" o/Makefile
              sed -i "s/--target=none/--target=armv5/" o/Makefile ;;
    armv7*)   sed -i "s/--host=none/--host=armv7a/" o/Makefile
              sed -i "s/--target=none/--target=armv7a/" o/Makefile ;;
esac
cd o && make
'




1 15-08-20 14:10:48 [3/662/662] [stage1-gcc] ERROR: log file is at /src/artifacts/stage1-gcc.53687a18c4d5992c2ada2b6e3c95b1f07712315c32de33b36e94691ddaf40a1f.build-log.1


1 15-08-20 14:10:48 [3/662/662] [stage1-gcc] Elapsed time for build 00:03:44
1 15-08-20 14:10:48 [3/662/662] [stage1-gcc] Elapsed time for assembly 00:04:41
1 15-08-20 14:10:48 [3/662/662] [stage2-glibc] Elapsed time for assembly 00:04:41
1 15-08-20 14:10:48 [3/662/662] [stage2-busybox] Elapsed time for assembly 00:04:41
1 15-08-20 14:10:48 [3/662/662] [glibc] Elapsed time for assembly 00:04:41
1 15-08-20 14:10:48 [3/662/662] [make] Elapsed time for assembly 00:04:41
1 15-08-20 14:10:48 [3/662/662] [build-essential] Elapsed time for assembly 00:04:41
1 15-08-20 14:10:48 [3/662/662] [mini-utils] Elapsed time for assembly 00:04:41
1 15-08-20 14:10:48 [3/662/662] [core] Elapsed time for assembly 00:04:41
1 15-08-20 14:10:48 [3/662/662] [ansible] Elapsed time for assembly 00:04:41
1 15-08-20 14:10:48 [3/662/662] [ansible] Elapsed time for assembly 00:04:41
1 15-08-20 14:10:48 [3/662/662] [openstack-system-x86_64] Elapsed time for assembly 00:04:41
1 15-08-20 14:10:48 [3/662/662] [ci] Elapsed time for assembly 00:04:41
1 15-08-20 14:10:48 [3/662/662] [TOTAL] Elapsed time 01:11:40
0 15-08-20 14:10:48 [2/662/662] [stage1-gcc] Running install-commands
0 15-08-20 14:10:48 [2/662/662] [stage1-gcc] Running command:
cd o && make DESTDIR="$DESTDIR" install 
4 15-08-20 14:10:48 [2/662/662] [stage1-gcc] Running install-commands
4 15-08-20 14:10:48 [2/662/662] [stage1-gcc] Running command:
cd o && make DESTDIR="$DESTDIR" install 
4 15-08-20 14:10:50 [2/662/662] [stage1-gcc] Elapsed time for build 00:03:46
4 15-08-20 14:10:50 [2/662/662] [stage1-gcc] Starting artifact creation 
4 15-08-20 14:10:50 [2/662/662] [stage1-gcc] splitting chunk 
4 15-08-20 14:12:15 [2/662/662] [stage1-gcc] Bah! I raced and rebuilt stage1-gcc.53687a18c4d5992c2ada2b6e3c95b1f07712315c32de33b36e94691ddaf40a1f
4 15-08-20 14:12:15 [2/662/662] [stage1-gcc] Elapsed time for artifact creation 00:01:24
4 15-08-20 14:12:19 [2/662/662] [stage1-gcc] Cleaned up /src/tmp/tmpXZJyBu
4 15-08-20 14:12:19 [2/662/662] [stage1-gcc] Elapsed time for assembly 00:05:14
4 15-08-20 14:12:19 [2/662/662] [stage2-linux-api-headers] Installing stage1-gcc.53687a18c4d5992c2ada2b6e3c95b1f07712315c32de33b36e94691ddaf40a1f 
4 15-08-20 14:12:19 [2/662/662] [stage1-gcc] loaded metadata for strata/build-essential/stage1-gcc.morph
4 15-08-20 14:12:19 [3/662/662] [stage2-linux-api-headers] Starting build 
4 15-08-20 14:12:35 [3/662/662] [stage2-linux-api-headers] Git checkout upstream:linux in /src/tmp/tmpPzdvN8/stage2-linux-api-headers.build 
4 15-08-20 14:12:35 [3/662/662] [stage2-linux-api-headers] Upstream version 39a88044 v4.0 (v4.0 + 0 commits) 
4 15-08-20 14:12:38 [3/662/662] [stage2-linux-api-headers] Defined build system is manual
4 15-08-20 14:12:38 [3/662/662] [stage2-linux-api-headers] Logging build commands to /src/artifacts/stage2-linux-api-headers.dc284802a859862bdecea33c6aea2483185729cca5134cf230d926d12c27ed6e.build-log.4 
4 15-08-20 14:12:38 [3/662/662] [stage2-linux-api-headers] Running install-commands
4 15-08-20 14:12:38 [3/662/662] [stage2-linux-api-headers] Running command:
case "$MORPH_ARCH" in
    armv5l)
        ARCH="arm" ;;
    armv7b|armv7l|armv7lhf)
        ARCH="arm" ;;
    armv8l64|armv8b64)
        ARCH="arm64" ;;
    x86_32)
        ARCH="i386" ;;
    x86_64)
        ARCH="x86_64" ;;
    ppc64)
        ARCH="powerpc" ;;
    *)
        echo "Error: unsupported Morph architecture: $MORPH_ARCH" >&2
        exit 1
esac
ARCH=$ARCH make INSTALL_HDR_PATH=dest headers_install
 
2 15-08-20 14:10:47 [2/662/662] [stage1-gcc] Elapsed time for build 00:03:44
2 15-08-20 14:10:47 [2/662/662] [stage1-gcc] Starting artifact creation 
2 15-08-20 14:10:47 [2/662/662] [stage1-gcc] splitting chunk 
2 15-08-20 14:12:12 [2/662/662] [stage1-gcc] Now cached 118233613 bytes as stage1-gcc.53687a18c4d5992c2ada2b6e3c95b1f07712315c32de33b36e94691ddaf40a1f
2 15-08-20 14:12:12 [2/662/662] [stage1-gcc] Elapsed time for artifact creation 00:01:24
2 15-08-20 14:12:14 [2/662/662] [stage1-gcc] Cleaned up /src/tmp/tmprcih6O
2 15-08-20 14:12:14 [2/662/662] [stage1-gcc] Elapsed time for assembly 00:05:10
2 15-08-20 14:12:14 [2/662/662] [stage2-glibc] Installing stage1-gcc.53687a18c4d5992c2ada2b6e3c95b1f07712315c32de33b36e94691ddaf40a1f 
2 15-08-20 14:12:14 [2/662/662] [stage1-gcc] loaded metadata for strata/build-essential/stage1-gcc.morph
2 15-08-20 14:12:18 [2/662/662] [stage2-linux-api-headers] Starting assembly 
2 15-08-20 14:12:18 [2/662/662] [stage1-gcc] loaded metadata for stage1-gcc
2 15-08-20 14:12:18 [2/662/662] [stage2-linux-api-headers] Installing stage1-gcc.53687a18c4d5992c2ada2b6e3c95b1f07712315c32de33b36e94691ddaf40a1f 
2 15-08-20 14:12:18 [2/662/662] [stage1-binutils] loaded metadata for stage1-binutils
2 15-08-20 14:12:18 [3/662/662] [stage2-linux-api-headers] Starting build 
2 15-08-20 14:12:35 [3/662/662] [stage2-linux-api-headers] Git checkout upstream:linux in /src/tmp/tmpC20Ksn/stage2-linux-api-headers.build 
2 15-08-20 14:12:35 [3/662/662] [stage2-linux-api-headers] Upstream version 39a88044 v4.0 (v4.0 + 0 commits) 
2 15-08-20 14:12:38 [3/662/662] [stage2-linux-api-headers] Defined build system is manual
2 15-08-20 14:12:38 [3/662/662] [stage2-linux-api-headers] Logging build commands to /src/artifacts/stage2-linux-api-headers.dc284802a859862bdecea33c6aea2483185729cca5134cf230d926d12c27ed6e.build-log.2 
2 15-08-20 14:12:38 [3/662/662] [stage2-linux-api-headers] Running install-commands
2 15-08-20 14:12:38 [3/662/662] [stage2-linux-api-headers] Running command:
case "$MORPH_ARCH" in
    armv5l)
        ARCH="arm" ;;
    armv7b|armv7l|armv7lhf)
        ARCH="arm" ;;
    armv8l64|armv8b64)
        ARCH="arm64" ;;
    x86_32)
        ARCH="i386" ;;
    x86_64)
        ARCH="x86_64" ;;
    ppc64)
        ARCH="powerpc" ;;
    *)
        echo "Error: unsupported Morph architecture: $MORPH_ARCH" >&2
        exit 1
esac
ARCH=$ARCH make INSTALL_HDR_PATH=dest headers_install
 
3 15-08-20 14:10:46 [3/662/662] [stage1-gcc] Elapsed time for build 00:03:42
3 15-08-20 14:10:46 [3/662/662] [stage1-gcc] Starting artifact creation 
3 15-08-20 14:10:46 [3/662/662] [stage1-gcc] splitting chunk 
3 15-08-20 14:12:15 [3/662/662] [stage1-gcc] Bah! I raced and rebuilt stage1-gcc.53687a18c4d5992c2ada2b6e3c95b1f07712315c32de33b36e94691ddaf40a1f
3 15-08-20 14:12:15 [3/662/662] [stage1-gcc] Elapsed time for artifact creation 00:01:29
3 15-08-20 14:12:20 [3/662/662] [stage1-gcc] Cleaned up /src/tmp/tmpKmIZTZ
3 15-08-20 14:12:20 [3/662/662] [stage1-gcc] Elapsed time for assembly 00:05:16
3 15-08-20 14:12:20 [3/662/662] [stage2-linux-api-headers] Installing stage1-gcc.53687a18c4d5992c2ada2b6e3c95b1f07712315c32de33b36e94691ddaf40a1f 
3 15-08-20 14:12:20 [3/662/662] [stage1-gcc] loaded metadata for strata/build-essential/stage1-gcc.morph
3 15-08-20 14:12:20 [4/662/662] [stage2-linux-api-headers] Starting build 
3 15-08-20 14:12:36 [4/662/662] [stage2-linux-api-headers] Git checkout upstream:linux in /src/tmp/tmphp0n6E/stage2-linux-api-headers.build 
3 15-08-20 14:12:38 [4/662/662] [stage2-linux-api-headers] Upstream version 39a88044 v4.0 (v4.0 + 0 commits) 
3 15-08-20 14:12:40 [4/662/662] [stage2-linux-api-headers] Defined build system is manual
3 15-08-20 14:12:40 [4/662/662] [stage2-linux-api-headers] Logging build commands to /src/artifacts/stage2-linux-api-headers.dc284802a859862bdecea33c6aea2483185729cca5134cf230d926d12c27ed6e.build-log.3 
3 15-08-20 14:12:40 [4/662/662] [stage2-linux-api-headers] Running install-commands
3 15-08-20 14:12:40 [4/662/662] [stage2-linux-api-headers] Running command:
case "$MORPH_ARCH" in
    armv5l)
        ARCH="arm" ;;
    armv7b|armv7l|armv7lhf)
        ARCH="arm" ;;
    armv8l64|armv8b64)
        ARCH="arm64" ;;
    x86_32)
        ARCH="i386" ;;
    x86_64)
        ARCH="x86_64" ;;
    ppc64)
        ARCH="powerpc" ;;
    *)
        echo "Error: unsupported Morph architecture: $MORPH_ARCH" >&2
        exit 1
esac
ARCH=$ARCH make INSTALL_HDR_PATH=dest headers_install
 
0 15-08-20 14:10:50 [2/662/662] [stage1-gcc] Elapsed time for build 00:03:45
0 15-08-20 14:10:50 [2/662/662] [stage1-gcc] Starting artifact creation 
0 15-08-20 14:10:50 [2/662/662] [stage1-gcc] splitting chunk 
0 15-08-20 14:12:21 [2/662/662] [stage1-gcc] Bah! I raced and rebuilt stage1-gcc.53687a18c4d5992c2ada2b6e3c95b1f07712315c32de33b36e94691ddaf40a1f
0 15-08-20 14:12:21 [2/662/662] [stage1-gcc] Elapsed time for artifact creation 00:01:30
0 15-08-20 14:12:25 [2/662/662] [stage1-gcc] Cleaned up /src/tmp/tmpjy5cdL
0 15-08-20 14:12:25 [2/662/662] [stage1-gcc] Elapsed time for assembly 00:05:20
0 15-08-20 14:12:25 [2/662/662] [stage2-linux-api-headers] Installing stage1-gcc.53687a18c4d5992c2ada2b6e3c95b1f07712315c32de33b36e94691ddaf40a1f 
0 15-08-20 14:12:25 [2/662/662] [stage1-gcc] loaded metadata for strata/build-essential/stage1-gcc.morph
0 15-08-20 14:12:25 [3/662/662] [stage2-linux-api-headers] Starting build 
0 15-08-20 14:12:43 [3/662/662] [stage2-linux-api-headers] Git checkout upstream:linux in /src/tmp/tmpuop4ed/stage2-linux-api-headers.build 
0 15-08-20 14:12:43 [3/662/662] [stage2-linux-api-headers] Upstream version 39a88044 v4.0 (v4.0 + 0 commits) 
0 15-08-20 14:12:44 [3/662/662] [stage2-linux-api-headers] Defined build system is manual
0 15-08-20 14:12:44 [3/662/662] [stage2-linux-api-headers] Logging build commands to /src/artifacts/stage2-linux-api-headers.dc284802a859862bdecea33c6aea2483185729cca5134cf230d926d12c27ed6e.build-log.0 
0 15-08-20 14:12:44 [3/662/662] [stage2-linux-api-headers] Running install-commands
0 15-08-20 14:12:44 [3/662/662] [stage2-linux-api-headers] Running command:
case "$MORPH_ARCH" in
    armv5l)
        ARCH="arm" ;;
    armv7b|armv7l|armv7lhf)
        ARCH="arm" ;;
    armv8l64|armv8b64)
        ARCH="arm64" ;;
    x86_32)
        ARCH="i386" ;;
    x86_64)
        ARCH="x86_64" ;;
    ppc64)
        ARCH="powerpc" ;;
    *)
        echo "Error: unsupported Morph architecture: $MORPH_ARCH" >&2
        exit 1
esac
ARCH=$ARCH make INSTALL_HDR_PATH=dest headers_install
 
4 15-08-20 14:12:45 [3/662/662] [stage2-linux-api-headers] Running command:
install -d "$DESTDIR${PREFIX-/usr}/include" 
4 15-08-20 14:12:45 [3/662/662] [stage2-linux-api-headers] Running command:
cp -r dest/include/* "$DESTDIR/${PREFIX-/usr}/include" 
2 15-08-20 14:12:45 [3/662/662] [stage2-linux-api-headers] Running command:
install -d "$DESTDIR${PREFIX-/usr}/include" 
2 15-08-20 14:12:45 [3/662/662] [stage2-linux-api-headers] Running command:
cp -r dest/include/* "$DESTDIR/${PREFIX-/usr}/include" 
3 15-08-20 14:12:46 [4/662/662] [stage2-linux-api-headers] Running command:
install -d "$DESTDIR${PREFIX-/usr}/include" 
3 15-08-20 14:12:46 [4/662/662] [stage2-linux-api-headers] Running command:
cp -r dest/include/* "$DESTDIR/${PREFIX-/usr}/include" 
0 15-08-20 14:12:50 [3/662/662] [stage2-linux-api-headers] Running command:
install -d "$DESTDIR${PREFIX-/usr}/include" 
0 15-08-20 14:12:50 [3/662/662] [stage2-linux-api-headers] Running command:
cp -r dest/include/* "$DESTDIR/${PREFIX-/usr}/include" 
4 15-08-20 14:12:45 [3/662/662] [stage2-linux-api-headers] Elapsed time for build 00:00:26
4 15-08-20 14:12:45 [3/662/662] [stage2-linux-api-headers] Starting artifact creation 
4 15-08-20 14:12:45 [3/662/662] [stage2-linux-api-headers] splitting chunk 
4 15-08-20 14:12:46 [3/662/662] [stage2-linux-api-headers] Now cached 993700 bytes as stage2-linux-api-headers.dc284802a859862bdecea33c6aea2483185729cca5134cf230d926d12c27ed6e
4 15-08-20 14:12:46 [3/662/662] [stage2-linux-api-headers] Elapsed time for artifact creation 00:00:00
4 15-08-20 14:12:49 [3/662/662] [stage2-linux-api-headers] Cleaned up /src/tmp/tmpPzdvN8
4 15-08-20 14:12:49 [3/662/662] [stage2-linux-api-headers] Elapsed time for assembly 00:06:42
4 15-08-20 14:12:49 [3/662/662] [stage2-binutils] Installing stage2-linux-api-headers.dc284802a859862bdecea33c6aea2483185729cca5134cf230d926d12c27ed6e 
4 15-08-20 14:12:49 [3/662/662] [stage2-linux-api-headers] loaded metadata for strata/build-essential/stage2-linux-api-headers.morph
4 15-08-20 14:12:49 [3/662/662] [stage1-gcc] loaded metadata for stage1-gcc
4 15-08-20 14:12:49 [3/662/662] [stage2-glibc] Starting assembly 
4 15-08-20 14:12:49 [3/662/662] [stage1-binutils] loaded metadata for stage1-binutils
4 15-08-20 14:12:49 [3/662/662] [stage2-glibc] Installing stage1-binutils.dac85c48b260aa710b7910ab871bf5b5cce1e27910bf090b4b60bf2dc35fbbbb 
4 15-08-20 14:12:49 [3/662/662] [stage2-linux-api-headers] loaded metadata for stage2-linux-api-headers
4 15-08-20 14:12:49 [3/662/662] [stage2-glibc] Installing stage2-linux-api-headers.dc284802a859862bdecea33c6aea2483185729cca5134cf230d926d12c27ed6e 
4 15-08-20 14:12:49 [3/662/662] [stage1-gcc] loaded metadata for stage1-gcc
4 15-08-20 14:12:49 [4/662/662] [stage2-glibc] Starting build 
4 15-08-20 14:12:53 [4/662/662] [stage2-glibc] Git checkout upstream:glibc in /src/tmp/tmpJTerDS/stage2-glibc.build 
4 15-08-20 14:12:53 [4/662/662] [stage2-glibc] Upstream version 4e42b5b8 glibc-2.21 (glibc-2.21 + 0 commits) 
4 15-08-20 14:12:53 [4/662/662] [stage2-glibc] Defined build system is manual
4 15-08-20 14:12:53 [4/662/662] [stage2-glibc] Logging build commands to /src/artifacts/stage2-glibc.d9a5b38ff5115592af4ad878a5eda98915582e3e16c9d11b5176e123058bcf67.build-log.4 
4 15-08-20 14:12:53 [4/662/662] [stage2-glibc] Running configure-commands
4 15-08-20 14:12:53 [4/662/662] [stage2-glibc] Running command:
mkdir o 
4 15-08-20 14:12:53 [4/662/662] [stage2-glibc] Running command:
case "$MORPH_ARCH" in
    armv7*)
        ARCH_FLAGS="--without-fp" ;;
esac

export CFLAGS="-O2 $CFLAGS"; export CXX=false; \
cd o && ../configure \
  $ARCH_FLAGS \
  --build=$(../scripts/config.guess) --host=$TARGET_STAGE1 \
  --prefix="$PREFIX" \
  `# [1]` --libdir="$PREFIX/lib" \
  `# [2]` --with-headers="$(pwd)/../../$PREFIX/include" \
  `# [3]` --disable-profile  --enable-kernel=2.6.25 \
  `# [4]` libc_cv_c_cleanup=yes libc_cv_ctors_header=yes \
          libc_cv_forced_unwind=yes libc_cv_ssp=no
 
3 15-08-20 14:12:46 [4/662/662] [stage2-linux-api-headers] Elapsed time for build 00:00:25
3 15-08-20 14:12:46 [4/662/662] [stage2-linux-api-headers] Starting artifact creation 
3 15-08-20 14:12:46 [4/662/662] [stage2-linux-api-headers] splitting chunk 
3 15-08-20 14:12:47 [4/662/662] [stage2-linux-api-headers] Bah! I could have cached stage2-linux-api-headers.dc284802a859862bdecea33c6aea2483185729cca5134cf230d926d12c27ed6e
3 15-08-20 14:12:47 [4/662/662] [stage2-linux-api-headers] Elapsed time for artifact creation 00:00:00
3 15-08-20 14:12:49 [4/662/662] [stage2-linux-api-headers] Cleaned up /src/tmp/tmphp0n6E
3 15-08-20 14:12:49 [4/662/662] [stage2-linux-api-headers] Elapsed time for assembly 00:06:42
3 15-08-20 14:12:49 [4/662/662] [stage2-binutils] Installing stage2-linux-api-headers.dc284802a859862bdecea33c6aea2483185729cca5134cf230d926d12c27ed6e 
3 15-08-20 14:12:49 [4/662/662] [stage2-linux-api-headers] loaded metadata for strata/build-essential/stage2-linux-api-headers.morph
3 15-08-20 14:12:49 [4/662/662] [stage2-glibc] Starting assembly 
3 15-08-20 14:12:49 [4/662/662] [stage1-binutils] loaded metadata for stage1-binutils
3 15-08-20 14:12:49 [4/662/662] [stage2-glibc] Installing stage1-binutils.dac85c48b260aa710b7910ab871bf5b5cce1e27910bf090b4b60bf2dc35fbbbb 
3 15-08-20 14:12:49 [4/662/662] [stage2-linux-api-headers] loaded metadata for stage2-linux-api-headers
3 15-08-20 14:12:49 [4/662/662] [stage2-glibc] Installing stage2-linux-api-headers.dc284802a859862bdecea33c6aea2483185729cca5134cf230d926d12c27ed6e 
3 15-08-20 14:12:49 [4/662/662] [stage1-gcc] loaded metadata for stage1-gcc
3 15-08-20 14:12:49 [5/662/662] [stage2-glibc] Starting build 
3 15-08-20 14:12:53 [5/662/662] [stage2-glibc] Git checkout upstream:glibc in /src/tmp/tmplvhz3f/stage2-glibc.build 
3 15-08-20 14:12:53 [5/662/662] [stage2-glibc] Upstream version 4e42b5b8 glibc-2.21 (glibc-2.21 + 0 commits) 
3 15-08-20 14:12:53 [5/662/662] [stage2-glibc] Defined build system is manual
3 15-08-20 14:12:53 [5/662/662] [stage2-glibc] Logging build commands to /src/artifacts/stage2-glibc.d9a5b38ff5115592af4ad878a5eda98915582e3e16c9d11b5176e123058bcf67.build-log.3 
3 15-08-20 14:12:53 [5/662/662] [stage2-glibc] Running configure-commands
3 15-08-20 14:12:53 [5/662/662] [stage2-glibc] Running command:
mkdir o 
3 15-08-20 14:12:53 [5/662/662] [stage2-glibc] Running command:
case "$MORPH_ARCH" in
    armv7*)
        ARCH_FLAGS="--without-fp" ;;
esac

export CFLAGS="-O2 $CFLAGS"; export CXX=false; \
cd o && ../configure \
  $ARCH_FLAGS \
  --build=$(../scripts/config.guess) --host=$TARGET_STAGE1 \
  --prefix="$PREFIX" \
  `# [1]` --libdir="$PREFIX/lib" \
  `# [2]` --with-headers="$(pwd)/../../$PREFIX/include" \
  `# [3]` --disable-profile  --enable-kernel=2.6.25 \
  `# [4]` libc_cv_c_cleanup=yes libc_cv_ctors_header=yes \
          libc_cv_forced_unwind=yes libc_cv_ssp=no
 
2 15-08-20 14:12:45 [3/662/662] [stage2-linux-api-headers] Elapsed time for build 00:00:27
2 15-08-20 14:12:45 [3/662/662] [stage2-linux-api-headers] Starting artifact creation 
2 15-08-20 14:12:45 [3/662/662] [stage2-linux-api-headers] splitting chunk 
2 15-08-20 14:12:46 [3/662/662] [stage2-linux-api-headers] Bah! I raced and rebuilt stage2-linux-api-headers.dc284802a859862bdecea33c6aea2483185729cca5134cf230d926d12c27ed6e
2 15-08-20 14:12:46 [3/662/662] [stage2-linux-api-headers] Elapsed time for artifact creation 00:00:00
2 15-08-20 14:12:49 [3/662/662] [stage2-linux-api-headers] Cleaned up /src/tmp/tmpC20Ksn
2 15-08-20 14:12:49 [3/662/662] [stage2-linux-api-headers] Elapsed time for assembly 00:00:31
2 15-08-20 14:12:49 [3/662/662] [stage2-glibc] Installing stage2-linux-api-headers.dc284802a859862bdecea33c6aea2483185729cca5134cf230d926d12c27ed6e 
2 15-08-20 14:12:49 [3/662/662] [stage2-linux-api-headers] loaded metadata for strata/build-essential/stage2-linux-api-headers.morph
2 15-08-20 14:12:49 [4/662/662] [stage2-glibc] Starting build 
2 15-08-20 14:12:53 [4/662/662] [stage2-glibc] Git checkout upstream:glibc in /src/tmp/tmpgdDCo7/stage2-glibc.build 
2 15-08-20 14:12:53 [4/662/662] [stage2-glibc] Upstream version 4e42b5b8 glibc-2.21 (glibc-2.21 + 0 commits) 
2 15-08-20 14:12:53 [4/662/662] [stage2-glibc] Defined build system is manual
2 15-08-20 14:12:53 [4/662/662] [stage2-glibc] Logging build commands to /src/artifacts/stage2-glibc.d9a5b38ff5115592af4ad878a5eda98915582e3e16c9d11b5176e123058bcf67.build-log.2 
2 15-08-20 14:12:53 [4/662/662] [stage2-glibc] Running configure-commands
2 15-08-20 14:12:53 [4/662/662] [stage2-glibc] Running command:
mkdir o 
2 15-08-20 14:12:53 [4/662/662] [stage2-glibc] Running command:
case "$MORPH_ARCH" in
    armv7*)
        ARCH_FLAGS="--without-fp" ;;
esac

export CFLAGS="-O2 $CFLAGS"; export CXX=false; \
cd o && ../configure \
  $ARCH_FLAGS \
  --build=$(../scripts/config.guess) --host=$TARGET_STAGE1 \
  --prefix="$PREFIX" \
  `# [1]` --libdir="$PREFIX/lib" \
  `# [2]` --with-headers="$(pwd)/../../$PREFIX/include" \
  `# [3]` --disable-profile  --enable-kernel=2.6.25 \
  `# [4]` libc_cv_c_cleanup=yes libc_cv_ctors_header=yes \
          libc_cv_forced_unwind=yes libc_cv_ssp=no
 
4 15-08-20 14:12:55 [4/662/662] [stage2-glibc] Running build-commands
4 15-08-20 14:12:55 [4/662/662] [stage2-glibc] Running command:
cd o && make localtime=UTC 
3 15-08-20 14:12:55 [5/662/662] [stage2-glibc] Running build-commands
3 15-08-20 14:12:55 [5/662/662] [stage2-glibc] Running command:
cd o && make localtime=UTC 
2 15-08-20 14:12:55 [4/662/662] [stage2-glibc] Running build-commands
2 15-08-20 14:12:55 [4/662/662] [stage2-glibc] Running command:
cd o && make localtime=UTC 
0 15-08-20 14:12:50 [3/662/662] [stage2-linux-api-headers] Elapsed time for build 00:00:24
0 15-08-20 14:12:50 [3/662/662] [stage2-linux-api-headers] Starting artifact creation 
0 15-08-20 14:12:50 [3/662/662] [stage2-linux-api-headers] splitting chunk 
0 15-08-20 14:12:50 [3/662/662] [stage2-linux-api-headers] Bah! I could have cached stage2-linux-api-headers.dc284802a859862bdecea33c6aea2483185729cca5134cf230d926d12c27ed6e
0 15-08-20 14:12:50 [3/662/662] [stage2-linux-api-headers] Elapsed time for artifact creation 00:00:00
0 15-08-20 14:12:53 [3/662/662] [stage2-linux-api-headers] Cleaned up /src/tmp/tmpuop4ed
0 15-08-20 14:12:53 [3/662/662] [stage2-linux-api-headers] Elapsed time for assembly 00:06:46
0 15-08-20 14:12:53 [3/662/662] [stage2-libstdc++] Installing stage2-linux-api-headers.dc284802a859862bdecea33c6aea2483185729cca5134cf230d926d12c27ed6e 
0 15-08-20 14:12:53 [3/662/662] [stage2-linux-api-headers] loaded metadata for strata/build-essential/stage2-linux-api-headers.morph
0 15-08-20 14:12:53 [3/662/662] [stage1-binutils] loaded metadata for stage1-binutils
0 15-08-20 14:12:53 [3/662/662] [stage2-glibc] Starting assembly 
0 15-08-20 14:12:53 [3/662/662] [stage1-binutils] loaded metadata for stage1-binutils
0 15-08-20 14:12:53 [3/662/662] [stage2-glibc] Installing stage1-binutils.dac85c48b260aa710b7910ab871bf5b5cce1e27910bf090b4b60bf2dc35fbbbb 
0 15-08-20 14:12:53 [3/662/662] [stage1-gcc] loaded metadata for stage1-gcc
0 15-08-20 14:12:53 [3/662/662] [stage2-glibc] Installing stage1-gcc.53687a18c4d5992c2ada2b6e3c95b1f07712315c32de33b36e94691ddaf40a1f 
0 15-08-20 14:12:53 [3/662/662] [stage2-linux-api-headers] loaded metadata for stage2-linux-api-headers
0 15-08-20 14:12:53 [3/662/662] [stage2-glibc] Installing stage2-linux-api-headers.dc284802a859862bdecea33c6aea2483185729cca5134cf230d926d12c27ed6e 
0 15-08-20 14:12:53 [4/662/662] [stage2-glibc] Starting build 
0 15-08-20 14:12:55 [4/662/662] [stage2-glibc] Git checkout upstream:glibc in /src/tmp/tmphMwvim/stage2-glibc.build 
0 15-08-20 14:12:56 [4/662/662] [stage2-glibc] Upstream version 4e42b5b8 glibc-2.21 (glibc-2.21 + 0 commits) 
0 15-08-20 14:12:56 [4/662/662] [stage2-glibc] Defined build system is manual
0 15-08-20 14:12:56 [4/662/662] [stage2-glibc] Logging build commands to /src/artifacts/stage2-glibc.d9a5b38ff5115592af4ad878a5eda98915582e3e16c9d11b5176e123058bcf67.build-log.0 
0 15-08-20 14:12:56 [4/662/662] [stage2-glibc] Running configure-commands
0 15-08-20 14:12:56 [4/662/662] [stage2-glibc] Running command:
mkdir o 
0 15-08-20 14:12:56 [4/662/662] [stage2-glibc] Running command:
case "$MORPH_ARCH" in
    armv7*)
        ARCH_FLAGS="--without-fp" ;;
esac

export CFLAGS="-O2 $CFLAGS"; export CXX=false; \
cd o && ../configure \
  $ARCH_FLAGS \
  --build=$(../scripts/config.guess) --host=$TARGET_STAGE1 \
  --prefix="$PREFIX" \
  `# [1]` --libdir="$PREFIX/lib" \
  `# [2]` --with-headers="$(pwd)/../../$PREFIX/include" \
  `# [3]` --disable-profile  --enable-kernel=2.6.25 \
  `# [4]` libc_cv_c_cleanup=yes libc_cv_ctors_header=yes \
          libc_cv_forced_unwind=yes libc_cv_ssp=no
 
0 15-08-20 14:12:58 [4/662/662] [stage2-glibc] Running build-commands
0 15-08-20 14:12:58 [4/662/662] [stage2-glibc] Running command:
cd o && make localtime=UTC 
3 15-08-20 14:14:25 [5/662/662] [stage2-glibc] Running install-commands
3 15-08-20 14:14:25 [5/662/662] [stage2-glibc] Running command:
cd o && make install_root="$DESTDIR" localtime=UTC install 
2 15-08-20 14:14:25 [4/662/662] [stage2-glibc] Running install-commands
2 15-08-20 14:14:25 [4/662/662] [stage2-glibc] Running command:
cd o && make install_root="$DESTDIR" localtime=UTC install 
4 15-08-20 14:14:25 [4/662/662] [stage2-glibc] Running install-commands
4 15-08-20 14:14:25 [4/662/662] [stage2-glibc] Running command:
cd o && make install_root="$DESTDIR" localtime=UTC install 
0 15-08-20 14:14:28 [4/662/662] [stage2-glibc] Running install-commands
0 15-08-20 14:14:28 [4/662/662] [stage2-glibc] Running command:
cd o && make install_root="$DESTDIR" localtime=UTC install 
3 15-08-20 14:14:59 [5/662/662] [stage2-glibc] Running command:
mkdir -p "$DESTDIR/etc" 
3 15-08-20 14:14:59 [5/662/662] [stage2-glibc] Running command:
mkdir -p "$DESTDIR/etc/ld.so.conf.d" 
3 15-08-20 14:14:59 [5/662/662] [stage2-glibc] Running command:
cat <<EOF > ld.so.conf
/lib
/usr/lib
/usr/local/lib
include /etc/ld.so.conf.d/*.conf
EOF
 
3 15-08-20 14:14:59 [5/662/662] [stage2-glibc] Running command:
install -m 644 -o root -g root ld.so.conf "$DESTDIR/etc/ld.so.conf" 
3 15-08-20 14:14:59 [5/662/662] [stage2-glibc] Running command:
# Fix up GCC to handle the sysroot containing glibc being in a different
# location for each chunk build.
#
# For headers, it's enough to pass -B in the CPPFLAGS. This would work for
# the startup files (crt*.o) as well, except where libtool is involved (in
# which case it strips -B out of your LDFLAGS before calling GCC). We get
# around this by making GCC locate them relative to the environment variable
# STAGE2_SYSROOT, which we can then set along with CPPFLAGS in each stage 2
# chunk build.
#
# We also force the use of the program loader at PREFIX/lib/ld.so instead
# of its usual home in /lib or /lib64, which is necessary for the output of
# stage 2 to work as a chroot when building stage 3.

sysroot="$(dirname "$(pwd)")"
specs_dir="$(dirname $($TARGET_STAGE1-gcc --print-libgcc-file-name))"
target_specs_dir="$DESTDIR/${specs_dir#$sysroot}"
mkdir -p "$target_specs_dir"

$TARGET_STAGE1-gcc -dumpspecs |
    sed -e "s@[gMS]\?crt[1in].o%s@%:getenv(STAGE2_SYSROOT $PREFIX/lib/&)@g" \
        -e "s@/lib\(64\)\?/ld@$PREFIX/lib/ld@g" \
    > "$target_specs_dir/specs-for-sysroot"

# NASTY HACK #
# We create a symlink to the actual specs here, so that later the
# symlink can be replaced with a dangling link.
#
# This is necessary as we need to have gcc use its internal specs,
# which can differ to the specs generated by `gcc -dumpspecs`.
#
# The dangling symlink will not make it onto the final system, just
# like all other bootstrap only components.
ln -s specs-for-sysroot "$target_specs_dir/specs"
 
3 15-08-20 14:14:59 [5/662/662] [stage2-glibc] Running command:
install -d $DESTDIR/lib 
3 15-08-20 14:14:59 [5/662/662] [stage2-glibc] Running command:
cpu=$(echo $TARGET | cut -d '-' -f 1)
case "$cpu" in
x86_64)
  install -d "$DESTDIR/lib64"
  ln -s "$PREFIX/lib/ld-linux-x86-64.so.2" \
        "$DESTDIR/lib64/ld-linux-x86-64.so.2" ;;
ppc64)
  install -d "$DESTDIR/lib64"
  ln -s "$PREFIX/lib/ld64.so.1" \
        "$DESTDIR/lib64/ld64.so.1" ;;
*)
  loader=$(basename $(ls "$DESTDIR$PREFIX"/lib/ld-linux*))
  [ -z $loader ] && loader=$(basename $(ls "$DESTDIR$PREFIX"/lib/ld.so*))
  [ -z $loader ] && ( echo "Bug in stage2-glibc ld.so symlinks" ; exit 1 )
  ln -s "$PREFIX/lib/$loader" "$DESTDIR/lib/$loader"
esac
 
2 15-08-20 14:15:00 [4/662/662] [stage2-glibc] Running command:
mkdir -p "$DESTDIR/etc" 
2 15-08-20 14:15:00 [4/662/662] [stage2-glibc] Running command:
mkdir -p "$DESTDIR/etc/ld.so.conf.d" 
2 15-08-20 14:15:00 [4/662/662] [stage2-glibc] Running command:
cat <<EOF > ld.so.conf
/lib
/usr/lib
/usr/local/lib
include /etc/ld.so.conf.d/*.conf
EOF
 
2 15-08-20 14:15:00 [4/662/662] [stage2-glibc] Running command:
install -m 644 -o root -g root ld.so.conf "$DESTDIR/etc/ld.so.conf" 
2 15-08-20 14:15:00 [4/662/662] [stage2-glibc] Running command:
# Fix up GCC to handle the sysroot containing glibc being in a different
# location for each chunk build.
#
# For headers, it's enough to pass -B in the CPPFLAGS. This would work for
# the startup files (crt*.o) as well, except where libtool is involved (in
# which case it strips -B out of your LDFLAGS before calling GCC). We get
# around this by making GCC locate them relative to the environment variable
# STAGE2_SYSROOT, which we can then set along with CPPFLAGS in each stage 2
# chunk build.
#
# We also force the use of the program loader at PREFIX/lib/ld.so instead
# of its usual home in /lib or /lib64, which is necessary for the output of
# stage 2 to work as a chroot when building stage 3.

sysroot="$(dirname "$(pwd)")"
specs_dir="$(dirname $($TARGET_STAGE1-gcc --print-libgcc-file-name))"
target_specs_dir="$DESTDIR/${specs_dir#$sysroot}"
mkdir -p "$target_specs_dir"

$TARGET_STAGE1-gcc -dumpspecs |
    sed -e "s@[gMS]\?crt[1in].o%s@%:getenv(STAGE2_SYSROOT $PREFIX/lib/&)@g" \
        -e "s@/lib\(64\)\?/ld@$PREFIX/lib/ld@g" \
    > "$target_specs_dir/specs-for-sysroot"

# NASTY HACK #
# We create a symlink to the actual specs here, so that later the
# symlink can be replaced with a dangling link.
#
# This is necessary as we need to have gcc use its internal specs,
# which can differ to the specs generated by `gcc -dumpspecs`.
#
# The dangling symlink will not make it onto the final system, just
# like all other bootstrap only components.
ln -s specs-for-sysroot "$target_specs_dir/specs"
 
2 15-08-20 14:15:00 [4/662/662] [stage2-glibc] Running command:
install -d $DESTDIR/lib 
2 15-08-20 14:15:00 [4/662/662] [stage2-glibc] Running command:
cpu=$(echo $TARGET | cut -d '-' -f 1)
case "$cpu" in
x86_64)
  install -d "$DESTDIR/lib64"
  ln -s "$PREFIX/lib/ld-linux-x86-64.so.2" \
        "$DESTDIR/lib64/ld-linux-x86-64.so.2" ;;
ppc64)
  install -d "$DESTDIR/lib64"
  ln -s "$PREFIX/lib/ld64.so.1" \
        "$DESTDIR/lib64/ld64.so.1" ;;
*)
  loader=$(basename $(ls "$DESTDIR$PREFIX"/lib/ld-linux*))
  [ -z $loader ] && loader=$(basename $(ls "$DESTDIR$PREFIX"/lib/ld.so*))
  [ -z $loader ] && ( echo "Bug in stage2-glibc ld.so symlinks" ; exit 1 )
  ln -s "$PREFIX/lib/$loader" "$DESTDIR/lib/$loader"
esac
 
4 15-08-20 14:15:00 [4/662/662] [stage2-glibc] Running command:
mkdir -p "$DESTDIR/etc" 
4 15-08-20 14:15:00 [4/662/662] [stage2-glibc] Running command:
mkdir -p "$DESTDIR/etc/ld.so.conf.d" 
4 15-08-20 14:15:00 [4/662/662] [stage2-glibc] Running command:
cat <<EOF > ld.so.conf
/lib
/usr/lib
/usr/local/lib
include /etc/ld.so.conf.d/*.conf
EOF
 
4 15-08-20 14:15:00 [4/662/662] [stage2-glibc] Running command:
install -m 644 -o root -g root ld.so.conf "$DESTDIR/etc/ld.so.conf" 
4 15-08-20 14:15:00 [4/662/662] [stage2-glibc] Running command:
# Fix up GCC to handle the sysroot containing glibc being in a different
# location for each chunk build.
#
# For headers, it's enough to pass -B in the CPPFLAGS. This would work for
# the startup files (crt*.o) as well, except where libtool is involved (in
# which case it strips -B out of your LDFLAGS before calling GCC). We get
# around this by making GCC locate them relative to the environment variable
# STAGE2_SYSROOT, which we can then set along with CPPFLAGS in each stage 2
# chunk build.
#
# We also force the use of the program loader at PREFIX/lib/ld.so instead
# of its usual home in /lib or /lib64, which is necessary for the output of
# stage 2 to work as a chroot when building stage 3.

sysroot="$(dirname "$(pwd)")"
specs_dir="$(dirname $($TARGET_STAGE1-gcc --print-libgcc-file-name))"
target_specs_dir="$DESTDIR/${specs_dir#$sysroot}"
mkdir -p "$target_specs_dir"

$TARGET_STAGE1-gcc -dumpspecs |
    sed -e "s@[gMS]\?crt[1in].o%s@%:getenv(STAGE2_SYSROOT $PREFIX/lib/&)@g" \
        -e "s@/lib\(64\)\?/ld@$PREFIX/lib/ld@g" \
    > "$target_specs_dir/specs-for-sysroot"

# NASTY HACK #
# We create a symlink to the actual specs here, so that later the
# symlink can be replaced with a dangling link.
#
# This is necessary as we need to have gcc use its internal specs,
# which can differ to the specs generated by `gcc -dumpspecs`.
#
# The dangling symlink will not make it onto the final system, just
# like all other bootstrap only components.
ln -s specs-for-sysroot "$target_specs_dir/specs"
 
4 15-08-20 14:15:00 [4/662/662] [stage2-glibc] Running command:
install -d $DESTDIR/lib 
4 15-08-20 14:15:00 [4/662/662] [stage2-glibc] Running command:
cpu=$(echo $TARGET | cut -d '-' -f 1)
case "$cpu" in
x86_64)
  install -d "$DESTDIR/lib64"
  ln -s "$PREFIX/lib/ld-linux-x86-64.so.2" \
        "$DESTDIR/lib64/ld-linux-x86-64.so.2" ;;
ppc64)
  install -d "$DESTDIR/lib64"
  ln -s "$PREFIX/lib/ld64.so.1" \
        "$DESTDIR/lib64/ld64.so.1" ;;
*)
  loader=$(basename $(ls "$DESTDIR$PREFIX"/lib/ld-linux*))
  [ -z $loader ] && loader=$(basename $(ls "$DESTDIR$PREFIX"/lib/ld.so*))
  [ -z $loader ] && ( echo "Bug in stage2-glibc ld.so symlinks" ; exit 1 )
  ln -s "$PREFIX/lib/$loader" "$DESTDIR/lib/$loader"
esac
 
0 15-08-20 14:15:02 [4/662/662] [stage2-glibc] Running command:
mkdir -p "$DESTDIR/etc" 
0 15-08-20 14:15:02 [4/662/662] [stage2-glibc] Running command:
mkdir -p "$DESTDIR/etc/ld.so.conf.d" 
0 15-08-20 14:15:02 [4/662/662] [stage2-glibc] Running command:
cat <<EOF > ld.so.conf
/lib
/usr/lib
/usr/local/lib
include /etc/ld.so.conf.d/*.conf
EOF
 
0 15-08-20 14:15:02 [4/662/662] [stage2-glibc] Running command:
install -m 644 -o root -g root ld.so.conf "$DESTDIR/etc/ld.so.conf" 
0 15-08-20 14:15:02 [4/662/662] [stage2-glibc] Running command:
# Fix up GCC to handle the sysroot containing glibc being in a different
# location for each chunk build.
#
# For headers, it's enough to pass -B in the CPPFLAGS. This would work for
# the startup files (crt*.o) as well, except where libtool is involved (in
# which case it strips -B out of your LDFLAGS before calling GCC). We get
# around this by making GCC locate them relative to the environment variable
# STAGE2_SYSROOT, which we can then set along with CPPFLAGS in each stage 2
# chunk build.
#
# We also force the use of the program loader at PREFIX/lib/ld.so instead
# of its usual home in /lib or /lib64, which is necessary for the output of
# stage 2 to work as a chroot when building stage 3.

sysroot="$(dirname "$(pwd)")"
specs_dir="$(dirname $($TARGET_STAGE1-gcc --print-libgcc-file-name))"
target_specs_dir="$DESTDIR/${specs_dir#$sysroot}"
mkdir -p "$target_specs_dir"

$TARGET_STAGE1-gcc -dumpspecs |
    sed -e "s@[gMS]\?crt[1in].o%s@%:getenv(STAGE2_SYSROOT $PREFIX/lib/&)@g" \
        -e "s@/lib\(64\)\?/ld@$PREFIX/lib/ld@g" \
    > "$target_specs_dir/specs-for-sysroot"

# NASTY HACK #
# We create a symlink to the actual specs here, so that later the
# symlink can be replaced with a dangling link.
#
# This is necessary as we need to have gcc use its internal specs,
# which can differ to the specs generated by `gcc -dumpspecs`.
#
# The dangling symlink will not make it onto the final system, just
# like all other bootstrap only components.
ln -s specs-for-sysroot "$target_specs_dir/specs"
 
0 15-08-20 14:15:02 [4/662/662] [stage2-glibc] Running command:
install -d $DESTDIR/lib 
0 15-08-20 14:15:02 [4/662/662] [stage2-glibc] Running command:
cpu=$(echo $TARGET | cut -d '-' -f 1)
case "$cpu" in
x86_64)
  install -d "$DESTDIR/lib64"
  ln -s "$PREFIX/lib/ld-linux-x86-64.so.2" \
        "$DESTDIR/lib64/ld-linux-x86-64.so.2" ;;
ppc64)
  install -d "$DESTDIR/lib64"
  ln -s "$PREFIX/lib/ld64.so.1" \
        "$DESTDIR/lib64/ld64.so.1" ;;
*)
  loader=$(basename $(ls "$DESTDIR$PREFIX"/lib/ld-linux*))
  [ -z $loader ] && loader=$(basename $(ls "$DESTDIR$PREFIX"/lib/ld.so*))
  [ -z $loader ] && ( echo "Bug in stage2-glibc ld.so symlinks" ; exit 1 )
  ln -s "$PREFIX/lib/$loader" "$DESTDIR/lib/$loader"
esac
 
3 15-08-20 14:14:59 [5/662/662] [stage2-glibc] Elapsed time for build 00:02:10
3 15-08-20 14:14:59 [5/662/662] [stage2-glibc] Starting artifact creation 
3 15-08-20 14:14:59 [5/662/662] [stage2-glibc] splitting chunk 
3 15-08-20 14:15:07 [5/662/662] [stage2-glibc] Now cached 11938521 bytes as stage2-glibc.d9a5b38ff5115592af4ad878a5eda98915582e3e16c9d11b5176e123058bcf67
3 15-08-20 14:15:07 [5/662/662] [stage2-glibc] Elapsed time for artifact creation 00:00:08
3 15-08-20 14:15:08 [5/662/662] [stage2-glibc] Cleaned up /src/tmp/tmplvhz3f
3 15-08-20 14:15:08 [5/662/662] [stage2-glibc] Elapsed time for assembly 00:02:19
3 15-08-20 14:15:08 [5/662/662] [stage2-binutils] Installing stage2-glibc.d9a5b38ff5115592af4ad878a5eda98915582e3e16c9d11b5176e123058bcf67 
3 15-08-20 14:15:08 [5/662/662] [stage2-glibc] loaded metadata for strata/build-essential/stage2-glibc.morph
3 15-08-20 14:15:09 [5/662/662] [stage1-gcc] loaded metadata for stage1-gcc
3 15-08-20 14:15:09 [5/662/662] [stage1-binutils] loaded metadata for stage1-binutils
3 15-08-20 14:15:09 [6/662/662] [stage2-binutils] Starting build 
3 15-08-20 14:15:11 [6/662/662] [stage2-binutils] Git checkout upstream:binutils-tarball in /src/tmp/tmpjuhlNA/stage2-binutils.build 
3 15-08-20 14:15:11 [6/662/662] [stage2-binutils] Upstream version 5500a97a binutils-2.25 (binutils-2.25 + 0 commits) 
3 15-08-20 14:15:11 [6/662/662] [stage2-binutils] Defined build system is autotools
3 15-08-20 14:15:11 [6/662/662] [stage2-binutils] Logging build commands to /src/artifacts/stage2-binutils.3175f086ad037c0283315c5b332c8bbd8850eda1ead9acd02859dd5c1fe85fad.build-log.3 
3 15-08-20 14:15:11 [6/662/662] [stage2-binutils] Running configure-commands
3 15-08-20 14:15:11 [6/662/662] [stage2-binutils] Running command:
export STAGE2_SYSROOT="$(dirname $(pwd))"
export CXX="$TARGET_STAGE1-g++ --sysroot=$STAGE2_SYSROOT"
# binutils has its own embedded libtool, which is old and strips out
# `--sysroot`.  Work around by modifying the compiler command to
# include the sysroot flag
export CC="$TARGET_STAGE1-gcc --sysroot=$STAGE2_SYSROOT"
./configure --prefix="$PREFIX" --disable-nls --disable-werror \
  --build=$(sh config.guess) \
  --host=$TARGET_STAGE1 \
  --target=$TARGET_STAGE1
 
4 15-08-20 14:15:00 [4/662/662] [stage2-glibc] Elapsed time for build 00:02:10
4 15-08-20 14:15:00 [4/662/662] [stage2-glibc] Starting artifact creation 
4 15-08-20 14:15:00 [4/662/662] [stage2-glibc] splitting chunk 
4 15-08-20 14:15:08 [4/662/662] [stage2-glibc] Bah! I raced and rebuilt stage2-glibc.d9a5b38ff5115592af4ad878a5eda98915582e3e16c9d11b5176e123058bcf67
4 15-08-20 14:15:08 [4/662/662] [stage2-glibc] Elapsed time for artifact creation 00:00:08
4 15-08-20 14:15:09 [4/662/662] [stage2-glibc] Cleaned up /src/tmp/tmpJTerDS
4 15-08-20 14:15:09 [4/662/662] [stage2-glibc] Elapsed time for assembly 00:02:19
4 15-08-20 14:15:09 [4/662/662] [stage2-binutils] Installing stage2-glibc.d9a5b38ff5115592af4ad878a5eda98915582e3e16c9d11b5176e123058bcf67 
4 15-08-20 14:15:09 [4/662/662] [stage2-glibc] loaded metadata for strata/build-essential/stage2-glibc.morph
4 15-08-20 14:15:09 [4/662/662] [stage1-binutils] loaded metadata for stage1-binutils
4 15-08-20 14:15:09 [5/662/662] [stage2-binutils] Starting build 
4 15-08-20 14:15:11 [5/662/662] [stage2-binutils] Git checkout upstream:binutils-tarball in /src/tmp/tmpnX62Bt/stage2-binutils.build 
4 15-08-20 14:15:11 [5/662/662] [stage2-binutils] Upstream version 5500a97a binutils-2.25 (binutils-2.25 + 0 commits) 
4 15-08-20 14:15:11 [5/662/662] [stage2-binutils] Defined build system is autotools
4 15-08-20 14:15:11 [5/662/662] [stage2-binutils] Logging build commands to /src/artifacts/stage2-binutils.3175f086ad037c0283315c5b332c8bbd8850eda1ead9acd02859dd5c1fe85fad.build-log.4 
4 15-08-20 14:15:11 [5/662/662] [stage2-binutils] Running configure-commands
4 15-08-20 14:15:11 [5/662/662] [stage2-binutils] Running command:
export STAGE2_SYSROOT="$(dirname $(pwd))"
export CXX="$TARGET_STAGE1-g++ --sysroot=$STAGE2_SYSROOT"
# binutils has its own embedded libtool, which is old and strips out
# `--sysroot`.  Work around by modifying the compiler command to
# include the sysroot flag
export CC="$TARGET_STAGE1-gcc --sysroot=$STAGE2_SYSROOT"
./configure --prefix="$PREFIX" --disable-nls --disable-werror \
  --build=$(sh config.guess) \
  --host=$TARGET_STAGE1 \
  --target=$TARGET_STAGE1
 
2 15-08-20 14:15:00 [4/662/662] [stage2-glibc] Elapsed time for build 00:02:10
2 15-08-20 14:15:00 [4/662/662] [stage2-glibc] Starting artifact creation 
2 15-08-20 14:15:00 [4/662/662] [stage2-glibc] splitting chunk 
2 15-08-20 14:15:08 [4/662/662] [stage2-glibc] Bah! I raced and rebuilt stage2-glibc.d9a5b38ff5115592af4ad878a5eda98915582e3e16c9d11b5176e123058bcf67
2 15-08-20 14:15:08 [4/662/662] [stage2-glibc] Elapsed time for artifact creation 00:00:08
2 15-08-20 14:15:09 [4/662/662] [stage2-glibc] Cleaned up /src/tmp/tmpgdDCo7
2 15-08-20 14:15:09 [4/662/662] [stage2-glibc] Elapsed time for assembly 00:09:02
2 15-08-20 14:15:09 [4/662/662] [stage2-reset-specs] Installing stage2-glibc.d9a5b38ff5115592af4ad878a5eda98915582e3e16c9d11b5176e123058bcf67 
2 15-08-20 14:15:09 [4/662/662] [stage2-glibc] loaded metadata for strata/build-essential/stage2-glibc.morph
2 15-08-20 14:15:09 [4/662/662] [stage2-linux-api-headers] loaded metadata for stage2-linux-api-headers
2 15-08-20 14:15:09 [4/662/662] [stage1-binutils] loaded metadata for stage1-binutils
2 15-08-20 14:15:09 [4/662/662] [stage1-gcc] loaded metadata for stage1-gcc
2 15-08-20 14:15:09 [5/662/662] [stage2-reset-specs] Starting build 
2 15-08-20 14:15:11 [5/662/662] [stage2-reset-specs] Git checkout upstream:glibc in /src/tmp/tmpr26ItC/stage2-reset-specs.build 
2 15-08-20 14:15:12 [5/662/662] [stage2-reset-specs] Upstream version 4e42b5b8 glibc-2.21 (glibc-2.21 + 0 commits) 
2 15-08-20 14:15:12 [5/662/662] [stage2-reset-specs] Defined build system is manual
2 15-08-20 14:15:12 [5/662/662] [stage2-reset-specs] Logging build commands to /src/artifacts/stage2-reset-specs.f37a9c787711c982424343453023f38cb71e25bead9aa2a753cdb5814582f82d.build-log.2 
2 15-08-20 14:15:12 [5/662/662] [stage2-reset-specs] Running install-commands
2 15-08-20 14:15:12 [5/662/662] [stage2-reset-specs] Running command:
STAGE2_SYSROOT="$(dirname "$(pwd)")"
specs_dir="$(dirname $($TARGET_STAGE1-gcc -print-libgcc-file-name))"
target_specs_dir="$DESTDIR/${specs_dir#$STAGE2_SYSROOT}"
mkdir -p "$target_specs_dir"
ln -s "temporary specs removed by baserock bootstrap" "$target_specs_dir/specs"
 
3 15-08-20 14:15:12 [6/662/662] [stage2-binutils] Running build-commands
3 15-08-20 14:15:12 [6/662/662] [stage2-binutils] Running command:
export STAGE2_SYSROOT="$(dirname $(pwd))"
make
 
4 15-08-20 14:15:12 [5/662/662] [stage2-binutils] Running build-commands
4 15-08-20 14:15:12 [5/662/662] [stage2-binutils] Running command:
export STAGE2_SYSROOT="$(dirname $(pwd))"
make
 
2 15-08-20 14:15:12 [5/662/662] [stage2-reset-specs] Elapsed time for build 00:00:02
2 15-08-20 14:15:12 [5/662/662] [stage2-reset-specs] Starting artifact creation 
2 15-08-20 14:15:12 [5/662/662] [stage2-reset-specs] splitting chunk 
2 15-08-20 14:15:12 [5/662/662] [stage2-reset-specs] Now cached 445 bytes as stage2-reset-specs.f37a9c787711c982424343453023f38cb71e25bead9aa2a753cdb5814582f82d
2 15-08-20 14:15:12 [5/662/662] [stage2-reset-specs] Elapsed time for artifact creation 00:00:00
2 15-08-20 14:15:12 [5/662/662] [stage2-reset-specs] Cleaned up /src/tmp/tmpr26ItC
2 15-08-20 14:15:12 [5/662/662] [stage2-reset-specs] Elapsed time for assembly 00:09:06
2 15-08-20 14:15:12 [5/662/662] [m4-tarball] Installing stage2-reset-specs.f37a9c787711c982424343453023f38cb71e25bead9aa2a753cdb5814582f82d 
2 15-08-20 14:15:12 [5/662/662] [stage2-reset-specs] loaded metadata for strata/build-essential/stage2-reset-specs.morph
2 15-08-20 14:15:12 [5/662/662] [stage2-make] Starting assembly 
2 15-08-20 14:15:12 [5/662/662] [stage1-gcc] loaded metadata for stage1-gcc
2 15-08-20 14:15:12 [5/662/662] [stage2-make] Installing stage1-gcc.53687a18c4d5992c2ada2b6e3c95b1f07712315c32de33b36e94691ddaf40a1f 
2 15-08-20 14:15:12 [5/662/662] [stage2-linux-api-headers] loaded metadata for stage2-linux-api-headers
2 15-08-20 14:15:12 [5/662/662] [stage2-make] Installing stage2-linux-api-headers.dc284802a859862bdecea33c6aea2483185729cca5134cf230d926d12c27ed6e 
2 15-08-20 14:15:13 [5/662/662] [stage2-glibc] loaded metadata for stage2-glibc
2 15-08-20 14:15:13 [5/662/662] [stage2-make] Installing stage2-glibc.d9a5b38ff5115592af4ad878a5eda98915582e3e16c9d11b5176e123058bcf67 
2 15-08-20 14:15:13 [5/662/662] [stage1-binutils] loaded metadata for stage1-binutils
2 15-08-20 14:15:13 [6/662/662] [stage2-make] Starting build 
2 15-08-20 14:15:13 [6/662/662] [stage2-make] Git checkout upstream:make-tarball in /src/tmp/tmp14xFEH/stage2-make.build 
2 15-08-20 14:15:13 [6/662/662] [stage2-make] Upstream version 4978d712 make-4.1-1-g4978d71 (make-4.1 + 1 commits) 
2 15-08-20 14:15:13 [6/662/662] [stage2-make] Defined build system is autotools
2 15-08-20 14:15:13 [6/662/662] [stage2-make] Logging build commands to /src/artifacts/stage2-make.aa763a78bbd47c27a2fab8ceee20f4f907ab5a9252518b3fa0cb4b5b81e14a46.build-log.2 
2 15-08-20 14:15:13 [6/662/662] [stage2-make] Running configure-commands
2 15-08-20 14:15:13 [6/662/662] [stage2-make] Running command:
STAGE2_SYSROOT="$(dirname $(pwd))" CPPFLAGS="--sysroot=$STAGE2_SYSROOT" CXX=false LDFLAGS="--sysroot=$STAGE2_SYSROOT" ./configure --prefix="$PREFIX" --disable-nls --build=$(sh config/config.guess) --host=$TARGET_STAGE1 
2 15-08-20 14:15:17 [6/662/662] [stage2-make] Running build-commands
2 15-08-20 14:15:17 [6/662/662] [stage2-make] Running command:
STAGE2_SYSROOT="$(dirname $(pwd))" make 
2 15-08-20 14:15:18 [6/662/662] [stage2-make] Running install-commands
2 15-08-20 14:15:18 [6/662/662] [stage2-make] Running command:
make DESTDIR="$DESTDIR" install 
2 15-08-20 14:15:19 [6/662/662] [stage2-make] Running strip-commands
2 15-08-20 14:15:19 [6/662/662] [stage2-make] Running command:
find "$DESTDIR" -type f \
  '(' -perm -111 -o -name '*.so*' -o -name '*.cmxs' -o -name '*.node' ')' \
  -exec sh -ec \
  'read -n4 hdr <"$1"   # check for elf header
  if [ "$hdr" != "$(printf \x7ELF)" ]; then
    exit 0
  fi
  debugfile="$DESTDIR$PREFIX/lib/debug/$(basename "$1")"
  mkdir -p "$(dirname "$debugfile")"
  objcopy --only-keep-debug "$1" "$debugfile"
  chmod 644 "$debugfile"
  strip --remove-section=.comment --remove-section=.note --strip-unneeded "$1"
  objcopy --add-gnu-debuglink "$debugfile" "$1"' - {} ';'
 
2 15-08-20 14:15:19 [6/662/662] [stage2-make] Elapsed time for build 00:00:06
2 15-08-20 14:15:19 [6/662/662] [stage2-make] Starting artifact creation 
2 15-08-20 14:15:19 [6/662/662] [stage2-make] splitting chunk 
2 15-08-20 14:15:19 [6/662/662] [stage2-make] Now cached 449082 bytes as stage2-make.aa763a78bbd47c27a2fab8ceee20f4f907ab5a9252518b3fa0cb4b5b81e14a46
2 15-08-20 14:15:19 [6/662/662] [stage2-make] Elapsed time for artifact creation 00:00:00
2 15-08-20 14:15:19 [6/662/662] [stage2-make] Cleaned up /src/tmp/tmp14xFEH
2 15-08-20 14:15:19 [6/662/662] [stage2-make] Elapsed time for assembly 00:00:06
2 15-08-20 14:15:19 [6/662/662] [m4-tarball] Installing stage2-make.aa763a78bbd47c27a2fab8ceee20f4f907ab5a9252518b3fa0cb4b5b81e14a46 
2 15-08-20 14:15:19 [6/662/662] [stage2-make] loaded metadata for strata/build-essential/stage2-make.morph
2 15-08-20 14:15:19 [6/662/662] [glibc] Starting assembly 
2 15-08-20 14:15:19 [6/662/662] [stage2-reset-specs] loaded metadata for stage2-reset-specs
2 15-08-20 14:15:19 [6/662/662] [glibc] Installing stage2-reset-specs.f37a9c787711c982424343453023f38cb71e25bead9aa2a753cdb5814582f82d 
2 15-08-20 14:15:19 [6/662/662] [stage2-binutils] Starting assembly 
2 15-08-20 14:15:19 [6/662/662] [stage2-glibc] loaded metadata for stage2-glibc
2 15-08-20 14:15:19 [6/662/662] [stage2-binutils] Installing stage2-glibc.d9a5b38ff5115592af4ad878a5eda98915582e3e16c9d11b5176e123058bcf67 
2 15-08-20 14:15:20 [6/662/662] [stage2-linux-api-headers] loaded metadata for stage2-linux-api-headers
2 15-08-20 14:15:20 [6/662/662] [stage1-gcc] loaded metadata for stage1-gcc
2 15-08-20 14:15:20 [6/662/662] [stage1-binutils] loaded metadata for stage1-binutils
2 15-08-20 14:15:20 [7/662/662] [stage2-binutils] Starting build 
2 15-08-20 14:15:22 [7/662/662] [stage2-binutils] Git checkout upstream:binutils-tarball in /src/tmp/tmp3OgPOJ/stage2-binutils.build 
2 15-08-20 14:15:22 [7/662/662] [stage2-binutils] Upstream version 5500a97a binutils-2.25 (binutils-2.25 + 0 commits) 
2 15-08-20 14:15:22 [7/662/662] [stage2-binutils] Defined build system is autotools
2 15-08-20 14:15:22 [7/662/662] [stage2-binutils] Logging build commands to /src/artifacts/stage2-binutils.3175f086ad037c0283315c5b332c8bbd8850eda1ead9acd02859dd5c1fe85fad.build-log.2 
2 15-08-20 14:15:22 [7/662/662] [stage2-binutils] Running configure-commands
2 15-08-20 14:15:22 [7/662/662] [stage2-binutils] Running command:
export STAGE2_SYSROOT="$(dirname $(pwd))"
export CXX="$TARGET_STAGE1-g++ --sysroot=$STAGE2_SYSROOT"
# binutils has its own embedded libtool, which is old and strips out
# `--sysroot`.  Work around by modifying the compiler command to
# include the sysroot flag
export CC="$TARGET_STAGE1-gcc --sysroot=$STAGE2_SYSROOT"
./configure --prefix="$PREFIX" --disable-nls --disable-werror \
  --build=$(sh config.guess) \
  --host=$TARGET_STAGE1 \
  --target=$TARGET_STAGE1
 
2 15-08-20 14:15:23 [7/662/662] [stage2-binutils] Running build-commands
2 15-08-20 14:15:23 [7/662/662] [stage2-binutils] Running command:
export STAGE2_SYSROOT="$(dirname $(pwd))"
make
 
0 15-08-20 14:15:02 [4/662/662] [stage2-glibc] Elapsed time for build 00:02:09
0 15-08-20 14:15:02 [4/662/662] [stage2-glibc] Starting artifact creation 
0 15-08-20 14:15:02 [4/662/662] [stage2-glibc] splitting chunk 
0 15-08-20 14:15:11 [4/662/662] [stage2-glibc] Bah! I raced and rebuilt stage2-glibc.d9a5b38ff5115592af4ad878a5eda98915582e3e16c9d11b5176e123058bcf67
0 15-08-20 14:15:11 [4/662/662] [stage2-glibc] Elapsed time for artifact creation 00:00:08
0 15-08-20 14:15:11 [4/662/662] [stage2-glibc] Cleaned up /src/tmp/tmphMwvim
0 15-08-20 14:15:11 [4/662/662] [stage2-glibc] Elapsed time for assembly 00:02:18
0 15-08-20 14:15:11 [4/662/662] [stage2-libstdc++] Installing stage2-glibc.d9a5b38ff5115592af4ad878a5eda98915582e3e16c9d11b5176e123058bcf67 
0 15-08-20 14:15:11 [4/662/662] [stage2-glibc] loaded metadata for strata/build-essential/stage2-glibc.morph
0 15-08-20 14:15:12 [4/662/662] [stage1-gcc] loaded metadata for stage1-gcc
0 15-08-20 14:15:12 [5/662/662] [stage2-libstdc++] Starting build 
0 15-08-20 14:15:22 [5/662/662] [stage2-libstdc++] Git checkout upstream:gcc-tarball in /src/tmp/tmpvav774/stage2-libstdc++.build 
0 15-08-20 14:15:23 [5/662/662] [stage2-libstdc++] Upstream version b3c9b176 (No tag found) 
0 15-08-20 14:15:24 [5/662/662] [stage2-libstdc++] Defined build system is manual
0 15-08-20 14:15:24 [5/662/662] [stage2-libstdc++] Logging build commands to /src/artifacts/stage2-libstdc++.65583b8c05dc4caef8a29b523101f92e34ccb46812997a4daf55a49a3e5ce6eb.build-log.0 
0 15-08-20 14:15:24 [5/662/662] [stage2-libstdc++] Running configure-commands
0 15-08-20 14:15:24 [5/662/662] [stage2-libstdc++] Running command:
mkdir o 
0 15-08-20 14:15:24 [5/662/662] [stage2-libstdc++] Running command:
export STAGE2_SYSROOT="$(dirname $(pwd))"
# -fPIC must be given, otherwise it will not be possible to create
# shared libraries linked to libstdc++
export CPPFLAGS="--sysroot=$STAGE2_SYSROOT -fPIC"
export LDFLAGS="--sysroot=$STAGE2_SYSROOT"
cd o && ../libstdc++-v3/configure                           \
          --build=$(sh ../config.guess)                     \
          --host="$TARGET_STAGE1"                           \
          --target="$TARGET_STAGE1"                         \
          --prefix="$PREFIX"                                \
          --disable-nls                                     \
          --disable-shared                                  \
          --disable-multilib                                \
  `# [1]` --disable-libstdcxx-threads                       \
  `# [2]` --disable-libstdcxx-pch                           \
  `# [3]` --with-gxx-include-dir=/tools/"$TARGET_STAGE1"/include/c++/4.9.2
 
0 15-08-20 14:15:37 [5/662/662] [stage2-libstdc++] Running build-commands
0 15-08-20 14:15:37 [5/662/662] [stage2-libstdc++] Running command:
cd o && make 
3 15-08-20 14:15:42 [6/662/662] [stage2-binutils] Running install-commands
3 15-08-20 14:15:42 [6/662/662] [stage2-binutils] Running command:
make DESTDIR="$DESTDIR" install 
4 15-08-20 14:15:42 [5/662/662] [stage2-binutils] Running install-commands
4 15-08-20 14:15:42 [5/662/662] [stage2-binutils] Running command:
make DESTDIR="$DESTDIR" install 
3 15-08-20 14:15:43 [6/662/662] [stage2-binutils] Running strip-commands
3 15-08-20 14:15:43 [6/662/662] [stage2-binutils] Running command:
find "$DESTDIR" -type f \
  '(' -perm -111 -o -name '*.so*' -o -name '*.cmxs' -o -name '*.node' ')' \
  -exec sh -ec \
  'read -n4 hdr <"$1"   # check for elf header
  if [ "$hdr" != "$(printf \x7ELF)" ]; then
    exit 0
  fi
  debugfile="$DESTDIR$PREFIX/lib/debug/$(basename "$1")"
  mkdir -p "$(dirname "$debugfile")"
  objcopy --only-keep-debug "$1" "$debugfile"
  chmod 644 "$debugfile"
  strip --remove-section=.comment --remove-section=.note --strip-unneeded "$1"
  objcopy --add-gnu-debuglink "$debugfile" "$1"' - {} ';'
 
4 15-08-20 14:15:44 [5/662/662] [stage2-binutils] Running strip-commands
4 15-08-20 14:15:44 [5/662/662] [stage2-binutils] Running command:
find "$DESTDIR" -type f \
  '(' -perm -111 -o -name '*.so*' -o -name '*.cmxs' -o -name '*.node' ')' \
  -exec sh -ec \
  'read -n4 hdr <"$1"   # check for elf header
  if [ "$hdr" != "$(printf \x7ELF)" ]; then
    exit 0
  fi
  debugfile="$DESTDIR$PREFIX/lib/debug/$(basename "$1")"
  mkdir -p "$(dirname "$debugfile")"
  objcopy --only-keep-debug "$1" "$debugfile"
  chmod 644 "$debugfile"
  strip --remove-section=.comment --remove-section=.note --strip-unneeded "$1"
  objcopy --add-gnu-debuglink "$debugfile" "$1"' - {} ';'
 
0 15-08-20 14:15:45 [5/662/662] [stage2-libstdc++] Running install-commands
0 15-08-20 14:15:45 [5/662/662] [stage2-libstdc++] Running command:
cd o && make DESTDIR="$DESTDIR" install 
2 15-08-20 14:15:53 [7/662/662] [stage2-binutils] Running install-commands
2 15-08-20 14:15:53 [7/662/662] [stage2-binutils] Running command:
make DESTDIR="$DESTDIR" install 
2 15-08-20 14:15:55 [7/662/662] [stage2-binutils] Running strip-commands
2 15-08-20 14:15:55 [7/662/662] [stage2-binutils] Running command:
find "$DESTDIR" -type f \
  '(' -perm -111 -o -name '*.so*' -o -name '*.cmxs' -o -name '*.node' ')' \
  -exec sh -ec \
  'read -n4 hdr <"$1"   # check for elf header
  if [ "$hdr" != "$(printf \x7ELF)" ]; then
    exit 0
  fi
  debugfile="$DESTDIR$PREFIX/lib/debug/$(basename "$1")"
  mkdir -p "$(dirname "$debugfile")"
  objcopy --only-keep-debug "$1" "$debugfile"
  chmod 644 "$debugfile"
  strip --remove-section=.comment --remove-section=.note --strip-unneeded "$1"
  objcopy --add-gnu-debuglink "$debugfile" "$1"' - {} ';'
 
0 15-08-20 14:15:46 [5/662/662] [stage2-libstdc++] Elapsed time for build 00:00:34
0 15-08-20 14:15:46 [5/662/662] [stage2-libstdc++] Starting artifact creation 
0 15-08-20 14:15:46 [5/662/662] [stage2-libstdc++] splitting chunk 
0 15-08-20 14:15:49 [5/662/662] [stage2-libstdc++] Now cached 1931543 bytes as stage2-libstdc++.65583b8c05dc4caef8a29b523101f92e34ccb46812997a4daf55a49a3e5ce6eb
0 15-08-20 14:15:49 [5/662/662] [stage2-libstdc++] Elapsed time for artifact creation 00:00:03
0 15-08-20 14:15:52 [5/662/662] [stage2-libstdc++] Cleaned up /src/tmp/tmpvav774
0 15-08-20 14:15:52 [5/662/662] [stage2-libstdc++] Elapsed time for assembly 00:09:46
0 15-08-20 14:15:52 [5/662/662] [stage2-gcc] Installing stage2-libstdc++.65583b8c05dc4caef8a29b523101f92e34ccb46812997a4daf55a49a3e5ce6eb 
0 15-08-20 14:15:52 [5/662/662] [stage2-libstdc++] loaded metadata for strata/build-essential/stage2-libstdc++.morph
0 15-08-20 14:15:53 [5/662/662] [stage1-binutils] loaded metadata for stage1-binutils
0 15-08-20 14:15:53 [5/662/662] [stage2-linux-api-headers] loaded metadata for stage2-linux-api-headers
0 15-08-20 14:15:53 [5/662/662] [stage1-gcc] loaded metadata for stage1-gcc
0 15-08-20 14:15:53 [5/662/662] [stage2-gcc-fixed-headers] Starting assembly 
0 15-08-20 14:15:53 [5/662/662] [stage2-linux-api-headers] loaded metadata for stage2-linux-api-headers
0 15-08-20 14:15:53 [5/662/662] [stage2-gcc-fixed-headers] Installing stage2-linux-api-headers.dc284802a859862bdecea33c6aea2483185729cca5134cf230d926d12c27ed6e 
0 15-08-20 14:15:53 [5/662/662] [stage1-gcc] loaded metadata for stage1-gcc
0 15-08-20 14:15:53 [5/662/662] [stage1-binutils] loaded metadata for stage1-binutils
0 15-08-20 14:15:53 [5/662/662] [stage2-glibc] loaded metadata for stage2-glibc
0 15-08-20 14:15:53 [5/662/662] [stage2-gcc-fixed-headers] Installing stage2-glibc.d9a5b38ff5115592af4ad878a5eda98915582e3e16c9d11b5176e123058bcf67 
0 15-08-20 14:15:53 [6/662/662] [stage2-gcc-fixed-headers] Starting build 
0 15-08-20 14:16:02 [6/662/662] [stage2-gcc-fixed-headers] Git checkout upstream:gcc-tarball in /src/tmp/tmp9kqYOX/stage2-gcc-fixed-headers.build 
0 15-08-20 14:16:03 [6/662/662] [stage2-gcc-fixed-headers] Upstream version b3c9b176 (No tag found) 
0 15-08-20 14:16:04 [6/662/662] [stage2-gcc-fixed-headers] Defined build system is manual
0 15-08-20 14:16:04 [6/662/662] [stage2-gcc-fixed-headers] Logging build commands to /src/artifacts/stage2-gcc-fixed-headers.fd6946769145588533e14bed18ca1e2c34563abc6dd97efc8b447d386c905d49.build-log.0 
0 15-08-20 14:16:04 [6/662/662] [stage2-gcc-fixed-headers] Running install-commands
0 15-08-20 14:16:04 [6/662/662] [stage2-gcc-fixed-headers] Running command:
libgcc_dir=$(dirname $($TARGET_STAGE1-gcc -print-libgcc-file-name))
sysroot="$(dirname "$(pwd)")"
target_libgcc_dir="${libgcc_dir#$sysroot}"
mkdir -p "$DESTDIR/$target_libgcc_dir/include-fixed"
cat "gcc/limitx.h" "gcc/glimits.h" "gcc/limity.h" \
    >"$DESTDIR/$target_libgcc_dir/include-fixed/limits.h"
 
4 15-08-20 14:15:44 [5/662/662] [stage2-binutils] Elapsed time for build 00:00:35
4 15-08-20 14:15:44 [5/662/662] [stage2-binutils] Starting artifact creation 
4 15-08-20 14:15:44 [5/662/662] [stage2-binutils] splitting chunk 
4 15-08-20 14:16:15 [5/662/662] [stage2-binutils] Bah! I raced and rebuilt stage2-binutils.3175f086ad037c0283315c5b332c8bbd8850eda1ead9acd02859dd5c1fe85fad
4 15-08-20 14:16:15 [5/662/662] [stage2-binutils] Elapsed time for artifact creation 00:00:31
4 15-08-20 14:16:16 [5/662/662] [stage2-binutils] Cleaned up /src/tmp/tmpnX62Bt
4 15-08-20 14:16:16 [5/662/662] [stage2-binutils] Elapsed time for assembly 00:10:10
4 15-08-20 14:16:16 [5/662/662] [ccache] Installing stage2-binutils.3175f086ad037c0283315c5b332c8bbd8850eda1ead9acd02859dd5c1fe85fad 
4 15-08-20 14:16:16 [5/662/662] [stage2-binutils] loaded metadata for strata/build-essential/stage2-binutils.morph
4 15-08-20 14:16:16 [5/662/662] [stage2-busybox] Starting assembly 
4 15-08-20 14:16:16 [5/662/662] [stage2-linux-api-headers] loaded metadata for stage2-linux-api-headers
4 15-08-20 14:16:16 [5/662/662] [stage2-busybox] Installing stage2-linux-api-headers.dc284802a859862bdecea33c6aea2483185729cca5134cf230d926d12c27ed6e 
4 15-08-20 14:16:16 [5/662/662] [stage1-binutils] loaded metadata for stage1-binutils
4 15-08-20 14:16:17 [5/662/662] [stage1-gcc] loaded metadata for stage1-gcc
4 15-08-20 14:16:17 [5/662/662] [stage2-glibc] loaded metadata for stage2-glibc
4 15-08-20 14:16:17 [5/662/662] [stage2-busybox] Installing stage2-glibc.d9a5b38ff5115592af4ad878a5eda98915582e3e16c9d11b5176e123058bcf67 
4 15-08-20 14:16:17 [6/662/662] [stage2-busybox] Starting build 
4 15-08-20 14:16:18 [6/662/662] [stage2-busybox] Git checkout upstream:busybox in /src/tmp/tmp4Lt3wD/stage2-busybox.build 
4 15-08-20 14:16:18 [6/662/662] [stage2-busybox] Upstream version 1ecfe811 1_23_1 (1_23_1 + 0 commits) 
4 15-08-20 14:16:18 [6/662/662] [stage2-busybox] Defined build system is manual
4 15-08-20 14:16:18 [6/662/662] [stage2-busybox] Logging build commands to /src/artifacts/stage2-busybox.a723c45e102066a6ff4ff6964ff7f7f72c497488823f807f580f17aceeabb7b7.build-log.4 
4 15-08-20 14:16:18 [6/662/662] [stage2-busybox] Running configure-commands
4 15-08-20 14:16:18 [6/662/662] [stage2-busybox] Running command:
make HOSTCC="/usr/bin/gcc" CROSS_COMPILE=$TARGET_STAGE1- KCONFIG_NOTIMESTAMP=1 defconfig 
3 15-08-20 14:15:43 [6/662/662] [stage2-binutils] Elapsed time for build 00:00:34
3 15-08-20 14:15:43 [6/662/662] [stage2-binutils] Starting artifact creation 
3 15-08-20 14:15:43 [6/662/662] [stage2-binutils] splitting chunk 
3 15-08-20 14:16:14 [6/662/662] [stage2-binutils] Now cached 34723368 bytes as stage2-binutils.3175f086ad037c0283315c5b332c8bbd8850eda1ead9acd02859dd5c1fe85fad
3 15-08-20 14:16:14 [6/662/662] [stage2-binutils] Elapsed time for artifact creation 00:00:30
3 15-08-20 14:16:16 [6/662/662] [stage2-binutils] Cleaned up /src/tmp/tmpjuhlNA
3 15-08-20 14:16:16 [6/662/662] [stage2-binutils] Elapsed time for assembly 00:10:09
3 15-08-20 14:16:16 [6/662/662] [glibc] Installing stage2-binutils.3175f086ad037c0283315c5b332c8bbd8850eda1ead9acd02859dd5c1fe85fad 
3 15-08-20 14:16:16 [6/662/662] [stage2-binutils] loaded metadata for strata/build-essential/stage2-binutils.morph
3 15-08-20 14:16:17 [6/662/662] [stage2-glibc] loaded metadata for stage2-glibc
3 15-08-20 14:16:17 [6/662/662] [stage2-linux-api-headers] loaded metadata for stage2-linux-api-headers
3 15-08-20 14:16:17 [6/662/662] [stage2-fake-bash] Starting assembly 
3 15-08-20 14:16:18 [7/662/662] [stage2-fake-bash] Starting build 
3 15-08-20 14:16:18 [7/662/662] [stage2-fake-bash] Git checkout upstream:bash in /src/tmp/tmprsWGnV/stage2-fake-bash.build 
3 15-08-20 14:16:18 [7/662/662] [stage2-fake-bash] Upstream version 3590145a bash-4.3-27-g3590145 (bash-4.3 + 27 commits) 
3 15-08-20 14:16:18 [7/662/662] [stage2-fake-bash] Defined build system is manual
3 15-08-20 14:16:18 [7/662/662] [stage2-fake-bash] Logging build commands to /src/artifacts/stage2-fake-bash.52d635bc2a14edd105e2c787579f57de00c10c80be8b171d9e19b75d9288b2a0.build-log.3 
3 15-08-20 14:16:18 [7/662/662] [stage2-fake-bash] Running install-commands
3 15-08-20 14:16:18 [7/662/662] [stage2-fake-bash] Running command:
printf '#!/bin/sh\nexec /bin/sh "$@"\n' | install -D /proc/self/fd/0 -m 755 "$DESTDIR$PREFIX/bin/bash" 
0 15-08-20 14:16:04 [6/662/662] [stage2-gcc-fixed-headers] Elapsed time for build 00:00:11
0 15-08-20 14:16:04 [6/662/662] [stage2-gcc-fixed-headers] Starting artifact creation 
0 15-08-20 14:16:04 [6/662/662] [stage2-gcc-fixed-headers] splitting chunk 
0 15-08-20 14:16:04 [6/662/662] [stage2-gcc-fixed-headers] Now cached 1933 bytes as stage2-gcc-fixed-headers.fd6946769145588533e14bed18ca1e2c34563abc6dd97efc8b447d386c905d49
0 15-08-20 14:16:04 [6/662/662] [stage2-gcc-fixed-headers] Elapsed time for artifact creation 00:00:00
0 15-08-20 14:16:06 [6/662/662] [stage2-gcc-fixed-headers] Cleaned up /src/tmp/tmp9kqYOX
0 15-08-20 14:16:06 [6/662/662] [stage2-gcc-fixed-headers] Elapsed time for assembly 00:00:13
0 15-08-20 14:16:06 [6/662/662] [stage2-gcc] Installing stage2-gcc-fixed-headers.fd6946769145588533e14bed18ca1e2c34563abc6dd97efc8b447d386c905d49 
0 15-08-20 14:16:06 [6/662/662] [stage2-gcc-fixed-headers] loaded metadata for strata/build-essential/stage2-gcc-fixed-headers.morph
0 15-08-20 14:16:06 [6/662/662] [stage2-glibc] loaded metadata for stage2-glibc
0 15-08-20 14:16:06 [7/662/662] [stage2-gcc] Starting build 
0 15-08-20 14:16:17 [7/662/662] [stage2-gcc] Git checkout upstream:gcc-tarball in /src/tmp/tmpl8hK8U/stage2-gcc.build 
0 15-08-20 14:16:18 [7/662/662] [stage2-gcc] Upstream version b3c9b176 (No tag found) 
0 15-08-20 14:16:19 [7/662/662] [stage2-gcc] Defined build system is manual
0 15-08-20 14:16:19 [7/662/662] [stage2-gcc] Logging build commands to /src/artifacts/stage2-gcc.f4ad49035ffcc979d01b2906ad2e9aa711da0964b5ce424de0234671aede0522.build-log.0 
0 15-08-20 14:16:19 [7/662/662] [stage2-gcc] Running configure-commands
0 15-08-20 14:16:19 [7/662/662] [stage2-gcc] Running command:
mkdir o 
0 15-08-20 14:16:19 [7/662/662] [stage2-gcc] Running command:
case "$MORPH_ARCH" in
    armv7lhf) ARCH_FLAGS="--with-arch=armv7-a \
                          --with-cpu=cortex-a9 \
                          --with-tune=cortex-a9 \
                          --with-fpu=vfpv3-d16 \
                          --with-float=hard" ;;
    armv7*)   ARCH_FLAGS="--with-arch=armv7-a" ;;
esac
export STAGE2_SYSROOT="$(dirname $(pwd))"
export CC="$TARGET_STAGE1-gcc --sysroot=$STAGE2_SYSROOT"
export CXX="$TARGET_STAGE1-g++ --sysroot=$STAGE2_SYSROOT"
export AR="$TARGET_STAGE1-ar"
export RANLIB="$TARGET_STAGE1-ranlib"
cd o && ../configure                                         \
          $ARCH_FLAGS                                        \
          --build=$(sh ../config.guess)                      \
  `# [1]` --host=$TARGET_STAGE1                              \
  `# [1]` --target=$TARGET_STAGE1                            \
          --prefix="$PREFIX"                                 \
  `# [2]` --libdir=$PREFIX/lib                               \
  `# [3]` --with-local-prefix=$PREFIX                        \
  `# [4]` --with-build-sysroot="$STAGE2_SYSROOT"             \
          --disable-bootstrap                                \
          --disable-nls                                      \
          --disable-multilib                                 \
          --disable-libgomp                                  \
          --disable-libstdcxx-pch                            \
          --enable-languages=c,c++
 
3 15-08-20 14:16:18 [7/662/662] [stage2-fake-bash] Elapsed time for build 00:00:00
3 15-08-20 14:16:18 [7/662/662] [stage2-fake-bash] Starting artifact creation 
3 15-08-20 14:16:18 [7/662/662] [stage2-fake-bash] splitting chunk 
3 15-08-20 14:16:18 [7/662/662] [stage2-fake-bash] Now cached 355 bytes as stage2-fake-bash.52d635bc2a14edd105e2c787579f57de00c10c80be8b171d9e19b75d9288b2a0
3 15-08-20 14:16:18 [7/662/662] [stage2-fake-bash] Elapsed time for artifact creation 00:00:00
3 15-08-20 14:16:18 [7/662/662] [stage2-fake-bash] Cleaned up /src/tmp/tmprsWGnV
3 15-08-20 14:16:18 [7/662/662] [stage2-fake-bash] Elapsed time for assembly 00:00:01
3 15-08-20 14:16:18 [7/662/662] [glibc] Installing stage2-fake-bash.52d635bc2a14edd105e2c787579f57de00c10c80be8b171d9e19b75d9288b2a0 
3 15-08-20 14:16:18 [7/662/662] [stage2-fake-bash] loaded metadata for strata/build-essential/stage2-fake-bash.morph
3 15-08-20 14:16:18 [7/662/662] [stage2-reset-specs] loaded metadata for stage2-reset-specs
3 15-08-20 14:16:18 [7/662/662] [glibc] Installing stage2-reset-specs.f37a9c787711c982424343453023f38cb71e25bead9aa2a753cdb5814582f82d 
3 15-08-20 14:16:18 [7/662/662] [stage2-reset-specs] loaded metadata for strata/build-essential/stage2-reset-specs.morph
3 15-08-20 14:16:18 [7/662/662] [stage2-fhs-dirs] loaded metadata for stage2-fhs-dirs
3 15-08-20 14:16:18 [7/662/662] [glibc] Installing stage2-fhs-dirs.720694aabff97560c1a93e2697f22f563250493e1691290819c5c92fe2944cab 
3 15-08-20 14:16:18 [7/662/662] [stage2-gawk] Starting assembly 
3 15-08-20 14:16:18 [7/662/662] [stage2-linux-api-headers] loaded metadata for stage2-linux-api-headers
3 15-08-20 14:16:18 [7/662/662] [stage2-gawk] Installing stage2-linux-api-headers.dc284802a859862bdecea33c6aea2483185729cca5134cf230d926d12c27ed6e 
3 15-08-20 14:16:19 [7/662/662] [stage1-gcc] loaded metadata for stage1-gcc
3 15-08-20 14:16:19 [7/662/662] [stage2-glibc] loaded metadata for stage2-glibc
3 15-08-20 14:16:19 [7/662/662] [stage2-gawk] Installing stage2-glibc.d9a5b38ff5115592af4ad878a5eda98915582e3e16c9d11b5176e123058bcf67 
3 15-08-20 14:16:19 [7/662/662] [stage1-binutils] loaded metadata for stage1-binutils
3 15-08-20 14:16:19 [8/662/662] [stage2-gawk] Starting build 
3 15-08-20 14:16:20 [8/662/662] [stage2-gawk] Git checkout upstream:gawk in /src/tmp/tmpugMela/stage2-gawk.build 
3 15-08-20 14:16:20 [8/662/662] [stage2-gawk] Upstream version 925f9363 eap4-last-fix-3-9-g925f936 (eap4-last-fix-3 + 9 commits) 
3 15-08-20 14:16:20 [8/662/662] [stage2-gawk] Defined build system is autotools
3 15-08-20 14:16:20 [8/662/662] [stage2-gawk] Logging build commands to /src/artifacts/stage2-gawk.2ab3b2e9c8471856e54a666c2cca6b00809a71d78078f620b705654993390b3b.build-log.3 
3 15-08-20 14:16:20 [8/662/662] [stage2-gawk] Running configure-commands
3 15-08-20 14:16:20 [8/662/662] [stage2-gawk] Running command:
STAGE2_SYSROOT="$(dirname $(pwd))" CPPFLAGS="--sysroot=$STAGE2_SYSROOT" CXX=false LDFLAGS="--sysroot=$STAGE2_SYSROOT" ./configure --prefix="$PREFIX" --disable-nls --build=$(sh config.guess)  --host=$TARGET_STAGE1 
0 15-08-20 14:16:21 [7/662/662] [stage2-gcc] Running build-commands
0 15-08-20 14:16:21 [7/662/662] [stage2-gcc] Running command:
case "$MORPH_ARCH" in
    armv5*)   sed -i "s/--host=none/--host=armv5/" o/Makefile
              sed -i "s/--target=none/--target=armv5/" o/Makefile ;;
    armv7*)   sed -i "s/--host=none/--host=armv7a/" o/Makefile
              sed -i "s/--target=none/--target=armv7a/" o/Makefile ;;
esac
export STAGE2_SYSROOT="$(dirname $(pwd))"
cd o && make
 
4 15-08-20 14:16:22 [6/662/662] [stage2-busybox] Running command:
[ "$PREFIX" = /usr ] || sed -e 's/.*INSTALL_NO_USR.*/CONFIG_INSTALL_NO_USR=y/' -i .config 
4 15-08-20 14:16:22 [6/662/662] [stage2-busybox] Running command:
sed -e 's/CONFIG_AWK=y.*/# CONFIG_AWK is not set/' -i .config 
4 15-08-20 14:16:22 [6/662/662] [stage2-busybox] Running command:
sed -e 's/CONFIG_INETD=y.*/# CONFIG_INETD is not set/' -i .config 
4 15-08-20 14:16:22 [6/662/662] [stage2-busybox] Running command:
sed -e 's/CONFIG_PATCH=y.*/# CONFIG_PATCH is not set/' -i .config 
4 15-08-20 14:16:22 [6/662/662] [stage2-busybox] Running command:
sed -e 's/CONFIG_DEPMOD=y.*/# CONFIG_DEPMOD is not set/' -i .config 
4 15-08-20 14:16:22 [6/662/662] [stage2-busybox] Running command:
sed -e 's/CONFIG_INSMOD=y.*/# CONFIG_INSMOD is not set/' -i .config 
4 15-08-20 14:16:22 [6/662/662] [stage2-busybox] Running command:
sed -e 's/CONFIG_MODPROBE=y.*/# CONFIG_MODPROBE is not set/' -i .config 
4 15-08-20 14:16:22 [6/662/662] [stage2-busybox] Running command:
sed -e 's/CONFIG_MODPROBE_SMALL=y.*/# CONFIG_MODPROBE_SMALL is not set/' -i .config 
4 15-08-20 14:16:22 [6/662/662] [stage2-busybox] Running command:
sed -e 's/CONFIG_LSMOD=y.*/# CONFIG_LSMOD is not set/' -i .config 
4 15-08-20 14:16:23 [6/662/662] [stage2-busybox] Running command:
sed -e 's/CONFIG_RMMOD=y.*/# CONFIG_RMMOD is not set/' -i .config 
4 15-08-20 14:16:23 [6/662/662] [stage2-busybox] Running command:
sed -e 's/CONFIG_FEATURE_MOUNT_CIFS=y.*/# CONFIG_FEATURE_MOUNT_CIFS is not set/' -i .config 
4 15-08-20 14:16:23 [6/662/662] [stage2-busybox] Running command:
sed -e 's/CONFIG_FEATURE_EXTRA_QUIET=y.*/# CONFIG_FEATURE_EXTRA_QUIET is not set/' -i .config 
4 15-08-20 14:16:23 [6/662/662] [stage2-busybox] Running command:
sed -e 's/CONFIG_FEATURE_INIT_COREDUMPS=y.*/# CONFIG_FEATURE_INIT_COREDUMPS is not set/' -i .config 
4 15-08-20 14:16:23 [6/662/662] [stage2-busybox] Running command:
sed -e 's/CONFIG_FEATURE_INIT_SCTTY=y.*/# CONFIG_FEATURE_INIT_SCTTY is not set/' -i .config 
4 15-08-20 14:16:23 [6/662/662] [stage2-busybox] Running command:
sed -e 's/CONFIG_FEATURE_INIT_SYSLOG=y.*/# CONFIG_FEATURE_INIT_SYSLOG is not set/' -i .config 
4 15-08-20 14:16:23 [6/662/662] [stage2-busybox] Running command:
sed -e 's/CONFIG_FEATURE_INITRD=y.*/# CONFIG_FEATURE_INITRD is not set/' -i .config 
4 15-08-20 14:16:23 [6/662/662] [stage2-busybox] Running command:
sed -e 's/CONFIG_FEATURE_USE_INITTAB=y.*/# CONFIG_FEATURE_USE_INITTAB is not set/' -i .config 
4 15-08-20 14:16:23 [6/662/662] [stage2-busybox] Running command:
sed -e 's/CONFIG_FEATURE_MINIX2=y.*/# CONFIG_FEATURE_MINIX2 is not set/' -i .config 
4 15-08-20 14:16:23 [6/662/662] [stage2-busybox] Running command:
sed -e 's/CONFIG_FSCK_MINIX=y.*/# CONFIG_FSCK_MINIX is not set/' -i .config 
4 15-08-20 14:16:23 [6/662/662] [stage2-busybox] Running command:
sed -e 's/CONFIG_HALT=y.*/# CONFIG_HALT is not set/' -i .config 
4 15-08-20 14:16:23 [6/662/662] [stage2-busybox] Running command:
sed -e 's/CONFIG_INIT=y.*/# CONFIG_INIT is not set/' -i .config 
4 15-08-20 14:16:23 [6/662/662] [stage2-busybox] Running command:
sed -e 's/CONFIG_INIT_TERMINAL_TYPE=y.*/CONFIG_INIT_TERMINAL_TYPE=""/' -i .config 
4 15-08-20 14:16:23 [6/662/662] [stage2-busybox] Running command:
sed -e 's/CONFIG_LOSETUP=y.*/# CONFIG_LOSETUP is not set/' -i .config 
4 15-08-20 14:16:23 [6/662/662] [stage2-busybox] Running command:
sed -e 's/CONFIG_LSUSB=y.*/# CONFIG_LSUSB is not set/' -i .config 
4 15-08-20 14:16:23 [6/662/662] [stage2-busybox] Running command:
sed -e 's/CONFIG_LZMA=y.*/# CONFIG_LZMA is not set/' -i .config 
4 15-08-20 14:16:23 [6/662/662] [stage2-busybox] Running command:
sed -e 's/CONFIG_MKFS_EXT2=y.*/# CONFIG_MKFS_EXT2 is not set/' -i .config 
4 15-08-20 14:16:23 [6/662/662] [stage2-busybox] Running command:
sed -e 's/CONFIG_MKFS_MINIX=y.*/# CONFIG_MKFS_MINIX is not set/' -i .config 
4 15-08-20 14:16:23 [6/662/662] [stage2-busybox] Running command:
sed -e 's/CONFIG_RUNLEVEL=y.*/# CONFIG_RUNLEVEL is not set/' -i .config 
4 15-08-20 14:16:23 [6/662/662] [stage2-busybox] Running command:
sed -e 's/CONFIG_STRINGS=y.*/# CONFIG_STRINGS is not set/' -i .config 
4 15-08-20 14:16:23 [6/662/662] [stage2-busybox] Running command:
sed -e 's/CONFIG_UNLZMA=y.*/# CONFIG_UNLZMA is not set/' -i .config 
4 15-08-20 14:16:23 [6/662/662] [stage2-busybox] Running command:
sed -e 's/CONFIG_UNXZ=y.*/# CONFIG_UNXZ is not set/' -i .config 
4 15-08-20 14:16:23 [6/662/662] [stage2-busybox] Running command:
sed -e 's/CONFIG_XZ=y.*/# CONFIG_XZ is not set/' -i .config 
4 15-08-20 14:16:23 [6/662/662] [stage2-busybox] Running build-commands
4 15-08-20 14:16:23 [6/662/662] [stage2-busybox] Running command:
export STAGE2_SYSROOT="$(dirname $(pwd))"
export CPPFLAGS="--sysroot=$STAGE2_SYSROOT"
export LDFLAGS="--sysroot=$STAGE2_SYSROOT"
make HOSTCC="/usr/bin/gcc" CROSS_COMPILE=$TARGET_STAGE1- KCONFIG_NOTIMESTAMP=1
 
3 15-08-20 14:16:29 [8/662/662] [stage2-gawk] Running build-commands
3 15-08-20 14:16:29 [8/662/662] [stage2-gawk] Running command:
STAGE2_SYSROOT="$(dirname $(pwd))" make 
4 15-08-20 14:16:32 [6/662/662] [stage2-busybox] Running install-commands
4 15-08-20 14:16:32 [6/662/662] [stage2-busybox] Running command:
export STAGE2_SYSROOT="$(dirname $(pwd))"
export CPPFLAGS="--sysroot=$STAGE2_SYSROOT"
export LDFLAGS="--sysroot=$STAGE2_SYSROOT"
make CONFIG_PREFIX="$DESTDIR$PREFIX" \
     HOSTCC="/usr/bin/gcc" \
     CROSS_COMPILE=$TARGET_STAGE1- \
     KCONFIG_NOTIMESTAMP=1 install &&
chmod 6755 "$DESTDIR$PREFIX"/bin/busybox
 
3 15-08-20 14:16:33 [8/662/662] [stage2-gawk] Running install-commands
3 15-08-20 14:16:33 [8/662/662] [stage2-gawk] Running command:
make DESTDIR="$DESTDIR" install 
3 15-08-20 14:16:33 [8/662/662] [stage2-gawk] Running strip-commands
3 15-08-20 14:16:33 [8/662/662] [stage2-gawk] Running command:
find "$DESTDIR" -type f \
  '(' -perm -111 -o -name '*.so*' -o -name '*.cmxs' -o -name '*.node' ')' \
  -exec sh -ec \
  'read -n4 hdr <"$1"   # check for elf header
  if [ "$hdr" != "$(printf \x7ELF)" ]; then
    exit 0
  fi
  debugfile="$DESTDIR$PREFIX/lib/debug/$(basename "$1")"
  mkdir -p "$(dirname "$debugfile")"
  objcopy --only-keep-debug "$1" "$debugfile"
  chmod 644 "$debugfile"
  strip --remove-section=.comment --remove-section=.note --strip-unneeded "$1"
  objcopy --add-gnu-debuglink "$debugfile" "$1"' - {} ';'
 
2 15-08-20 14:15:55 [7/662/662] [stage2-binutils] Elapsed time for build 00:00:34
2 15-08-20 14:15:55 [7/662/662] [stage2-binutils] Starting artifact creation 
2 15-08-20 14:15:55 [7/662/662] [stage2-binutils] splitting chunk 
2 15-08-20 14:16:26 [7/662/662] [stage2-binutils] Bah! I raced and rebuilt stage2-binutils.3175f086ad037c0283315c5b332c8bbd8850eda1ead9acd02859dd5c1fe85fad
2 15-08-20 14:16:26 [7/662/662] [stage2-binutils] Elapsed time for artifact creation 00:00:30
2 15-08-20 14:16:26 [7/662/662] [stage2-binutils] Cleaned up /src/tmp/tmp3OgPOJ
2 15-08-20 14:16:26 [7/662/662] [stage2-binutils] Elapsed time for assembly 00:01:06
2 15-08-20 14:16:26 [7/662/662] [glibc] Installing stage2-binutils.3175f086ad037c0283315c5b332c8bbd8850eda1ead9acd02859dd5c1fe85fad 
2 15-08-20 14:16:26 [7/662/662] [stage2-binutils] loaded metadata for strata/build-essential/stage2-binutils.morph
2 15-08-20 14:16:26 [7/662/662] [stage2-gcc] Starting assembly 
2 15-08-20 14:16:26 [7/662/662] [stage1-binutils] loaded metadata for stage1-binutils
2 15-08-20 14:16:26 [7/662/662] [stage2-gcc] Installing stage1-binutils.dac85c48b260aa710b7910ab871bf5b5cce1e27910bf090b4b60bf2dc35fbbbb 
2 15-08-20 14:16:26 [7/662/662] [stage1-gcc] loaded metadata for stage1-gcc
2 15-08-20 14:16:26 [7/662/662] [stage2-gcc] Installing stage1-gcc.53687a18c4d5992c2ada2b6e3c95b1f07712315c32de33b36e94691ddaf40a1f 
2 15-08-20 14:16:26 [7/662/662] [stage2-libstdc++] loaded metadata for stage2-libstdc++
2 15-08-20 14:16:26 [7/662/662] [stage2-gcc] Installing stage2-libstdc++.65583b8c05dc4caef8a29b523101f92e34ccb46812997a4daf55a49a3e5ce6eb 
2 15-08-20 14:16:26 [7/662/662] [stage2-libstdc++] loaded metadata for strata/build-essential/stage2-libstdc++.morph
2 15-08-20 14:16:27 [7/662/662] [stage2-glibc] loaded metadata for stage2-glibc
2 15-08-20 14:16:27 [7/662/662] [stage2-gcc-fixed-headers] loaded metadata for stage2-gcc-fixed-headers
2 15-08-20 14:16:27 [7/662/662] [stage2-gcc] Installing stage2-gcc-fixed-headers.fd6946769145588533e14bed18ca1e2c34563abc6dd97efc8b447d386c905d49 
2 15-08-20 14:16:27 [7/662/662] [stage2-gcc-fixed-headers] loaded metadata for strata/build-essential/stage2-gcc-fixed-headers.morph
2 15-08-20 14:16:27 [7/662/662] [stage2-linux-api-headers] loaded metadata for stage2-linux-api-headers
2 15-08-20 14:16:27 [8/662/662] [stage2-gcc] Starting build 
2 15-08-20 14:16:37 [8/662/662] [stage2-gcc] Git checkout upstream:gcc-tarball in /src/tmp/tmprmkIHr/stage2-gcc.build 
2 15-08-20 14:16:38 [8/662/662] [stage2-gcc] Upstream version b3c9b176 (No tag found) 
2 15-08-20 14:16:39 [8/662/662] [stage2-gcc] Defined build system is manual
2 15-08-20 14:16:39 [8/662/662] [stage2-gcc] Logging build commands to /src/artifacts/stage2-gcc.f4ad49035ffcc979d01b2906ad2e9aa711da0964b5ce424de0234671aede0522.build-log.2 
2 15-08-20 14:16:39 [8/662/662] [stage2-gcc] Running configure-commands
2 15-08-20 14:16:39 [8/662/662] [stage2-gcc] Running command:
mkdir o 
2 15-08-20 14:16:39 [8/662/662] [stage2-gcc] Running command:
case "$MORPH_ARCH" in
    armv7lhf) ARCH_FLAGS="--with-arch=armv7-a \
                          --with-cpu=cortex-a9 \
                          --with-tune=cortex-a9 \
                          --with-fpu=vfpv3-d16 \
                          --with-float=hard" ;;
    armv7*)   ARCH_FLAGS="--with-arch=armv7-a" ;;
esac
export STAGE2_SYSROOT="$(dirname $(pwd))"
export CC="$TARGET_STAGE1-gcc --sysroot=$STAGE2_SYSROOT"
export CXX="$TARGET_STAGE1-g++ --sysroot=$STAGE2_SYSROOT"
export AR="$TARGET_STAGE1-ar"
export RANLIB="$TARGET_STAGE1-ranlib"
cd o && ../configure                                         \
          $ARCH_FLAGS                                        \
          --build=$(sh ../config.guess)                      \
  `# [1]` --host=$TARGET_STAGE1                              \
  `# [1]` --target=$TARGET_STAGE1                            \
          --prefix="$PREFIX"                                 \
  `# [2]` --libdir=$PREFIX/lib                               \
  `# [3]` --with-local-prefix=$PREFIX                        \
  `# [4]` --with-build-sysroot="$STAGE2_SYSROOT"             \
          --disable-bootstrap                                \
          --disable-nls                                      \
          --disable-multilib                                 \
          --disable-libgomp                                  \
          --disable-libstdcxx-pch                            \
          --enable-languages=c,c++
 
2 15-08-20 14:16:42 [8/662/662] [stage2-gcc] Running build-commands
2 15-08-20 14:16:42 [8/662/662] [stage2-gcc] Running command:
case "$MORPH_ARCH" in
    armv5*)   sed -i "s/--host=none/--host=armv5/" o/Makefile
              sed -i "s/--target=none/--target=armv5/" o/Makefile ;;
    armv7*)   sed -i "s/--host=none/--host=armv7a/" o/Makefile
              sed -i "s/--target=none/--target=armv7a/" o/Makefile ;;
esac
export STAGE2_SYSROOT="$(dirname $(pwd))"
cd o && make
 
3 15-08-20 14:16:33 [8/662/662] [stage2-gawk] Elapsed time for build 00:00:14
3 15-08-20 14:16:33 [8/662/662] [stage2-gawk] Starting artifact creation 
3 15-08-20 14:16:33 [8/662/662] [stage2-gawk] splitting chunk 
3 15-08-20 14:16:34 [8/662/662] [stage2-gawk] Now cached 1427447 bytes as stage2-gawk.2ab3b2e9c8471856e54a666c2cca6b00809a71d78078f620b705654993390b3b
3 15-08-20 14:16:34 [8/662/662] [stage2-gawk] Elapsed time for artifact creation 00:00:01
3 15-08-20 14:16:35 [8/662/662] [stage2-gawk] Cleaned up /src/tmp/tmpugMela
3 15-08-20 14:16:35 [8/662/662] [stage2-gawk] Elapsed time for assembly 00:00:16
3 15-08-20 14:16:35 [8/662/662] [glibc] Installing stage2-gawk.2ab3b2e9c8471856e54a666c2cca6b00809a71d78078f620b705654993390b3b 
3 15-08-20 14:16:35 [8/662/662] [stage2-gawk] loaded metadata for strata/build-essential/stage2-gawk.morph
3 15-08-20 14:16:35 [8/662/662] [stage2-make] loaded metadata for stage2-make
3 15-08-20 14:16:35 [8/662/662] [glibc] Installing stage2-make.aa763a78bbd47c27a2fab8ceee20f4f907ab5a9252518b3fa0cb4b5b81e14a46 
3 15-08-20 14:16:35 [8/662/662] [stage2-make] loaded metadata for strata/build-essential/stage2-make.morph
3 15-08-20 14:16:35 [8/662/662] [stage2-busybox] loaded metadata for stage2-busybox
3 15-08-20 14:16:35 [8/662/662] [glibc] Installing stage2-busybox.a723c45e102066a6ff4ff6964ff7f7f72c497488823f807f580f17aceeabb7b7 
3 15-08-20 14:16:35 [8/662/662] [stage2-busybox] loaded metadata for strata/build-essential/stage2-busybox.morph
3 15-08-20 14:16:35 [8/662/662] [stage2-gcc] Starting assembly 
3 15-08-20 14:16:35 [8/662/662] [stage1-binutils] loaded metadata for stage1-binutils
3 15-08-20 14:16:35 [8/662/662] [stage2-gcc] Installing stage1-binutils.dac85c48b260aa710b7910ab871bf5b5cce1e27910bf090b4b60bf2dc35fbbbb 
3 15-08-20 14:16:35 [8/662/662] [stage1-gcc] loaded metadata for stage1-gcc
3 15-08-20 14:16:35 [8/662/662] [stage2-gcc] Installing stage1-gcc.53687a18c4d5992c2ada2b6e3c95b1f07712315c32de33b36e94691ddaf40a1f 
3 15-08-20 14:16:35 [8/662/662] [stage2-linux-api-headers] loaded metadata for stage2-linux-api-headers
3 15-08-20 14:16:35 [8/662/662] [stage2-gcc] Installing stage2-linux-api-headers.dc284802a859862bdecea33c6aea2483185729cca5134cf230d926d12c27ed6e 
3 15-08-20 14:16:35 [8/662/662] [stage2-libstdc++] loaded metadata for stage2-libstdc++
3 15-08-20 14:16:35 [8/662/662] [stage2-gcc] Installing stage2-libstdc++.65583b8c05dc4caef8a29b523101f92e34ccb46812997a4daf55a49a3e5ce6eb 
3 15-08-20 14:16:35 [8/662/662] [stage2-libstdc++] loaded metadata for strata/build-essential/stage2-libstdc++.morph
3 15-08-20 14:16:35 [8/662/662] [stage2-glibc] loaded metadata for stage2-glibc
3 15-08-20 14:16:35 [8/662/662] [stage2-gcc-fixed-headers] loaded metadata for stage2-gcc-fixed-headers
3 15-08-20 14:16:35 [8/662/662] [stage2-gcc] Installing stage2-gcc-fixed-headers.fd6946769145588533e14bed18ca1e2c34563abc6dd97efc8b447d386c905d49 
3 15-08-20 14:16:35 [8/662/662] [stage2-gcc-fixed-headers] loaded metadata for strata/build-essential/stage2-gcc-fixed-headers.morph
3 15-08-20 14:16:35 [9/662/662] [stage2-gcc] Starting build 
3 15-08-20 14:16:57 [9/662/662] [stage2-gcc] Git checkout upstream:gcc-tarball in /src/tmp/tmpP0KMTm/stage2-gcc.build 
3 15-08-20 14:16:58 [9/662/662] [stage2-gcc] Upstream version b3c9b176 (No tag found) 
3 15-08-20 14:17:01 [9/662/662] [stage2-gcc] Defined build system is manual
3 15-08-20 14:17:01 [9/662/662] [stage2-gcc] Logging build commands to /src/artifacts/stage2-gcc.f4ad49035ffcc979d01b2906ad2e9aa711da0964b5ce424de0234671aede0522.build-log.3 
3 15-08-20 14:17:01 [9/662/662] [stage2-gcc] Running configure-commands
3 15-08-20 14:17:01 [9/662/662] [stage2-gcc] Running command:
mkdir o 
3 15-08-20 14:17:01 [9/662/662] [stage2-gcc] Running command:
case "$MORPH_ARCH" in
    armv7lhf) ARCH_FLAGS="--with-arch=armv7-a \
                          --with-cpu=cortex-a9 \
                          --with-tune=cortex-a9 \
                          --with-fpu=vfpv3-d16 \
                          --with-float=hard" ;;
    armv7*)   ARCH_FLAGS="--with-arch=armv7-a" ;;
esac
export STAGE2_SYSROOT="$(dirname $(pwd))"
export CC="$TARGET_STAGE1-gcc --sysroot=$STAGE2_SYSROOT"
export CXX="$TARGET_STAGE1-g++ --sysroot=$STAGE2_SYSROOT"
export AR="$TARGET_STAGE1-ar"
export RANLIB="$TARGET_STAGE1-ranlib"
cd o && ../configure                                         \
          $ARCH_FLAGS                                        \
          --build=$(sh ../config.guess)                      \
  `# [1]` --host=$TARGET_STAGE1                              \
  `# [1]` --target=$TARGET_STAGE1                            \
          --prefix="$PREFIX"                                 \
  `# [2]` --libdir=$PREFIX/lib                               \
  `# [3]` --with-local-prefix=$PREFIX                        \
  `# [4]` --with-build-sysroot="$STAGE2_SYSROOT"             \
          --disable-bootstrap                                \
          --disable-nls                                      \
          --disable-multilib                                 \
          --disable-libgomp                                  \
          --disable-libstdcxx-pch                            \
          --enable-languages=c,c++
 
4 15-08-20 14:16:34 [6/662/662] [stage2-busybox] Elapsed time for build 00:00:17
4 15-08-20 14:16:34 [6/662/662] [stage2-busybox] Starting artifact creation 
4 15-08-20 14:16:34 [6/662/662] [stage2-busybox] splitting chunk 
4 15-08-20 14:16:34 [6/662/662] [stage2-busybox] Now cached 480463 bytes as stage2-busybox.a723c45e102066a6ff4ff6964ff7f7f72c497488823f807f580f17aceeabb7b7
4 15-08-20 14:16:34 [6/662/662] [stage2-busybox] Elapsed time for artifact creation 00:00:00
4 15-08-20 14:16:35 [6/662/662] [stage2-busybox] Cleaned up /src/tmp/tmp4Lt3wD
4 15-08-20 14:16:35 [6/662/662] [stage2-busybox] Elapsed time for assembly 00:00:18
4 15-08-20 14:16:35 [6/662/662] [ccache] Installing stage2-busybox.a723c45e102066a6ff4ff6964ff7f7f72c497488823f807f580f17aceeabb7b7 
4 15-08-20 14:16:35 [6/662/662] [stage2-busybox] loaded metadata for strata/build-essential/stage2-busybox.morph
4 15-08-20 14:16:35 [6/662/662] [stage2-fhs-dirs] loaded metadata for stage2-fhs-dirs
4 15-08-20 14:16:35 [6/662/662] [ccache] Installing stage2-fhs-dirs.720694aabff97560c1a93e2697f22f563250493e1691290819c5c92fe2944cab 
4 15-08-20 14:16:35 [6/662/662] [stage2-fhs-dirs] loaded metadata for strata/build-essential/stage2-fhs-dirs.morph
4 15-08-20 14:16:35 [6/662/662] [stage2-reset-specs] loaded metadata for stage2-reset-specs
4 15-08-20 14:16:35 [6/662/662] [ccache] Installing stage2-reset-specs.f37a9c787711c982424343453023f38cb71e25bead9aa2a753cdb5814582f82d 
4 15-08-20 14:16:35 [6/662/662] [stage2-reset-specs] loaded metadata for strata/build-essential/stage2-reset-specs.morph
4 15-08-20 14:16:35 [6/662/662] [glibc] Starting assembly 
4 15-08-20 14:16:35 [6/662/662] [stage2-binutils] loaded metadata for stage2-binutils
4 15-08-20 14:16:35 [6/662/662] [glibc] Installing stage2-binutils.3175f086ad037c0283315c5b332c8bbd8850eda1ead9acd02859dd5c1fe85fad 
4 15-08-20 14:16:35 [6/662/662] [stage2-linux-api-headers] loaded metadata for stage2-linux-api-headers
4 15-08-20 14:16:35 [6/662/662] [stage2-fake-bash] loaded metadata for stage2-fake-bash
4 15-08-20 14:16:35 [6/662/662] [glibc] Installing stage2-fake-bash.52d635bc2a14edd105e2c787579f57de00c10c80be8b171d9e19b75d9288b2a0 
4 15-08-20 14:16:35 [6/662/662] [stage2-fake-bash] loaded metadata for strata/build-essential/stage2-fake-bash.morph
4 15-08-20 14:16:35 [6/662/662] [linux-api-headers] Starting assembly 
4 15-08-20 14:16:35 [6/662/662] [stage2-gcc] Starting assembly 
4 15-08-20 14:16:35 [6/662/662] [stage1-gcc] loaded metadata for stage1-gcc
4 15-08-20 14:16:35 [6/662/662] [stage2-gcc] Installing stage1-gcc.53687a18c4d5992c2ada2b6e3c95b1f07712315c32de33b36e94691ddaf40a1f 
4 15-08-20 14:16:35 [6/662/662] [stage2-libstdc++] loaded metadata for stage2-libstdc++
4 15-08-20 14:16:35 [6/662/662] [stage2-gcc] Installing stage2-libstdc++.65583b8c05dc4caef8a29b523101f92e34ccb46812997a4daf55a49a3e5ce6eb 
4 15-08-20 14:16:35 [6/662/662] [stage2-libstdc++] loaded metadata for strata/build-essential/stage2-libstdc++.morph
4 15-08-20 14:16:35 [6/662/662] [stage2-gcc-fixed-headers] loaded metadata for stage2-gcc-fixed-headers
4 15-08-20 14:16:35 [6/662/662] [stage2-gcc] Installing stage2-gcc-fixed-headers.fd6946769145588533e14bed18ca1e2c34563abc6dd97efc8b447d386c905d49 
4 15-08-20 14:16:35 [6/662/662] [stage2-gcc-fixed-headers] loaded metadata for strata/build-essential/stage2-gcc-fixed-headers.morph
4 15-08-20 14:16:35 [6/662/662] [stage1-binutils] loaded metadata for stage1-binutils
4 15-08-20 14:16:35 [6/662/662] [stage2-glibc] loaded metadata for stage2-glibc
4 15-08-20 14:16:36 [6/662/662] [stage2-linux-api-headers] loaded metadata for stage2-linux-api-headers
4 15-08-20 14:16:36 [7/662/662] [stage2-gcc] Starting build 
4 15-08-20 14:16:57 [7/662/662] [stage2-gcc] Git checkout upstream:gcc-tarball in /src/tmp/tmp1BkaMw/stage2-gcc.build 
4 15-08-20 14:16:58 [7/662/662] [stage2-gcc] Upstream version b3c9b176 (No tag found) 
4 15-08-20 14:17:01 [7/662/662] [stage2-gcc] Defined build system is manual
4 15-08-20 14:17:01 [7/662/662] [stage2-gcc] Logging build commands to /src/artifacts/stage2-gcc.f4ad49035ffcc979d01b2906ad2e9aa711da0964b5ce424de0234671aede0522.build-log.4 
4 15-08-20 14:17:01 [7/662/662] [stage2-gcc] Running configure-commands
4 15-08-20 14:17:01 [7/662/662] [stage2-gcc] Running command:
mkdir o 
4 15-08-20 14:17:01 [7/662/662] [stage2-gcc] Running command:
case "$MORPH_ARCH" in
    armv7lhf) ARCH_FLAGS="--with-arch=armv7-a \
                          --with-cpu=cortex-a9 \
                          --with-tune=cortex-a9 \
                          --with-fpu=vfpv3-d16 \
                          --with-float=hard" ;;
    armv7*)   ARCH_FLAGS="--with-arch=armv7-a" ;;
esac
export STAGE2_SYSROOT="$(dirname $(pwd))"
export CC="$TARGET_STAGE1-gcc --sysroot=$STAGE2_SYSROOT"
export CXX="$TARGET_STAGE1-g++ --sysroot=$STAGE2_SYSROOT"
export AR="$TARGET_STAGE1-ar"
export RANLIB="$TARGET_STAGE1-ranlib"
cd o && ../configure                                         \
          $ARCH_FLAGS                                        \
          --build=$(sh ../config.guess)                      \
  `# [1]` --host=$TARGET_STAGE1                              \
  `# [1]` --target=$TARGET_STAGE1                            \
          --prefix="$PREFIX"                                 \
  `# [2]` --libdir=$PREFIX/lib                               \
  `# [3]` --with-local-prefix=$PREFIX                        \
  `# [4]` --with-build-sysroot="$STAGE2_SYSROOT"             \
          --disable-bootstrap                                \
          --disable-nls                                      \
          --disable-multilib                                 \
          --disable-libgomp                                  \
          --disable-libstdcxx-pch                            \
          --enable-languages=c,c++
 
3 15-08-20 14:17:03 [9/662/662] [stage2-gcc] Running build-commands
3 15-08-20 14:17:03 [9/662/662] [stage2-gcc] Running command:
case "$MORPH_ARCH" in
    armv5*)   sed -i "s/--host=none/--host=armv5/" o/Makefile
              sed -i "s/--target=none/--target=armv5/" o/Makefile ;;
    armv7*)   sed -i "s/--host=none/--host=armv7a/" o/Makefile
              sed -i "s/--target=none/--target=armv7a/" o/Makefile ;;
esac
export STAGE2_SYSROOT="$(dirname $(pwd))"
cd o && make
 
4 15-08-20 14:17:03 [7/662/662] [stage2-gcc] Running build-commands
4 15-08-20 14:17:03 [7/662/662] [stage2-gcc] Running command:
case "$MORPH_ARCH" in
    armv5*)   sed -i "s/--host=none/--host=armv5/" o/Makefile
              sed -i "s/--target=none/--target=armv5/" o/Makefile ;;
    armv7*)   sed -i "s/--host=none/--host=armv7a/" o/Makefile
              sed -i "s/--target=none/--target=armv7a/" o/Makefile ;;
esac
export STAGE2_SYSROOT="$(dirname $(pwd))"
cd o && make
 
0 15-08-20 14:20:36 [7/662/662] [stage2-gcc] Running install-commands
0 15-08-20 14:20:36 [7/662/662] [stage2-gcc] Running command:
cd o && make DESTDIR="$DESTDIR" install 
0 15-08-20 14:20:42 [7/662/662] [stage2-gcc] Running command:
if [ "$(echo $TARGET | cut -c -6)" = "x86_64" ]; then
  libdir=lib64
else
  libdir=lib
fi

install -d "$DESTDIR/lib"
ln -s "$PREFIX/$libdir/libgcc_s.so" "$DESTDIR/lib/"
ln -s "$PREFIX/$libdir/libgcc_s.so.1" "$DESTDIR/lib/"
 
2 15-08-20 14:20:55 [8/662/662] [stage2-gcc] Running install-commands
2 15-08-20 14:20:55 [8/662/662] [stage2-gcc] Running command:
cd o && make DESTDIR="$DESTDIR" install 
2 15-08-20 14:21:00 [8/662/662] [stage2-gcc] Running command:
if [ "$(echo $TARGET | cut -c -6)" = "x86_64" ]; then
  libdir=lib64
else
  libdir=lib
fi

install -d "$DESTDIR/lib"
ln -s "$PREFIX/$libdir/libgcc_s.so" "$DESTDIR/lib/"
ln -s "$PREFIX/$libdir/libgcc_s.so.1" "$DESTDIR/lib/"
 
4 15-08-20 14:21:07 [7/662/662] [stage2-gcc] Running install-commands
4 15-08-20 14:21:07 [7/662/662] [stage2-gcc] Running command:
cd o && make DESTDIR="$DESTDIR" install 
3 15-08-20 14:21:08 [9/662/662] [stage2-gcc] Running install-commands
3 15-08-20 14:21:08 [9/662/662] [stage2-gcc] Running command:
cd o && make DESTDIR="$DESTDIR" install 
4 15-08-20 14:21:14 [7/662/662] [stage2-gcc] Running command:
if [ "$(echo $TARGET | cut -c -6)" = "x86_64" ]; then
  libdir=lib64
else
  libdir=lib
fi

install -d "$DESTDIR/lib"
ln -s "$PREFIX/$libdir/libgcc_s.so" "$DESTDIR/lib/"
ln -s "$PREFIX/$libdir/libgcc_s.so.1" "$DESTDIR/lib/"
 
3 15-08-20 14:21:14 [9/662/662] [stage2-gcc] Running command:
if [ "$(echo $TARGET | cut -c -6)" = "x86_64" ]; then
  libdir=lib64
else
  libdir=lib
fi

install -d "$DESTDIR/lib"
ln -s "$PREFIX/$libdir/libgcc_s.so" "$DESTDIR/lib/"
ln -s "$PREFIX/$libdir/libgcc_s.so.1" "$DESTDIR/lib/"
 
0 15-08-20 14:20:42 [7/662/662] [stage2-gcc] Elapsed time for build 00:04:35
0 15-08-20 14:20:42 [7/662/662] [stage2-gcc] Starting artifact creation 
0 15-08-20 14:20:42 [7/662/662] [stage2-gcc] splitting chunk 
0 15-08-20 14:22:35 [7/662/662] [stage2-gcc] Now cached 133583758 bytes as stage2-gcc.f4ad49035ffcc979d01b2906ad2e9aa711da0964b5ce424de0234671aede0522
0 15-08-20 14:22:35 [7/662/662] [stage2-gcc] Elapsed time for artifact creation 00:01:53
0 15-08-20 14:22:37 [7/662/662] [stage2-gcc] Cleaned up /src/tmp/tmpl8hK8U
0 15-08-20 14:22:37 [7/662/662] [stage2-gcc] Elapsed time for assembly 00:16:31
0 15-08-20 14:22:37 [7/662/662] [make] Installing stage2-gcc.f4ad49035ffcc979d01b2906ad2e9aa711da0964b5ce424de0234671aede0522 
0 15-08-20 14:22:37 [7/662/662] [stage2-gcc] loaded metadata for strata/build-essential/stage2-gcc.morph
0 15-08-20 14:22:41 [7/662/662] [stage2-linux-api-headers] loaded metadata for stage2-linux-api-headers
0 15-08-20 14:22:41 [7/662/662] [stage2-busybox] loaded metadata for stage2-busybox
0 15-08-20 14:22:41 [7/662/662] [make] Installing stage2-busybox.a723c45e102066a6ff4ff6964ff7f7f72c497488823f807f580f17aceeabb7b7 
0 15-08-20 14:22:41 [7/662/662] [stage2-busybox] loaded metadata for strata/build-essential/stage2-busybox.morph
0 15-08-20 14:22:41 [7/662/662] [stage2-fhs-dirs] loaded metadata for stage2-fhs-dirs
0 15-08-20 14:22:41 [7/662/662] [make] Installing stage2-fhs-dirs.720694aabff97560c1a93e2697f22f563250493e1691290819c5c92fe2944cab 
0 15-08-20 14:22:41 [7/662/662] [stage2-fhs-dirs] loaded metadata for strata/build-essential/stage2-fhs-dirs.morph
0 15-08-20 14:22:41 [7/662/662] [stage2-binutils] loaded metadata for stage2-binutils
0 15-08-20 14:22:41 [7/662/662] [make] Installing stage2-binutils.3175f086ad037c0283315c5b332c8bbd8850eda1ead9acd02859dd5c1fe85fad 
0 15-08-20 14:22:41 [7/662/662] [stage2-binutils] loaded metadata for strata/build-essential/stage2-binutils.morph
0 15-08-20 14:22:41 [7/662/662] [glibc] Starting assembly 
0 15-08-20 14:22:41 [7/662/662] [stage2-glibc] loaded metadata for stage2-glibc
0 15-08-20 14:22:41 [7/662/662] [glibc] Installing stage2-glibc.d9a5b38ff5115592af4ad878a5eda98915582e3e16c9d11b5176e123058bcf67 
0 15-08-20 14:22:41 [7/662/662] [stage2-make] loaded metadata for stage2-make
0 15-08-20 14:22:41 [7/662/662] [glibc] Installing stage2-make.aa763a78bbd47c27a2fab8ceee20f4f907ab5a9252518b3fa0cb4b5b81e14a46 
0 15-08-20 14:22:41 [7/662/662] [stage2-make] loaded metadata for strata/build-essential/stage2-make.morph
0 15-08-20 14:22:41 [7/662/662] [stage2-binutils] loaded metadata for stage2-binutils
0 15-08-20 14:22:41 [7/662/662] [glibc] Installing stage2-binutils.3175f086ad037c0283315c5b332c8bbd8850eda1ead9acd02859dd5c1fe85fad 
0 15-08-20 14:22:41 [7/662/662] [stage2-fhs-dirs] loaded metadata for stage2-fhs-dirs
0 15-08-20 14:22:41 [7/662/662] [glibc] Installing stage2-fhs-dirs.720694aabff97560c1a93e2697f22f563250493e1691290819c5c92fe2944cab 
0 15-08-20 14:22:41 [7/662/662] [stage2-fake-bash] loaded metadata for stage2-fake-bash
0 15-08-20 14:22:41 [7/662/662] [glibc] Installing stage2-fake-bash.52d635bc2a14edd105e2c787579f57de00c10c80be8b171d9e19b75d9288b2a0 
0 15-08-20 14:22:41 [7/662/662] [stage2-fake-bash] loaded metadata for strata/build-essential/stage2-fake-bash.morph
0 15-08-20 14:22:41 [7/662/662] [stage2-reset-specs] loaded metadata for stage2-reset-specs
0 15-08-20 14:22:41 [7/662/662] [glibc] Installing stage2-reset-specs.f37a9c787711c982424343453023f38cb71e25bead9aa2a753cdb5814582f82d 
0 15-08-20 14:22:41 [7/662/662] [stage2-reset-specs] loaded metadata for strata/build-essential/stage2-reset-specs.morph
0 15-08-20 14:22:41 [7/662/662] [linux-api-headers] Starting assembly 
0 15-08-20 14:22:41 [7/662/662] [stage2-fhs-dirs] loaded metadata for stage2-fhs-dirs
0 15-08-20 14:22:41 [7/662/662] [linux-api-headers] Installing stage2-fhs-dirs.720694aabff97560c1a93e2697f22f563250493e1691290819c5c92fe2944cab 
0 15-08-20 14:22:41 [7/662/662] [stage2-gawk] loaded metadata for stage2-gawk
0 15-08-20 14:22:41 [7/662/662] [linux-api-headers] Installing stage2-gawk.2ab3b2e9c8471856e54a666c2cca6b00809a71d78078f620b705654993390b3b 
0 15-08-20 14:22:41 [7/662/662] [stage2-gawk] loaded metadata for strata/build-essential/stage2-gawk.morph
0 15-08-20 14:22:41 [7/662/662] [stage2-make] loaded metadata for stage2-make
0 15-08-20 14:22:41 [7/662/662] [linux-api-headers] Installing stage2-make.aa763a78bbd47c27a2fab8ceee20f4f907ab5a9252518b3fa0cb4b5b81e14a46 
0 15-08-20 14:22:41 [7/662/662] [stage2-gcc] loaded metadata for stage2-gcc
0 15-08-20 14:22:41 [7/662/662] [linux-api-headers] Installing stage2-gcc.f4ad49035ffcc979d01b2906ad2e9aa711da0964b5ce424de0234671aede0522 
0 15-08-20 14:22:41 [7/662/662] [stage2-binutils] loaded metadata for stage2-binutils
0 15-08-20 14:22:41 [7/662/662] [linux-api-headers] Installing stage2-binutils.3175f086ad037c0283315c5b332c8bbd8850eda1ead9acd02859dd5c1fe85fad 
0 15-08-20 14:22:42 [7/662/662] [stage2-linux-api-headers] loaded metadata for stage2-linux-api-headers
0 15-08-20 14:22:42 [7/662/662] [stage2-reset-specs] loaded metadata for stage2-reset-specs
0 15-08-20 14:22:42 [7/662/662] [linux-api-headers] Installing stage2-reset-specs.f37a9c787711c982424343453023f38cb71e25bead9aa2a753cdb5814582f82d 
0 15-08-20 14:22:42 [7/662/662] [stage2-busybox] loaded metadata for stage2-busybox
0 15-08-20 14:22:42 [7/662/662] [linux-api-headers] Installing stage2-busybox.a723c45e102066a6ff4ff6964ff7f7f72c497488823f807f580f17aceeabb7b7 
0 15-08-20 14:22:42 [7/662/662] [stage2-glibc] loaded metadata for stage2-glibc
0 15-08-20 14:22:42 [8/662/662] [linux-api-headers] Starting build 
0 15-08-20 14:22:51 [8/662/662] [linux-api-headers] Git checkout upstream:linux in /src/tmp/tmpyNdOwj/linux-api-headers.build 
0 15-08-20 14:22:51 [8/662/662] [linux-api-headers] Upstream version 39a88044 v4.0 (v4.0 + 0 commits) 
0 15-08-20 14:22:51 [8/662/662] [linux-api-headers] Defined build system is manual
0 15-08-20 14:22:51 [8/662/662] [linux-api-headers] Logging build commands to /src/artifacts/linux-api-headers.237a2ba2311e24708b67b1c90cc89838284fc01385cf4a084bfad8e2c65499a5.build-log.0 
0 15-08-20 14:22:51 [8/662/662] [linux-api-headers] Running install-commands
0 15-08-20 14:22:51 [8/662/662] [linux-api-headers] Running command:
case "$MORPH_ARCH" in
    armv5l)
        ARCH="arm" ;;
    armv7b|armv7l|armv7lhf)
        ARCH="arm" ;;
    armv8l64|armv8b64)
        ARCH="arm64" ;;
    x86_32)
        ARCH="i386" ;;
    x86_64)
        ARCH="x86_64" ;;
    ppc64)
        ARCH="powerpc" ;;
    *)
        echo "Error: unsupported Morph architecture: $MORPH_ARCH" >&2
        exit 1
esac
ARCH=$ARCH make INSTALL_HDR_PATH=dest headers_install
 
0 15-08-20 14:22:56 [8/662/662] [linux-api-headers] Running command:
install -d "$DESTDIR${PREFIX-/usr}/include" 
0 15-08-20 14:22:56 [8/662/662] [linux-api-headers] Running command:
cp -r dest/include/* "$DESTDIR/${PREFIX-/usr}/include" 
0 15-08-20 14:22:56 [8/662/662] [linux-api-headers] Elapsed time for build 00:00:14
0 15-08-20 14:22:56 [8/662/662] [linux-api-headers] Starting artifact creation 
0 15-08-20 14:22:56 [8/662/662] [linux-api-headers] splitting chunk 
0 15-08-20 14:22:57 [8/662/662] [linux-api-headers] Now cached 993464 bytes as linux-api-headers.237a2ba2311e24708b67b1c90cc89838284fc01385cf4a084bfad8e2c65499a5
0 15-08-20 14:22:57 [8/662/662] [linux-api-headers] Elapsed time for artifact creation 00:00:00
0 15-08-20 14:22:58 [8/662/662] [linux-api-headers] Cleaned up /src/tmp/tmpyNdOwj
0 15-08-20 14:22:58 [8/662/662] [linux-api-headers] Elapsed time for assembly 00:00:16
0 15-08-20 14:22:58 [8/662/662] [glibc] Installing linux-api-headers.237a2ba2311e24708b67b1c90cc89838284fc01385cf4a084bfad8e2c65499a5 
0 15-08-20 14:22:58 [8/662/662] [linux-api-headers] loaded metadata for strata/build-essential/linux-api-headers.morph
0 15-08-20 14:22:58 [8/662/662] [stage2-gcc] loaded metadata for stage2-gcc
0 15-08-20 14:22:58 [8/662/662] [glibc] Installing stage2-gcc.f4ad49035ffcc979d01b2906ad2e9aa711da0964b5ce424de0234671aede0522 
0 15-08-20 14:22:58 [8/662/662] [stage2-gawk] loaded metadata for stage2-gawk
0 15-08-20 14:22:58 [8/662/662] [glibc] Installing stage2-gawk.2ab3b2e9c8471856e54a666c2cca6b00809a71d78078f620b705654993390b3b 
0 15-08-20 14:22:58 [8/662/662] [stage2-busybox] loaded metadata for stage2-busybox
0 15-08-20 14:22:58 [8/662/662] [glibc] Installing stage2-busybox.a723c45e102066a6ff4ff6964ff7f7f72c497488823f807f580f17aceeabb7b7 
0 15-08-20 14:22:58 [8/662/662] [stage2-linux-api-headers] loaded metadata for stage2-linux-api-headers
0 15-08-20 14:22:58 [9/662/662] [glibc] Starting build 
0 15-08-20 14:23:01 [9/662/662] [glibc] Git checkout upstream:glibc in /src/tmp/tmpl9hfOb/glibc.build 
0 15-08-20 14:23:01 [9/662/662] [glibc] Upstream version 4e42b5b8 glibc-2.21 (glibc-2.21 + 0 commits) 
0 15-08-20 14:23:01 [9/662/662] [glibc] Defined build system is manual
0 15-08-20 14:23:01 [9/662/662] [glibc] Logging build commands to /src/artifacts/glibc.bb8864cb4601f4c634b7a516fe0fa3b2095dcab4a64948f084a3384ff96aaa79.build-log.0 
0 15-08-20 14:23:01 [9/662/662] [glibc] Running configure-commands
0 15-08-20 14:23:01 [9/662/662] [glibc] Running command:
mkdir o 
0 15-08-20 14:23:01 [9/662/662] [glibc] Running command:
case "$MORPH_ARCH" in
    armv7*)
        ARCH_FLAGS="--without-fp" ;;
esac

# We override the PATH here to remove /tools/bin from it.
# Thanks to this glibc finds bash in /bin/bash through the /bin
# symlink. This is important because glibc changes the path to bash
# of the shebang in some scripts and these scripts will be broken if
# they point to bash in /tools/bin/bash.
export PATH="/usr/bin:/sbin:/bin";
export CFLAGS="-O2 $CFLAGS";
cd o && ../configure \
  $ARCH_FLAGS \
  --prefix="$PREFIX" \
  --disable-profile \
  --enable-kernel=3.0.0 \
  --without-cvs \
  --without-selinux \
  --enable-obsolete-rpc
 
0 15-08-20 14:23:03 [9/662/662] [glibc] Running build-commands
0 15-08-20 14:23:03 [9/662/662] [glibc] Running command:
cd o && make localtime=UTC 
2 15-08-20 14:21:00 [8/662/662] [stage2-gcc] Elapsed time for build 00:04:33
2 15-08-20 14:21:00 [8/662/662] [stage2-gcc] Starting artifact creation 
2 15-08-20 14:21:00 [8/662/662] [stage2-gcc] splitting chunk 
2 15-08-20 14:22:54 [8/662/662] [stage2-gcc] Bah! I raced and rebuilt stage2-gcc.f4ad49035ffcc979d01b2906ad2e9aa711da0964b5ce424de0234671aede0522
2 15-08-20 14:22:54 [8/662/662] [stage2-gcc] Elapsed time for artifact creation 00:01:53
2 15-08-20 14:22:56 [8/662/662] [stage2-gcc] Cleaned up /src/tmp/tmprmkIHr
2 15-08-20 14:22:56 [8/662/662] [stage2-gcc] Elapsed time for assembly 00:06:30
2 15-08-20 14:22:56 [8/662/662] [glibc] Installing stage2-gcc.f4ad49035ffcc979d01b2906ad2e9aa711da0964b5ce424de0234671aede0522 
2 15-08-20 14:22:57 [8/662/662] [stage2-gcc] loaded metadata for strata/build-essential/stage2-gcc.morph
2 15-08-20 14:22:57 [8/662/662] [stage2-linux-api-headers] loaded metadata for stage2-linux-api-headers
2 15-08-20 14:22:57 [8/662/662] [stage2-fhs-dirs] loaded metadata for stage2-fhs-dirs
2 15-08-20 14:22:57 [8/662/662] [glibc] Installing stage2-fhs-dirs.720694aabff97560c1a93e2697f22f563250493e1691290819c5c92fe2944cab 
2 15-08-20 14:22:57 [8/662/662] [stage2-fhs-dirs] loaded metadata for strata/build-essential/stage2-fhs-dirs.morph
2 15-08-20 14:22:57 [8/662/662] [linux-api-headers] Starting assembly 
2 15-08-20 14:22:57 [8/662/662] [stage2-glibc] loaded metadata for stage2-glibc
2 15-08-20 14:22:57 [8/662/662] [linux-api-headers] Installing stage2-glibc.d9a5b38ff5115592af4ad878a5eda98915582e3e16c9d11b5176e123058bcf67 
2 15-08-20 14:22:57 [8/662/662] [stage2-reset-specs] loaded metadata for stage2-reset-specs
2 15-08-20 14:22:57 [8/662/662] [linux-api-headers] Installing stage2-reset-specs.f37a9c787711c982424343453023f38cb71e25bead9aa2a753cdb5814582f82d 
2 15-08-20 14:22:57 [8/662/662] [stage2-linux-api-headers] loaded metadata for stage2-linux-api-headers
2 15-08-20 14:22:57 [8/662/662] [stage2-fhs-dirs] loaded metadata for stage2-fhs-dirs
2 15-08-20 14:22:57 [8/662/662] [linux-api-headers] Installing stage2-fhs-dirs.720694aabff97560c1a93e2697f22f563250493e1691290819c5c92fe2944cab 
2 15-08-20 14:22:57 [8/662/662] [stage2-gcc] loaded metadata for stage2-gcc
2 15-08-20 14:22:57 [8/662/662] [linux-api-headers] Installing stage2-gcc.f4ad49035ffcc979d01b2906ad2e9aa711da0964b5ce424de0234671aede0522 
2 15-08-20 14:22:57 [8/662/662] [stage2-gawk] loaded metadata for stage2-gawk
2 15-08-20 14:22:57 [8/662/662] [linux-api-headers] Installing stage2-gawk.2ab3b2e9c8471856e54a666c2cca6b00809a71d78078f620b705654993390b3b 
2 15-08-20 14:22:57 [8/662/662] [stage2-gawk] loaded metadata for strata/build-essential/stage2-gawk.morph
2 15-08-20 14:22:57 [8/662/662] [stage2-make] loaded metadata for stage2-make
2 15-08-20 14:22:57 [8/662/662] [linux-api-headers] Installing stage2-make.aa763a78bbd47c27a2fab8ceee20f4f907ab5a9252518b3fa0cb4b5b81e14a46 
2 15-08-20 14:22:57 [8/662/662] [stage2-binutils] loaded metadata for stage2-binutils
2 15-08-20 14:22:57 [8/662/662] [linux-api-headers] Installing stage2-binutils.3175f086ad037c0283315c5b332c8bbd8850eda1ead9acd02859dd5c1fe85fad 
2 15-08-20 14:22:57 [8/662/662] [stage2-busybox] loaded metadata for stage2-busybox
2 15-08-20 14:22:57 [8/662/662] [linux-api-headers] Installing stage2-busybox.a723c45e102066a6ff4ff6964ff7f7f72c497488823f807f580f17aceeabb7b7 
2 15-08-20 14:22:57 [8/662/662] [stage2-busybox] loaded metadata for strata/build-essential/stage2-busybox.morph
2 15-08-20 14:22:57 [9/662/662] [linux-api-headers] Starting build 
2 15-08-20 14:23:07 [9/662/662] [linux-api-headers] Git checkout upstream:linux in /src/tmp/tmpx8jXuq/linux-api-headers.build 
2 15-08-20 14:23:07 [9/662/662] [linux-api-headers] Upstream version 39a88044 v4.0 (v4.0 + 0 commits) 
2 15-08-20 14:23:08 [9/662/662] [linux-api-headers] Defined build system is manual
2 15-08-20 14:23:08 [9/662/662] [linux-api-headers] Logging build commands to /src/artifacts/linux-api-headers.237a2ba2311e24708b67b1c90cc89838284fc01385cf4a084bfad8e2c65499a5.build-log.2 
2 15-08-20 14:23:08 [9/662/662] [linux-api-headers] Running install-commands
2 15-08-20 14:23:08 [9/662/662] [linux-api-headers] Running command:
case "$MORPH_ARCH" in
    armv5l)
        ARCH="arm" ;;
    armv7b|armv7l|armv7lhf)
        ARCH="arm" ;;
    armv8l64|armv8b64)
        ARCH="arm64" ;;
    x86_32)
        ARCH="i386" ;;
    x86_64)
        ARCH="x86_64" ;;
    ppc64)
        ARCH="powerpc" ;;
    *)
        echo "Error: unsupported Morph architecture: $MORPH_ARCH" >&2
        exit 1
esac
ARCH=$ARCH make INSTALL_HDR_PATH=dest headers_install
 
2 15-08-20 14:23:16 [9/662/662] [linux-api-headers] Running command:
install -d "$DESTDIR${PREFIX-/usr}/include" 
2 15-08-20 14:23:17 [9/662/662] [linux-api-headers] Running command:
cp -r dest/include/* "$DESTDIR/${PREFIX-/usr}/include" 
3 15-08-20 14:21:14 [9/662/662] [stage2-gcc] Elapsed time for build 00:04:38
3 15-08-20 14:21:14 [9/662/662] [stage2-gcc] Starting artifact creation 
3 15-08-20 14:21:14 [9/662/662] [stage2-gcc] splitting chunk 
3 15-08-20 14:23:09 [9/662/662] [stage2-gcc] Bah! I raced and rebuilt stage2-gcc.f4ad49035ffcc979d01b2906ad2e9aa711da0964b5ce424de0234671aede0522
3 15-08-20 14:23:09 [9/662/662] [stage2-gcc] Elapsed time for artifact creation 00:01:54
3 15-08-20 14:23:14 [9/662/662] [stage2-gcc] Cleaned up /src/tmp/tmpP0KMTm
3 15-08-20 14:23:14 [9/662/662] [stage2-gcc] Elapsed time for assembly 00:06:39
3 15-08-20 14:23:14 [9/662/662] [glibc] Installing stage2-gcc.f4ad49035ffcc979d01b2906ad2e9aa711da0964b5ce424de0234671aede0522 
3 15-08-20 14:23:14 [9/662/662] [stage2-gcc] loaded metadata for strata/build-essential/stage2-gcc.morph
3 15-08-20 14:23:15 [9/662/662] [linux-api-headers] loaded metadata for linux-api-headers
3 15-08-20 14:23:15 [9/662/662] [glibc] Installing linux-api-headers.237a2ba2311e24708b67b1c90cc89838284fc01385cf4a084bfad8e2c65499a5 
3 15-08-20 14:23:15 [9/662/662] [linux-api-headers] loaded metadata for strata/build-essential/linux-api-headers.morph
3 15-08-20 14:23:15 [10/662/662] [glibc] Starting build 
3 15-08-20 14:23:17 [10/662/662] [glibc] Git checkout upstream:glibc in /src/tmp/tmpSu3lF4/glibc.build 
3 15-08-20 14:23:17 [10/662/662] [glibc] Upstream version 4e42b5b8 glibc-2.21 (glibc-2.21 + 0 commits) 
3 15-08-20 14:23:18 [10/662/662] [glibc] Defined build system is manual
3 15-08-20 14:23:18 [10/662/662] [glibc] Logging build commands to /src/artifacts/glibc.bb8864cb4601f4c634b7a516fe0fa3b2095dcab4a64948f084a3384ff96aaa79.build-log.3 
3 15-08-20 14:23:18 [10/662/662] [glibc] Running configure-commands
3 15-08-20 14:23:18 [10/662/662] [glibc] Running command:
mkdir o 
3 15-08-20 14:23:18 [10/662/662] [glibc] Running command:
case "$MORPH_ARCH" in
    armv7*)
        ARCH_FLAGS="--without-fp" ;;
esac

# We override the PATH here to remove /tools/bin from it.
# Thanks to this glibc finds bash in /bin/bash through the /bin
# symlink. This is important because glibc changes the path to bash
# of the shebang in some scripts and these scripts will be broken if
# they point to bash in /tools/bin/bash.
export PATH="/usr/bin:/sbin:/bin";
export CFLAGS="-O2 $CFLAGS";
cd o && ../configure \
  $ARCH_FLAGS \
  --prefix="$PREFIX" \
  --disable-profile \
  --enable-kernel=3.0.0 \
  --without-cvs \
  --without-selinux \
  --enable-obsolete-rpc
 
3 15-08-20 14:23:20 [10/662/662] [glibc] Running build-commands
3 15-08-20 14:23:20 [10/662/662] [glibc] Running command:
cd o && make localtime=UTC 
2 15-08-20 14:23:17 [9/662/662] [linux-api-headers] Elapsed time for build 00:00:19
2 15-08-20 14:23:17 [9/662/662] [linux-api-headers] Starting artifact creation 
2 15-08-20 14:23:17 [9/662/662] [linux-api-headers] splitting chunk 
2 15-08-20 14:23:17 [9/662/662] [linux-api-headers] Bah! I could have cached linux-api-headers.237a2ba2311e24708b67b1c90cc89838284fc01385cf4a084bfad8e2c65499a5
2 15-08-20 14:23:17 [9/662/662] [linux-api-headers] Elapsed time for artifact creation 00:00:00
2 15-08-20 14:23:18 [9/662/662] [linux-api-headers] Cleaned up /src/tmp/tmpx8jXuq
2 15-08-20 14:23:18 [9/662/662] [linux-api-headers] Elapsed time for assembly 00:00:21
2 15-08-20 14:23:18 [9/662/662] [glibc] Installing linux-api-headers.237a2ba2311e24708b67b1c90cc89838284fc01385cf4a084bfad8e2c65499a5 
2 15-08-20 14:23:18 [9/662/662] [linux-api-headers] loaded metadata for strata/build-essential/linux-api-headers.morph
2 15-08-20 14:23:18 [9/662/662] [stage2-make] loaded metadata for stage2-make
2 15-08-20 14:23:18 [9/662/662] [glibc] Installing stage2-make.aa763a78bbd47c27a2fab8ceee20f4f907ab5a9252518b3fa0cb4b5b81e14a46 
2 15-08-20 14:23:18 [9/662/662] [stage2-fake-bash] loaded metadata for stage2-fake-bash
2 15-08-20 14:23:18 [9/662/662] [glibc] Installing stage2-fake-bash.52d635bc2a14edd105e2c787579f57de00c10c80be8b171d9e19b75d9288b2a0 
2 15-08-20 14:23:18 [9/662/662] [stage2-fake-bash] loaded metadata for strata/build-essential/stage2-fake-bash.morph
2 15-08-20 14:23:18 [9/662/662] [stage2-busybox] loaded metadata for stage2-busybox
2 15-08-20 14:23:18 [9/662/662] [glibc] Installing stage2-busybox.a723c45e102066a6ff4ff6964ff7f7f72c497488823f807f580f17aceeabb7b7 
2 15-08-20 14:23:19 [9/662/662] [stage2-glibc] loaded metadata for stage2-glibc
2 15-08-20 14:23:19 [9/662/662] [stage2-gawk] loaded metadata for stage2-gawk
2 15-08-20 14:23:19 [9/662/662] [glibc] Installing stage2-gawk.2ab3b2e9c8471856e54a666c2cca6b00809a71d78078f620b705654993390b3b 
2 15-08-20 14:23:19 [10/662/662] [glibc] Starting build 
2 15-08-20 14:23:21 [10/662/662] [glibc] Git checkout upstream:glibc in /src/tmp/tmpRTuIHN/glibc.build 
2 15-08-20 14:23:22 [10/662/662] [glibc] Upstream version 4e42b5b8 glibc-2.21 (glibc-2.21 + 0 commits) 
2 15-08-20 14:23:22 [10/662/662] [glibc] Defined build system is manual
2 15-08-20 14:23:22 [10/662/662] [glibc] Logging build commands to /src/artifacts/glibc.bb8864cb4601f4c634b7a516fe0fa3b2095dcab4a64948f084a3384ff96aaa79.build-log.2 
2 15-08-20 14:23:22 [10/662/662] [glibc] Running configure-commands
2 15-08-20 14:23:22 [10/662/662] [glibc] Running command:
mkdir o 
2 15-08-20 14:23:22 [10/662/662] [glibc] Running command:
case "$MORPH_ARCH" in
    armv7*)
        ARCH_FLAGS="--without-fp" ;;
esac

# We override the PATH here to remove /tools/bin from it.
# Thanks to this glibc finds bash in /bin/bash through the /bin
# symlink. This is important because glibc changes the path to bash
# of the shebang in some scripts and these scripts will be broken if
# they point to bash in /tools/bin/bash.
export PATH="/usr/bin:/sbin:/bin";
export CFLAGS="-O2 $CFLAGS";
cd o && ../configure \
  $ARCH_FLAGS \
  --prefix="$PREFIX" \
  --disable-profile \
  --enable-kernel=3.0.0 \
  --without-cvs \
  --without-selinux \
  --enable-obsolete-rpc
 
2 15-08-20 14:23:24 [10/662/662] [glibc] Running build-commands
2 15-08-20 14:23:24 [10/662/662] [glibc] Running command:
cd o && make localtime=UTC 
4 15-08-20 14:21:14 [7/662/662] [stage2-gcc] Elapsed time for build 00:04:38
4 15-08-20 14:21:14 [7/662/662] [stage2-gcc] Starting artifact creation 
4 15-08-20 14:21:14 [7/662/662] [stage2-gcc] splitting chunk 
4 15-08-20 14:23:08 [7/662/662] [stage2-gcc] Bah! I raced and rebuilt stage2-gcc.f4ad49035ffcc979d01b2906ad2e9aa711da0964b5ce424de0234671aede0522
4 15-08-20 14:23:08 [7/662/662] [stage2-gcc] Elapsed time for artifact creation 00:01:54
4 15-08-20 14:23:14 [7/662/662] [stage2-gcc] Cleaned up /src/tmp/tmp1BkaMw
4 15-08-20 14:23:14 [7/662/662] [stage2-gcc] Elapsed time for assembly 00:06:38
4 15-08-20 14:23:14 [7/662/662] [linux-api-headers] Installing stage2-gcc.f4ad49035ffcc979d01b2906ad2e9aa711da0964b5ce424de0234671aede0522 
4 15-08-20 14:23:14 [7/662/662] [stage2-gcc] loaded metadata for strata/build-essential/stage2-gcc.morph
4 15-08-20 14:23:14 [7/662/662] [stage2-reset-specs] loaded metadata for stage2-reset-specs
4 15-08-20 14:23:14 [7/662/662] [linux-api-headers] Installing stage2-reset-specs.f37a9c787711c982424343453023f38cb71e25bead9aa2a753cdb5814582f82d 
4 15-08-20 14:23:14 [7/662/662] [stage2-glibc] loaded metadata for stage2-glibc
4 15-08-20 14:23:14 [7/662/662] [stage2-linux-api-headers] loaded metadata for stage2-linux-api-headers
4 15-08-20 14:23:14 [7/662/662] [stage2-make] loaded metadata for stage2-make
4 15-08-20 14:23:14 [7/662/662] [linux-api-headers] Installing stage2-make.aa763a78bbd47c27a2fab8ceee20f4f907ab5a9252518b3fa0cb4b5b81e14a46 
4 15-08-20 14:23:14 [7/662/662] [stage2-make] loaded metadata for strata/build-essential/stage2-make.morph
4 15-08-20 14:23:14 [7/662/662] [stage2-busybox] loaded metadata for stage2-busybox
4 15-08-20 14:23:14 [7/662/662] [linux-api-headers] Installing stage2-busybox.a723c45e102066a6ff4ff6964ff7f7f72c497488823f807f580f17aceeabb7b7 
4 15-08-20 14:23:14 [7/662/662] [stage2-binutils] loaded metadata for stage2-binutils
4 15-08-20 14:23:14 [7/662/662] [linux-api-headers] Installing stage2-binutils.3175f086ad037c0283315c5b332c8bbd8850eda1ead9acd02859dd5c1fe85fad 
4 15-08-20 14:23:14 [7/662/662] [stage2-gawk] loaded metadata for stage2-gawk
4 15-08-20 14:23:14 [7/662/662] [linux-api-headers] Installing stage2-gawk.2ab3b2e9c8471856e54a666c2cca6b00809a71d78078f620b705654993390b3b 
4 15-08-20 14:23:14 [7/662/662] [stage2-gawk] loaded metadata for strata/build-essential/stage2-gawk.morph
4 15-08-20 14:23:14 [7/662/662] [stage2-fhs-dirs] loaded metadata for stage2-fhs-dirs
4 15-08-20 14:23:14 [7/662/662] [linux-api-headers] Installing stage2-fhs-dirs.720694aabff97560c1a93e2697f22f563250493e1691290819c5c92fe2944cab 
4 15-08-20 14:23:14 [8/662/662] [linux-api-headers] Starting build 
4 15-08-20 14:23:25 [8/662/662] [linux-api-headers] Git checkout upstream:linux in /src/tmp/tmpqlja8t/linux-api-headers.build 
4 15-08-20 14:23:25 [8/662/662] [linux-api-headers] Upstream version 39a88044 v4.0 (v4.0 + 0 commits) 
4 15-08-20 14:23:26 [8/662/662] [linux-api-headers] Defined build system is manual
4 15-08-20 14:23:26 [8/662/662] [linux-api-headers] Logging build commands to /src/artifacts/linux-api-headers.237a2ba2311e24708b67b1c90cc89838284fc01385cf4a084bfad8e2c65499a5.build-log.4 
4 15-08-20 14:23:26 [8/662/662] [linux-api-headers] Running install-commands
4 15-08-20 14:23:26 [8/662/662] [linux-api-headers] Running command:
case "$MORPH_ARCH" in
    armv5l)
        ARCH="arm" ;;
    armv7b|armv7l|armv7lhf)
        ARCH="arm" ;;
    armv8l64|armv8b64)
        ARCH="arm64" ;;
    x86_32)
        ARCH="i386" ;;
    x86_64)
        ARCH="x86_64" ;;
    ppc64)
        ARCH="powerpc" ;;
    *)
        echo "Error: unsupported Morph architecture: $MORPH_ARCH" >&2
        exit 1
esac
ARCH=$ARCH make INSTALL_HDR_PATH=dest headers_install
 
4 15-08-20 14:23:31 [8/662/662] [linux-api-headers] Running command:
install -d "$DESTDIR${PREFIX-/usr}/include" 
4 15-08-20 14:23:32 [8/662/662] [linux-api-headers] Running command:
cp -r dest/include/* "$DESTDIR/${PREFIX-/usr}/include" 
4 15-08-20 14:23:32 [8/662/662] [linux-api-headers] Elapsed time for build 00:00:17
4 15-08-20 14:23:32 [8/662/662] [linux-api-headers] Starting artifact creation 
4 15-08-20 14:23:32 [8/662/662] [linux-api-headers] splitting chunk 
4 15-08-20 14:23:32 [8/662/662] [linux-api-headers] Bah! I could have cached linux-api-headers.237a2ba2311e24708b67b1c90cc89838284fc01385cf4a084bfad8e2c65499a5
4 15-08-20 14:23:32 [8/662/662] [linux-api-headers] Elapsed time for artifact creation 00:00:00
4 15-08-20 14:23:33 [8/662/662] [linux-api-headers] Cleaned up /src/tmp/tmpqlja8t
4 15-08-20 14:23:33 [8/662/662] [linux-api-headers] Elapsed time for assembly 00:06:58
4 15-08-20 14:23:33 [8/662/662] [glibc] Installing linux-api-headers.237a2ba2311e24708b67b1c90cc89838284fc01385cf4a084bfad8e2c65499a5 
4 15-08-20 14:23:34 [8/662/662] [linux-api-headers] loaded metadata for strata/build-essential/linux-api-headers.morph
4 15-08-20 14:23:34 [8/662/662] [stage2-glibc] loaded metadata for stage2-glibc
4 15-08-20 14:23:34 [8/662/662] [stage2-fhs-dirs] loaded metadata for stage2-fhs-dirs
4 15-08-20 14:23:34 [8/662/662] [glibc] Installing stage2-fhs-dirs.720694aabff97560c1a93e2697f22f563250493e1691290819c5c92fe2944cab 
4 15-08-20 14:23:34 [8/662/662] [stage2-gawk] loaded metadata for stage2-gawk
4 15-08-20 14:23:34 [8/662/662] [glibc] Installing stage2-gawk.2ab3b2e9c8471856e54a666c2cca6b00809a71d78078f620b705654993390b3b 
4 15-08-20 14:23:34 [8/662/662] [stage2-gcc] loaded metadata for stage2-gcc
4 15-08-20 14:23:34 [8/662/662] [glibc] Installing stage2-gcc.f4ad49035ffcc979d01b2906ad2e9aa711da0964b5ce424de0234671aede0522 
4 15-08-20 14:23:34 [8/662/662] [stage2-reset-specs] loaded metadata for stage2-reset-specs
4 15-08-20 14:23:34 [8/662/662] [glibc] Installing stage2-reset-specs.f37a9c787711c982424343453023f38cb71e25bead9aa2a753cdb5814582f82d 
4 15-08-20 14:23:34 [8/662/662] [stage2-busybox] loaded metadata for stage2-busybox
4 15-08-20 14:23:34 [8/662/662] [glibc] Installing stage2-busybox.a723c45e102066a6ff4ff6964ff7f7f72c497488823f807f580f17aceeabb7b7 
4 15-08-20 14:23:34 [8/662/662] [stage2-make] loaded metadata for stage2-make
4 15-08-20 14:23:34 [8/662/662] [glibc] Installing stage2-make.aa763a78bbd47c27a2fab8ceee20f4f907ab5a9252518b3fa0cb4b5b81e14a46 
4 15-08-20 14:23:34 [9/662/662] [glibc] Starting build 
4 15-08-20 14:23:37 [9/662/662] [glibc] Git checkout upstream:glibc in /src/tmp/tmpnV6cce/glibc.build 
4 15-08-20 14:23:37 [9/662/662] [glibc] Upstream version 4e42b5b8 glibc-2.21 (glibc-2.21 + 0 commits) 
4 15-08-20 14:23:38 [9/662/662] [glibc] Defined build system is manual
4 15-08-20 14:23:38 [9/662/662] [glibc] Logging build commands to /src/artifacts/glibc.bb8864cb4601f4c634b7a516fe0fa3b2095dcab4a64948f084a3384ff96aaa79.build-log.4 
4 15-08-20 14:23:38 [9/662/662] [glibc] Running configure-commands
4 15-08-20 14:23:38 [9/662/662] [glibc] Running command:
mkdir o 
4 15-08-20 14:23:38 [9/662/662] [glibc] Running command:
case "$MORPH_ARCH" in
    armv7*)
        ARCH_FLAGS="--without-fp" ;;
esac

# We override the PATH here to remove /tools/bin from it.
# Thanks to this glibc finds bash in /bin/bash through the /bin
# symlink. This is important because glibc changes the path to bash
# of the shebang in some scripts and these scripts will be broken if
# they point to bash in /tools/bin/bash.
export PATH="/usr/bin:/sbin:/bin";
export CFLAGS="-O2 $CFLAGS";
cd o && ../configure \
  $ARCH_FLAGS \
  --prefix="$PREFIX" \
  --disable-profile \
  --enable-kernel=3.0.0 \
  --without-cvs \
  --without-selinux \
  --enable-obsolete-rpc
 
4 15-08-20 14:23:40 [9/662/662] [glibc] Running build-commands
4 15-08-20 14:23:40 [9/662/662] [glibc] Running command:
cd o && make localtime=UTC 
0 15-08-20 14:24:24 [9/662/662] [glibc] Running install-commands
0 15-08-20 14:24:24 [9/662/662] [glibc] Running command:
cd o && make install_root="$DESTDIR" localtime=UTC install 
3 15-08-20 14:24:39 [10/662/662] [glibc] Running install-commands
3 15-08-20 14:24:39 [10/662/662] [glibc] Running command:
cd o && make install_root="$DESTDIR" localtime=UTC install 
2 15-08-20 14:24:43 [10/662/662] [glibc] Running install-commands
2 15-08-20 14:24:43 [10/662/662] [glibc] Running command:
cd o && make install_root="$DESTDIR" localtime=UTC install 
4 15-08-20 14:24:56 [9/662/662] [glibc] Running install-commands
4 15-08-20 14:24:56 [9/662/662] [glibc] Running command:
cd o && make install_root="$DESTDIR" localtime=UTC install 
0 15-08-20 14:24:58 [9/662/662] [glibc] Running command:
mkdir -p "$DESTDIR/etc" 
0 15-08-20 14:24:58 [9/662/662] [glibc] Running command:
mkdir -p "$DESTDIR/etc/ld.so.conf.d" 
0 15-08-20 14:24:58 [9/662/662] [glibc] Running command:
cat <<EOF > nsswitch.conf
passwd: compat
group: compat
shadow: compat

hosts: files myhostname mdns4_minimal [NOTFOUND=return] dns mdns4
networks: files

protocols: db files
services: db files
ethers: db files
rpc: db files

netgroup: nis
EOF
 
0 15-08-20 14:24:58 [9/662/662] [glibc] Running command:
install -m 644 -o root -g root nsswitch.conf "$DESTDIR/etc/nsswitch.conf" 
0 15-08-20 14:24:58 [9/662/662] [glibc] Running command:
cat <<EOF > ld.so.conf
/lib
/usr/lib
/usr/local/lib
include /etc/ld.so.conf.d/*.conf
EOF
 
0 15-08-20 14:24:58 [9/662/662] [glibc] Running command:
install -m 644 -o root -g root ld.so.conf "$DESTDIR/etc/ld.so.conf" 
0 15-08-20 14:24:58 [9/662/662] [glibc] Elapsed time for build 00:01:59
0 15-08-20 14:24:58 [9/662/662] [glibc] Starting artifact creation 
0 15-08-20 14:24:58 [9/662/662] [glibc] splitting chunk 
0 15-08-20 14:25:07 [9/662/662] [glibc] Now cached 12062300 bytes as glibc.bb8864cb4601f4c634b7a516fe0fa3b2095dcab4a64948f084a3384ff96aaa79
0 15-08-20 14:25:07 [9/662/662] [glibc] Elapsed time for artifact creation 00:00:08
0 15-08-20 14:25:07 [9/662/662] [glibc] Cleaned up /src/tmp/tmpl9hfOb
0 15-08-20 14:25:07 [9/662/662] [glibc] Elapsed time for assembly 00:02:26
0 15-08-20 14:25:07 [9/662/662] [make] Installing glibc.bb8864cb4601f4c634b7a516fe0fa3b2095dcab4a64948f084a3384ff96aaa79 
0 15-08-20 14:25:07 [9/662/662] [glibc] loaded metadata for strata/build-essential/glibc.morph
0 15-08-20 14:25:08 [9/662/662] [stage2-make] loaded metadata for stage2-make
0 15-08-20 14:25:08 [9/662/662] [make] Installing stage2-make.aa763a78bbd47c27a2fab8ceee20f4f907ab5a9252518b3fa0cb4b5b81e14a46 
0 15-08-20 14:25:08 [9/662/662] [stage2-reset-specs] loaded metadata for stage2-reset-specs
0 15-08-20 14:25:08 [9/662/662] [make] Installing stage2-reset-specs.f37a9c787711c982424343453023f38cb71e25bead9aa2a753cdb5814582f82d 
0 15-08-20 14:25:08 [9/662/662] [stage2-glibc] loaded metadata for stage2-glibc
0 15-08-20 14:25:08 [9/662/662] [stage2-gawk] loaded metadata for stage2-gawk
0 15-08-20 14:25:08 [9/662/662] [make] Installing stage2-gawk.2ab3b2e9c8471856e54a666c2cca6b00809a71d78078f620b705654993390b3b 
0 15-08-20 14:25:08 [10/662/662] [make] Starting build 
0 15-08-20 14:25:08 [10/662/662] [make] Git checkout upstream:make-tarball in /src/tmp/tmpI1u8US/make.build 
0 15-08-20 14:25:08 [10/662/662] [make] Upstream version 4978d712 make-4.1-1-g4978d71 (make-4.1 + 1 commits) 
0 15-08-20 14:25:08 [10/662/662] [make] Defined build system is autotools
0 15-08-20 14:25:08 [10/662/662] [make] Logging build commands to /src/artifacts/make.8d23551037112ef49a3dba7b7760762186216f0470aa31e1f5558bf91b6e8ee4.build-log.0 
0 15-08-20 14:25:08 [10/662/662] [make] Running configure-commands
0 15-08-20 14:25:08 [10/662/662] [make] Running command:
./configure --prefix="$PREFIX" --disable-nls 
3 15-08-20 14:25:11 [10/662/662] [glibc] Running command:
mkdir -p "$DESTDIR/etc" 
3 15-08-20 14:25:11 [10/662/662] [glibc] Running command:
mkdir -p "$DESTDIR/etc/ld.so.conf.d" 
3 15-08-20 14:25:11 [10/662/662] [glibc] Running command:
cat <<EOF > nsswitch.conf
passwd: compat
group: compat
shadow: compat

hosts: files myhostname mdns4_minimal [NOTFOUND=return] dns mdns4
networks: files

protocols: db files
services: db files
ethers: db files
rpc: db files

netgroup: nis
EOF
 
3 15-08-20 14:25:12 [10/662/662] [glibc] Running command:
install -m 644 -o root -g root nsswitch.conf "$DESTDIR/etc/nsswitch.conf" 
3 15-08-20 14:25:12 [10/662/662] [glibc] Running command:
cat <<EOF > ld.so.conf
/lib
/usr/lib
/usr/local/lib
include /etc/ld.so.conf.d/*.conf
EOF
 
3 15-08-20 14:25:12 [10/662/662] [glibc] Running command:
install -m 644 -o root -g root ld.so.conf "$DESTDIR/etc/ld.so.conf" 
0 15-08-20 14:25:12 [10/662/662] [make] Running build-commands
0 15-08-20 14:25:12 [10/662/662] [make] Running command:
make 
0 15-08-20 14:25:13 [10/662/662] [make] Running install-commands
0 15-08-20 14:25:13 [10/662/662] [make] Running command:
make DESTDIR="$DESTDIR" install 
0 15-08-20 14:25:13 [10/662/662] [make] Running strip-commands
0 15-08-20 14:25:13 [10/662/662] [make] Running command:
find "$DESTDIR" -type f \
  '(' -perm -111 -o -name '*.so*' -o -name '*.cmxs' -o -name '*.node' ')' \
  -exec sh -ec \
  'read -n4 hdr <"$1"   # check for elf header
  if [ "$hdr" != "$(printf \x7ELF)" ]; then
    exit 0
  fi
  debugfile="$DESTDIR$PREFIX/lib/debug/$(basename "$1")"
  mkdir -p "$(dirname "$debugfile")"
  objcopy --only-keep-debug "$1" "$debugfile"
  chmod 644 "$debugfile"
  strip --remove-section=.comment --remove-section=.note --strip-unneeded "$1"
  objcopy --add-gnu-debuglink "$debugfile" "$1"' - {} ';'
 
3 15-08-20 14:25:12 [10/662/662] [glibc] Elapsed time for build 00:01:57
3 15-08-20 14:25:12 [10/662/662] [glibc] Starting artifact creation 
3 15-08-20 14:25:12 [10/662/662] [glibc] splitting chunk 
3 15-08-20 14:25:12 [10/662/662] [glibc] Bah! I could have cached glibc.bb8864cb4601f4c634b7a516fe0fa3b2095dcab4a64948f084a3384ff96aaa79
3 15-08-20 14:25:12 [10/662/662] [glibc] Elapsed time for artifact creation 00:00:00
3 15-08-20 14:25:13 [10/662/662] [glibc] Cleaned up /src/tmp/tmpSu3lF4
3 15-08-20 14:25:13 [10/662/662] [glibc] Elapsed time for assembly 00:19:06
3 15-08-20 14:25:13 [10/662/662] [make] Installing glibc.bb8864cb4601f4c634b7a516fe0fa3b2095dcab4a64948f084a3384ff96aaa79 
3 15-08-20 14:25:13 [10/662/662] [glibc] loaded metadata for strata/build-essential/glibc.morph
3 15-08-20 14:25:13 [10/662/662] [stage2-reset-specs] loaded metadata for stage2-reset-specs
3 15-08-20 14:25:13 [10/662/662] [make] Installing stage2-reset-specs.f37a9c787711c982424343453023f38cb71e25bead9aa2a753cdb5814582f82d 
3 15-08-20 14:25:13 [10/662/662] [stage2-make] loaded metadata for stage2-make
3 15-08-20 14:25:13 [10/662/662] [make] Installing stage2-make.aa763a78bbd47c27a2fab8ceee20f4f907ab5a9252518b3fa0cb4b5b81e14a46 
3 15-08-20 14:25:13 [10/662/662] [stage2-gawk] loaded metadata for stage2-gawk
3 15-08-20 14:25:13 [10/662/662] [make] Installing stage2-gawk.2ab3b2e9c8471856e54a666c2cca6b00809a71d78078f620b705654993390b3b 
3 15-08-20 14:25:13 [10/662/662] [stage2-linux-api-headers] loaded metadata for stage2-linux-api-headers
3 15-08-20 14:25:13 [10/662/662] [stage2-gcc] loaded metadata for stage2-gcc
3 15-08-20 14:25:13 [10/662/662] [make] Installing stage2-gcc.f4ad49035ffcc979d01b2906ad2e9aa711da0964b5ce424de0234671aede0522 
3 15-08-20 14:25:13 [10/662/662] [stage2-glibc] loaded metadata for stage2-glibc
3 15-08-20 14:25:13 [10/662/662] [stage2-binutils] loaded metadata for stage2-binutils
3 15-08-20 14:25:13 [10/662/662] [make] Installing stage2-binutils.3175f086ad037c0283315c5b332c8bbd8850eda1ead9acd02859dd5c1fe85fad 
3 15-08-20 14:25:13 [10/662/662] [stage2-busybox] loaded metadata for stage2-busybox
3 15-08-20 14:25:13 [10/662/662] [make] Installing stage2-busybox.a723c45e102066a6ff4ff6964ff7f7f72c497488823f807f580f17aceeabb7b7 
3 15-08-20 14:25:13 [11/662/662] [make] Starting build 
3 15-08-20 14:25:14 [11/662/662] [make] Git checkout upstream:make-tarball in /src/tmp/tmpX5NDs5/make.build 
3 15-08-20 14:25:14 [11/662/662] [make] Upstream version 4978d712 make-4.1-1-g4978d71 (make-4.1 + 1 commits) 
3 15-08-20 14:25:14 [11/662/662] [make] Defined build system is autotools
3 15-08-20 14:25:14 [11/662/662] [make] Logging build commands to /src/artifacts/make.8d23551037112ef49a3dba7b7760762186216f0470aa31e1f5558bf91b6e8ee4.build-log.3 
3 15-08-20 14:25:14 [11/662/662] [make] Running configure-commands
3 15-08-20 14:25:14 [11/662/662] [make] Running command:
./configure --prefix="$PREFIX" --disable-nls 
2 15-08-20 14:25:14 [10/662/662] [glibc] Running command:
mkdir -p "$DESTDIR/etc" 
2 15-08-20 14:25:15 [10/662/662] [glibc] Running command:
mkdir -p "$DESTDIR/etc/ld.so.conf.d" 
2 15-08-20 14:25:15 [10/662/662] [glibc] Running command:
cat <<EOF > nsswitch.conf
passwd: compat
group: compat
shadow: compat

hosts: files myhostname mdns4_minimal [NOTFOUND=return] dns mdns4
networks: files

protocols: db files
services: db files
ethers: db files
rpc: db files

netgroup: nis
EOF
 
2 15-08-20 14:25:15 [10/662/662] [glibc] Running command:
install -m 644 -o root -g root nsswitch.conf "$DESTDIR/etc/nsswitch.conf" 
2 15-08-20 14:25:15 [10/662/662] [glibc] Running command:
cat <<EOF > ld.so.conf
/lib
/usr/lib
/usr/local/lib
include /etc/ld.so.conf.d/*.conf
EOF
 
2 15-08-20 14:25:15 [10/662/662] [glibc] Running command:
install -m 644 -o root -g root ld.so.conf "$DESTDIR/etc/ld.so.conf" 
0 15-08-20 14:25:13 [10/662/662] [make] Elapsed time for build 00:00:05
0 15-08-20 14:25:13 [10/662/662] [make] Starting artifact creation 
0 15-08-20 14:25:13 [10/662/662] [make] splitting chunk 
0 15-08-20 14:25:14 [10/662/662] [make] Now cached 448811 bytes as make.8d23551037112ef49a3dba7b7760762186216f0470aa31e1f5558bf91b6e8ee4
0 15-08-20 14:25:14 [10/662/662] [make] Elapsed time for artifact creation 00:00:00
0 15-08-20 14:25:14 [10/662/662] [make] Cleaned up /src/tmp/tmpI1u8US
0 15-08-20 14:25:14 [10/662/662] [make] Elapsed time for assembly 00:19:07
0 15-08-20 14:25:14 [10/662/662] [build-essential] Installing make.8d23551037112ef49a3dba7b7760762186216f0470aa31e1f5558bf91b6e8ee4 
0 15-08-20 14:25:14 [10/662/662] [make] loaded metadata for strata/build-essential/make.morph
0 15-08-20 14:25:14 [10/662/662] [busybox] Starting assembly 
0 15-08-20 14:25:14 [10/662/662] [stage2-binutils] loaded metadata for stage2-binutils
0 15-08-20 14:25:14 [10/662/662] [busybox] Installing stage2-binutils.3175f086ad037c0283315c5b332c8bbd8850eda1ead9acd02859dd5c1fe85fad 
0 15-08-20 14:25:14 [10/662/662] [stage2-reset-specs] loaded metadata for stage2-reset-specs
0 15-08-20 14:25:14 [10/662/662] [busybox] Installing stage2-reset-specs.f37a9c787711c982424343453023f38cb71e25bead9aa2a753cdb5814582f82d 
0 15-08-20 14:25:14 [10/662/662] [glibc] loaded metadata for glibc
0 15-08-20 14:25:14 [10/662/662] [busybox] Installing glibc.bb8864cb4601f4c634b7a516fe0fa3b2095dcab4a64948f084a3384ff96aaa79 
0 15-08-20 14:25:14 [10/662/662] [stage2-make] loaded metadata for stage2-make
0 15-08-20 14:25:14 [10/662/662] [busybox] Installing stage2-make.aa763a78bbd47c27a2fab8ceee20f4f907ab5a9252518b3fa0cb4b5b81e14a46 
0 15-08-20 14:25:14 [10/662/662] [stage2-gcc] loaded metadata for stage2-gcc
0 15-08-20 14:25:14 [10/662/662] [busybox] Installing stage2-gcc.f4ad49035ffcc979d01b2906ad2e9aa711da0964b5ce424de0234671aede0522 
0 15-08-20 14:25:14 [10/662/662] [stage2-gawk] loaded metadata for stage2-gawk
0 15-08-20 14:25:14 [10/662/662] [busybox] Installing stage2-gawk.2ab3b2e9c8471856e54a666c2cca6b00809a71d78078f620b705654993390b3b 
0 15-08-20 14:25:15 [10/662/662] [stage2-glibc] loaded metadata for stage2-glibc
0 15-08-20 14:25:15 [10/662/662] [stage2-busybox] loaded metadata for stage2-busybox
0 15-08-20 14:25:15 [10/662/662] [busybox] Installing stage2-busybox.a723c45e102066a6ff4ff6964ff7f7f72c497488823f807f580f17aceeabb7b7 
0 15-08-20 14:25:15 [10/662/662] [stage2-linux-api-headers] loaded metadata for stage2-linux-api-headers
0 15-08-20 14:25:15 [10/662/662] [stage2-fhs-dirs] loaded metadata for stage2-fhs-dirs
0 15-08-20 14:25:15 [10/662/662] [busybox] Installing stage2-fhs-dirs.720694aabff97560c1a93e2697f22f563250493e1691290819c5c92fe2944cab 
0 15-08-20 14:25:15 [11/662/662] [busybox] Starting build 
0 15-08-20 14:25:15 [11/662/662] [busybox] Git checkout upstream:busybox in /src/tmp/tmpYztFLw/busybox.build 
0 15-08-20 14:25:15 [11/662/662] [busybox] Upstream version 1ecfe811 1_23_1 (1_23_1 + 0 commits) 
0 15-08-20 14:25:15 [11/662/662] [busybox] Defined build system is manual
0 15-08-20 14:25:15 [11/662/662] [busybox] Logging build commands to /src/artifacts/busybox.b1aeb37aea1437d90e7749f54f4bf8549a135b8dfad1f5941a88082831fa9b8b.build-log.0 
0 15-08-20 14:25:15 [11/662/662] [busybox] Running configure-commands
0 15-08-20 14:25:15 [11/662/662] [busybox] Running command:
make defconfig KCONFIG_NOTIMESTAMP=1 
2 15-08-20 14:25:15 [10/662/662] [glibc] Elapsed time for build 00:01:56
2 15-08-20 14:25:15 [10/662/662] [glibc] Starting artifact creation 
2 15-08-20 14:25:15 [10/662/662] [glibc] splitting chunk 
2 15-08-20 14:25:15 [10/662/662] [glibc] Bah! I could have cached glibc.bb8864cb4601f4c634b7a516fe0fa3b2095dcab4a64948f084a3384ff96aaa79
2 15-08-20 14:25:15 [10/662/662] [glibc] Elapsed time for artifact creation 00:00:00
2 15-08-20 14:25:16 [10/662/662] [glibc] Cleaned up /src/tmp/tmpRTuIHN
2 15-08-20 14:25:16 [10/662/662] [glibc] Elapsed time for assembly 00:09:56
2 15-08-20 14:25:16 [10/662/662] [m4-tarball] Installing glibc.bb8864cb4601f4c634b7a516fe0fa3b2095dcab4a64948f084a3384ff96aaa79 
2 15-08-20 14:25:16 [10/662/662] [glibc] loaded metadata for strata/build-essential/glibc.morph
2 15-08-20 14:25:16 [10/662/662] [stage2-fhs-dirs] loaded metadata for stage2-fhs-dirs
2 15-08-20 14:25:16 [10/662/662] [m4-tarball] Installing stage2-fhs-dirs.720694aabff97560c1a93e2697f22f563250493e1691290819c5c92fe2944cab 
2 15-08-20 14:25:16 [10/662/662] [stage2-gawk] loaded metadata for stage2-gawk
2 15-08-20 14:25:16 [10/662/662] [m4-tarball] Installing stage2-gawk.2ab3b2e9c8471856e54a666c2cca6b00809a71d78078f620b705654993390b3b 
2 15-08-20 14:25:16 [10/662/662] [stage2-busybox] loaded metadata for stage2-busybox
2 15-08-20 14:25:16 [10/662/662] [m4-tarball] Installing stage2-busybox.a723c45e102066a6ff4ff6964ff7f7f72c497488823f807f580f17aceeabb7b7 
2 15-08-20 14:25:16 [10/662/662] [stage2-linux-api-headers] loaded metadata for stage2-linux-api-headers
2 15-08-20 14:25:16 [10/662/662] [stage2-glibc] loaded metadata for stage2-glibc
2 15-08-20 14:25:16 [10/662/662] [stage2-binutils] loaded metadata for stage2-binutils
2 15-08-20 14:25:16 [10/662/662] [m4-tarball] Installing stage2-binutils.3175f086ad037c0283315c5b332c8bbd8850eda1ead9acd02859dd5c1fe85fad 
2 15-08-20 14:25:16 [10/662/662] [stage2-gcc] loaded metadata for stage2-gcc
2 15-08-20 14:25:16 [10/662/662] [m4-tarball] Installing stage2-gcc.f4ad49035ffcc979d01b2906ad2e9aa711da0964b5ce424de0234671aede0522 
2 15-08-20 14:25:16 [11/662/662] [m4-tarball] Starting build 
2 15-08-20 14:25:17 [11/662/662] [m4-tarball] Git checkout upstream:m4-tarball in /src/tmp/tmpnUfim8/m4-tarball.build 
2 15-08-20 14:25:17 [11/662/662] [m4-tarball] Upstream version 23c11479 m4-1.4.17 (m4-1.4.17 + 0 commits) 
2 15-08-20 14:25:17 [11/662/662] [m4-tarball] Defined build system is autotools
2 15-08-20 14:25:17 [11/662/662] [m4-tarball] Logging build commands to /src/artifacts/m4-tarball.0c2d9933239c549f2f8a0b3a2920a70a9d58994a93e6470f12c186228107ce74.build-log.2 
2 15-08-20 14:25:17 [11/662/662] [m4-tarball] Running configure-commands
2 15-08-20 14:25:17 [11/662/662] [m4-tarball] Running command:
./configure --prefix="$PREFIX" --disable-gcc-warnings 
3 15-08-20 14:25:18 [11/662/662] [make] Running build-commands
3 15-08-20 14:25:18 [11/662/662] [make] Running command:
make 
3 15-08-20 14:25:19 [11/662/662] [make] Running install-commands
3 15-08-20 14:25:19 [11/662/662] [make] Running command:
make DESTDIR="$DESTDIR" install 
3 15-08-20 14:25:19 [11/662/662] [make] Running strip-commands
3 15-08-20 14:25:19 [11/662/662] [make] Running command:
find "$DESTDIR" -type f \
  '(' -perm -111 -o -name '*.so*' -o -name '*.cmxs' -o -name '*.node' ')' \
  -exec sh -ec \
  'read -n4 hdr <"$1"   # check for elf header
  if [ "$hdr" != "$(printf \x7ELF)" ]; then
    exit 0
  fi
  debugfile="$DESTDIR$PREFIX/lib/debug/$(basename "$1")"
  mkdir -p "$(dirname "$debugfile")"
  objcopy --only-keep-debug "$1" "$debugfile"
  chmod 644 "$debugfile"
  strip --remove-section=.comment --remove-section=.note --strip-unneeded "$1"
  objcopy --add-gnu-debuglink "$debugfile" "$1"' - {} ';'
 
0 15-08-20 14:25:19 [11/662/662] [busybox] Running command:
sed -e 's|.*UDHCPC_DEFAULT_SCRIPT.*|CONFIG_UDHCPC_DEFAULT_SCRIPT="'"$PREFIX"/share/udhcpc/default.script'"|' -i .config 
0 15-08-20 14:25:19 [11/662/662] [busybox] Running command:
sed -e 's|.*IFUPDOWN_IFSTATE_PATH.*|CONFIG_IFUPDOWN_IFSTATE_PATH="/run/ifstate"|' -i .config 
0 15-08-20 14:25:19 [11/662/662] [busybox] Running command:
[ "$PREFIX" = /usr ] || sed -e 's/.*INSTALL_NO_USR.*/CONFIG_INSTALL_NO_USR=y/' -i .config 
0 15-08-20 14:25:20 [11/662/662] [busybox] Running command:
sed -e 's/CONFIG_INETD=y.*/# CONFIG_INETD is not set/' -i .config 
0 15-08-20 14:25:20 [11/662/662] [busybox] Running command:
sed -e 's/CONFIG_PATCH=y.*/# CONFIG_PATCH is not set/' -i .config 
0 15-08-20 14:25:20 [11/662/662] [busybox] Running command:
sed -e 's/CONFIG_DEPMOD=y.*/# CONFIG_DEPMOD is not set/' -i .config 
0 15-08-20 14:25:20 [11/662/662] [busybox] Running command:
sed -e 's/CONFIG_INSMOD=y.*/# CONFIG_INSMOD is not set/' -i .config 
3 15-08-20 14:25:19 [11/662/662] [make] Elapsed time for build 00:00:05
3 15-08-20 14:25:19 [11/662/662] [make] Starting artifact creation 
3 15-08-20 14:25:19 [11/662/662] [make] splitting chunk 
3 15-08-20 14:25:19 [11/662/662] [make] Bah! I could have cached make.8d23551037112ef49a3dba7b7760762186216f0470aa31e1f5558bf91b6e8ee4
3 15-08-20 14:25:19 [11/662/662] [make] Elapsed time for artifact creation 00:00:00
3 15-08-20 14:25:19 [11/662/662] [make] Cleaned up /src/tmp/tmpX5NDs5
3 15-08-20 14:25:19 [11/662/662] [make] Elapsed time for assembly 00:19:12
3 15-08-20 14:25:19 [11/662/662] [build-essential] Installing make.8d23551037112ef49a3dba7b7760762186216f0470aa31e1f5558bf91b6e8ee4 
3 15-08-20 14:25:19 [11/662/662] [make] loaded metadata for strata/build-essential/make.morph
3 15-08-20 14:25:19 [11/662/662] [binutils] Starting assembly 
3 15-08-20 14:25:19 [11/662/662] [zlib] Starting assembly 
3 15-08-20 14:25:19 [11/662/662] [glibc] loaded metadata for glibc
3 15-08-20 14:25:19 [11/662/662] [zlib] Installing glibc.bb8864cb4601f4c634b7a516fe0fa3b2095dcab4a64948f084a3384ff96aaa79 
3 15-08-20 14:25:19 [11/662/662] [stage2-reset-specs] loaded metadata for stage2-reset-specs
3 15-08-20 14:25:19 [11/662/662] [zlib] Installing stage2-reset-specs.f37a9c787711c982424343453023f38cb71e25bead9aa2a753cdb5814582f82d 
3 15-08-20 14:25:19 [11/662/662] [stage2-linux-api-headers] loaded metadata for stage2-linux-api-headers
3 15-08-20 14:25:19 [11/662/662] [stage2-fhs-dirs] loaded metadata for stage2-fhs-dirs
3 15-08-20 14:25:19 [11/662/662] [zlib] Installing stage2-fhs-dirs.720694aabff97560c1a93e2697f22f563250493e1691290819c5c92fe2944cab 
3 15-08-20 14:25:19 [11/662/662] [stage2-busybox] loaded metadata for stage2-busybox
3 15-08-20 14:25:19 [11/662/662] [zlib] Installing stage2-busybox.a723c45e102066a6ff4ff6964ff7f7f72c497488823f807f580f17aceeabb7b7 
3 15-08-20 14:25:19 [11/662/662] [stage2-gawk] loaded metadata for stage2-gawk
3 15-08-20 14:25:19 [11/662/662] [zlib] Installing stage2-gawk.2ab3b2e9c8471856e54a666c2cca6b00809a71d78078f620b705654993390b3b 
3 15-08-20 14:25:19 [11/662/662] [stage2-make] loaded metadata for stage2-make
3 15-08-20 14:25:19 [11/662/662] [zlib] Installing stage2-make.aa763a78bbd47c27a2fab8ceee20f4f907ab5a9252518b3fa0cb4b5b81e14a46 
3 15-08-20 14:25:20 [11/662/662] [stage2-gcc] loaded metadata for stage2-gcc
3 15-08-20 14:25:20 [11/662/662] [zlib] Installing stage2-gcc.f4ad49035ffcc979d01b2906ad2e9aa711da0964b5ce424de0234671aede0522 
3 15-08-20 14:25:20 [11/662/662] [stage2-glibc] loaded metadata for stage2-glibc
3 15-08-20 14:25:20 [11/662/662] [stage2-binutils] loaded metadata for stage2-binutils
3 15-08-20 14:25:20 [11/662/662] [zlib] Installing stage2-binutils.3175f086ad037c0283315c5b332c8bbd8850eda1ead9acd02859dd5c1fe85fad 
3 15-08-20 14:25:20 [12/662/662] [zlib] Starting build 
3 15-08-20 14:25:20 [12/662/662] [zlib] Git checkout upstream:zlib in /src/tmp/tmpW_tFgV/zlib.build 
3 15-08-20 14:25:20 [12/662/662] [zlib] Upstream version 50893291 v1.2.8 (v1.2.8 + 0 commits) 
3 15-08-20 14:25:20 [12/662/662] [zlib] Autodetected build system is autotools
3 15-08-20 14:25:20 [12/662/662] [zlib] Logging build commands to /src/artifacts/zlib.27275d608c76ea20550c1cb6e38daede972f726a647aa9abd8ed1b65755d539d.build-log.3 
3 15-08-20 14:25:20 [12/662/662] [zlib] Running configure-commands
3 15-08-20 14:25:20 [12/662/662] [zlib] Running command:
export NOCONFIGURE=1
if [ -e autogen ]; then ./autogen
elif [ -e autogen.sh ]; then ./autogen.sh
elif [ ! -e ./configure ]; then autoreconf -ivf
fi
./configure --prefix="$PREFIX"
 
0 15-08-20 14:25:20 [11/662/662] [busybox] Running command:
sed -e 's/CONFIG_MODPROBE=y.*/# CONFIG_MODPROBE is not set/' -i .config 
0 15-08-20 14:25:20 [11/662/662] [busybox] Running command:
sed -e 's/CONFIG_MODPROBE_SMALL=y.*/# CONFIG_MODPROBE_SMALL is not set/' -i .config 
0 15-08-20 14:25:20 [11/662/662] [busybox] Running command:
sed -e 's/CONFIG_LSMOD=y.*/# CONFIG_LSMOD is not set/' -i .config 
0 15-08-20 14:25:20 [11/662/662] [busybox] Running command:
sed -e 's/CONFIG_RMMOD=y.*/# CONFIG_RMMOD is not set/' -i .config 
3 15-08-20 14:25:20 [12/662/662] [zlib] Running build-commands
3 15-08-20 14:25:20 [12/662/662] [zlib] Running command:
make 
0 15-08-20 14:25:20 [11/662/662] [busybox] Running command:
sed -e 's/CONFIG_FEATURE_MOUNT_CIFS=y.*/# CONFIG_FEATURE_MOUNT_CIFS is not set/' -i .config 
0 15-08-20 14:25:20 [11/662/662] [busybox] Running command:
sed -e 's/CONFIG_FEATURE_EXTRA_QUIET=y.*/# CONFIG_FEATURE_EXTRA_QUIET is not set/' -i .config 
0 15-08-20 14:25:21 [11/662/662] [busybox] Running command:
sed -e 's/CONFIG_FEATURE_INIT_COREDUMPS=y.*/# CONFIG_FEATURE_INIT_COREDUMPS is not set/' -i .config 
0 15-08-20 14:25:21 [11/662/662] [busybox] Running command:
sed -e 's/CONFIG_FEATURE_INIT_SCTTY=y.*/# CONFIG_FEATURE_INIT_SCTTY is not set/' -i .config 
0 15-08-20 14:25:21 [11/662/662] [busybox] Running command:
sed -e 's/CONFIG_FEATURE_INIT_SYSLOG=y.*/# CONFIG_FEATURE_INIT_SYSLOG is not set/' -i .config 
0 15-08-20 14:25:21 [11/662/662] [busybox] Running command:
sed -e 's/CONFIG_FEATURE_INITRD=y.*/# CONFIG_FEATURE_INITRD is not set/' -i .config 
0 15-08-20 14:25:21 [11/662/662] [busybox] Running command:
sed -e 's/CONFIG_FEATURE_MINIX2=y.*/# CONFIG_FEATURE_MINIX2 is not set/' -i .config 
3 15-08-20 14:25:21 [12/662/662] [zlib] Running install-commands
3 15-08-20 14:25:21 [12/662/662] [zlib] Running command:
make DESTDIR="$DESTDIR" install 
0 15-08-20 14:25:21 [11/662/662] [busybox] Running command:
sed -e 's/CONFIG_FSCK_MINIX=y.*/# CONFIG_FSCK_MINIX is not set/' -i .config 
3 15-08-20 14:25:21 [12/662/662] [zlib] Running strip-commands
3 15-08-20 14:25:21 [12/662/662] [zlib] Running command:
find "$DESTDIR" -type f \
  '(' -perm -111 -o -name '*.so*' -o -name '*.cmxs' -o -name '*.node' ')' \
  -exec sh -ec \
  'read -n4 hdr <"$1"   # check for elf header
  if [ "$hdr" != "$(printf \x7ELF)" ]; then
    exit 0
  fi
  debugfile="$DESTDIR$PREFIX/lib/debug/$(basename "$1")"
  mkdir -p "$(dirname "$debugfile")"
  objcopy --only-keep-debug "$1" "$debugfile"
  chmod 644 "$debugfile"
  strip --remove-section=.comment --remove-section=.note --strip-unneeded "$1"
  objcopy --add-gnu-debuglink "$debugfile" "$1"' - {} ';'
 
0 15-08-20 14:25:21 [11/662/662] [busybox] Running command:
sed -e 's/CONFIG_LOSETUP=y.*/# CONFIG_LOSETUP is not set/' -i .config 
0 15-08-20 14:25:21 [11/662/662] [busybox] Running command:
sed -e 's/CONFIG_LSUSB=y.*/# CONFIG_LSUSB is not set/' -i .config 
0 15-08-20 14:25:21 [11/662/662] [busybox] Running command:
sed -e 's/CONFIG_LSPCI=y.*/# CONFIG_LSPCI is not set/' -i .config 
0 15-08-20 14:25:21 [11/662/662] [busybox] Running command:
sed -e 's/CONFIG_LZMA=y.*/# CONFIG_LZMA is not set/' -i .config 
0 15-08-20 14:25:21 [11/662/662] [busybox] Running command:
sed -e 's/CONFIG_MKFS_EXT2=y.*/# CONFIG_MKFS_EXT2 is not set/' -i .config 
0 15-08-20 14:25:21 [11/662/662] [busybox] Running command:
sed -e 's/CONFIG_MKFS_MINIX=y.*/# CONFIG_MKFS_MINIX is not set/' -i .config 
0 15-08-20 14:25:22 [11/662/662] [busybox] Running command:
sed -e 's/CONFIG_STRINGS=y.*/# CONFIG_STRINGS is not set/' -i .config 
0 15-08-20 14:25:22 [11/662/662] [busybox] Running command:
sed -e 's/CONFIG_UNLZMA=y.*/# CONFIG_UNLZMA is not set/' -i .config 
0 15-08-20 14:25:22 [11/662/662] [busybox] Running command:
sed -e 's/CONFIG_UNXZ=y.*/# CONFIG_UNXZ is not set/' -i .config 
0 15-08-20 14:25:22 [11/662/662] [busybox] Running command:
sed -e 's/CONFIG_XZ=y.*/# CONFIG_XZ is not set/' -i .config 
0 15-08-20 14:25:22 [11/662/662] [busybox] Running command:
sed -e 's/# CONFIG_BBCONFIG is not set/CONFIG_BBCONFIG=y/' -i .config 
0 15-08-20 14:25:22 [11/662/662] [busybox] Running command:
sed -e 's/# CONFIG_FEATURE_COMPRESS_BBCONFIG is not set/CONFIG_FEATURE_COMPRESS_BBCONFIG=y/' -i .config 
0 15-08-20 14:25:22 [11/662/662] [busybox] Running command:
sed -e 's/# CONFIG_FEATURE_MOUNT_HELPERS is not set/CONFIG_FEATURE_MOUNT_HELPERS=y/' -i .config 
0 15-08-20 14:25:22 [11/662/662] [busybox] Running build-commands
0 15-08-20 14:25:22 [11/662/662] [busybox] Running command:
make KCONFIG_NOTIMESTAMP=1 
3 15-08-20 14:25:21 [12/662/662] [zlib] Elapsed time for build 00:00:01
3 15-08-20 14:25:21 [12/662/662] [zlib] Starting artifact creation 
3 15-08-20 14:25:21 [12/662/662] [zlib] splitting chunk 
3 15-08-20 14:25:21 [12/662/662] [zlib] Now cached 149988 bytes as zlib.27275d608c76ea20550c1cb6e38daede972f726a647aa9abd8ed1b65755d539d
3 15-08-20 14:25:21 [12/662/662] [zlib] Elapsed time for artifact creation 00:00:00
3 15-08-20 14:25:21 [12/662/662] [zlib] Cleaned up /src/tmp/tmpW_tFgV
3 15-08-20 14:25:21 [12/662/662] [zlib] Elapsed time for assembly 00:00:02
3 15-08-20 14:25:21 [12/662/662] [binutils] Installing zlib.27275d608c76ea20550c1cb6e38daede972f726a647aa9abd8ed1b65755d539d 
3 15-08-20 14:25:21 [12/662/662] [zlib] loaded metadata for zlib
3 15-08-20 14:25:21 [12/662/662] [stage2-reset-specs] loaded metadata for stage2-reset-specs
3 15-08-20 14:25:21 [12/662/662] [binutils] Installing stage2-reset-specs.f37a9c787711c982424343453023f38cb71e25bead9aa2a753cdb5814582f82d 
3 15-08-20 14:25:21 [12/662/662] [stage2-gawk] loaded metadata for stage2-gawk
3 15-08-20 14:25:21 [12/662/662] [binutils] Installing stage2-gawk.2ab3b2e9c8471856e54a666c2cca6b00809a71d78078f620b705654993390b3b 
3 15-08-20 14:25:21 [12/662/662] [stage2-fhs-dirs] loaded metadata for stage2-fhs-dirs
3 15-08-20 14:25:21 [12/662/662] [binutils] Installing stage2-fhs-dirs.720694aabff97560c1a93e2697f22f563250493e1691290819c5c92fe2944cab 
3 15-08-20 14:25:22 [12/662/662] [stage2-glibc] loaded metadata for stage2-glibc
3 15-08-20 14:25:22 [12/662/662] [stage2-linux-api-headers] loaded metadata for stage2-linux-api-headers
3 15-08-20 14:25:22 [12/662/662] [stage2-busybox] loaded metadata for stage2-busybox
3 15-08-20 14:25:22 [12/662/662] [binutils] Installing stage2-busybox.a723c45e102066a6ff4ff6964ff7f7f72c497488823f807f580f17aceeabb7b7 
3 15-08-20 14:25:22 [12/662/662] [stage2-gcc] loaded metadata for stage2-gcc
3 15-08-20 14:25:22 [12/662/662] [binutils] Installing stage2-gcc.f4ad49035ffcc979d01b2906ad2e9aa711da0964b5ce424de0234671aede0522 
3 15-08-20 14:25:22 [12/662/662] [stage2-binutils] loaded metadata for stage2-binutils
3 15-08-20 14:25:22 [12/662/662] [binutils] Installing stage2-binutils.3175f086ad037c0283315c5b332c8bbd8850eda1ead9acd02859dd5c1fe85fad 
3 15-08-20 14:25:22 [12/662/662] [stage2-make] loaded metadata for stage2-make
3 15-08-20 14:25:22 [12/662/662] [binutils] Installing stage2-make.aa763a78bbd47c27a2fab8ceee20f4f907ab5a9252518b3fa0cb4b5b81e14a46 
3 15-08-20 14:25:22 [12/662/662] [glibc] loaded metadata for glibc
3 15-08-20 14:25:22 [13/662/662] [binutils] Starting build 
3 15-08-20 14:25:24 [13/662/662] [binutils] Git checkout upstream:binutils-tarball in /src/tmp/tmpwVxGdU/binutils.build 
3 15-08-20 14:25:25 [13/662/662] [binutils] Upstream version 5500a97a binutils-2.25 (binutils-2.25 + 0 commits) 
3 15-08-20 14:25:25 [13/662/662] [binutils] Defined build system is autotools
3 15-08-20 14:25:25 [13/662/662] [binutils] Logging build commands to /src/artifacts/binutils.14915a2085ce11d52f34e9c5ce8201beef7273e385d95bb9995c427447db58a5.build-log.3 
3 15-08-20 14:25:25 [13/662/662] [binutils] Running configure-commands
3 15-08-20 14:25:25 [13/662/662] [binutils] Running command:
./configure --prefix="$PREFIX" --disable-nls --disable-werror \
  --with-system-zlib
 
3 15-08-20 14:25:26 [13/662/662] [binutils] Running build-commands
3 15-08-20 14:25:26 [13/662/662] [binutils] Running command:
make 
4 15-08-20 14:25:27 [9/662/662] [glibc] Running command:
mkdir -p "$DESTDIR/etc" 
4 15-08-20 14:25:27 [9/662/662] [glibc] Running command:
mkdir -p "$DESTDIR/etc/ld.so.conf.d" 
4 15-08-20 14:25:27 [9/662/662] [glibc] Running command:
cat <<EOF > nsswitch.conf
passwd: compat
group: compat
shadow: compat

hosts: files myhostname mdns4_minimal [NOTFOUND=return] dns mdns4
networks: files

protocols: db files
services: db files
ethers: db files
rpc: db files

netgroup: nis
EOF
 
4 15-08-20 14:25:28 [9/662/662] [glibc] Running command:
install -m 644 -o root -g root nsswitch.conf "$DESTDIR/etc/nsswitch.conf" 
4 15-08-20 14:25:28 [9/662/662] [glibc] Running command:
cat <<EOF > ld.so.conf
/lib
/usr/lib
/usr/local/lib
include /etc/ld.so.conf.d/*.conf
EOF
 
4 15-08-20 14:25:28 [9/662/662] [glibc] Running command:
install -m 644 -o root -g root ld.so.conf "$DESTDIR/etc/ld.so.conf" 
4 15-08-20 14:25:28 [9/662/662] [glibc] Elapsed time for build 00:01:53
4 15-08-20 14:25:28 [9/662/662] [glibc] Starting artifact creation 
4 15-08-20 14:25:28 [9/662/662] [glibc] splitting chunk 
4 15-08-20 14:25:28 [9/662/662] [glibc] Bah! I could have cached glibc.bb8864cb4601f4c634b7a516fe0fa3b2095dcab4a64948f084a3384ff96aaa79
4 15-08-20 14:25:28 [9/662/662] [glibc] Elapsed time for artifact creation 00:00:00
4 15-08-20 14:25:29 [9/662/662] [glibc] Cleaned up /src/tmp/tmpnV6cce
4 15-08-20 14:25:29 [9/662/662] [glibc] Elapsed time for assembly 00:08:54
4 15-08-20 14:25:29 [9/662/662] [ccache] Installing glibc.bb8864cb4601f4c634b7a516fe0fa3b2095dcab4a64948f084a3384ff96aaa79 
4 15-08-20 14:25:29 [9/662/662] [glibc] loaded metadata for strata/build-essential/glibc.morph
4 15-08-20 14:25:29 [9/662/662] [stage2-linux-api-headers] loaded metadata for stage2-linux-api-headers
4 15-08-20 14:25:29 [9/662/662] [stage2-glibc] loaded metadata for stage2-glibc
4 15-08-20 14:25:29 [9/662/662] [stage2-gcc] loaded metadata for stage2-gcc
4 15-08-20 14:25:29 [9/662/662] [ccache] Installing stage2-gcc.f4ad49035ffcc979d01b2906ad2e9aa711da0964b5ce424de0234671aede0522 
4 15-08-20 14:25:29 [9/662/662] [stage2-gawk] loaded metadata for stage2-gawk
4 15-08-20 14:25:29 [9/662/662] [ccache] Installing stage2-gawk.2ab3b2e9c8471856e54a666c2cca6b00809a71d78078f620b705654993390b3b 
4 15-08-20 14:25:29 [9/662/662] [stage2-make] loaded metadata for stage2-make
4 15-08-20 14:25:29 [9/662/662] [ccache] Installing stage2-make.aa763a78bbd47c27a2fab8ceee20f4f907ab5a9252518b3fa0cb4b5b81e14a46 
4 15-08-20 14:25:30 [9/662/662] [zlib] loaded metadata for zlib
4 15-08-20 14:25:30 [9/662/662] [ccache] Installing zlib.27275d608c76ea20550c1cb6e38daede972f726a647aa9abd8ed1b65755d539d 
4 15-08-20 14:25:30 [10/662/662] [ccache] Starting build 
4 15-08-20 14:25:30 [10/662/662] [ccache] Git checkout upstream:ccache in /src/tmp/tmp8U3gli/ccache.build 
4 15-08-20 14:25:30 [10/662/662] [ccache] Upstream version 56763145 v3.1.7-219-g5676314 (v3.1.7 + 219 commits) 
4 15-08-20 14:25:30 [10/662/662] [ccache] Defined build system is autotools
4 15-08-20 14:25:30 [10/662/662] [ccache] Logging build commands to /src/artifacts/ccache.dcf062f109a0d9cd03b356b91a895f87500fe901566e15bc0ddaa580f384bf59.build-log.4 
4 15-08-20 14:25:30 [10/662/662] [ccache] Running configure-commands
4 15-08-20 14:25:30 [10/662/662] [ccache] Running command:
./configure --prefix="$PREFIX" 
0 15-08-20 14:25:31 [11/662/662] [busybox] Running install-commands
0 15-08-20 14:25:31 [11/662/662] [busybox] Running command:
if [ "$PREFIX" = /usr ]; then PREFIX=; fi &&
  make CONFIG_PREFIX="$DESTDIR$PREFIX" KCONFIG_NOTIMESTAMP=1 install &&
  chmod 6755 "$DESTDIR$PREFIX"/bin/busybox
 
2 15-08-20 14:25:31 [11/662/662] [m4-tarball] Running build-commands
2 15-08-20 14:25:31 [11/662/662] [m4-tarball] Running command:
make 
4 15-08-20 14:25:32 [10/662/662] [ccache] Running build-commands
4 15-08-20 14:25:32 [10/662/662] [ccache] Running command:
make 
4 15-08-20 14:25:32 [10/662/662] [ccache] Running install-commands
4 15-08-20 14:25:32 [10/662/662] [ccache] Running command:
make DESTDIR="$DESTDIR" install 
4 15-08-20 14:25:33 [10/662/662] [ccache] Running command:
mkdir -p "$DESTDIR/$PREFIX/lib/ccache" 
4 15-08-20 14:25:33 [10/662/662] [ccache] Running command:
for cc in gcc cc g++ c++; do ln -sf "$PREFIX/bin/ccache" "$DESTDIR/$PREFIX/lib/ccache/$cc"; done 
4 15-08-20 14:25:33 [10/662/662] [ccache] Running command:
for cc in gcc cc g++ c++; do ln -sf "$PREFIX/bin/ccache" "$DESTDIR/$PREFIX/lib/ccache/$TARGET-$cc"; done 
4 15-08-20 14:25:33 [10/662/662] [ccache] Running strip-commands
4 15-08-20 14:25:33 [10/662/662] [ccache] Running command:
find "$DESTDIR" -type f \
  '(' -perm -111 -o -name '*.so*' -o -name '*.cmxs' -o -name '*.node' ')' \
  -exec sh -ec \
  'read -n4 hdr <"$1"   # check for elf header
  if [ "$hdr" != "$(printf \x7ELF)" ]; then
    exit 0
  fi
  debugfile="$DESTDIR$PREFIX/lib/debug/$(basename "$1")"
  mkdir -p "$(dirname "$debugfile")"
  objcopy --only-keep-debug "$1" "$debugfile"
  chmod 644 "$debugfile"
  strip --remove-section=.comment --remove-section=.note --strip-unneeded "$1"
  objcopy --add-gnu-debuglink "$debugfile" "$1"' - {} ';'
 
2 15-08-20 14:25:33 [11/662/662] [m4-tarball] Running install-commands
2 15-08-20 14:25:33 [11/662/662] [m4-tarball] Running command:
make DESTDIR="$DESTDIR" install 
0 15-08-20 14:25:33 [11/662/662] [busybox] Running command:
mkdir -p "$DESTDIR"/etc 
0 15-08-20 14:25:33 [11/662/662] [busybox] Running command:
cat << EOF > "$DESTDIR/etc/man.conf"
# This file is used by man to provide a manpath for those without one by
# examining their PATH environment variable.
#
# Lines beginning with `#' are comments and are ignored. Any combination of
# tabs or spaces may be used as `whitespace' separators.

MANDATORY_MANPATH                       /usr/man
MANDATORY_MANPATH                       /usr/share/man
MANDATORY_MANPATH                       /usr/local/share/man
EOF
 
2 15-08-20 14:25:33 [11/662/662] [m4-tarball] Running strip-commands
2 15-08-20 14:25:33 [11/662/662] [m4-tarball] Running command:
find "$DESTDIR" -type f \
  '(' -perm -111 -o -name '*.so*' -o -name '*.cmxs' -o -name '*.node' ')' \
  -exec sh -ec \
  'read -n4 hdr <"$1"   # check for elf header
  if [ "$hdr" != "$(printf \x7ELF)" ]; then
    exit 0
  fi
  debugfile="$DESTDIR$PREFIX/lib/debug/$(basename "$1")"
  mkdir -p "$(dirname "$debugfile")"
  objcopy --only-keep-debug "$1" "$debugfile"
  chmod 644 "$debugfile"
  strip --remove-section=.comment --remove-section=.note --strip-unneeded "$1"
  objcopy --add-gnu-debuglink "$debugfile" "$1"' - {} ';'
 
4 15-08-20 14:25:33 [10/662/662] [ccache] Elapsed time for build 00:00:03
4 15-08-20 14:25:33 [10/662/662] [ccache] Starting artifact creation 
4 15-08-20 14:25:33 [10/662/662] [ccache] splitting chunk 
4 15-08-20 14:25:33 [10/662/662] [ccache] Now cached 215017 bytes as ccache.dcf062f109a0d9cd03b356b91a895f87500fe901566e15bc0ddaa580f384bf59
4 15-08-20 14:25:33 [10/662/662] [ccache] Elapsed time for artifact creation 00:00:00
4 15-08-20 14:25:33 [10/662/662] [ccache] Cleaned up /src/tmp/tmp8U3gli
4 15-08-20 14:25:33 [10/662/662] [ccache] Elapsed time for assembly 00:19:27
4 15-08-20 14:25:33 [10/662/662] [build-essential] Installing ccache.dcf062f109a0d9cd03b356b91a895f87500fe901566e15bc0ddaa580f384bf59 
4 15-08-20 14:25:33 [10/662/662] [ccache] loaded metadata for strata/build-essential/ccache.morph
4 15-08-20 14:25:33 [10/662/662] [fhs-dirs] Starting assembly 
4 15-08-20 14:25:33 [10/662/662] [stage2-reset-specs] loaded metadata for stage2-reset-specs
4 15-08-20 14:25:33 [10/662/662] [fhs-dirs] Installing stage2-reset-specs.f37a9c787711c982424343453023f38cb71e25bead9aa2a753cdb5814582f82d 
4 15-08-20 14:25:33 [10/662/662] [stage2-make] loaded metadata for stage2-make
4 15-08-20 14:25:33 [10/662/662] [fhs-dirs] Installing stage2-make.aa763a78bbd47c27a2fab8ceee20f4f907ab5a9252518b3fa0cb4b5b81e14a46 
4 15-08-20 14:25:34 [10/662/662] [stage2-gawk] loaded metadata for stage2-gawk
4 15-08-20 14:25:34 [10/662/662] [fhs-dirs] Installing stage2-gawk.2ab3b2e9c8471856e54a666c2cca6b00809a71d78078f620b705654993390b3b 
4 15-08-20 14:25:34 [10/662/662] [stage2-binutils] loaded metadata for stage2-binutils
4 15-08-20 14:25:34 [10/662/662] [fhs-dirs] Installing stage2-binutils.3175f086ad037c0283315c5b332c8bbd8850eda1ead9acd02859dd5c1fe85fad 
4 15-08-20 14:25:34 [10/662/662] [stage2-glibc] loaded metadata for stage2-glibc
4 15-08-20 14:25:34 [10/662/662] [stage2-gcc] loaded metadata for stage2-gcc
4 15-08-20 14:25:34 [10/662/662] [fhs-dirs] Installing stage2-gcc.f4ad49035ffcc979d01b2906ad2e9aa711da0964b5ce424de0234671aede0522 
4 15-08-20 14:25:34 [10/662/662] [stage2-fhs-dirs] loaded metadata for stage2-fhs-dirs
4 15-08-20 14:25:34 [10/662/662] [fhs-dirs] Installing stage2-fhs-dirs.720694aabff97560c1a93e2697f22f563250493e1691290819c5c92fe2944cab 
4 15-08-20 14:25:34 [10/662/662] [stage2-busybox] loaded metadata for stage2-busybox
4 15-08-20 14:25:34 [10/662/662] [fhs-dirs] Installing stage2-busybox.a723c45e102066a6ff4ff6964ff7f7f72c497488823f807f580f17aceeabb7b7 
4 15-08-20 14:25:34 [10/662/662] [stage2-linux-api-headers] loaded metadata for stage2-linux-api-headers
4 15-08-20 14:25:34 [11/662/662] [fhs-dirs] Starting build 
4 15-08-20 14:25:34 [11/662/662] [fhs-dirs] Git checkout baserock:baserock/fhs-dirs in /src/tmp/tmpPot9x3/fhs-dirs.build 
4 15-08-20 14:25:34 [11/662/662] [fhs-dirs] Upstream version 1218cbd3 (No tag found) 
4 15-08-20 14:25:34 [11/662/662] [fhs-dirs] Defined build system is manual
4 15-08-20 14:25:34 [11/662/662] [fhs-dirs] Logging build commands to /src/artifacts/fhs-dirs.db5bbe26bff0c8cb21fd794d0a4c985b0eed76d7d2e53080d6df57b1ab88b8f3.build-log.4 
4 15-08-20 14:25:34 [11/662/662] [fhs-dirs] Running install-commands
4 15-08-20 14:25:34 [11/662/662] [fhs-dirs] Running command:
sh ./create-fhs-dirs "$DESTDIR" 
4 15-08-20 14:25:34 [11/662/662] [fhs-dirs] Running command:
install -m 644 passwd "$DESTDIR/etc/passwd" 
4 15-08-20 14:25:34 [11/662/662] [fhs-dirs] Running command:
install -m 600 shadow "$DESTDIR/etc/shadow" 
4 15-08-20 14:25:34 [11/662/662] [fhs-dirs] Running command:
install -m 644 interfaces "$DESTDIR/etc/network/interfaces" 
4 15-08-20 14:25:34 [11/662/662] [fhs-dirs] Running command:
install -m 644 group "$DESTDIR/etc/group" 
4 15-08-20 14:25:35 [11/662/662] [fhs-dirs] Running command:
install -m 644 issue "$DESTDIR/etc/issue" 
4 15-08-20 14:25:35 [11/662/662] [fhs-dirs] Running command:
install -m 644 services "$DESTDIR/etc/services" 
4 15-08-20 14:25:35 [11/662/662] [fhs-dirs] Running command:
install -m 644 protocols "$DESTDIR/etc/protocols" 
4 15-08-20 14:25:35 [11/662/662] [fhs-dirs] Running command:
echo baserock > "$DESTDIR"/etc/hostname 
0 15-08-20 14:25:33 [11/662/662] [busybox] Elapsed time for build 00:00:18
0 15-08-20 14:25:33 [11/662/662] [busybox] Starting artifact creation 
0 15-08-20 14:25:33 [11/662/662] [busybox] splitting chunk 
0 15-08-20 14:25:34 [11/662/662] [busybox] Now cached 499920 bytes as busybox.b1aeb37aea1437d90e7749f54f4bf8549a135b8dfad1f5941a88082831fa9b8b
0 15-08-20 14:25:34 [11/662/662] [busybox] Elapsed time for artifact creation 00:00:00
0 15-08-20 14:25:34 [11/662/662] [busybox] Cleaned up /src/tmp/tmpYztFLw
0 15-08-20 14:25:34 [11/662/662] [busybox] Elapsed time for assembly 00:00:19
0 15-08-20 14:25:34 [11/662/662] [build-essential] Installing busybox.b1aeb37aea1437d90e7749f54f4bf8549a135b8dfad1f5941a88082831fa9b8b 
0 15-08-20 14:25:34 [11/662/662] [busybox] loaded metadata for strata/build-essential/busybox.morph
0 15-08-20 14:25:34 [11/662/662] [gawk] Starting assembly 
0 15-08-20 14:25:34 [11/662/662] [stage2-busybox] loaded metadata for stage2-busybox
0 15-08-20 14:25:34 [11/662/662] [gawk] Installing stage2-busybox.a723c45e102066a6ff4ff6964ff7f7f72c497488823f807f580f17aceeabb7b7 
0 15-08-20 14:25:34 [11/662/662] [stage2-reset-specs] loaded metadata for stage2-reset-specs
0 15-08-20 14:25:34 [11/662/662] [gawk] Installing stage2-reset-specs.f37a9c787711c982424343453023f38cb71e25bead9aa2a753cdb5814582f82d 
0 15-08-20 14:25:34 [11/662/662] [stage2-gawk] loaded metadata for stage2-gawk
0 15-08-20 14:25:34 [11/662/662] [gawk] Installing stage2-gawk.2ab3b2e9c8471856e54a666c2cca6b00809a71d78078f620b705654993390b3b 
0 15-08-20 14:25:34 [11/662/662] [stage2-linux-api-headers] loaded metadata for stage2-linux-api-headers
0 15-08-20 14:25:34 [11/662/662] [glibc] loaded metadata for glibc
0 15-08-20 14:25:34 [11/662/662] [gawk] Installing glibc.bb8864cb4601f4c634b7a516fe0fa3b2095dcab4a64948f084a3384ff96aaa79 
0 15-08-20 14:25:34 [11/662/662] [stage2-make] loaded metadata for stage2-make
0 15-08-20 14:25:34 [11/662/662] [gawk] Installing stage2-make.aa763a78bbd47c27a2fab8ceee20f4f907ab5a9252518b3fa0cb4b5b81e14a46 
0 15-08-20 14:25:35 [11/662/662] [stage2-gcc] loaded metadata for stage2-gcc
0 15-08-20 14:25:35 [11/662/662] [gawk] Installing stage2-gcc.f4ad49035ffcc979d01b2906ad2e9aa711da0964b5ce424de0234671aede0522 
0 15-08-20 14:25:35 [11/662/662] [stage2-fhs-dirs] loaded metadata for stage2-fhs-dirs
0 15-08-20 14:25:35 [11/662/662] [gawk] Installing stage2-fhs-dirs.720694aabff97560c1a93e2697f22f563250493e1691290819c5c92fe2944cab 
0 15-08-20 14:25:35 [11/662/662] [stage2-binutils] loaded metadata for stage2-binutils
0 15-08-20 14:25:35 [11/662/662] [gawk] Installing stage2-binutils.3175f086ad037c0283315c5b332c8bbd8850eda1ead9acd02859dd5c1fe85fad 
0 15-08-20 14:25:35 [11/662/662] [stage2-glibc] loaded metadata for stage2-glibc
0 15-08-20 14:25:35 [12/662/662] [gawk] Starting build 
0 15-08-20 14:25:35 [12/662/662] [gawk] Git checkout upstream:gawk in /src/tmp/tmpyUig2K/gawk.build 
0 15-08-20 14:25:36 [12/662/662] [gawk] Upstream version dc5af665 gawk-4.1.1 (gawk-4.1.1 + 0 commits) 
0 15-08-20 14:25:36 [12/662/662] [gawk] Defined build system is autotools
0 15-08-20 14:25:36 [12/662/662] [gawk] Logging build commands to /src/artifacts/gawk.62242a56c06e47097783ffec7c22ebcb265f077db5ee7a590ac36eeed34b7672.build-log.0 
0 15-08-20 14:25:36 [12/662/662] [gawk] Running configure-commands
0 15-08-20 14:25:36 [12/662/662] [gawk] Running command:
./configure --prefix="$PREFIX" --disable-nls 
4 15-08-20 14:25:35 [11/662/662] [fhs-dirs] Creating device node /src/tmp/tmpPot9x3/fhs-dirs.inst/.//dev/console
4 15-08-20 14:25:35 [11/662/662] [fhs-dirs] Creating device node /src/tmp/tmpPot9x3/fhs-dirs.inst/.//dev/full
4 15-08-20 14:25:35 [11/662/662] [fhs-dirs] Creating device node /src/tmp/tmpPot9x3/fhs-dirs.inst/.//dev/null
4 15-08-20 14:25:35 [11/662/662] [fhs-dirs] Creating device node /src/tmp/tmpPot9x3/fhs-dirs.inst/.//dev/urandom
4 15-08-20 14:25:35 [11/662/662] [fhs-dirs] Creating device node /src/tmp/tmpPot9x3/fhs-dirs.inst/.//dev/zero
4 15-08-20 14:25:35 [11/662/662] [fhs-dirs] Elapsed time for build 00:00:00
4 15-08-20 14:25:35 [11/662/662] [fhs-dirs] Starting artifact creation 
4 15-08-20 14:25:35 [11/662/662] [fhs-dirs] splitting chunk 
4 15-08-20 14:25:35 [11/662/662] [fhs-dirs] Now cached 10618 bytes as fhs-dirs.db5bbe26bff0c8cb21fd794d0a4c985b0eed76d7d2e53080d6df57b1ab88b8f3
4 15-08-20 14:25:35 [11/662/662] [fhs-dirs] Elapsed time for artifact creation 00:00:00
4 15-08-20 14:25:35 [11/662/662] [fhs-dirs] Cleaned up /src/tmp/tmpPot9x3
4 15-08-20 14:25:35 [11/662/662] [fhs-dirs] Elapsed time for assembly 00:00:01
4 15-08-20 14:25:35 [11/662/662] [build-essential] Installing fhs-dirs.db5bbe26bff0c8cb21fd794d0a4c985b0eed76d7d2e53080d6df57b1ab88b8f3 
4 15-08-20 14:25:35 [11/662/662] [fhs-dirs] loaded metadata for strata/build-essential/fhs-dirs.morph
4 15-08-20 14:25:35 [11/662/662] [gawk] Starting assembly 
4 15-08-20 14:25:35 [11/662/662] [stage2-linux-api-headers] loaded metadata for stage2-linux-api-headers
4 15-08-20 14:25:35 [11/662/662] [gawk] Installing stage2-linux-api-headers.dc284802a859862bdecea33c6aea2483185729cca5134cf230d926d12c27ed6e 
4 15-08-20 14:25:35 [11/662/662] [stage2-make] loaded metadata for stage2-make
4 15-08-20 14:25:35 [11/662/662] [gawk] Installing stage2-make.aa763a78bbd47c27a2fab8ceee20f4f907ab5a9252518b3fa0cb4b5b81e14a46 
4 15-08-20 14:25:35 [11/662/662] [stage2-gawk] loaded metadata for stage2-gawk
4 15-08-20 14:25:35 [11/662/662] [gawk] Installing stage2-gawk.2ab3b2e9c8471856e54a666c2cca6b00809a71d78078f620b705654993390b3b 
4 15-08-20 14:25:35 [11/662/662] [stage2-binutils] loaded metadata for stage2-binutils
4 15-08-20 14:25:35 [11/662/662] [gawk] Installing stage2-binutils.3175f086ad037c0283315c5b332c8bbd8850eda1ead9acd02859dd5c1fe85fad 
4 15-08-20 14:25:35 [11/662/662] [stage2-busybox] loaded metadata for stage2-busybox
4 15-08-20 14:25:35 [11/662/662] [gawk] Installing stage2-busybox.a723c45e102066a6ff4ff6964ff7f7f72c497488823f807f580f17aceeabb7b7 
4 15-08-20 14:25:36 [11/662/662] [glibc] loaded metadata for glibc
4 15-08-20 14:25:36 [11/662/662] [gawk] Installing glibc.bb8864cb4601f4c634b7a516fe0fa3b2095dcab4a64948f084a3384ff96aaa79 
4 15-08-20 14:25:36 [11/662/662] [stage2-gcc] loaded metadata for stage2-gcc
4 15-08-20 14:25:36 [11/662/662] [gawk] Installing stage2-gcc.f4ad49035ffcc979d01b2906ad2e9aa711da0964b5ce424de0234671aede0522 
4 15-08-20 14:25:36 [11/662/662] [stage2-glibc] loaded metadata for stage2-glibc
4 15-08-20 14:25:36 [11/662/662] [stage2-reset-specs] loaded metadata for stage2-reset-specs
4 15-08-20 14:25:36 [11/662/662] [gawk] Installing stage2-reset-specs.f37a9c787711c982424343453023f38cb71e25bead9aa2a753cdb5814582f82d 
4 15-08-20 14:25:36 [11/662/662] [stage2-fhs-dirs] loaded metadata for stage2-fhs-dirs
4 15-08-20 14:25:36 [11/662/662] [gawk] Installing stage2-fhs-dirs.720694aabff97560c1a93e2697f22f563250493e1691290819c5c92fe2944cab 
4 15-08-20 14:25:36 [12/662/662] [gawk] Starting build 
4 15-08-20 14:25:36 [12/662/662] [gawk] Git checkout upstream:gawk in /src/tmp/tmpH8Uw3f/gawk.build 
4 15-08-20 14:25:36 [12/662/662] [gawk] Upstream version dc5af665 gawk-4.1.1 (gawk-4.1.1 + 0 commits) 
4 15-08-20 14:25:36 [12/662/662] [gawk] Defined build system is autotools
4 15-08-20 14:25:36 [12/662/662] [gawk] Logging build commands to /src/artifacts/gawk.62242a56c06e47097783ffec7c22ebcb265f077db5ee7a590ac36eeed34b7672.build-log.4 
4 15-08-20 14:25:36 [12/662/662] [gawk] Running configure-commands
4 15-08-20 14:25:36 [12/662/662] [gawk] Running command:
./configure --prefix="$PREFIX" --disable-nls 
0 15-08-20 14:25:43 [12/662/662] [gawk] Running build-commands
0 15-08-20 14:25:43 [12/662/662] [gawk] Running command:
make 
4 15-08-20 14:25:44 [12/662/662] [gawk] Running build-commands
4 15-08-20 14:25:44 [12/662/662] [gawk] Running command:
make 
2 15-08-20 14:25:34 [11/662/662] [m4-tarball] Elapsed time for build 00:00:17
2 15-08-20 14:25:34 [11/662/662] [m4-tarball] Starting artifact creation 
2 15-08-20 14:25:34 [11/662/662] [m4-tarball] splitting chunk 
2 15-08-20 14:25:34 [11/662/662] [m4-tarball] Now cached 351967 bytes as m4-tarball.0c2d9933239c549f2f8a0b3a2920a70a9d58994a93e6470f12c186228107ce74
2 15-08-20 14:25:34 [11/662/662] [m4-tarball] Elapsed time for artifact creation 00:00:00
2 15-08-20 14:25:34 [11/662/662] [m4-tarball] Cleaned up /src/tmp/tmpnUfim8
2 15-08-20 14:25:34 [11/662/662] [m4-tarball] Elapsed time for assembly 00:19:28
2 15-08-20 14:25:34 [11/662/662] [build-essential] Installing m4-tarball.0c2d9933239c549f2f8a0b3a2920a70a9d58994a93e6470f12c186228107ce74 
2 15-08-20 14:25:34 [11/662/662] [m4-tarball] loaded metadata for strata/build-essential/m4-tarball.morph
2 15-08-20 14:25:34 [11/662/662] [ccache] loaded metadata for ccache
2 15-08-20 14:25:34 [11/662/662] [build-essential] Installing ccache.dcf062f109a0d9cd03b356b91a895f87500fe901566e15bc0ddaa580f384bf59 
2 15-08-20 14:25:34 [11/662/662] [ccache] loaded metadata for strata/build-essential/ccache.morph
2 15-08-20 14:25:34 [11/662/662] [zlib] loaded metadata for zlib
2 15-08-20 14:25:34 [11/662/662] [gcc] Starting assembly 
2 15-08-20 14:25:34 [11/662/662] [linux-api-headers] loaded metadata for linux-api-headers
2 15-08-20 14:25:34 [11/662/662] [gcc] Installing linux-api-headers.237a2ba2311e24708b67b1c90cc89838284fc01385cf4a084bfad8e2c65499a5 
2 15-08-20 14:25:34 [11/662/662] [stage2-make] loaded metadata for stage2-make
2 15-08-20 14:25:34 [11/662/662] [gcc] Installing stage2-make.aa763a78bbd47c27a2fab8ceee20f4f907ab5a9252518b3fa0cb4b5b81e14a46 
2 15-08-20 14:25:34 [11/662/662] [stage2-glibc] loaded metadata for stage2-glibc
2 15-08-20 14:25:34 [11/662/662] [stage2-reset-specs] loaded metadata for stage2-reset-specs
2 15-08-20 14:25:34 [11/662/662] [gcc] Installing stage2-reset-specs.f37a9c787711c982424343453023f38cb71e25bead9aa2a753cdb5814582f82d 
2 15-08-20 14:25:34 [11/662/662] [stage2-binutils] loaded metadata for stage2-binutils
2 15-08-20 14:25:34 [11/662/662] [gcc] Installing stage2-binutils.3175f086ad037c0283315c5b332c8bbd8850eda1ead9acd02859dd5c1fe85fad 
2 15-08-20 14:25:35 [11/662/662] [glibc] loaded metadata for glibc
2 15-08-20 14:25:35 [11/662/662] [gcc] Installing glibc.bb8864cb4601f4c634b7a516fe0fa3b2095dcab4a64948f084a3384ff96aaa79 
2 15-08-20 14:25:35 [11/662/662] [m4-tarball] loaded metadata for m4-tarball
2 15-08-20 14:25:35 [11/662/662] [gcc] Installing m4-tarball.0c2d9933239c549f2f8a0b3a2920a70a9d58994a93e6470f12c186228107ce74 
2 15-08-20 14:25:35 [11/662/662] [stage2-fhs-dirs] loaded metadata for stage2-fhs-dirs
2 15-08-20 14:25:35 [11/662/662] [gcc] Installing stage2-fhs-dirs.720694aabff97560c1a93e2697f22f563250493e1691290819c5c92fe2944cab 
2 15-08-20 14:25:35 [11/662/662] [stage2-linux-api-headers] loaded metadata for stage2-linux-api-headers
2 15-08-20 14:25:35 [11/662/662] [zlib] loaded metadata for zlib
2 15-08-20 14:25:35 [11/662/662] [gcc] Installing zlib.27275d608c76ea20550c1cb6e38daede972f726a647aa9abd8ed1b65755d539d 
2 15-08-20 14:25:35 [11/662/662] [stage2-busybox] loaded metadata for stage2-busybox
2 15-08-20 14:25:35 [11/662/662] [gcc] Installing stage2-busybox.a723c45e102066a6ff4ff6964ff7f7f72c497488823f807f580f17aceeabb7b7 
2 15-08-20 14:25:35 [11/662/662] [stage2-gawk] loaded metadata for stage2-gawk
2 15-08-20 14:25:35 [11/662/662] [gcc] Installing stage2-gawk.2ab3b2e9c8471856e54a666c2cca6b00809a71d78078f620b705654993390b3b 
2 15-08-20 14:25:35 [11/662/662] [stage2-gcc] loaded metadata for stage2-gcc
2 15-08-20 14:25:35 [11/662/662] [gcc] Installing stage2-gcc.f4ad49035ffcc979d01b2906ad2e9aa711da0964b5ce424de0234671aede0522 
2 15-08-20 14:25:35 [12/662/662] [gcc] Starting build 
2 15-08-20 14:25:44 [12/662/662] [gcc] Git checkout upstream:gcc-tarball in /src/tmp/tmpAJ56x7/gcc.build 
2 15-08-20 14:25:45 [12/662/662] [gcc] Upstream version b3c9b176 (No tag found) 
2 15-08-20 14:25:47 [12/662/662] [gcc] Defined build system is manual
2 15-08-20 14:25:47 [12/662/662] [gcc] Logging build commands to /src/artifacts/gcc.03e24200e7b35e61a28f11bce604beb373e1c0b978d15a0a91076a7d139c8e6b.build-log.2 
2 15-08-20 14:25:47 [12/662/662] [gcc] Running configure-commands
2 15-08-20 14:25:47 [12/662/662] [gcc] Running command:
mkdir o 
2 15-08-20 14:25:47 [12/662/662] [gcc] Running command:
case "$MORPH_ARCH" in
    armv7lhf) ARCH_FLAGS="--with-arch=armv7-a \
                          --with-cpu=cortex-a9 \
                          --with-tune=cortex-a9 \
                          --with-fpu=vfpv3-d16 \
                          --with-float=hard" ;;
    armv7*)   ARCH_FLAGS="--with-arch=armv7-a" ;;
esac

cd o && ../configure                                        \
          $ARCH_FLAGS                                       \
          --prefix="$PREFIX"                                \
  `# [1]` --libdir=$PREFIX/lib                              \
          --disable-bootstrap                               \
  `# [2]` --with-system-zlib                                \
  `# [3]` --disable-multilib                                \
          --enable-languages=c,c++,fortran
 
0 15-08-20 14:25:47 [12/662/662] [gawk] Running install-commands
0 15-08-20 14:25:47 [12/662/662] [gawk] Running command:
make DESTDIR="$DESTDIR" install 
0 15-08-20 14:25:47 [12/662/662] [gawk] Running strip-commands
0 15-08-20 14:25:47 [12/662/662] [gawk] Running command:
find "$DESTDIR" -type f \
  '(' -perm -111 -o -name '*.so*' -o -name '*.cmxs' -o -name '*.node' ')' \
  -exec sh -ec \
  'read -n4 hdr <"$1"   # check for elf header
  if [ "$hdr" != "$(printf \x7ELF)" ]; then
    exit 0
  fi
  debugfile="$DESTDIR$PREFIX/lib/debug/$(basename "$1")"
  mkdir -p "$(dirname "$debugfile")"
  objcopy --only-keep-debug "$1" "$debugfile"
  chmod 644 "$debugfile"
  strip --remove-section=.comment --remove-section=.note --strip-unneeded "$1"
  objcopy --add-gnu-debuglink "$debugfile" "$1"' - {} ';'
 
2 15-08-20 14:25:48 [12/662/662] [gcc] Running build-commands
2 15-08-20 14:25:48 [12/662/662] [gcc] Running command:
case "$MORPH_ARCH" in
    armv5*)   sed -i "s/--host=none/--host=armv5/" o/Makefile
              sed -i "s/--target=none/--target=armv5/" o/Makefile ;;
    armv7*)   sed -i "s/--host=none/--host=armv7a/" o/Makefile
              sed -i "s/--target=none/--target=armv7a/" o/Makefile ;;
esac
cd o && make
 
4 15-08-20 14:25:48 [12/662/662] [gawk] Running install-commands
4 15-08-20 14:25:48 [12/662/662] [gawk] Running command:
make DESTDIR="$DESTDIR" install 
4 15-08-20 14:25:49 [12/662/662] [gawk] Running strip-commands
4 15-08-20 14:25:49 [12/662/662] [gawk] Running command:
find "$DESTDIR" -type f \
  '(' -perm -111 -o -name '*.so*' -o -name '*.cmxs' -o -name '*.node' ')' \
  -exec sh -ec \
  'read -n4 hdr <"$1"   # check for elf header
  if [ "$hdr" != "$(printf \x7ELF)" ]; then
    exit 0
  fi
  debugfile="$DESTDIR$PREFIX/lib/debug/$(basename "$1")"
  mkdir -p "$(dirname "$debugfile")"
  objcopy --only-keep-debug "$1" "$debugfile"
  chmod 644 "$debugfile"
  strip --remove-section=.comment --remove-section=.note --strip-unneeded "$1"
  objcopy --add-gnu-debuglink "$debugfile" "$1"' - {} ';'
 
3 15-08-20 14:25:52 [13/662/662] [binutils] Running install-commands
3 15-08-20 14:25:52 [13/662/662] [binutils] Running command:
make DESTDIR="$DESTDIR" install 
4 15-08-20 14:25:49 [12/662/662] [gawk] Elapsed time for build 00:00:12
4 15-08-20 14:25:49 [12/662/662] [gawk] Starting artifact creation 
4 15-08-20 14:25:49 [12/662/662] [gawk] splitting chunk 
4 15-08-20 14:25:50 [12/662/662] [gawk] Bah! I raced and rebuilt gawk.62242a56c06e47097783ffec7c22ebcb265f077db5ee7a590ac36eeed34b7672
4 15-08-20 14:25:50 [12/662/662] [gawk] Elapsed time for artifact creation 00:00:01
4 15-08-20 14:25:50 [12/662/662] [gawk] Cleaned up /src/tmp/tmpH8Uw3f
4 15-08-20 14:25:50 [12/662/662] [gawk] Elapsed time for assembly 00:00:15
4 15-08-20 14:25:50 [12/662/662] [build-essential] Installing gawk.62242a56c06e47097783ffec7c22ebcb265f077db5ee7a590ac36eeed34b7672 
4 15-08-20 14:25:50 [12/662/662] [gawk] loaded metadata for strata/build-essential/gawk.morph
4 15-08-20 14:25:50 [12/662/662] [busybox] loaded metadata for busybox
4 15-08-20 14:25:50 [12/662/662] [build-essential] Installing busybox.b1aeb37aea1437d90e7749f54f4bf8549a135b8dfad1f5941a88082831fa9b8b 
4 15-08-20 14:25:50 [12/662/662] [busybox] loaded metadata for strata/build-essential/busybox.morph
4 15-08-20 14:25:50 [12/662/662] [make] loaded metadata for make
4 15-08-20 14:25:50 [12/662/662] [build-essential] Installing make.8d23551037112ef49a3dba7b7760762186216f0470aa31e1f5558bf91b6e8ee4 
4 15-08-20 14:25:50 [12/662/662] [make] loaded metadata for strata/build-essential/make.morph
4 15-08-20 14:25:50 [12/662/662] [binutils] Starting assembly 
4 15-08-20 14:25:51 [12/662/662] [stage2-linux-api-headers] loaded metadata for stage2-linux-api-headers
4 15-08-20 14:25:51 [12/662/662] [binutils] Installing stage2-linux-api-headers.dc284802a859862bdecea33c6aea2483185729cca5134cf230d926d12c27ed6e 
4 15-08-20 14:25:51 [12/662/662] [stage2-binutils] loaded metadata for stage2-binutils
4 15-08-20 14:25:51 [12/662/662] [binutils] Installing stage2-binutils.3175f086ad037c0283315c5b332c8bbd8850eda1ead9acd02859dd5c1fe85fad 
4 15-08-20 14:25:51 [12/662/662] [stage2-busybox] loaded metadata for stage2-busybox
4 15-08-20 14:25:51 [12/662/662] [binutils] Installing stage2-busybox.a723c45e102066a6ff4ff6964ff7f7f72c497488823f807f580f17aceeabb7b7 
4 15-08-20 14:25:51 [12/662/662] [zlib] loaded metadata for zlib
4 15-08-20 14:25:51 [12/662/662] [binutils] Installing zlib.27275d608c76ea20550c1cb6e38daede972f726a647aa9abd8ed1b65755d539d 
4 15-08-20 14:25:51 [12/662/662] [stage2-reset-specs] loaded metadata for stage2-reset-specs
4 15-08-20 14:25:51 [12/662/662] [binutils] Installing stage2-reset-specs.f37a9c787711c982424343453023f38cb71e25bead9aa2a753cdb5814582f82d 
4 15-08-20 14:25:51 [12/662/662] [stage2-gcc] loaded metadata for stage2-gcc
4 15-08-20 14:25:51 [12/662/662] [binutils] Installing stage2-gcc.f4ad49035ffcc979d01b2906ad2e9aa711da0964b5ce424de0234671aede0522 
4 15-08-20 14:25:51 [12/662/662] [glibc] loaded metadata for glibc
4 15-08-20 14:25:51 [12/662/662] [stage2-gawk] loaded metadata for stage2-gawk
4 15-08-20 14:25:51 [12/662/662] [binutils] Installing stage2-gawk.2ab3b2e9c8471856e54a666c2cca6b00809a71d78078f620b705654993390b3b 
4 15-08-20 14:25:51 [12/662/662] [stage2-fhs-dirs] loaded metadata for stage2-fhs-dirs
4 15-08-20 14:25:51 [12/662/662] [binutils] Installing stage2-fhs-dirs.720694aabff97560c1a93e2697f22f563250493e1691290819c5c92fe2944cab 
4 15-08-20 14:25:51 [12/662/662] [stage2-glibc] loaded metadata for stage2-glibc
4 15-08-20 14:25:51 [12/662/662] [stage2-make] loaded metadata for stage2-make
4 15-08-20 14:25:51 [12/662/662] [binutils] Installing stage2-make.aa763a78bbd47c27a2fab8ceee20f4f907ab5a9252518b3fa0cb4b5b81e14a46 
4 15-08-20 14:25:51 [13/662/662] [binutils] Starting build 
4 15-08-20 14:25:53 [13/662/662] [binutils] Git checkout upstream:binutils-tarball in /src/tmp/tmpJMCt4X/binutils.build 
4 15-08-20 14:25:53 [13/662/662] [binutils] Upstream version 5500a97a binutils-2.25 (binutils-2.25 + 0 commits) 
4 15-08-20 14:25:53 [13/662/662] [binutils] Defined build system is autotools
4 15-08-20 14:25:53 [13/662/662] [binutils] Logging build commands to /src/artifacts/binutils.14915a2085ce11d52f34e9c5ce8201beef7273e385d95bb9995c427447db58a5.build-log.4 
4 15-08-20 14:25:53 [13/662/662] [binutils] Running configure-commands
4 15-08-20 14:25:53 [13/662/662] [binutils] Running command:
./configure --prefix="$PREFIX" --disable-nls --disable-werror \
  --with-system-zlib
 
3 15-08-20 14:25:53 [13/662/662] [binutils] Running strip-commands
3 15-08-20 14:25:53 [13/662/662] [binutils] Running command:
find "$DESTDIR" -type f \
  '(' -perm -111 -o -name '*.so*' -o -name '*.cmxs' -o -name '*.node' ')' \
  -exec sh -ec \
  'read -n4 hdr <"$1"   # check for elf header
  if [ "$hdr" != "$(printf \x7ELF)" ]; then
    exit 0
  fi
  debugfile="$DESTDIR$PREFIX/lib/debug/$(basename "$1")"
  mkdir -p "$(dirname "$debugfile")"
  objcopy --only-keep-debug "$1" "$debugfile"
  chmod 644 "$debugfile"
  strip --remove-section=.comment --remove-section=.note --strip-unneeded "$1"
  objcopy --add-gnu-debuglink "$debugfile" "$1"' - {} ';'
 
4 15-08-20 14:25:54 [13/662/662] [binutils] Running build-commands
4 15-08-20 14:25:54 [13/662/662] [binutils] Running command:
make 
0 15-08-20 14:25:47 [12/662/662] [gawk] Elapsed time for build 00:00:12
0 15-08-20 14:25:47 [12/662/662] [gawk] Starting artifact creation 
0 15-08-20 14:25:47 [12/662/662] [gawk] splitting chunk 
0 15-08-20 14:25:49 [12/662/662] [gawk] Now cached 1486331 bytes as gawk.62242a56c06e47097783ffec7c22ebcb265f077db5ee7a590ac36eeed34b7672
0 15-08-20 14:25:49 [12/662/662] [gawk] Elapsed time for artifact creation 00:00:01
0 15-08-20 14:25:49 [12/662/662] [gawk] Cleaned up /src/tmp/tmpyUig2K
0 15-08-20 14:25:49 [12/662/662] [gawk] Elapsed time for assembly 00:00:15
0 15-08-20 14:25:49 [12/662/662] [build-essential] Installing gawk.62242a56c06e47097783ffec7c22ebcb265f077db5ee7a590ac36eeed34b7672 
0 15-08-20 14:25:49 [12/662/662] [gawk] loaded metadata for strata/build-essential/gawk.morph
0 15-08-20 14:25:49 [12/662/662] [gcc] Starting assembly 
0 15-08-20 14:25:49 [12/662/662] [stage2-gawk] loaded metadata for stage2-gawk
0 15-08-20 14:25:49 [12/662/662] [gcc] Installing stage2-gawk.2ab3b2e9c8471856e54a666c2cca6b00809a71d78078f620b705654993390b3b 
0 15-08-20 14:25:49 [12/662/662] [zlib] loaded metadata for zlib
0 15-08-20 14:25:49 [12/662/662] [gcc] Installing zlib.27275d608c76ea20550c1cb6e38daede972f726a647aa9abd8ed1b65755d539d 
0 15-08-20 14:25:49 [12/662/662] [glibc] loaded metadata for glibc
0 15-08-20 14:25:49 [12/662/662] [m4-tarball] loaded metadata for m4-tarball
0 15-08-20 14:25:49 [12/662/662] [gcc] Installing m4-tarball.0c2d9933239c549f2f8a0b3a2920a70a9d58994a93e6470f12c186228107ce74 
0 15-08-20 14:25:49 [12/662/662] [m4-tarball] loaded metadata for strata/build-essential/m4-tarball.morph
0 15-08-20 14:25:49 [12/662/662] [stage2-glibc] loaded metadata for stage2-glibc
0 15-08-20 14:25:49 [12/662/662] [stage2-fhs-dirs] loaded metadata for stage2-fhs-dirs
0 15-08-20 14:25:49 [12/662/662] [gcc] Installing stage2-fhs-dirs.720694aabff97560c1a93e2697f22f563250493e1691290819c5c92fe2944cab 
0 15-08-20 14:25:50 [12/662/662] [stage2-linux-api-headers] loaded metadata for stage2-linux-api-headers
0 15-08-20 14:25:50 [12/662/662] [stage2-make] loaded metadata for stage2-make
0 15-08-20 14:25:50 [12/662/662] [gcc] Installing stage2-make.aa763a78bbd47c27a2fab8ceee20f4f907ab5a9252518b3fa0cb4b5b81e14a46 
0 15-08-20 14:25:50 [12/662/662] [stage2-gcc] loaded metadata for stage2-gcc
0 15-08-20 14:25:50 [12/662/662] [gcc] Installing stage2-gcc.f4ad49035ffcc979d01b2906ad2e9aa711da0964b5ce424de0234671aede0522 
0 15-08-20 14:25:50 [12/662/662] [stage2-binutils] loaded metadata for stage2-binutils
0 15-08-20 14:25:50 [12/662/662] [gcc] Installing stage2-binutils.3175f086ad037c0283315c5b332c8bbd8850eda1ead9acd02859dd5c1fe85fad 
0 15-08-20 14:25:50 [12/662/662] [linux-api-headers] loaded metadata for linux-api-headers
0 15-08-20 14:25:50 [12/662/662] [stage2-reset-specs] loaded metadata for stage2-reset-specs
0 15-08-20 14:25:50 [12/662/662] [gcc] Installing stage2-reset-specs.f37a9c787711c982424343453023f38cb71e25bead9aa2a753cdb5814582f82d 
0 15-08-20 14:25:50 [12/662/662] [stage2-busybox] loaded metadata for stage2-busybox
0 15-08-20 14:25:50 [12/662/662] [gcc] Installing stage2-busybox.a723c45e102066a6ff4ff6964ff7f7f72c497488823f807f580f17aceeabb7b7 
0 15-08-20 14:25:50 [13/662/662] [gcc] Starting build 
0 15-08-20 14:26:00 [13/662/662] [gcc] Git checkout upstream:gcc-tarball in /src/tmp/tmpDpjA8D/gcc.build 
0 15-08-20 14:26:01 [13/662/662] [gcc] Upstream version b3c9b176 (No tag found) 
0 15-08-20 14:26:02 [13/662/662] [gcc] Defined build system is manual
0 15-08-20 14:26:02 [13/662/662] [gcc] Logging build commands to /src/artifacts/gcc.03e24200e7b35e61a28f11bce604beb373e1c0b978d15a0a91076a7d139c8e6b.build-log.0 
0 15-08-20 14:26:02 [13/662/662] [gcc] Running configure-commands
0 15-08-20 14:26:02 [13/662/662] [gcc] Running command:
mkdir o 
0 15-08-20 14:26:03 [13/662/662] [gcc] Running command:
case "$MORPH_ARCH" in
    armv7lhf) ARCH_FLAGS="--with-arch=armv7-a \
                          --with-cpu=cortex-a9 \
                          --with-tune=cortex-a9 \
                          --with-fpu=vfpv3-d16 \
                          --with-float=hard" ;;
    armv7*)   ARCH_FLAGS="--with-arch=armv7-a" ;;
esac

cd o && ../configure                                        \
          $ARCH_FLAGS                                       \
          --prefix="$PREFIX"                                \
  `# [1]` --libdir=$PREFIX/lib                              \
          --disable-bootstrap                               \
  `# [2]` --with-system-zlib                                \
  `# [3]` --disable-multilib                                \
          --enable-languages=c,c++,fortran
 
0 15-08-20 14:26:04 [13/662/662] [gcc] Running build-commands
0 15-08-20 14:26:04 [13/662/662] [gcc] Running command:
case "$MORPH_ARCH" in
    armv5*)   sed -i "s/--host=none/--host=armv5/" o/Makefile
              sed -i "s/--target=none/--target=armv5/" o/Makefile ;;
    armv7*)   sed -i "s/--host=none/--host=armv7a/" o/Makefile
              sed -i "s/--target=none/--target=armv7a/" o/Makefile ;;
esac
cd o && make
 
4 15-08-20 14:26:26 [13/662/662] [binutils] Running install-commands
4 15-08-20 14:26:26 [13/662/662] [binutils] Running command:
make DESTDIR="$DESTDIR" install 
4 15-08-20 14:26:28 [13/662/662] [binutils] Running strip-commands
4 15-08-20 14:26:28 [13/662/662] [binutils] Running command:
find "$DESTDIR" -type f \
  '(' -perm -111 -o -name '*.so*' -o -name '*.cmxs' -o -name '*.node' ')' \
  -exec sh -ec \
  'read -n4 hdr <"$1"   # check for elf header
  if [ "$hdr" != "$(printf \x7ELF)" ]; then
    exit 0
  fi
  debugfile="$DESTDIR$PREFIX/lib/debug/$(basename "$1")"
  mkdir -p "$(dirname "$debugfile")"
  objcopy --only-keep-debug "$1" "$debugfile"
  chmod 644 "$debugfile"
  strip --remove-section=.comment --remove-section=.note --strip-unneeded "$1"
  objcopy --add-gnu-debuglink "$debugfile" "$1"' - {} ';'
 
3 15-08-20 14:25:53 [13/662/662] [binutils] Elapsed time for build 00:00:31
3 15-08-20 14:25:53 [13/662/662] [binutils] Starting artifact creation 
3 15-08-20 14:25:53 [13/662/662] [binutils] splitting chunk 
3 15-08-20 14:26:25 [13/662/662] [binutils] Now cached 34766362 bytes as binutils.14915a2085ce11d52f34e9c5ce8201beef7273e385d95bb9995c427447db58a5
3 15-08-20 14:26:25 [13/662/662] [binutils] Elapsed time for artifact creation 00:00:31
3 15-08-20 14:26:26 [13/662/662] [binutils] Cleaned up /src/tmp/tmpwVxGdU
3 15-08-20 14:26:26 [13/662/662] [binutils] Elapsed time for assembly 00:01:07
3 15-08-20 14:26:26 [13/662/662] [build-essential] Installing binutils.14915a2085ce11d52f34e9c5ce8201beef7273e385d95bb9995c427447db58a5 
3 15-08-20 14:26:26 [13/662/662] [binutils] loaded metadata for strata/build-essential/binutils.morph
3 15-08-20 14:26:27 [13/662/662] [busybox] loaded metadata for busybox
3 15-08-20 14:26:27 [13/662/662] [build-essential] Installing busybox.b1aeb37aea1437d90e7749f54f4bf8549a135b8dfad1f5941a88082831fa9b8b 
3 15-08-20 14:26:27 [13/662/662] [busybox] loaded metadata for strata/build-essential/busybox.morph
3 15-08-20 14:26:27 [13/662/662] [fhs-dirs] loaded metadata for fhs-dirs
3 15-08-20 14:26:27 [13/662/662] [build-essential] Installing fhs-dirs.db5bbe26bff0c8cb21fd794d0a4c985b0eed76d7d2e53080d6df57b1ab88b8f3 
3 15-08-20 14:26:27 [13/662/662] [fhs-dirs] loaded metadata for strata/build-essential/fhs-dirs.morph
3 15-08-20 14:26:27 [13/662/662] [gawk] loaded metadata for gawk
3 15-08-20 14:26:27 [13/662/662] [build-essential] Installing gawk.62242a56c06e47097783ffec7c22ebcb265f077db5ee7a590ac36eeed34b7672 
3 15-08-20 14:26:27 [13/662/662] [gawk] loaded metadata for strata/build-essential/gawk.morph
3 15-08-20 14:26:27 [13/662/662] [glibc] loaded metadata for glibc
3 15-08-20 14:26:27 [13/662/662] [gcc] Starting assembly 
3 15-08-20 14:26:27 [13/662/662] [linux-api-headers] loaded metadata for linux-api-headers
3 15-08-20 14:26:27 [13/662/662] [gcc] Installing linux-api-headers.237a2ba2311e24708b67b1c90cc89838284fc01385cf4a084bfad8e2c65499a5 
3 15-08-20 14:26:27 [13/662/662] [zlib] loaded metadata for zlib
3 15-08-20 14:26:27 [13/662/662] [gcc] Installing zlib.27275d608c76ea20550c1cb6e38daede972f726a647aa9abd8ed1b65755d539d 
3 15-08-20 14:26:27 [13/662/662] [stage2-reset-specs] loaded metadata for stage2-reset-specs
3 15-08-20 14:26:27 [13/662/662] [gcc] Installing stage2-reset-specs.f37a9c787711c982424343453023f38cb71e25bead9aa2a753cdb5814582f82d 
3 15-08-20 14:26:27 [13/662/662] [m4-tarball] loaded metadata for m4-tarball
3 15-08-20 14:26:27 [13/662/662] [gcc] Installing m4-tarball.0c2d9933239c549f2f8a0b3a2920a70a9d58994a93e6470f12c186228107ce74 
3 15-08-20 14:26:28 [13/662/662] [m4-tarball] loaded metadata for strata/build-essential/m4-tarball.morph
3 15-08-20 14:26:28 [13/662/662] [stage2-gawk] loaded metadata for stage2-gawk
3 15-08-20 14:26:28 [13/662/662] [gcc] Installing stage2-gawk.2ab3b2e9c8471856e54a666c2cca6b00809a71d78078f620b705654993390b3b 
3 15-08-20 14:26:28 [13/662/662] [glibc] loaded metadata for glibc
3 15-08-20 14:26:28 [13/662/662] [stage2-busybox] loaded metadata for stage2-busybox
3 15-08-20 14:26:28 [13/662/662] [gcc] Installing stage2-busybox.a723c45e102066a6ff4ff6964ff7f7f72c497488823f807f580f17aceeabb7b7 
3 15-08-20 14:26:28 [13/662/662] [stage2-glibc] loaded metadata for stage2-glibc
3 15-08-20 14:26:28 [13/662/662] [stage2-fhs-dirs] loaded metadata for stage2-fhs-dirs
3 15-08-20 14:26:28 [13/662/662] [gcc] Installing stage2-fhs-dirs.720694aabff97560c1a93e2697f22f563250493e1691290819c5c92fe2944cab 
3 15-08-20 14:26:28 [13/662/662] [stage2-make] loaded metadata for stage2-make
3 15-08-20 14:26:28 [13/662/662] [gcc] Installing stage2-make.aa763a78bbd47c27a2fab8ceee20f4f907ab5a9252518b3fa0cb4b5b81e14a46 
3 15-08-20 14:26:28 [13/662/662] [stage2-binutils] loaded metadata for stage2-binutils
3 15-08-20 14:26:28 [13/662/662] [gcc] Installing stage2-binutils.3175f086ad037c0283315c5b332c8bbd8850eda1ead9acd02859dd5c1fe85fad 
3 15-08-20 14:26:28 [13/662/662] [stage2-linux-api-headers] loaded metadata for stage2-linux-api-headers
3 15-08-20 14:26:28 [13/662/662] [stage2-gcc] loaded metadata for stage2-gcc
3 15-08-20 14:26:28 [13/662/662] [gcc] Installing stage2-gcc.f4ad49035ffcc979d01b2906ad2e9aa711da0964b5ce424de0234671aede0522 
3 15-08-20 14:26:28 [14/662/662] [gcc] Starting build 
3 15-08-20 14:26:42 [14/662/662] [gcc] Git checkout upstream:gcc-tarball in /src/tmp/tmpu4Hr6z/gcc.build 
3 15-08-20 14:26:43 [14/662/662] [gcc] Upstream version b3c9b176 (No tag found) 
3 15-08-20 14:26:44 [14/662/662] [gcc] Defined build system is manual
3 15-08-20 14:26:44 [14/662/662] [gcc] Logging build commands to /src/artifacts/gcc.03e24200e7b35e61a28f11bce604beb373e1c0b978d15a0a91076a7d139c8e6b.build-log.3 
3 15-08-20 14:26:44 [14/662/662] [gcc] Running configure-commands
3 15-08-20 14:26:44 [14/662/662] [gcc] Running command:
mkdir o 
3 15-08-20 14:26:44 [14/662/662] [gcc] Running command:
case "$MORPH_ARCH" in
    armv7lhf) ARCH_FLAGS="--with-arch=armv7-a \
                          --with-cpu=cortex-a9 \
                          --with-tune=cortex-a9 \
                          --with-fpu=vfpv3-d16 \
                          --with-float=hard" ;;
    armv7*)   ARCH_FLAGS="--with-arch=armv7-a" ;;
esac

cd o && ../configure                                        \
          $ARCH_FLAGS                                       \
          --prefix="$PREFIX"                                \
  `# [1]` --libdir=$PREFIX/lib                              \
          --disable-bootstrap                               \
  `# [2]` --with-system-zlib                                \
  `# [3]` --disable-multilib                                \
          --enable-languages=c,c++,fortran
 
3 15-08-20 14:26:46 [14/662/662] [gcc] Running build-commands
3 15-08-20 14:26:46 [14/662/662] [gcc] Running command:
case "$MORPH_ARCH" in
    armv5*)   sed -i "s/--host=none/--host=armv5/" o/Makefile
              sed -i "s/--target=none/--target=armv5/" o/Makefile ;;
    armv7*)   sed -i "s/--host=none/--host=armv7a/" o/Makefile
              sed -i "s/--target=none/--target=armv7a/" o/Makefile ;;
esac
cd o && make
 
4 15-08-20 14:26:28 [13/662/662] [binutils] Elapsed time for build 00:00:36
4 15-08-20 14:26:28 [13/662/662] [binutils] Starting artifact creation 
4 15-08-20 14:26:28 [13/662/662] [binutils] splitting chunk 
4 15-08-20 14:26:28 [13/662/662] [binutils] Bah! I could have cached binutils.14915a2085ce11d52f34e9c5ce8201beef7273e385d95bb9995c427447db58a5
4 15-08-20 14:26:28 [13/662/662] [binutils] Elapsed time for artifact creation 00:00:00
4 15-08-20 14:26:29 [13/662/662] [binutils] Cleaned up /src/tmp/tmpJMCt4X
4 15-08-20 14:26:29 [13/662/662] [binutils] Elapsed time for assembly 00:00:38
4 15-08-20 14:26:29 [13/662/662] [build-essential] Installing binutils.14915a2085ce11d52f34e9c5ce8201beef7273e385d95bb9995c427447db58a5 
4 15-08-20 14:26:29 [13/662/662] [binutils] loaded metadata for strata/build-essential/binutils.morph
4 15-08-20 14:26:29 [13/662/662] [m4-tarball] loaded metadata for m4-tarball
4 15-08-20 14:26:29 [13/662/662] [build-essential] Installing m4-tarball.0c2d9933239c549f2f8a0b3a2920a70a9d58994a93e6470f12c186228107ce74 
4 15-08-20 14:26:29 [13/662/662] [m4-tarball] loaded metadata for strata/build-essential/m4-tarball.morph
4 15-08-20 14:26:29 [13/662/662] [zlib] loaded metadata for zlib
4 15-08-20 14:26:29 [13/662/662] [gcc] Starting assembly 
4 15-08-20 14:26:29 [13/662/662] [stage2-gawk] loaded metadata for stage2-gawk
4 15-08-20 14:26:29 [13/662/662] [gcc] Installing stage2-gawk.2ab3b2e9c8471856e54a666c2cca6b00809a71d78078f620b705654993390b3b 
4 15-08-20 14:26:29 [13/662/662] [m4-tarball] loaded metadata for m4-tarball
4 15-08-20 14:26:29 [13/662/662] [gcc] Installing m4-tarball.0c2d9933239c549f2f8a0b3a2920a70a9d58994a93e6470f12c186228107ce74 
4 15-08-20 14:26:29 [13/662/662] [stage2-glibc] loaded metadata for stage2-glibc
4 15-08-20 14:26:29 [13/662/662] [stage2-fhs-dirs] loaded metadata for stage2-fhs-dirs
4 15-08-20 14:26:29 [13/662/662] [gcc] Installing stage2-fhs-dirs.720694aabff97560c1a93e2697f22f563250493e1691290819c5c92fe2944cab 
4 15-08-20 14:26:29 [13/662/662] [stage2-linux-api-headers] loaded metadata for stage2-linux-api-headers
4 15-08-20 14:26:29 [13/662/662] [stage2-binutils] loaded metadata for stage2-binutils
4 15-08-20 14:26:29 [13/662/662] [gcc] Installing stage2-binutils.3175f086ad037c0283315c5b332c8bbd8850eda1ead9acd02859dd5c1fe85fad 
4 15-08-20 14:26:29 [13/662/662] [zlib] loaded metadata for zlib
4 15-08-20 14:26:29 [13/662/662] [gcc] Installing zlib.27275d608c76ea20550c1cb6e38daede972f726a647aa9abd8ed1b65755d539d 
4 15-08-20 14:26:30 [13/662/662] [stage2-gcc] loaded metadata for stage2-gcc
4 15-08-20 14:26:30 [13/662/662] [gcc] Installing stage2-gcc.f4ad49035ffcc979d01b2906ad2e9aa711da0964b5ce424de0234671aede0522 
4 15-08-20 14:26:30 [13/662/662] [glibc] loaded metadata for glibc
4 15-08-20 14:26:30 [13/662/662] [stage2-busybox] loaded metadata for stage2-busybox
4 15-08-20 14:26:30 [13/662/662] [gcc] Installing stage2-busybox.a723c45e102066a6ff4ff6964ff7f7f72c497488823f807f580f17aceeabb7b7 
4 15-08-20 14:26:30 [13/662/662] [stage2-reset-specs] loaded metadata for stage2-reset-specs
4 15-08-20 14:26:30 [13/662/662] [gcc] Installing stage2-reset-specs.f37a9c787711c982424343453023f38cb71e25bead9aa2a753cdb5814582f82d 
4 15-08-20 14:26:30 [13/662/662] [linux-api-headers] loaded metadata for linux-api-headers
4 15-08-20 14:26:30 [13/662/662] [stage2-make] loaded metadata for stage2-make
4 15-08-20 14:26:30 [13/662/662] [gcc] Installing stage2-make.aa763a78bbd47c27a2fab8ceee20f4f907ab5a9252518b3fa0cb4b5b81e14a46 
4 15-08-20 14:26:30 [14/662/662] [gcc] Starting build 
4 15-08-20 14:26:45 [14/662/662] [gcc] Git checkout upstream:gcc-tarball in /src/tmp/tmpI8q7rL/gcc.build 
4 15-08-20 14:26:45 [14/662/662] [gcc] Upstream version b3c9b176 (No tag found) 
4 15-08-20 14:26:47 [14/662/662] [gcc] Defined build system is manual
4 15-08-20 14:26:47 [14/662/662] [gcc] Logging build commands to /src/artifacts/gcc.03e24200e7b35e61a28f11bce604beb373e1c0b978d15a0a91076a7d139c8e6b.build-log.4 
4 15-08-20 14:26:47 [14/662/662] [gcc] Running configure-commands
4 15-08-20 14:26:47 [14/662/662] [gcc] Running command:
mkdir o 
4 15-08-20 14:26:48 [14/662/662] [gcc] Running command:
case "$MORPH_ARCH" in
    armv7lhf) ARCH_FLAGS="--with-arch=armv7-a \
                          --with-cpu=cortex-a9 \
                          --with-tune=cortex-a9 \
                          --with-fpu=vfpv3-d16 \
                          --with-float=hard" ;;
    armv7*)   ARCH_FLAGS="--with-arch=armv7-a" ;;
esac

cd o && ../configure                                        \
          $ARCH_FLAGS                                       \
          --prefix="$PREFIX"                                \
  `# [1]` --libdir=$PREFIX/lib                              \
          --disable-bootstrap                               \
  `# [2]` --with-system-zlib                                \
  `# [3]` --disable-multilib                                \
          --enable-languages=c,c++,fortran
 
4 15-08-20 14:26:49 [14/662/662] [gcc] Running build-commands
4 15-08-20 14:26:49 [14/662/662] [gcc] Running command:
case "$MORPH_ARCH" in
    armv5*)   sed -i "s/--host=none/--host=armv5/" o/Makefile
              sed -i "s/--target=none/--target=armv5/" o/Makefile ;;
    armv7*)   sed -i "s/--host=none/--host=armv7a/" o/Makefile
              sed -i "s/--target=none/--target=armv7a/" o/Makefile ;;
esac
cd o && make
 
2 15-08-20 14:30:05 [12/662/662] [gcc] Running install-commands
2 15-08-20 14:30:05 [12/662/662] [gcc] Running command:
cd o && make DESTDIR="$DESTDIR" install 
2 15-08-20 14:30:12 [12/662/662] [gcc] Running command:
ln -s gcc "$DESTDIR/$PREFIX/bin/cc" 
2 15-08-20 14:30:12 [12/662/662] [gcc] Running command:
for fortran_alias in f77 f90 f95; do
  ln -s gfortran "$DESTDIR/$PREFIX/bin/$fortran_alias"
done
 
0 15-08-20 14:30:22 [13/662/662] [gcc] Running install-commands
0 15-08-20 14:30:22 [13/662/662] [gcc] Running command:
cd o && make DESTDIR="$DESTDIR" install 
0 15-08-20 14:30:28 [13/662/662] [gcc] Running command:
ln -s gcc "$DESTDIR/$PREFIX/bin/cc" 
0 15-08-20 14:30:28 [13/662/662] [gcc] Running command:
for fortran_alias in f77 f90 f95; do
  ln -s gfortran "$DESTDIR/$PREFIX/bin/$fortran_alias"
done
 
4 15-08-20 14:30:53 [14/662/662] [gcc] Running install-commands
4 15-08-20 14:30:53 [14/662/662] [gcc] Running command:
cd o && make DESTDIR="$DESTDIR" install 
3 15-08-20 14:30:55 [14/662/662] [gcc] Running install-commands
3 15-08-20 14:30:55 [14/662/662] [gcc] Running command:
cd o && make DESTDIR="$DESTDIR" install 
4 15-08-20 14:31:01 [14/662/662] [gcc] Running command:
ln -s gcc "$DESTDIR/$PREFIX/bin/cc" 
4 15-08-20 14:31:01 [14/662/662] [gcc] Running command:
for fortran_alias in f77 f90 f95; do
  ln -s gfortran "$DESTDIR/$PREFIX/bin/$fortran_alias"
done
 
3 15-08-20 14:31:02 [14/662/662] [gcc] Running command:
ln -s gcc "$DESTDIR/$PREFIX/bin/cc" 
3 15-08-20 14:31:02 [14/662/662] [gcc] Running command:
for fortran_alias in f77 f90 f95; do
  ln -s gfortran "$DESTDIR/$PREFIX/bin/$fortran_alias"
done
 
2 15-08-20 14:30:13 [12/662/662] [gcc] Elapsed time for build 00:04:37
2 15-08-20 14:30:13 [12/662/662] [gcc] Starting artifact creation 
2 15-08-20 14:30:13 [12/662/662] [gcc] splitting chunk 
2 15-08-20 14:32:46 [12/662/662] [gcc] Now cached 181236118 bytes as gcc.03e24200e7b35e61a28f11bce604beb373e1c0b978d15a0a91076a7d139c8e6b
2 15-08-20 14:32:46 [12/662/662] [gcc] Elapsed time for artifact creation 00:02:33
2 15-08-20 14:32:49 [12/662/662] [gcc] Cleaned up /src/tmp/tmpAJ56x7
2 15-08-20 14:32:49 [12/662/662] [gcc] Elapsed time for assembly 00:07:14
2 15-08-20 14:32:49 [12/662/662] [build-essential] Installing gcc.03e24200e7b35e61a28f11bce604beb373e1c0b978d15a0a91076a7d139c8e6b 
2 15-08-20 14:32:49 [12/662/662] [gcc] loaded metadata for strata/build-essential/gcc.morph
2 15-08-20 14:32:53 [12/662/662] [fhs-dirs] loaded metadata for fhs-dirs
2 15-08-20 14:32:53 [12/662/662] [build-essential] Installing fhs-dirs.db5bbe26bff0c8cb21fd794d0a4c985b0eed76d7d2e53080d6df57b1ab88b8f3 
2 15-08-20 14:32:53 [12/662/662] [fhs-dirs] loaded metadata for strata/build-essential/fhs-dirs.morph
2 15-08-20 14:32:53 [12/662/662] [glibc] loaded metadata for glibc
2 15-08-20 14:32:53 [12/662/662] [linux-api-headers] loaded metadata for linux-api-headers
2 15-08-20 14:32:53 [12/662/662] [make] loaded metadata for make
2 15-08-20 14:32:53 [12/662/662] [build-essential] Installing make.8d23551037112ef49a3dba7b7760762186216f0470aa31e1f5558bf91b6e8ee4 
2 15-08-20 14:32:53 [12/662/662] [make] loaded metadata for strata/build-essential/make.morph
2 15-08-20 14:32:53 [12/662/662] [binutils] loaded metadata for binutils
2 15-08-20 14:32:53 [12/662/662] [build-essential] Installing binutils.14915a2085ce11d52f34e9c5ce8201beef7273e385d95bb9995c427447db58a5 
2 15-08-20 14:32:53 [12/662/662] [binutils] loaded metadata for strata/build-essential/binutils.morph
2 15-08-20 14:32:53 [12/662/662] [busybox] loaded metadata for busybox
2 15-08-20 14:32:53 [12/662/662] [build-essential] Installing busybox.b1aeb37aea1437d90e7749f54f4bf8549a135b8dfad1f5941a88082831fa9b8b 
2 15-08-20 14:32:54 [12/662/662] [busybox] loaded metadata for strata/build-essential/busybox.morph
2 15-08-20 14:32:54 [12/662/662] [gawk] loaded metadata for gawk
2 15-08-20 14:32:54 [12/662/662] [build-essential] Installing gawk.62242a56c06e47097783ffec7c22ebcb265f077db5ee7a590ac36eeed34b7672 
2 15-08-20 14:32:54 [12/662/662] [gawk] loaded metadata for strata/build-essential/gawk.morph
2 15-08-20 14:32:54 [12/662/662] [zlib] loaded metadata for zlib
2 15-08-20 14:32:54 [13/662/662] [build-essential] Starting build 
2 15-08-20 14:32:54 [13/662/662] [build-essential] Defined build system is manual
2 15-08-20 14:32:54 [13/662/662] [build-essential] Logging build commands to /src/artifacts/build-essential.e1bdf843212f662b23383566b09874097b32deae33d512280a33572574f5d94f.build-log.2 
2 15-08-20 14:32:54 [13/662/662] [build-essential] Elapsed time for build 00:00:00
2 15-08-20 14:32:54 [13/662/662] [build-essential] Starting artifact creation 
2 15-08-20 14:32:54 [13/662/662] [build-essential] splitting stratum 
2 15-08-20 14:32:54 [13/662/662] [build-essential] Now cached 792 bytes as build-essential.e1bdf843212f662b23383566b09874097b32deae33d512280a33572574f5d94f
2 15-08-20 14:32:54 [13/662/662] [build-essential] Elapsed time for artifact creation 00:00:00
2 15-08-20 14:32:54 [13/662/662] [build-essential] Cleaned up /src/tmp/tmpuo1csM
2 15-08-20 14:32:54 [13/662/662] [build-essential] Elapsed time for assembly 00:26:47
2 15-08-20 14:32:54 [13/662/662] [help2man] Installing build-essential.e1bdf843212f662b23383566b09874097b32deae33d512280a33572574f5d94f 
2 15-08-20 14:32:54 [13/662/662] [build-essential] loaded metadata for strata/build-essential.morph
2 15-08-20 14:32:54 [13/662/662] [automake] Starting assembly 
2 15-08-20 14:32:54 [13/662/662] [autoconf-tarball] Starting assembly 
2 15-08-20 14:32:54 [13/662/662] [perl] Starting assembly 
2 15-08-20 14:32:54 [13/662/662] [gdbm] Starting assembly 
2 15-08-20 14:32:54 [13/662/662] [build-essential] loaded metadata for build-essential
2 15-08-20 14:32:54 [13/662/662] [gdbm] Installing build-essential.e1bdf843212f662b23383566b09874097b32deae33d512280a33572574f5d94f 
2 15-08-20 14:32:54 [14/662/662] [gdbm] Starting build 
2 15-08-20 14:32:54 [14/662/662] [gdbm] Git checkout upstream:gdbm-tarball in /src/tmp/tmpnIjTRw/gdbm.build 
2 15-08-20 14:32:54 [14/662/662] [gdbm] Upstream version e5faeaaf gdbm-1.11 (gdbm-1.11 + 0 commits) 
2 15-08-20 14:32:54 [14/662/662] [gdbm] Defined build system is manual
2 15-08-20 14:32:54 [14/662/662] [gdbm] Logging build commands to /src/artifacts/gdbm.cb78fef1c32c1e15fabbf288cffe5af3530f8f7d90eaa847e3ed19e2ab7119b3.build-log.2 
2 15-08-20 14:32:54 [14/662/662] [gdbm] Running configure-commands
2 15-08-20 14:32:54 [14/662/662] [gdbm] Running command:
./configure --prefix="$PREFIX" --enable-libgdbm-compat --disable-nls 
2 15-08-20 14:32:57 [14/662/662] [gdbm] Running build-commands
2 15-08-20 14:32:57 [14/662/662] [gdbm] Running command:
make MANS= INFO_DEPS= 
2 15-08-20 14:32:58 [14/662/662] [gdbm] Running install-commands
2 15-08-20 14:32:58 [14/662/662] [gdbm] Running command:
make MANS= INFO_DEPS= DESTDIR="$DESTDIR" install 
2 15-08-20 14:32:58 [14/662/662] [gdbm] Elapsed time for build 00:00:04
2 15-08-20 14:32:58 [14/662/662] [gdbm] Starting artifact creation 
2 15-08-20 14:32:58 [14/662/662] [gdbm] splitting chunk 
2 15-08-20 14:32:59 [14/662/662] [gdbm] Now cached 397291 bytes as gdbm.cb78fef1c32c1e15fabbf288cffe5af3530f8f7d90eaa847e3ed19e2ab7119b3
2 15-08-20 14:32:59 [14/662/662] [gdbm] Elapsed time for artifact creation 00:00:00
2 15-08-20 14:32:59 [14/662/662] [gdbm] Cleaned up /src/tmp/tmpnIjTRw
2 15-08-20 14:32:59 [14/662/662] [gdbm] Elapsed time for assembly 00:00:04
2 15-08-20 14:32:59 [14/662/662] [perl] Installing gdbm.cb78fef1c32c1e15fabbf288cffe5af3530f8f7d90eaa847e3ed19e2ab7119b3 
2 15-08-20 14:32:59 [14/662/662] [gdbm] loaded metadata for strata/core/gdbm.morph
2 15-08-20 14:32:59 [14/662/662] [build-essential] loaded metadata for build-essential
2 15-08-20 14:32:59 [15/662/662] [perl] Starting build 
2 15-08-20 14:33:00 [15/662/662] [perl] Git checkout upstream:perl in /src/tmp/tmp9hkwDb/perl.build 
2 15-08-20 14:33:00 [15/662/662] [perl] Upstream version 70f63a4c v5.22.0 (v5.22.0 + 0 commits) 
2 15-08-20 14:33:00 [15/662/662] [perl] Defined build system is manual
2 15-08-20 14:33:00 [15/662/662] [perl] Logging build commands to /src/artifacts/perl.670fbbb974c10f9593857049109dfc99f1adcab032fdc5a88598d7776a1a819a.build-log.2 
2 15-08-20 14:33:00 [15/662/662] [perl] Running configure-commands
2 15-08-20 14:33:00 [15/662/662] [perl] Running command:
sh Configure -des -Dprefix="$PREFIX" -Darchlib="$PREFIX/lib/perl" -Dprivlib="$PREFIX/share/perl" -Dbin="$PREFIX/bin" -Dscriptdir="$PREFIX/bin" -Dman1dir="$PREFIX/share/man/man1" -Dman3dir="$PREFIX/share/man/man3" -Dsiteprefix="$PREFIX" -Dsitearch="$PREFIX/lib/perl" -Dsitelib="$PREFIX/share/perl" -Dsitebin="$PREFIX/bin" -Dsitescript="$PREFIX/bin" -Dsiteman1dir="$PREFIX/share/man/man1" -Dsiteman3dir="$PREFIX/share/man/man3" -Dvendorprefix="$PREFIX" -Dvendorarch="$PREFIX/lib/perl" -Dvendorlib="$PREFIX/share/perl" -Dvendorbin="$PREFIX/bin" -Dvendorscript="$PREFIX/bin" -Dvendorman1dir="$PREFIX/share/man/man1" -Dvendorman3dir="$PREFIX/share/man/man3" -Dpager="$PREFIX/bin/less -isR" -Duseshrplib 
0 15-08-20 14:30:28 [13/662/662] [gcc] Elapsed time for build 00:04:38
0 15-08-20 14:30:28 [13/662/662] [gcc] Starting artifact creation 
0 15-08-20 14:30:28 [13/662/662] [gcc] splitting chunk 
0 15-08-20 14:33:03 [13/662/662] [gcc] Bah! I raced and rebuilt gcc.03e24200e7b35e61a28f11bce604beb373e1c0b978d15a0a91076a7d139c8e6b
0 15-08-20 14:33:03 [13/662/662] [gcc] Elapsed time for artifact creation 00:02:34
0 15-08-20 14:33:05 [13/662/662] [gcc] Cleaned up /src/tmp/tmpDpjA8D
0 15-08-20 14:33:05 [13/662/662] [gcc] Elapsed time for assembly 00:07:16
0 15-08-20 14:33:05 [13/662/662] [build-essential] Installing gcc.03e24200e7b35e61a28f11bce604beb373e1c0b978d15a0a91076a7d139c8e6b 
0 15-08-20 14:33:06 [13/662/662] [gcc] loaded metadata for strata/build-essential/gcc.morph
0 15-08-20 14:33:06 [13/662/662] [zlib] loaded metadata for zlib
0 15-08-20 14:33:06 [13/662/662] [fhs-dirs] loaded metadata for fhs-dirs
0 15-08-20 14:33:06 [13/662/662] [build-essential] Installing fhs-dirs.db5bbe26bff0c8cb21fd794d0a4c985b0eed76d7d2e53080d6df57b1ab88b8f3 
0 15-08-20 14:33:06 [13/662/662] [fhs-dirs] loaded metadata for strata/build-essential/fhs-dirs.morph
0 15-08-20 14:33:06 [13/662/662] [linux-api-headers] loaded metadata for linux-api-headers
0 15-08-20 14:33:06 [13/662/662] [ccache] loaded metadata for ccache
0 15-08-20 14:33:06 [13/662/662] [build-essential] Installing ccache.dcf062f109a0d9cd03b356b91a895f87500fe901566e15bc0ddaa580f384bf59 
0 15-08-20 14:33:06 [13/662/662] [ccache] loaded metadata for strata/build-essential/ccache.morph
0 15-08-20 14:33:06 [13/662/662] [glibc] loaded metadata for glibc
0 15-08-20 14:33:06 [13/662/662] [binutils] loaded metadata for binutils
0 15-08-20 14:33:06 [13/662/662] [build-essential] Installing binutils.14915a2085ce11d52f34e9c5ce8201beef7273e385d95bb9995c427447db58a5 
0 15-08-20 14:33:06 [13/662/662] [binutils] loaded metadata for strata/build-essential/binutils.morph
0 15-08-20 14:33:06 [13/662/662] [m4-tarball] loaded metadata for m4-tarball
0 15-08-20 14:33:06 [14/662/662] [build-essential] Starting build 
0 15-08-20 14:33:06 [14/662/662] [build-essential] Defined build system is manual
0 15-08-20 14:33:06 [14/662/662] [build-essential] Logging build commands to /src/artifacts/build-essential.e1bdf843212f662b23383566b09874097b32deae33d512280a33572574f5d94f.build-log.0 
0 15-08-20 14:33:06 [14/662/662] [build-essential] Elapsed time for build 00:00:00
0 15-08-20 14:33:06 [14/662/662] [build-essential] Starting artifact creation 
0 15-08-20 14:33:06 [14/662/662] [build-essential] splitting stratum 
0 15-08-20 14:33:06 [14/662/662] [build-essential] Bah! I could have cached build-essential.e1bdf843212f662b23383566b09874097b32deae33d512280a33572574f5d94f
0 15-08-20 14:33:06 [14/662/662] [build-essential] Elapsed time for artifact creation 00:00:00
0 15-08-20 14:33:06 [14/662/662] [build-essential] Cleaned up /src/tmp/tmpfEJr7y
0 15-08-20 14:33:06 [14/662/662] [build-essential] Elapsed time for assembly 00:27:00
0 15-08-20 14:33:06 [14/662/662] [file] Installing build-essential.e1bdf843212f662b23383566b09874097b32deae33d512280a33572574f5d94f 
0 15-08-20 14:33:06 [14/662/662] [build-essential] loaded metadata for strata/build-essential.morph
0 15-08-20 14:33:06 [15/662/662] [file] Starting build 
0 15-08-20 14:33:06 [15/662/662] [file] Git checkout upstream:file in /src/tmp/tmpByEgCH/file.build 
0 15-08-20 14:33:06 [15/662/662] [file] Upstream version f69c3fd9 file-5.22 (file-5.22 + 0 commits) 
0 15-08-20 14:33:06 [15/662/662] [file] Autodetected build system is autotools
0 15-08-20 14:33:06 [15/662/662] [file] Logging build commands to /src/artifacts/file.b93464e40aed13401a3a18dbea474f7a40605ba943cb3e6154df9d77fd1ca76d.build-log.0 
0 15-08-20 14:33:06 [15/662/662] [file] Running configure-commands
0 15-08-20 14:33:06 [15/662/662] [file] Running command:
export NOCONFIGURE=1
if [ -e autogen ]; then ./autogen
elif [ -e autogen.sh ]; then ./autogen.sh
elif [ ! -e ./configure ]; then autoreconf -ivf
fi
./configure --prefix="$PREFIX"
 
0 15-08-20 14:33:11 [15/662/662] [file] Running build-commands
0 15-08-20 14:33:11 [15/662/662] [file] Running command:
make 
0 15-08-20 14:33:12 [15/662/662] [file] Running install-commands
0 15-08-20 14:33:12 [15/662/662] [file] Running command:
make DESTDIR="$DESTDIR" install 
0 15-08-20 14:33:12 [15/662/662] [file] Running strip-commands
0 15-08-20 14:33:12 [15/662/662] [file] Running command:
find "$DESTDIR" -type f \
  '(' -perm -111 -o -name '*.so*' -o -name '*.cmxs' -o -name '*.node' ')' \
  -exec sh -ec \
  'read -n4 hdr <"$1"   # check for elf header
  if [ "$hdr" != "$(printf \x7ELF)" ]; then
    exit 0
  fi
  debugfile="$DESTDIR$PREFIX/lib/debug/$(basename "$1")"
  mkdir -p "$(dirname "$debugfile")"
  objcopy --only-keep-debug "$1" "$debugfile"
  chmod 644 "$debugfile"
  strip --remove-section=.comment --remove-section=.note --strip-unneeded "$1"
  objcopy --add-gnu-debuglink "$debugfile" "$1"' - {} ';'
 
0 15-08-20 14:33:12 [15/662/662] [file] Elapsed time for build 00:00:05
0 15-08-20 14:33:12 [15/662/662] [file] Starting artifact creation 
0 15-08-20 14:33:12 [15/662/662] [file] splitting chunk 
0 15-08-20 14:33:13 [15/662/662] [file] Now cached 406683 bytes as file.b93464e40aed13401a3a18dbea474f7a40605ba943cb3e6154df9d77fd1ca76d
0 15-08-20 14:33:13 [15/662/662] [file] Elapsed time for artifact creation 00:00:00
0 15-08-20 14:33:13 [15/662/662] [file] Cleaned up /src/tmp/tmpByEgCH
0 15-08-20 14:33:13 [15/662/662] [file] Elapsed time for assembly 00:27:06
0 15-08-20 14:33:13 [15/662/662] [attr] Installing file.b93464e40aed13401a3a18dbea474f7a40605ba943cb3e6154df9d77fd1ca76d 
0 15-08-20 14:33:13 [15/662/662] [file] loaded metadata for file
0 15-08-20 14:33:13 [15/662/662] [automake] Starting assembly 
0 15-08-20 14:33:13 [15/662/662] [autoconf-tarball] Starting assembly 
0 15-08-20 14:33:13 [15/662/662] [build-essential] loaded metadata for build-essential
0 15-08-20 14:33:13 [15/662/662] [autoconf-tarball] Installing build-essential.e1bdf843212f662b23383566b09874097b32deae33d512280a33572574f5d94f 
0 15-08-20 14:33:13 [15/662/662] [perl] Starting assembly 
0 15-08-20 14:33:13 [15/662/662] [gdbm] loaded metadata for gdbm
0 15-08-20 14:33:13 [15/662/662] [perl] Installing gdbm.cb78fef1c32c1e15fabbf288cffe5af3530f8f7d90eaa847e3ed19e2ab7119b3 
0 15-08-20 14:33:13 [15/662/662] [gdbm] loaded metadata for strata/core/gdbm.morph
0 15-08-20 14:33:13 [15/662/662] [build-essential] loaded metadata for build-essential
0 15-08-20 14:33:13 [16/662/662] [perl] Starting build 
0 15-08-20 14:33:14 [16/662/662] [perl] Git checkout upstream:perl in /src/tmp/tmpWRBy7B/perl.build 
0 15-08-20 14:33:15 [16/662/662] [perl] Upstream version 70f63a4c v5.22.0 (v5.22.0 + 0 commits) 
0 15-08-20 14:33:15 [16/662/662] [perl] Defined build system is manual
0 15-08-20 14:33:15 [16/662/662] [perl] Logging build commands to /src/artifacts/perl.670fbbb974c10f9593857049109dfc99f1adcab032fdc5a88598d7776a1a819a.build-log.0 
0 15-08-20 14:33:15 [16/662/662] [perl] Running configure-commands
0 15-08-20 14:33:15 [16/662/662] [perl] Running command:
sh Configure -des -Dprefix="$PREFIX" -Darchlib="$PREFIX/lib/perl" -Dprivlib="$PREFIX/share/perl" -Dbin="$PREFIX/bin" -Dscriptdir="$PREFIX/bin" -Dman1dir="$PREFIX/share/man/man1" -Dman3dir="$PREFIX/share/man/man3" -Dsiteprefix="$PREFIX" -Dsitearch="$PREFIX/lib/perl" -Dsitelib="$PREFIX/share/perl" -Dsitebin="$PREFIX/bin" -Dsitescript="$PREFIX/bin" -Dsiteman1dir="$PREFIX/share/man/man1" -Dsiteman3dir="$PREFIX/share/man/man3" -Dvendorprefix="$PREFIX" -Dvendorarch="$PREFIX/lib/perl" -Dvendorlib="$PREFIX/share/perl" -Dvendorbin="$PREFIX/bin" -Dvendorscript="$PREFIX/bin" -Dvendorman1dir="$PREFIX/share/man/man1" -Dvendorman3dir="$PREFIX/share/man/man3" -Dpager="$PREFIX/bin/less -isR" -Duseshrplib 
2 15-08-20 14:33:30 [15/662/662] [perl] Running build-commands
2 15-08-20 14:33:30 [15/662/662] [perl] Running command:
make 
4 15-08-20 14:31:01 [14/662/662] [gcc] Elapsed time for build 00:04:30
4 15-08-20 14:31:01 [14/662/662] [gcc] Starting artifact creation 
4 15-08-20 14:31:01 [14/662/662] [gcc] splitting chunk 
4 15-08-20 14:33:34 [14/662/662] [gcc] Bah! I raced and rebuilt gcc.03e24200e7b35e61a28f11bce604beb373e1c0b978d15a0a91076a7d139c8e6b
4 15-08-20 14:33:34 [14/662/662] [gcc] Elapsed time for artifact creation 00:02:32
4 15-08-20 14:33:37 [14/662/662] [gcc] Cleaned up /src/tmp/tmpI8q7rL
4 15-08-20 14:33:37 [14/662/662] [gcc] Elapsed time for assembly 00:07:08
4 15-08-20 14:33:37 [14/662/662] [build-essential] Installing gcc.03e24200e7b35e61a28f11bce604beb373e1c0b978d15a0a91076a7d139c8e6b 
4 15-08-20 14:33:37 [14/662/662] [gcc] loaded metadata for strata/build-essential/gcc.morph
4 15-08-20 14:33:37 [14/662/662] [glibc] loaded metadata for glibc
4 15-08-20 14:33:38 [14/662/662] [linux-api-headers] loaded metadata for linux-api-headers
4 15-08-20 14:33:38 [15/662/662] [build-essential] Starting build 
4 15-08-20 14:33:38 [15/662/662] [build-essential] Defined build system is manual
4 15-08-20 14:33:38 [15/662/662] [build-essential] Logging build commands to /src/artifacts/build-essential.e1bdf843212f662b23383566b09874097b32deae33d512280a33572574f5d94f.build-log.4 
4 15-08-20 14:33:38 [15/662/662] [build-essential] Elapsed time for build 00:00:00
4 15-08-20 14:33:38 [15/662/662] [build-essential] Starting artifact creation 
4 15-08-20 14:33:38 [15/662/662] [build-essential] splitting stratum 
4 15-08-20 14:33:38 [15/662/662] [build-essential] Bah! I could have cached build-essential.e1bdf843212f662b23383566b09874097b32deae33d512280a33572574f5d94f
4 15-08-20 14:33:38 [15/662/662] [build-essential] Elapsed time for artifact creation 00:00:00
4 15-08-20 14:33:38 [15/662/662] [build-essential] Cleaned up /src/tmp/tmpt4YJgx
4 15-08-20 14:33:38 [15/662/662] [build-essential] Elapsed time for assembly 00:27:31
4 15-08-20 14:33:38 [15/662/662] [bzip2] Installing build-essential.e1bdf843212f662b23383566b09874097b32deae33d512280a33572574f5d94f 
4 15-08-20 14:33:38 [15/662/662] [build-essential] loaded metadata for strata/build-essential.morph
4 15-08-20 14:33:38 [16/662/662] [bzip2] Starting build 
4 15-08-20 14:33:38 [16/662/662] [bzip2] Git checkout upstream:bzip2 in /src/tmp/tmpNreJJ1/bzip2.build 
4 15-08-20 14:33:38 [16/662/662] [bzip2] Upstream version 8deafa68 (No tag found) 
4 15-08-20 14:33:38 [16/662/662] [bzip2] Defined build system is manual
4 15-08-20 14:33:38 [16/662/662] [bzip2] Logging build commands to /src/artifacts/bzip2.8a1e1faf3002d95ab36f5b0815e0cfff8f820d3cf0524b5be720d0f220f7ad2f.build-log.4 
4 15-08-20 14:33:38 [16/662/662] [bzip2] Running configure-commands
4 15-08-20 14:33:38 [16/662/662] [bzip2] Running command:
sed -i -rf bzip2.morph-makefix.sed Makefile 
4 15-08-20 14:33:38 [16/662/662] [bzip2] Running build-commands
4 15-08-20 14:33:38 [16/662/662] [bzip2] Running command:
make -f Makefile-libbz2_so 
3 15-08-20 14:31:02 [14/662/662] [gcc] Elapsed time for build 00:04:33
3 15-08-20 14:31:02 [14/662/662] [gcc] Starting artifact creation 
3 15-08-20 14:31:02 [14/662/662] [gcc] splitting chunk 
3 15-08-20 14:33:35 [14/662/662] [gcc] Bah! I raced and rebuilt gcc.03e24200e7b35e61a28f11bce604beb373e1c0b978d15a0a91076a7d139c8e6b
3 15-08-20 14:33:35 [14/662/662] [gcc] Elapsed time for artifact creation 00:02:32
3 15-08-20 14:33:38 [14/662/662] [gcc] Cleaned up /src/tmp/tmpu4Hr6z
3 15-08-20 14:33:38 [14/662/662] [gcc] Elapsed time for assembly 00:07:10
3 15-08-20 14:33:38 [14/662/662] [build-essential] Installing gcc.03e24200e7b35e61a28f11bce604beb373e1c0b978d15a0a91076a7d139c8e6b 
3 15-08-20 14:33:38 [14/662/662] [gcc] loaded metadata for strata/build-essential/gcc.morph
3 15-08-20 14:33:38 [14/662/662] [ccache] loaded metadata for ccache
3 15-08-20 14:33:38 [14/662/662] [build-essential] Installing ccache.dcf062f109a0d9cd03b356b91a895f87500fe901566e15bc0ddaa580f384bf59 
3 15-08-20 14:33:38 [14/662/662] [ccache] loaded metadata for strata/build-essential/ccache.morph
3 15-08-20 14:33:38 [14/662/662] [linux-api-headers] loaded metadata for linux-api-headers
3 15-08-20 14:33:38 [14/662/662] [m4-tarball] loaded metadata for m4-tarball
3 15-08-20 14:33:38 [14/662/662] [zlib] loaded metadata for zlib
3 15-08-20 14:33:38 [15/662/662] [build-essential] Starting build 
3 15-08-20 14:33:38 [15/662/662] [build-essential] Defined build system is manual
3 15-08-20 14:33:38 [15/662/662] [build-essential] Logging build commands to /src/artifacts/build-essential.e1bdf843212f662b23383566b09874097b32deae33d512280a33572574f5d94f.build-log.3 
3 15-08-20 14:33:38 [15/662/662] [build-essential] Elapsed time for build 00:00:00
3 15-08-20 14:33:38 [15/662/662] [build-essential] Starting artifact creation 
3 15-08-20 14:33:38 [15/662/662] [build-essential] splitting stratum 
3 15-08-20 14:33:38 [15/662/662] [build-essential] Bah! I could have cached build-essential.e1bdf843212f662b23383566b09874097b32deae33d512280a33572574f5d94f
3 15-08-20 14:33:38 [15/662/662] [build-essential] Elapsed time for artifact creation 00:00:00
3 15-08-20 14:33:38 [15/662/662] [build-essential] Cleaned up /src/tmp/tmpt2rH51
3 15-08-20 14:33:38 [15/662/662] [build-essential] Elapsed time for assembly 00:27:32
3 15-08-20 14:33:38 [15/662/662] [libtool-tarball] Installing build-essential.e1bdf843212f662b23383566b09874097b32deae33d512280a33572574f5d94f 
3 15-08-20 14:33:38 [15/662/662] [build-essential] loaded metadata for strata/build-essential.morph
3 15-08-20 14:33:38 [16/662/662] [libtool-tarball] Starting build 
3 15-08-20 14:33:39 [16/662/662] [libtool-tarball] Git checkout upstream:libtool-tarball in /src/tmp/tmpVV2vz7/libtool-tarball.build 
3 15-08-20 14:33:39 [16/662/662] [libtool-tarball] Upstream version c026ca36 libtool-2.4.6 (libtool-2.4.6 + 0 commits) 
3 15-08-20 14:33:39 [16/662/662] [libtool-tarball] Defined build system is autotools
3 15-08-20 14:33:39 [16/662/662] [libtool-tarball] Logging build commands to /src/artifacts/libtool-tarball.9ba025ca9cb2beb81551e0eb8d7c6cac25b3cea2fbb94392b1162e7b1544f504.build-log.3 
3 15-08-20 14:33:39 [16/662/662] [libtool-tarball] Running configure-commands
3 15-08-20 14:33:39 [16/662/662] [libtool-tarball] Running command:
./configure --prefix="$PREFIX" 
4 15-08-20 14:33:39 [16/662/662] [bzip2] Running command:
make 
4 15-08-20 14:33:40 [16/662/662] [bzip2] Running install-commands
4 15-08-20 14:33:40 [16/662/662] [bzip2] Running command:
make DESTDIR="$DESTDIR" PREFIX="$PREFIX" install 
4 15-08-20 14:33:40 [16/662/662] [bzip2] Running command:
install libbz2.so* "$DESTDIR$PREFIX/lib" 
4 15-08-20 14:33:40 [16/662/662] [bzip2] Elapsed time for build 00:00:02
4 15-08-20 14:33:40 [16/662/662] [bzip2] Starting artifact creation 
4 15-08-20 14:33:40 [16/662/662] [bzip2] splitting chunk 
4 15-08-20 14:33:41 [16/662/662] [bzip2] Now cached 560414 bytes as bzip2.8a1e1faf3002d95ab36f5b0815e0cfff8f820d3cf0524b5be720d0f220f7ad2f
4 15-08-20 14:33:41 [16/662/662] [bzip2] Elapsed time for artifact creation 00:00:00
4 15-08-20 14:33:41 [16/662/662] [bzip2] Cleaned up /src/tmp/tmpNreJJ1
4 15-08-20 14:33:41 [16/662/662] [bzip2] Elapsed time for assembly 00:27:35
4 15-08-20 14:33:41 [16/662/662] [core] Installing bzip2.8a1e1faf3002d95ab36f5b0815e0cfff8f820d3cf0524b5be720d0f220f7ad2f 
4 15-08-20 14:33:41 [16/662/662] [bzip2] loaded metadata for strata/core/bzip2.morph
4 15-08-20 14:33:41 [16/662/662] [cmake] Starting assembly 
4 15-08-20 14:33:41 [16/662/662] [build-essential] loaded metadata for build-essential
4 15-08-20 14:33:41 [16/662/662] [cmake] Installing build-essential.e1bdf843212f662b23383566b09874097b32deae33d512280a33572574f5d94f 
4 15-08-20 14:33:41 [17/662/662] [cmake] Starting build 
4 15-08-20 14:33:42 [17/662/662] [cmake] Git checkout upstream:cmake in /src/tmp/tmpfq8Xku/cmake.build 
4 15-08-20 14:33:42 [17/662/662] [cmake] Upstream version 732d8a46 v3.2.1 (v3.2.1 + 0 commits) 
4 15-08-20 14:33:43 [17/662/662] [cmake] Defined build system is manual
4 15-08-20 14:33:43 [17/662/662] [cmake] Logging build commands to /src/artifacts/cmake.175ecd258e44f48d6fa86937e30f1cf3aa5812b04782fbb36f5195628837d9c5.build-log.4 
4 15-08-20 14:33:43 [17/662/662] [cmake] Running configure-commands
4 15-08-20 14:33:43 [17/662/662] [cmake] Running command:
./bootstrap --prefix="$PREFIX" --docdir=/share/doc/cmake --mandir=/share/man 
3 15-08-20 14:33:43 [16/662/662] [libtool-tarball] Running build-commands
3 15-08-20 14:33:43 [16/662/662] [libtool-tarball] Running command:
make 
3 15-08-20 14:33:44 [16/662/662] [libtool-tarball] Running install-commands
3 15-08-20 14:33:44 [16/662/662] [libtool-tarball] Running command:
make DESTDIR="$DESTDIR" install 
3 15-08-20 14:33:44 [16/662/662] [libtool-tarball] Running strip-commands
3 15-08-20 14:33:44 [16/662/662] [libtool-tarball] Running command:
find "$DESTDIR" -type f \
  '(' -perm -111 -o -name '*.so*' -o -name '*.cmxs' -o -name '*.node' ')' \
  -exec sh -ec \
  'read -n4 hdr <"$1"   # check for elf header
  if [ "$hdr" != "$(printf \x7ELF)" ]; then
    exit 0
  fi
  debugfile="$DESTDIR$PREFIX/lib/debug/$(basename "$1")"
  mkdir -p "$(dirname "$debugfile")"
  objcopy --only-keep-debug "$1" "$debugfile"
  chmod 644 "$debugfile"
  strip --remove-section=.comment --remove-section=.note --strip-unneeded "$1"
  objcopy --add-gnu-debuglink "$debugfile" "$1"' - {} ';'
 
0 15-08-20 14:33:47 [16/662/662] [perl] Running build-commands
0 15-08-20 14:33:47 [16/662/662] [perl] Running command:
make 
3 15-08-20 14:33:44 [16/662/662] [libtool-tarball] Elapsed time for build 00:00:05
3 15-08-20 14:33:44 [16/662/662] [libtool-tarball] Starting artifact creation 
3 15-08-20 14:33:44 [16/662/662] [libtool-tarball] splitting chunk 
3 15-08-20 14:33:45 [16/662/662] [libtool-tarball] Now cached 748845 bytes as libtool-tarball.9ba025ca9cb2beb81551e0eb8d7c6cac25b3cea2fbb94392b1162e7b1544f504
3 15-08-20 14:33:45 [16/662/662] [libtool-tarball] Elapsed time for artifact creation 00:00:00
3 15-08-20 14:33:45 [16/662/662] [libtool-tarball] Cleaned up /src/tmp/tmpVV2vz7
3 15-08-20 14:33:45 [16/662/662] [libtool-tarball] Elapsed time for assembly 00:27:39
3 15-08-20 14:33:45 [16/662/662] [libexpat] Installing libtool-tarball.9ba025ca9cb2beb81551e0eb8d7c6cac25b3cea2fbb94392b1162e7b1544f504 
3 15-08-20 14:33:45 [16/662/662] [libtool-tarball] loaded metadata for strata/core/libtool-tarball.morph
3 15-08-20 14:33:45 [16/662/662] [file] loaded metadata for file
3 15-08-20 14:33:45 [16/662/662] [libexpat] Installing file.b93464e40aed13401a3a18dbea474f7a40605ba943cb3e6154df9d77fd1ca76d 
3 15-08-20 14:33:45 [16/662/662] [automake] Starting assembly 
3 15-08-20 14:33:45 [16/662/662] [build-essential] loaded metadata for build-essential
3 15-08-20 14:33:45 [16/662/662] [automake] Installing build-essential.e1bdf843212f662b23383566b09874097b32deae33d512280a33572574f5d94f 
3 15-08-20 14:33:45 [16/662/662] [autoconf-tarball] Starting assembly 
3 15-08-20 14:33:45 [16/662/662] [perl] Starting assembly 
3 15-08-20 14:33:45 [16/662/662] [gdbm] loaded metadata for gdbm
3 15-08-20 14:33:45 [16/662/662] [perl] Installing gdbm.cb78fef1c32c1e15fabbf288cffe5af3530f8f7d90eaa847e3ed19e2ab7119b3 
3 15-08-20 14:33:45 [16/662/662] [gdbm] loaded metadata for strata/core/gdbm.morph
3 15-08-20 14:33:45 [16/662/662] [build-essential] loaded metadata for build-essential
3 15-08-20 14:33:45 [17/662/662] [perl] Starting build 
3 15-08-20 14:33:47 [17/662/662] [perl] Git checkout upstream:perl in /src/tmp/tmp57DPAJ/perl.build 
3 15-08-20 14:33:48 [17/662/662] [perl] Upstream version 70f63a4c v5.22.0 (v5.22.0 + 0 commits) 
3 15-08-20 14:33:48 [17/662/662] [perl] Defined build system is manual
3 15-08-20 14:33:48 [17/662/662] [perl] Logging build commands to /src/artifacts/perl.670fbbb974c10f9593857049109dfc99f1adcab032fdc5a88598d7776a1a819a.build-log.3 
3 15-08-20 14:33:48 [17/662/662] [perl] Running configure-commands
3 15-08-20 14:33:48 [17/662/662] [perl] Running command:
sh Configure -des -Dprefix="$PREFIX" -Darchlib="$PREFIX/lib/perl" -Dprivlib="$PREFIX/share/perl" -Dbin="$PREFIX/bin" -Dscriptdir="$PREFIX/bin" -Dman1dir="$PREFIX/share/man/man1" -Dman3dir="$PREFIX/share/man/man3" -Dsiteprefix="$PREFIX" -Dsitearch="$PREFIX/lib/perl" -Dsitelib="$PREFIX/share/perl" -Dsitebin="$PREFIX/bin" -Dsitescript="$PREFIX/bin" -Dsiteman1dir="$PREFIX/share/man/man1" -Dsiteman3dir="$PREFIX/share/man/man3" -Dvendorprefix="$PREFIX" -Dvendorarch="$PREFIX/lib/perl" -Dvendorlib="$PREFIX/share/perl" -Dvendorbin="$PREFIX/bin" -Dvendorscript="$PREFIX/bin" -Dvendorman1dir="$PREFIX/share/man/man1" -Dvendorman3dir="$PREFIX/share/man/man3" -Dpager="$PREFIX/bin/less -isR" -Duseshrplib 
3 15-08-20 14:34:17 [17/662/662] [perl] Running build-commands
3 15-08-20 14:34:17 [17/662/662] [perl] Running command:
make 
4 15-08-20 14:35:21 [17/662/662] [cmake] Running build-commands
4 15-08-20 14:35:21 [17/662/662] [cmake] Running command:
make 
2 15-08-20 14:35:54 [15/662/662] [perl] Running install-commands
2 15-08-20 14:35:54 [15/662/662] [perl] Running command:
make DESTDIR="$DESTDIR" install 
4 15-08-20 14:35:56 [17/662/662] [cmake] Running install-commands
4 15-08-20 14:35:56 [17/662/662] [cmake] Running command:
make DESTDIR="$DESTDIR" install 
0 15-08-20 14:36:10 [16/662/662] [perl] Running install-commands
0 15-08-20 14:36:10 [16/662/662] [perl] Running command:
make DESTDIR="$DESTDIR" install 
4 15-08-20 14:35:57 [17/662/662] [cmake] Elapsed time for build 00:02:15
4 15-08-20 14:35:57 [17/662/662] [cmake] Starting artifact creation 
4 15-08-20 14:35:57 [17/662/662] [cmake] splitting chunk 
4 15-08-20 14:36:08 [17/662/662] [cmake] Now cached 12520896 bytes as cmake.175ecd258e44f48d6fa86937e30f1cf3aa5812b04782fbb36f5195628837d9c5
4 15-08-20 14:36:08 [17/662/662] [cmake] Elapsed time for artifact creation 00:00:11
4 15-08-20 14:36:09 [17/662/662] [cmake] Cleaned up /src/tmp/tmpfq8Xku
4 15-08-20 14:36:09 [17/662/662] [cmake] Elapsed time for assembly 00:02:27
4 15-08-20 14:36:09 [17/662/662] [core] Installing cmake.175ecd258e44f48d6fa86937e30f1cf3aa5812b04782fbb36f5195628837d9c5 
4 15-08-20 14:36:09 [17/662/662] [cmake] loaded metadata for strata/core/cmake.morph
4 15-08-20 14:36:09 [17/662/662] [flex] Starting assembly 
4 15-08-20 14:36:09 [17/662/662] [automake] Starting assembly 
4 15-08-20 14:36:09 [17/662/662] [build-essential] loaded metadata for build-essential
4 15-08-20 14:36:09 [17/662/662] [automake] Installing build-essential.e1bdf843212f662b23383566b09874097b32deae33d512280a33572574f5d94f 
4 15-08-20 14:36:09 [17/662/662] [texinfo-tarball] Starting assembly 
4 15-08-20 14:36:09 [17/662/662] [ncurses] Starting assembly 
4 15-08-20 14:36:10 [17/662/662] [build-essential] loaded metadata for build-essential
4 15-08-20 14:36:10 [17/662/662] [ncurses] Installing build-essential.e1bdf843212f662b23383566b09874097b32deae33d512280a33572574f5d94f 
4 15-08-20 14:36:10 [18/662/662] [ncurses] Starting build 
4 15-08-20 14:36:10 [18/662/662] [ncurses] Git checkout upstream:ncurses in /src/tmp/tmpPgdatG/ncurses.build 
4 15-08-20 14:36:10 [18/662/662] [ncurses] Upstream version f67398af ncurses-5.9-20150131 (ncurses-5.9-20150131 + 0 commits) 
4 15-08-20 14:36:10 [18/662/662] [ncurses] Defined build system is manual
4 15-08-20 14:36:10 [18/662/662] [ncurses] Logging build commands to /src/artifacts/ncurses.0ec451a4381d56ef6c7178574634bfd6cf8a465cad4c53c8acf20f3a2fd3f3fa.build-log.4 
4 15-08-20 14:36:10 [18/662/662] [ncurses] Running configure-commands
4 15-08-20 14:36:10 [18/662/662] [ncurses] Running command:
LDCONFIG=true ./configure --with-shared --without-debug --enable-widec 
4 15-08-20 14:36:16 [18/662/662] [ncurses] Running build-commands
4 15-08-20 14:36:16 [18/662/662] [ncurses] Running command:
make 
4 15-08-20 14:36:24 [18/662/662] [ncurses] Running install-commands
4 15-08-20 14:36:24 [18/662/662] [ncurses] Running command:
make  DESTDIR="$DESTDIR" install 
4 15-08-20 14:36:27 [18/662/662] [ncurses] Running post-install-commands
4 15-08-20 14:36:27 [18/662/662] [ncurses] Running command:
# lfs recommends some alterations for software that looks for
# libcurses instead of libncurses
# it's more convenient to have this in a separate file than the
# morph as less strings have to be escaped and comments are possible

# some software expects to find libcurses in /lib
mkdir -p "$DESTDIR/lib"
mv "$DESTDIR"/"$PREFIX"/lib/libncursesw.so.5* "$DESTDIR"/lib
ln -sf ../../lib/libncursesw.so.5 "$DESTDIR"/"$PREFIX"/lib/libncursesw.so

# some linker tricks for libraries that look for non-wide character
# versions of ncurses
for lib in ncurses form panel menu; do
    # remove non-wide shared object
    rm -f "$DESTDIR/${PREFIX}/lib/lib${lib}.so"
    # use a linker script to find the wide character variant
    echo "INPUT(-l${lib}w)" >"$DESTDIR/${PREFIX}/lib/lib${lib}.so"
    # symlink the non-shared library
    ln -sf "lib${lib}w.a" "$DESTDIR/${PREFIX}/lib/lib${lib}.a"
done
ln -sf libncurses++w.a "$DESTDIR/${PREFIX}/lib/libncurses++.a"

# redirect software that looks for libcurses
rm -f "$DESTDIR/${PREFIX}/lib/libcursesw.so"
echo "INPUT(-lncursesw)" >"$DESTDIR/${PREFIX}/lib/libcursesw.so"
ln -sf libncurses.so "$DESTDIR/${PREFIX}/lib/libcurses.so"
ln -sf libncursesw.a "$DESTDIR/${PREFIX}/lib/libcursesw.a"
ln -sf libncurses.a "$DESTDIR/${PREFIX}/lib/libcurses.a"

# install documentation
mkdir -p "$DESTDIR/${PREFIX}/share/doc/ncurses"
cp -R doc/* "$DESTDIR/${PREFIX}/share/doc/ncurses"

# remove 'clear' and 'reset' executables, busybox provides them
rm -f "$DESTDIR/${PREFIX}/bin/clear" "$DESTDIR/${PREFIX}/bin/reset"
 
4 15-08-20 14:36:27 [18/662/662] [ncurses] Elapsed time for build 00:00:17
4 15-08-20 14:36:27 [18/662/662] [ncurses] Starting artifact creation 
4 15-08-20 14:36:27 [18/662/662] [ncurses] splitting chunk 
4 15-08-20 14:36:29 [18/662/662] [ncurses] Now cached 1792652 bytes as ncurses.0ec451a4381d56ef6c7178574634bfd6cf8a465cad4c53c8acf20f3a2fd3f3fa
4 15-08-20 14:36:29 [18/662/662] [ncurses] Elapsed time for artifact creation 00:00:02
4 15-08-20 14:36:30 [18/662/662] [ncurses] Cleaned up /src/tmp/tmpPgdatG
4 15-08-20 14:36:30 [18/662/662] [ncurses] Elapsed time for assembly 00:00:20
4 15-08-20 14:36:30 [18/662/662] [texinfo-tarball] Installing ncurses.0ec451a4381d56ef6c7178574634bfd6cf8a465cad4c53c8acf20f3a2fd3f3fa 
4 15-08-20 14:36:30 [18/662/662] [ncurses] loaded metadata for strata/core/ncurses.morph
4 15-08-20 14:36:30 [18/662/662] [build-essential] loaded metadata for build-essential
4 15-08-20 14:36:30 [18/662/662] [perl] Starting assembly 
4 15-08-20 14:36:30 [18/662/662] [build-essential] loaded metadata for build-essential
4 15-08-20 14:36:30 [18/662/662] [perl] Installing build-essential.e1bdf843212f662b23383566b09874097b32deae33d512280a33572574f5d94f 
4 15-08-20 14:36:30 [18/662/662] [gdbm] loaded metadata for gdbm
4 15-08-20 14:36:30 [18/662/662] [perl] Installing gdbm.cb78fef1c32c1e15fabbf288cffe5af3530f8f7d90eaa847e3ed19e2ab7119b3 
4 15-08-20 14:36:30 [18/662/662] [gdbm] loaded metadata for strata/core/gdbm.morph
4 15-08-20 14:36:30 [19/662/662] [perl] Starting build 
4 15-08-20 14:36:32 [19/662/662] [perl] Git checkout upstream:perl in /src/tmp/tmpbnHauV/perl.build 
4 15-08-20 14:36:32 [19/662/662] [perl] Upstream version 70f63a4c v5.22.0 (v5.22.0 + 0 commits) 
4 15-08-20 14:36:32 [19/662/662] [perl] Defined build system is manual
4 15-08-20 14:36:32 [19/662/662] [perl] Logging build commands to /src/artifacts/perl.670fbbb974c10f9593857049109dfc99f1adcab032fdc5a88598d7776a1a819a.build-log.4 
4 15-08-20 14:36:32 [19/662/662] [perl] Running configure-commands
4 15-08-20 14:36:32 [19/662/662] [perl] Running command:
sh Configure -des -Dprefix="$PREFIX" -Darchlib="$PREFIX/lib/perl" -Dprivlib="$PREFIX/share/perl" -Dbin="$PREFIX/bin" -Dscriptdir="$PREFIX/bin" -Dman1dir="$PREFIX/share/man/man1" -Dman3dir="$PREFIX/share/man/man3" -Dsiteprefix="$PREFIX" -Dsitearch="$PREFIX/lib/perl" -Dsitelib="$PREFIX/share/perl" -Dsitebin="$PREFIX/bin" -Dsitescript="$PREFIX/bin" -Dsiteman1dir="$PREFIX/share/man/man1" -Dsiteman3dir="$PREFIX/share/man/man3" -Dvendorprefix="$PREFIX" -Dvendorarch="$PREFIX/lib/perl" -Dvendorlib="$PREFIX/share/perl" -Dvendorbin="$PREFIX/bin" -Dvendorscript="$PREFIX/bin" -Dvendorman1dir="$PREFIX/share/man/man1" -Dvendorman3dir="$PREFIX/share/man/man3" -Dpager="$PREFIX/bin/less -isR" -Duseshrplib 
2 15-08-20 14:36:24 [15/662/662] [perl] Elapsed time for build 00:03:25
2 15-08-20 14:36:24 [15/662/662] [perl] Starting artifact creation 
2 15-08-20 14:36:24 [15/662/662] [perl] splitting chunk 
2 15-08-20 14:36:35 [15/662/662] [perl] Now cached 16566230 bytes as perl.670fbbb974c10f9593857049109dfc99f1adcab032fdc5a88598d7776a1a819a
2 15-08-20 14:36:35 [15/662/662] [perl] Elapsed time for artifact creation 00:00:10
2 15-08-20 14:36:35 [15/662/662] [perl] Cleaned up /src/tmp/tmp9hkwDb
2 15-08-20 14:36:35 [15/662/662] [perl] Elapsed time for assembly 00:03:41
2 15-08-20 14:36:35 [15/662/662] [autoconf-tarball] Installing perl.670fbbb974c10f9593857049109dfc99f1adcab032fdc5a88598d7776a1a819a 
2 15-08-20 14:36:36 [15/662/662] [perl] loaded metadata for strata/core/perl.morph
2 15-08-20 14:36:36 [15/662/662] [build-essential] loaded metadata for build-essential
2 15-08-20 14:36:36 [16/662/662] [autoconf-tarball] Starting build 
2 15-08-20 14:36:36 [16/662/662] [autoconf-tarball] Git checkout upstream:autoconf-tarball in /src/tmp/tmpiHgau_/autoconf-tarball.build 
2 15-08-20 14:36:36 [16/662/662] [autoconf-tarball] Upstream version 55d1d2c3 autoconf-2.69 (autoconf-2.69 + 0 commits) 
2 15-08-20 14:36:36 [16/662/662] [autoconf-tarball] Defined build system is autotools
2 15-08-20 14:36:36 [16/662/662] [autoconf-tarball] Logging build commands to /src/artifacts/autoconf-tarball.2511688a597d42c6257b07bad5ffbccfed89adb3c484b6a1665589b88c416ae6.build-log.2 
2 15-08-20 14:36:36 [16/662/662] [autoconf-tarball] Running configure-commands
2 15-08-20 14:36:36 [16/662/662] [autoconf-tarball] Running command:
./configure --prefix="$PREFIX" 
2 15-08-20 14:36:38 [16/662/662] [autoconf-tarball] Running build-commands
2 15-08-20 14:36:38 [16/662/662] [autoconf-tarball] Running command:
make 
2 15-08-20 14:36:39 [16/662/662] [autoconf-tarball] Running install-commands
2 15-08-20 14:36:39 [16/662/662] [autoconf-tarball] Running command:
make DESTDIR="$DESTDIR" install 
2 15-08-20 14:36:39 [16/662/662] [autoconf-tarball] Running strip-commands
2 15-08-20 14:36:39 [16/662/662] [autoconf-tarball] Running command:
find "$DESTDIR" -type f \
  '(' -perm -111 -o -name '*.so*' -o -name '*.cmxs' -o -name '*.node' ')' \
  -exec sh -ec \
  'read -n4 hdr <"$1"   # check for elf header
  if [ "$hdr" != "$(printf \x7ELF)" ]; then
    exit 0
  fi
  debugfile="$DESTDIR$PREFIX/lib/debug/$(basename "$1")"
  mkdir -p "$(dirname "$debugfile")"
  objcopy --only-keep-debug "$1" "$debugfile"
  chmod 644 "$debugfile"
  strip --remove-section=.comment --remove-section=.note --strip-unneeded "$1"
  objcopy --add-gnu-debuglink "$debugfile" "$1"' - {} ';'
 
3 15-08-20 14:36:40 [17/662/662] [perl] Running install-commands
3 15-08-20 14:36:40 [17/662/662] [perl] Running command:
make DESTDIR="$DESTDIR" install 
0 15-08-20 14:36:41 [16/662/662] [perl] Elapsed time for build 00:03:27
0 15-08-20 14:36:41 [16/662/662] [perl] Starting artifact creation 
0 15-08-20 14:36:41 [16/662/662] [perl] splitting chunk 
0 15-08-20 14:36:41 [16/662/662] [perl] Bah! I could have cached perl.670fbbb974c10f9593857049109dfc99f1adcab032fdc5a88598d7776a1a819a
0 15-08-20 14:36:41 [16/662/662] [perl] Elapsed time for artifact creation 00:00:00
0 15-08-20 14:36:41 [16/662/662] [perl] Cleaned up /src/tmp/tmpWRBy7B
0 15-08-20 14:36:41 [16/662/662] [perl] Elapsed time for assembly 00:03:28
0 15-08-20 14:36:41 [16/662/662] [autoconf-tarball] Installing perl.670fbbb974c10f9593857049109dfc99f1adcab032fdc5a88598d7776a1a819a 
0 15-08-20 14:36:41 [16/662/662] [perl] loaded metadata for strata/core/perl.morph
0 15-08-20 14:36:41 [17/662/662] [autoconf-tarball] Starting build 
0 15-08-20 14:36:42 [17/662/662] [autoconf-tarball] Git checkout upstream:autoconf-tarball in /src/tmp/tmpRVgkyC/autoconf-tarball.build 
0 15-08-20 14:36:42 [17/662/662] [autoconf-tarball] Upstream version 55d1d2c3 autoconf-2.69 (autoconf-2.69 + 0 commits) 
0 15-08-20 14:36:42 [17/662/662] [autoconf-tarball] Defined build system is autotools
0 15-08-20 14:36:42 [17/662/662] [autoconf-tarball] Logging build commands to /src/artifacts/autoconf-tarball.2511688a597d42c6257b07bad5ffbccfed89adb3c484b6a1665589b88c416ae6.build-log.0 
0 15-08-20 14:36:42 [17/662/662] [autoconf-tarball] Running configure-commands
0 15-08-20 14:36:42 [17/662/662] [autoconf-tarball] Running command:
./configure --prefix="$PREFIX" 
2 15-08-20 14:36:39 [16/662/662] [autoconf-tarball] Elapsed time for build 00:00:02
2 15-08-20 14:36:39 [16/662/662] [autoconf-tarball] Starting artifact creation 
2 15-08-20 14:36:39 [16/662/662] [autoconf-tarball] splitting chunk 
2 15-08-20 14:36:39 [16/662/662] [autoconf-tarball] Now cached 899465 bytes as autoconf-tarball.2511688a597d42c6257b07bad5ffbccfed89adb3c484b6a1665589b88c416ae6
2 15-08-20 14:36:39 [16/662/662] [autoconf-tarball] Elapsed time for artifact creation 00:00:00
2 15-08-20 14:36:39 [16/662/662] [autoconf-tarball] Cleaned up /src/tmp/tmpiHgau_
2 15-08-20 14:36:39 [16/662/662] [autoconf-tarball] Elapsed time for assembly 00:03:45
2 15-08-20 14:36:39 [16/662/662] [automake] Installing autoconf-tarball.2511688a597d42c6257b07bad5ffbccfed89adb3c484b6a1665589b88c416ae6 
2 15-08-20 14:36:39 [16/662/662] [autoconf-tarball] loaded metadata for strata/core/autoconf-tarball.morph
2 15-08-20 14:36:40 [16/662/662] [build-essential] loaded metadata for build-essential
2 15-08-20 14:36:40 [16/662/662] [perl] loaded metadata for perl
2 15-08-20 14:36:40 [16/662/662] [texinfo-tarball] Starting assembly 
2 15-08-20 14:36:40 [16/662/662] [build-essential] loaded metadata for build-essential
2 15-08-20 14:36:40 [16/662/662] [texinfo-tarball] Installing build-essential.e1bdf843212f662b23383566b09874097b32deae33d512280a33572574f5d94f 
2 15-08-20 14:36:40 [16/662/662] [ncurses] loaded metadata for ncurses
2 15-08-20 14:36:40 [16/662/662] [texinfo-tarball] Installing ncurses.0ec451a4381d56ef6c7178574634bfd6cf8a465cad4c53c8acf20f3a2fd3f3fa 
2 15-08-20 14:36:41 [16/662/662] [ncurses] loaded metadata for strata/core/ncurses.morph
2 15-08-20 14:36:41 [16/662/662] [perl] loaded metadata for perl
2 15-08-20 14:36:41 [16/662/662] [texinfo-tarball] Installing perl.670fbbb974c10f9593857049109dfc99f1adcab032fdc5a88598d7776a1a819a 
2 15-08-20 14:36:41 [17/662/662] [texinfo-tarball] Starting build 
2 15-08-20 14:36:42 [17/662/662] [texinfo-tarball] Git checkout upstream:texinfo-tarball in /src/tmp/tmpAdtYtO/texinfo-tarball.build 
2 15-08-20 14:36:42 [17/662/662] [texinfo-tarball] Upstream version 6a55f074 texinfo-5.2 (texinfo-5.2 + 0 commits) 
2 15-08-20 14:36:42 [17/662/662] [texinfo-tarball] Defined build system is manual
2 15-08-20 14:36:42 [17/662/662] [texinfo-tarball] Logging build commands to /src/artifacts/texinfo-tarball.dd87a003df9e81bdc165d265a1897c9f5908ce1163e472fe2a62ffce8dc2558e.build-log.2 
2 15-08-20 14:36:42 [17/662/662] [texinfo-tarball] Running configure-commands
2 15-08-20 14:36:42 [17/662/662] [texinfo-tarball] Running command:
./configure --prefix="$PREFIX" 
0 15-08-20 14:36:43 [17/662/662] [autoconf-tarball] Running build-commands
0 15-08-20 14:36:43 [17/662/662] [autoconf-tarball] Running command:
make 
0 15-08-20 14:36:44 [17/662/662] [autoconf-tarball] Running install-commands
0 15-08-20 14:36:44 [17/662/662] [autoconf-tarball] Running command:
make DESTDIR="$DESTDIR" install 
0 15-08-20 14:36:44 [17/662/662] [autoconf-tarball] Running strip-commands
0 15-08-20 14:36:44 [17/662/662] [autoconf-tarball] Running command:
find "$DESTDIR" -type f \
  '(' -perm -111 -o -name '*.so*' -o -name '*.cmxs' -o -name '*.node' ')' \
  -exec sh -ec \
  'read -n4 hdr <"$1"   # check for elf header
  if [ "$hdr" != "$(printf \x7ELF)" ]; then
    exit 0
  fi
  debugfile="$DESTDIR$PREFIX/lib/debug/$(basename "$1")"
  mkdir -p "$(dirname "$debugfile")"
  objcopy --only-keep-debug "$1" "$debugfile"
  chmod 644 "$debugfile"
  strip --remove-section=.comment --remove-section=.note --strip-unneeded "$1"
  objcopy --add-gnu-debuglink "$debugfile" "$1"' - {} ';'
 
0 15-08-20 14:36:44 [17/662/662] [autoconf-tarball] Elapsed time for build 00:00:02
0 15-08-20 14:36:44 [17/662/662] [autoconf-tarball] Starting artifact creation 
0 15-08-20 14:36:44 [17/662/662] [autoconf-tarball] splitting chunk 
0 15-08-20 14:36:44 [17/662/662] [autoconf-tarball] Bah! I could have cached autoconf-tarball.2511688a597d42c6257b07bad5ffbccfed89adb3c484b6a1665589b88c416ae6
0 15-08-20 14:36:44 [17/662/662] [autoconf-tarball] Elapsed time for artifact creation 00:00:00
0 15-08-20 14:36:44 [17/662/662] [autoconf-tarball] Cleaned up /src/tmp/tmpRVgkyC
0 15-08-20 14:36:44 [17/662/662] [autoconf-tarball] Elapsed time for assembly 00:03:31
0 15-08-20 14:36:44 [17/662/662] [automake] Installing autoconf-tarball.2511688a597d42c6257b07bad5ffbccfed89adb3c484b6a1665589b88c416ae6 
0 15-08-20 14:36:44 [17/662/662] [autoconf-tarball] loaded metadata for strata/core/autoconf-tarball.morph
0 15-08-20 14:36:45 [17/662/662] [build-essential] loaded metadata for build-essential
0 15-08-20 14:36:45 [17/662/662] [perl] loaded metadata for perl
0 15-08-20 14:36:45 [17/662/662] [texinfo-tarball] Starting assembly 
0 15-08-20 14:36:45 [17/662/662] [ncurses] loaded metadata for ncurses
0 15-08-20 14:36:45 [17/662/662] [texinfo-tarball] Installing ncurses.0ec451a4381d56ef6c7178574634bfd6cf8a465cad4c53c8acf20f3a2fd3f3fa 
0 15-08-20 14:36:46 [17/662/662] [ncurses] loaded metadata for strata/core/ncurses.morph
0 15-08-20 14:36:46 [17/662/662] [perl] loaded metadata for perl
0 15-08-20 14:36:46 [17/662/662] [texinfo-tarball] Installing perl.670fbbb974c10f9593857049109dfc99f1adcab032fdc5a88598d7776a1a819a 
0 15-08-20 14:36:46 [17/662/662] [build-essential] loaded metadata for build-essential
0 15-08-20 14:36:46 [18/662/662] [texinfo-tarball] Starting build 
0 15-08-20 14:36:47 [18/662/662] [texinfo-tarball] Git checkout upstream:texinfo-tarball in /src/tmp/tmpIvGRGs/texinfo-tarball.build 
0 15-08-20 14:36:47 [18/662/662] [texinfo-tarball] Upstream version 6a55f074 texinfo-5.2 (texinfo-5.2 + 0 commits) 
0 15-08-20 14:36:47 [18/662/662] [texinfo-tarball] Defined build system is manual
0 15-08-20 14:36:47 [18/662/662] [texinfo-tarball] Logging build commands to /src/artifacts/texinfo-tarball.dd87a003df9e81bdc165d265a1897c9f5908ce1163e472fe2a62ffce8dc2558e.build-log.0 
0 15-08-20 14:36:47 [18/662/662] [texinfo-tarball] Running configure-commands
0 15-08-20 14:36:47 [18/662/662] [texinfo-tarball] Running command:
./configure --prefix="$PREFIX" 
2 15-08-20 14:36:55 [17/662/662] [texinfo-tarball] Running build-commands
2 15-08-20 14:36:55 [17/662/662] [texinfo-tarball] Running command:
make 
4 15-08-20 14:36:59 [19/662/662] [perl] Running build-commands
4 15-08-20 14:36:59 [19/662/662] [perl] Running command:
make 
0 15-08-20 14:37:00 [18/662/662] [texinfo-tarball] Running build-commands
0 15-08-20 14:37:00 [18/662/662] [texinfo-tarball] Running command:
make 
2 15-08-20 14:37:04 [17/662/662] [texinfo-tarball] Running install-commands
2 15-08-20 14:37:04 [17/662/662] [texinfo-tarball] Running command:
make DESTDIR="$DESTDIR" install 
2 15-08-20 14:37:05 [17/662/662] [texinfo-tarball] Running command:
make DESTDIR="$DESTDIR" TEXMF="$PREFIX/share/texmf" install-tex 
2 15-08-20 14:37:05 [17/662/662] [texinfo-tarball] Elapsed time for build 00:00:23
2 15-08-20 14:37:05 [17/662/662] [texinfo-tarball] Starting artifact creation 
2 15-08-20 14:37:05 [17/662/662] [texinfo-tarball] splitting chunk 
2 15-08-20 14:37:06 [17/662/662] [texinfo-tarball] Now cached 2129532 bytes as texinfo-tarball.dd87a003df9e81bdc165d265a1897c9f5908ce1163e472fe2a62ffce8dc2558e
2 15-08-20 14:37:06 [17/662/662] [texinfo-tarball] Elapsed time for artifact creation 00:00:01
2 15-08-20 14:37:07 [17/662/662] [texinfo-tarball] Cleaned up /src/tmp/tmpAdtYtO
2 15-08-20 14:37:07 [17/662/662] [texinfo-tarball] Elapsed time for assembly 00:00:26
2 15-08-20 14:37:07 [17/662/662] [automake] Installing texinfo-tarball.dd87a003df9e81bdc165d265a1897c9f5908ce1163e472fe2a62ffce8dc2558e 
2 15-08-20 14:37:07 [17/662/662] [texinfo-tarball] loaded metadata for strata/core/texinfo-tarball.morph
2 15-08-20 14:37:07 [18/662/662] [automake] Starting build 
2 15-08-20 14:37:07 [18/662/662] [automake] Git checkout upstream:automake in /src/tmp/tmp22A2t_/automake.build 
2 15-08-20 14:37:07 [18/662/662] [automake] Upstream version db43dd47 v1.15 (v1.15 + 0 commits) 
2 15-08-20 14:37:07 [18/662/662] [automake] Defined build system is autotools
2 15-08-20 14:37:07 [18/662/662] [automake] Logging build commands to /src/artifacts/automake.4f17424d6fb99072f43ef6a65d6b73e0c0a761d3af19669c351a217da81ef623.build-log.2 
2 15-08-20 14:37:07 [18/662/662] [automake] Running configure-commands
2 15-08-20 14:37:07 [18/662/662] [automake] Running command:
./bootstrap.sh 
0 15-08-20 14:37:09 [18/662/662] [texinfo-tarball] Running install-commands
0 15-08-20 14:37:09 [18/662/662] [texinfo-tarball] Running command:
make DESTDIR="$DESTDIR" install 
0 15-08-20 14:37:09 [18/662/662] [texinfo-tarball] Running command:
make DESTDIR="$DESTDIR" TEXMF="$PREFIX/share/texmf" install-tex 
2 15-08-20 14:37:09 [18/662/662] [automake] Running command:
./configure --prefix="$PREFIX" 
0 15-08-20 14:37:09 [18/662/662] [texinfo-tarball] Elapsed time for build 00:00:23
0 15-08-20 14:37:09 [18/662/662] [texinfo-tarball] Starting artifact creation 
0 15-08-20 14:37:09 [18/662/662] [texinfo-tarball] splitting chunk 
0 15-08-20 14:37:09 [18/662/662] [texinfo-tarball] Bah! I could have cached texinfo-tarball.dd87a003df9e81bdc165d265a1897c9f5908ce1163e472fe2a62ffce8dc2558e
0 15-08-20 14:37:09 [18/662/662] [texinfo-tarball] Elapsed time for artifact creation 00:00:00
0 15-08-20 14:37:10 [18/662/662] [texinfo-tarball] Cleaned up /src/tmp/tmpIvGRGs
0 15-08-20 14:37:10 [18/662/662] [texinfo-tarball] Elapsed time for assembly 00:00:24
0 15-08-20 14:37:10 [18/662/662] [automake] Installing texinfo-tarball.dd87a003df9e81bdc165d265a1897c9f5908ce1163e472fe2a62ffce8dc2558e 
0 15-08-20 14:37:10 [18/662/662] [texinfo-tarball] loaded metadata for strata/core/texinfo-tarball.morph
0 15-08-20 14:37:10 [19/662/662] [automake] Starting build 
0 15-08-20 14:37:10 [19/662/662] [automake] Git checkout upstream:automake in /src/tmp/tmpTigLnJ/automake.build 
0 15-08-20 14:37:10 [19/662/662] [automake] Upstream version db43dd47 v1.15 (v1.15 + 0 commits) 
0 15-08-20 14:37:10 [19/662/662] [automake] Defined build system is autotools
0 15-08-20 14:37:10 [19/662/662] [automake] Logging build commands to /src/artifacts/automake.4f17424d6fb99072f43ef6a65d6b73e0c0a761d3af19669c351a217da81ef623.build-log.0 
0 15-08-20 14:37:10 [19/662/662] [automake] Running configure-commands
0 15-08-20 14:37:10 [19/662/662] [automake] Running command:
./bootstrap.sh 
2 15-08-20 14:37:12 [18/662/662] [automake] Running build-commands
2 15-08-20 14:37:12 [18/662/662] [automake] Running command:
unset DESTDIR; make 
0 15-08-20 14:37:12 [19/662/662] [automake] Running command:
./configure --prefix="$PREFIX" 
3 15-08-20 14:37:11 [17/662/662] [perl] Elapsed time for build 00:03:25
3 15-08-20 14:37:11 [17/662/662] [perl] Starting artifact creation 
3 15-08-20 14:37:11 [17/662/662] [perl] splitting chunk 
3 15-08-20 14:37:11 [17/662/662] [perl] Bah! I could have cached perl.670fbbb974c10f9593857049109dfc99f1adcab032fdc5a88598d7776a1a819a
3 15-08-20 14:37:11 [17/662/662] [perl] Elapsed time for artifact creation 00:00:00
3 15-08-20 14:37:11 [17/662/662] [perl] Cleaned up /src/tmp/tmp57DPAJ
3 15-08-20 14:37:11 [17/662/662] [perl] Elapsed time for assembly 00:03:25
3 15-08-20 14:37:11 [17/662/662] [autoconf-tarball] Installing perl.670fbbb974c10f9593857049109dfc99f1adcab032fdc5a88598d7776a1a819a 
3 15-08-20 14:37:12 [17/662/662] [perl] loaded metadata for strata/core/perl.morph
3 15-08-20 14:37:12 [17/662/662] [build-essential] loaded metadata for build-essential
3 15-08-20 14:37:12 [18/662/662] [autoconf-tarball] Starting build 
3 15-08-20 14:37:12 [18/662/662] [autoconf-tarball] Git checkout upstream:autoconf-tarball in /src/tmp/tmpr519r1/autoconf-tarball.build 
3 15-08-20 14:37:12 [18/662/662] [autoconf-tarball] Upstream version 55d1d2c3 autoconf-2.69 (autoconf-2.69 + 0 commits) 
3 15-08-20 14:37:12 [18/662/662] [autoconf-tarball] Defined build system is autotools
3 15-08-20 14:37:12 [18/662/662] [autoconf-tarball] Logging build commands to /src/artifacts/autoconf-tarball.2511688a597d42c6257b07bad5ffbccfed89adb3c484b6a1665589b88c416ae6.build-log.3 
3 15-08-20 14:37:12 [18/662/662] [autoconf-tarball] Running configure-commands
3 15-08-20 14:37:12 [18/662/662] [autoconf-tarball] Running command:
./configure --prefix="$PREFIX" 
0 15-08-20 14:37:13 [19/662/662] [automake] Running build-commands
0 15-08-20 14:37:13 [19/662/662] [automake] Running command:
unset DESTDIR; make 
3 15-08-20 14:37:13 [18/662/662] [autoconf-tarball] Running build-commands
3 15-08-20 14:37:13 [18/662/662] [autoconf-tarball] Running command:
make 
3 15-08-20 14:37:14 [18/662/662] [autoconf-tarball] Running install-commands
3 15-08-20 14:37:14 [18/662/662] [autoconf-tarball] Running command:
make DESTDIR="$DESTDIR" install 
3 15-08-20 14:37:14 [18/662/662] [autoconf-tarball] Running strip-commands
3 15-08-20 14:37:14 [18/662/662] [autoconf-tarball] Running command:
find "$DESTDIR" -type f \
  '(' -perm -111 -o -name '*.so*' -o -name '*.cmxs' -o -name '*.node' ')' \
  -exec sh -ec \
  'read -n4 hdr <"$1"   # check for elf header
  if [ "$hdr" != "$(printf \x7ELF)" ]; then
    exit 0
  fi
  debugfile="$DESTDIR$PREFIX/lib/debug/$(basename "$1")"
  mkdir -p "$(dirname "$debugfile")"
  objcopy --only-keep-debug "$1" "$debugfile"
  chmod 644 "$debugfile"
  strip --remove-section=.comment --remove-section=.note --strip-unneeded "$1"
  objcopy --add-gnu-debuglink "$debugfile" "$1"' - {} ';'
 
3 15-08-20 14:37:14 [18/662/662] [autoconf-tarball] Elapsed time for build 00:00:02
3 15-08-20 14:37:14 [18/662/662] [autoconf-tarball] Starting artifact creation 
3 15-08-20 14:37:14 [18/662/662] [autoconf-tarball] splitting chunk 
3 15-08-20 14:37:14 [18/662/662] [autoconf-tarball] Bah! I could have cached autoconf-tarball.2511688a597d42c6257b07bad5ffbccfed89adb3c484b6a1665589b88c416ae6
3 15-08-20 14:37:14 [18/662/662] [autoconf-tarball] Elapsed time for artifact creation 00:00:00
3 15-08-20 14:37:15 [18/662/662] [autoconf-tarball] Cleaned up /src/tmp/tmpr519r1
3 15-08-20 14:37:15 [18/662/662] [autoconf-tarball] Elapsed time for assembly 00:03:29
3 15-08-20 14:37:15 [18/662/662] [automake] Installing autoconf-tarball.2511688a597d42c6257b07bad5ffbccfed89adb3c484b6a1665589b88c416ae6 
3 15-08-20 14:37:15 [18/662/662] [autoconf-tarball] loaded metadata for strata/core/autoconf-tarball.morph
3 15-08-20 14:37:15 [18/662/662] [perl] loaded metadata for perl
3 15-08-20 14:37:15 [18/662/662] [texinfo-tarball] loaded metadata for texinfo-tarball
3 15-08-20 14:37:15 [18/662/662] [automake] Installing texinfo-tarball.dd87a003df9e81bdc165d265a1897c9f5908ce1163e472fe2a62ffce8dc2558e 
3 15-08-20 14:37:15 [18/662/662] [texinfo-tarball] loaded metadata for strata/core/texinfo-tarball.morph
3 15-08-20 14:37:15 [18/662/662] [ncurses] loaded metadata for strata/core/ncurses.morph
3 15-08-20 14:37:16 [19/662/662] [automake] Starting build 
3 15-08-20 14:37:16 [19/662/662] [automake] Git checkout upstream:automake in /src/tmp/tmprdEdSF/automake.build 
3 15-08-20 14:37:16 [19/662/662] [automake] Upstream version db43dd47 v1.15 (v1.15 + 0 commits) 
3 15-08-20 14:37:16 [19/662/662] [automake] Defined build system is autotools
3 15-08-20 14:37:16 [19/662/662] [automake] Logging build commands to /src/artifacts/automake.4f17424d6fb99072f43ef6a65d6b73e0c0a761d3af19669c351a217da81ef623.build-log.3 
3 15-08-20 14:37:16 [19/662/662] [automake] Running configure-commands
3 15-08-20 14:37:16 [19/662/662] [automake] Running command:
./bootstrap.sh 
3 15-08-20 14:37:18 [19/662/662] [automake] Running command:
./configure --prefix="$PREFIX" 
2 15-08-20 14:37:18 [18/662/662] [automake] Running install-commands
2 15-08-20 14:37:18 [18/662/662] [automake] Running command:
make DESTDIR="$DESTDIR" install 
2 15-08-20 14:37:18 [18/662/662] [automake] Running strip-commands
2 15-08-20 14:37:18 [18/662/662] [automake] Running command:
find "$DESTDIR" -type f \
  '(' -perm -111 -o -name '*.so*' -o -name '*.cmxs' -o -name '*.node' ')' \
  -exec sh -ec \
  'read -n4 hdr <"$1"   # check for elf header
  if [ "$hdr" != "$(printf \x7ELF)" ]; then
    exit 0
  fi
  debugfile="$DESTDIR$PREFIX/lib/debug/$(basename "$1")"
  mkdir -p "$(dirname "$debugfile")"
  objcopy --only-keep-debug "$1" "$debugfile"
  chmod 644 "$debugfile"
  strip --remove-section=.comment --remove-section=.note --strip-unneeded "$1"
  objcopy --add-gnu-debuglink "$debugfile" "$1"' - {} ';'
 
2 15-08-20 14:37:18 [18/662/662] [automake] Elapsed time for build 00:00:11
2 15-08-20 14:37:18 [18/662/662] [automake] Starting artifact creation 
2 15-08-20 14:37:18 [18/662/662] [automake] splitting chunk 
2 15-08-20 14:37:19 [18/662/662] [automake] Now cached 651734 bytes as automake.4f17424d6fb99072f43ef6a65d6b73e0c0a761d3af19669c351a217da81ef623
2 15-08-20 14:37:19 [18/662/662] [automake] Elapsed time for artifact creation 00:00:00
2 15-08-20 14:37:19 [18/662/662] [automake] Cleaned up /src/tmp/tmp22A2t_
2 15-08-20 14:37:19 [18/662/662] [automake] Elapsed time for assembly 00:04:24
2 15-08-20 14:37:19 [18/662/662] [help2man] Installing automake.4f17424d6fb99072f43ef6a65d6b73e0c0a761d3af19669c351a217da81ef623 
2 15-08-20 14:37:19 [18/662/662] [automake] loaded metadata for strata/core/automake.morph
2 15-08-20 14:37:19 [18/662/662] [autoconf-tarball] loaded metadata for autoconf-tarball
2 15-08-20 14:37:19 [19/662/662] [help2man] Starting build 
2 15-08-20 14:37:19 [19/662/662] [help2man] Git checkout upstream:help2man in /src/tmp/tmpFXN6aD/help2man.build 
2 15-08-20 14:37:19 [19/662/662] [help2man] Upstream version 83bab7e2 v1.46.5-1-g83bab7e (v1.46.5 + 1 commits) 
2 15-08-20 14:37:19 [19/662/662] [help2man] Autodetected build system is autotools
2 15-08-20 14:37:19 [19/662/662] [help2man] Logging build commands to /src/artifacts/help2man.ebd7c188338e62ccb40768824f908e0158871ddbf1a68ded3b1323864c67d60f.build-log.2 
2 15-08-20 14:37:19 [19/662/662] [help2man] Running configure-commands
2 15-08-20 14:37:19 [19/662/662] [help2man] Running command:
export NOCONFIGURE=1
if [ -e autogen ]; then ./autogen
elif [ -e autogen.sh ]; then ./autogen.sh
elif [ ! -e ./configure ]; then autoreconf -ivf
fi
./configure --prefix="$PREFIX"
 
3 15-08-20 14:37:19 [19/662/662] [automake] Running build-commands
3 15-08-20 14:37:19 [19/662/662] [automake] Running command:
unset DESTDIR; make 
0 15-08-20 14:37:19 [19/662/662] [automake] Running install-commands
0 15-08-20 14:37:19 [19/662/662] [automake] Running command:
make DESTDIR="$DESTDIR" install 
0 15-08-20 14:37:20 [19/662/662] [automake] Running strip-commands
0 15-08-20 14:37:20 [19/662/662] [automake] Running command:
find "$DESTDIR" -type f \
  '(' -perm -111 -o -name '*.so*' -o -name '*.cmxs' -o -name '*.node' ')' \
  -exec sh -ec \
  'read -n4 hdr <"$1"   # check for elf header
  if [ "$hdr" != "$(printf \x7ELF)" ]; then
    exit 0
  fi
  debugfile="$DESTDIR$PREFIX/lib/debug/$(basename "$1")"
  mkdir -p "$(dirname "$debugfile")"
  objcopy --only-keep-debug "$1" "$debugfile"
  chmod 644 "$debugfile"
  strip --remove-section=.comment --remove-section=.note --strip-unneeded "$1"
  objcopy --add-gnu-debuglink "$debugfile" "$1"' - {} ';'
 
2 15-08-20 14:37:20 [19/662/662] [help2man] Running build-commands
2 15-08-20 14:37:20 [19/662/662] [help2man] Running command:
make 
2 15-08-20 14:37:21 [19/662/662] [help2man] Running install-commands
2 15-08-20 14:37:21 [19/662/662] [help2man] Running command:
make DESTDIR="$DESTDIR" install 
2 15-08-20 14:37:21 [19/662/662] [help2man] Running strip-commands
2 15-08-20 14:37:21 [19/662/662] [help2man] Running command:
find "$DESTDIR" -type f \
  '(' -perm -111 -o -name '*.so*' -o -name '*.cmxs' -o -name '*.node' ')' \
  -exec sh -ec \
  'read -n4 hdr <"$1"   # check for elf header
  if [ "$hdr" != "$(printf \x7ELF)" ]; then
    exit 0
  fi
  debugfile="$DESTDIR$PREFIX/lib/debug/$(basename "$1")"
  mkdir -p "$(dirname "$debugfile")"
  objcopy --only-keep-debug "$1" "$debugfile"
  chmod 644 "$debugfile"
  strip --remove-section=.comment --remove-section=.note --strip-unneeded "$1"
  objcopy --add-gnu-debuglink "$debugfile" "$1"' - {} ';'
 
0 15-08-20 14:37:20 [19/662/662] [automake] Elapsed time for build 00:00:10
0 15-08-20 14:37:20 [19/662/662] [automake] Starting artifact creation 
0 15-08-20 14:37:20 [19/662/662] [automake] splitting chunk 
0 15-08-20 14:37:20 [19/662/662] [automake] Bah! I could have cached automake.4f17424d6fb99072f43ef6a65d6b73e0c0a761d3af19669c351a217da81ef623
0 15-08-20 14:37:20 [19/662/662] [automake] Elapsed time for artifact creation 00:00:00
0 15-08-20 14:37:20 [19/662/662] [automake] Cleaned up /src/tmp/tmpTigLnJ
0 15-08-20 14:37:20 [19/662/662] [automake] Elapsed time for assembly 00:04:07
0 15-08-20 14:37:20 [19/662/662] [attr] Installing automake.4f17424d6fb99072f43ef6a65d6b73e0c0a761d3af19669c351a217da81ef623 
0 15-08-20 14:37:20 [19/662/662] [automake] loaded metadata for strata/core/automake.morph
0 15-08-20 14:37:20 [19/662/662] [autoconf] Starting assembly 
0 15-08-20 14:37:20 [19/662/662] [texinfo-tarball] loaded metadata for texinfo-tarball
0 15-08-20 14:37:20 [19/662/662] [autoconf] Installing texinfo-tarball.dd87a003df9e81bdc165d265a1897c9f5908ce1163e472fe2a62ffce8dc2558e 
0 15-08-20 14:37:20 [19/662/662] [autoconf-tarball] loaded metadata for autoconf-tarball
0 15-08-20 14:37:20 [19/662/662] [autoconf] Installing autoconf-tarball.2511688a597d42c6257b07bad5ffbccfed89adb3c484b6a1665589b88c416ae6 
0 15-08-20 14:37:20 [19/662/662] [build-essential] loaded metadata for build-essential
0 15-08-20 14:37:20 [19/662/662] [help2man] Starting assembly 
0 15-08-20 14:37:21 [19/662/662] [automake] loaded metadata for automake
0 15-08-20 14:37:21 [19/662/662] [help2man] Installing automake.4f17424d6fb99072f43ef6a65d6b73e0c0a761d3af19669c351a217da81ef623 
0 15-08-20 14:37:21 [19/662/662] [build-essential] loaded metadata for build-essential
0 15-08-20 14:37:21 [19/662/662] [autoconf-tarball] loaded metadata for autoconf-tarball
0 15-08-20 14:37:21 [20/662/662] [help2man] Starting build 
0 15-08-20 14:37:21 [20/662/662] [help2man] Git checkout upstream:help2man in /src/tmp/tmp4uaik9/help2man.build 
0 15-08-20 14:37:21 [20/662/662] [help2man] Upstream version 83bab7e2 v1.46.5-1-g83bab7e (v1.46.5 + 1 commits) 
0 15-08-20 14:37:21 [20/662/662] [help2man] Autodetected build system is autotools
0 15-08-20 14:37:21 [20/662/662] [help2man] Logging build commands to /src/artifacts/help2man.ebd7c188338e62ccb40768824f908e0158871ddbf1a68ded3b1323864c67d60f.build-log.0 
0 15-08-20 14:37:21 [20/662/662] [help2man] Running configure-commands
0 15-08-20 14:37:21 [20/662/662] [help2man] Running command:
export NOCONFIGURE=1
if [ -e autogen ]; then ./autogen
elif [ -e autogen.sh ]; then ./autogen.sh
elif [ ! -e ./configure ]; then autoreconf -ivf
fi
./configure --prefix="$PREFIX"
 
2 15-08-20 14:37:21 [19/662/662] [help2man] Elapsed time for build 00:00:01
2 15-08-20 14:37:21 [19/662/662] [help2man] Starting artifact creation 
2 15-08-20 14:37:21 [19/662/662] [help2man] splitting chunk 
2 15-08-20 14:37:21 [19/662/662] [help2man] Now cached 14690 bytes as help2man.ebd7c188338e62ccb40768824f908e0158871ddbf1a68ded3b1323864c67d60f
2 15-08-20 14:37:21 [19/662/662] [help2man] Elapsed time for artifact creation 00:00:00
2 15-08-20 14:37:21 [19/662/662] [help2man] Cleaned up /src/tmp/tmpFXN6aD
2 15-08-20 14:37:21 [19/662/662] [help2man] Elapsed time for assembly 00:31:15
2 15-08-20 14:37:21 [19/662/662] [libtool] Installing help2man.ebd7c188338e62ccb40768824f908e0158871ddbf1a68ded3b1323864c67d60f 
2 15-08-20 14:37:21 [19/662/662] [help2man] loaded metadata for help2man
2 15-08-20 14:37:21 [19/662/662] [patch] Starting assembly 
2 15-08-20 14:37:21 [19/662/662] [mini-utils] Starting assembly 
2 15-08-20 14:37:21 [19/662/662] [build-essential] loaded metadata for build-essential
2 15-08-20 14:37:21 [19/662/662] [mini-utils] Installing build-essential.e1bdf843212f662b23383566b09874097b32deae33d512280a33572574f5d94f 
2 15-08-20 14:37:21 [20/662/662] [mini-utils] Starting build 
2 15-08-20 14:37:21 [20/662/662] [mini-utils] Git checkout baserock:baserock/mini-utils in /src/tmp/tmpV80uFY/mini-utils.build 
2 15-08-20 14:37:21 [20/662/662] [mini-utils] Upstream version 5293265b (No tag found) 
2 15-08-20 14:37:21 [20/662/662] [mini-utils] Defined build system is manual
2 15-08-20 14:37:21 [20/662/662] [mini-utils] Logging build commands to /src/artifacts/mini-utils.ad863fe0d3df72a01feca99626ff79f10378f513f74e89d46d0ce0634d70bb25.build-log.2 
2 15-08-20 14:37:21 [20/662/662] [mini-utils] Running build-commands
2 15-08-20 14:37:21 [20/662/662] [mini-utils] Running command:
make 
2 15-08-20 14:37:22 [20/662/662] [mini-utils] Running install-commands
2 15-08-20 14:37:22 [20/662/662] [mini-utils] Running command:
make PREFIX="$PREFIX" DESTDIR="$DESTDIR" install 
0 15-08-20 14:37:22 [20/662/662] [help2man] Running build-commands
0 15-08-20 14:37:22 [20/662/662] [help2man] Running command:
make 
2 15-08-20 14:37:22 [20/662/662] [mini-utils] Elapsed time for build 00:00:00
2 15-08-20 14:37:22 [20/662/662] [mini-utils] Starting artifact creation 
2 15-08-20 14:37:22 [20/662/662] [mini-utils] splitting chunk 
2 15-08-20 14:37:22 [20/662/662] [mini-utils] Now cached 7468 bytes as mini-utils.ad863fe0d3df72a01feca99626ff79f10378f513f74e89d46d0ce0634d70bb25
2 15-08-20 14:37:22 [20/662/662] [mini-utils] Elapsed time for artifact creation 00:00:00
2 15-08-20 14:37:22 [20/662/662] [mini-utils] Cleaned up /src/tmp/tmpV80uFY
2 15-08-20 14:37:22 [20/662/662] [mini-utils] Elapsed time for assembly 00:00:00
2 15-08-20 14:37:22 [20/662/662] [patch] Installing mini-utils.ad863fe0d3df72a01feca99626ff79f10378f513f74e89d46d0ce0634d70bb25 
2 15-08-20 14:37:22 [20/662/662] [mini-utils] loaded metadata for strata/core/mini-utils.morph
2 15-08-20 14:37:22 [20/662/662] [autoconf] Starting assembly 
2 15-08-20 14:37:22 [20/662/662] [texinfo-tarball] loaded metadata for texinfo-tarball
2 15-08-20 14:37:22 [20/662/662] [autoconf] Installing texinfo-tarball.dd87a003df9e81bdc165d265a1897c9f5908ce1163e472fe2a62ffce8dc2558e 
2 15-08-20 14:37:22 [20/662/662] [automake] loaded metadata for automake
2 15-08-20 14:37:22 [20/662/662] [autoconf] Installing automake.4f17424d6fb99072f43ef6a65d6b73e0c0a761d3af19669c351a217da81ef623 
2 15-08-20 14:37:22 [20/662/662] [autoconf-tarball] loaded metadata for autoconf-tarball
2 15-08-20 14:37:22 [20/662/662] [build-essential] loaded metadata for build-essential
2 15-08-20 14:37:22 [20/662/662] [help2man] loaded metadata for help2man
2 15-08-20 14:37:22 [20/662/662] [autoconf] Installing help2man.ebd7c188338e62ccb40768824f908e0158871ddbf1a68ded3b1323864c67d60f 
2 15-08-20 14:37:22 [21/662/662] [autoconf] Starting build 
2 15-08-20 14:37:22 [21/662/662] [autoconf] Git checkout upstream:autoconf in /src/tmp/tmpPjifbx/autoconf.build 
2 15-08-20 14:37:22 [21/662/662] [autoconf] Upstream version 218f9347 v2.69-1-g218f934 (v2.69 + 1 commits) 
2 15-08-20 14:37:22 [21/662/662] [autoconf] Defined build system is autotools
2 15-08-20 14:37:22 [21/662/662] [autoconf] Logging build commands to /src/artifacts/autoconf.c4571abde627e687b3904cc60dcec17beec31df8f52b0dc956696f322d713b77.build-log.2 
2 15-08-20 14:37:22 [21/662/662] [autoconf] Running pre-configure-commands
2 15-08-20 14:37:22 [21/662/662] [autoconf] Running command:
echo "2.69" > .tarball-version 
2 15-08-20 14:37:22 [21/662/662] [autoconf] Running configure-commands
2 15-08-20 14:37:22 [21/662/662] [autoconf] Running command:
export NOCONFIGURE=1
if [ -e autogen ]; then ./autogen
elif [ -e autogen.sh ]; then ./autogen.sh
elif [ ! -e ./configure ]; then autoreconf -ivf
fi
./configure --prefix="$PREFIX"
 
0 15-08-20 14:37:22 [20/662/662] [help2man] Running install-commands
0 15-08-20 14:37:22 [20/662/662] [help2man] Running command:
make DESTDIR="$DESTDIR" install 
0 15-08-20 14:37:23 [20/662/662] [help2man] Running strip-commands
0 15-08-20 14:37:23 [20/662/662] [help2man] Running command:
find "$DESTDIR" -type f \
  '(' -perm -111 -o -name '*.so*' -o -name '*.cmxs' -o -name '*.node' ')' \
  -exec sh -ec \
  'read -n4 hdr <"$1"   # check for elf header
  if [ "$hdr" != "$(printf \x7ELF)" ]; then
    exit 0
  fi
  debugfile="$DESTDIR$PREFIX/lib/debug/$(basename "$1")"
  mkdir -p "$(dirname "$debugfile")"
  objcopy --only-keep-debug "$1" "$debugfile"
  chmod 644 "$debugfile"
  strip --remove-section=.comment --remove-section=.note --strip-unneeded "$1"
  objcopy --add-gnu-debuglink "$debugfile" "$1"' - {} ';'
 
0 15-08-20 14:37:23 [20/662/662] [help2man] Elapsed time for build 00:00:01
0 15-08-20 14:37:23 [20/662/662] [help2man] Starting artifact creation 
0 15-08-20 14:37:23 [20/662/662] [help2man] splitting chunk 
0 15-08-20 14:37:23 [20/662/662] [help2man] Bah! I could have cached help2man.ebd7c188338e62ccb40768824f908e0158871ddbf1a68ded3b1323864c67d60f
0 15-08-20 14:37:23 [20/662/662] [help2man] Elapsed time for artifact creation 00:00:00
0 15-08-20 14:37:23 [20/662/662] [help2man] Cleaned up /src/tmp/tmp4uaik9
0 15-08-20 14:37:23 [20/662/662] [help2man] Elapsed time for assembly 00:00:02
0 15-08-20 14:37:23 [20/662/662] [autoconf] Installing help2man.ebd7c188338e62ccb40768824f908e0158871ddbf1a68ded3b1323864c67d60f 
0 15-08-20 14:37:23 [20/662/662] [help2man] loaded metadata for help2man
0 15-08-20 14:37:23 [20/662/662] [automake] loaded metadata for automake
0 15-08-20 14:37:23 [21/662/662] [autoconf] Starting build 
0 15-08-20 14:37:23 [21/662/662] [autoconf] Git checkout upstream:autoconf in /src/tmp/tmpMP5osu/autoconf.build 
0 15-08-20 14:37:23 [21/662/662] [autoconf] Upstream version 218f9347 v2.69-1-g218f934 (v2.69 + 1 commits) 
0 15-08-20 14:37:23 [21/662/662] [autoconf] Defined build system is autotools
0 15-08-20 14:37:23 [21/662/662] [autoconf] Logging build commands to /src/artifacts/autoconf.c4571abde627e687b3904cc60dcec17beec31df8f52b0dc956696f322d713b77.build-log.0 
0 15-08-20 14:37:23 [21/662/662] [autoconf] Running pre-configure-commands
0 15-08-20 14:37:23 [21/662/662] [autoconf] Running command:
echo "2.69" > .tarball-version 
0 15-08-20 14:37:23 [21/662/662] [autoconf] Running configure-commands
0 15-08-20 14:37:23 [21/662/662] [autoconf] Running command:
export NOCONFIGURE=1
if [ -e autogen ]; then ./autogen
elif [ -e autogen.sh ]; then ./autogen.sh
elif [ ! -e ./configure ]; then autoreconf -ivf
fi
./configure --prefix="$PREFIX"
 
3 15-08-20 14:37:25 [19/662/662] [automake] Running install-commands
3 15-08-20 14:37:25 [19/662/662] [automake] Running command:
make DESTDIR="$DESTDIR" install 
3 15-08-20 14:37:26 [19/662/662] [automake] Running strip-commands
3 15-08-20 14:37:26 [19/662/662] [automake] Running command:
find "$DESTDIR" -type f \
  '(' -perm -111 -o -name '*.so*' -o -name '*.cmxs' -o -name '*.node' ')' \
  -exec sh -ec \
  'read -n4 hdr <"$1"   # check for elf header
  if [ "$hdr" != "$(printf \x7ELF)" ]; then
    exit 0
  fi
  debugfile="$DESTDIR$PREFIX/lib/debug/$(basename "$1")"
  mkdir -p "$(dirname "$debugfile")"
  objcopy --only-keep-debug "$1" "$debugfile"
  chmod 644 "$debugfile"
  strip --remove-section=.comment --remove-section=.note --strip-unneeded "$1"
  objcopy --add-gnu-debuglink "$debugfile" "$1"' - {} ';'
 
2 15-08-20 14:37:26 [21/662/662] [autoconf] Running build-commands
2 15-08-20 14:37:26 [21/662/662] [autoconf] Running command:
make 
3 15-08-20 14:37:26 [19/662/662] [automake] Elapsed time for build 00:00:10
3 15-08-20 14:37:26 [19/662/662] [automake] Starting artifact creation 
3 15-08-20 14:37:26 [19/662/662] [automake] splitting chunk 
3 15-08-20 14:37:26 [19/662/662] [automake] Bah! I could have cached automake.4f17424d6fb99072f43ef6a65d6b73e0c0a761d3af19669c351a217da81ef623
3 15-08-20 14:37:26 [19/662/662] [automake] Elapsed time for artifact creation 00:00:00
3 15-08-20 14:37:26 [19/662/662] [automake] Cleaned up /src/tmp/tmprdEdSF
3 15-08-20 14:37:26 [19/662/662] [automake] Elapsed time for assembly 00:03:40
3 15-08-20 14:37:26 [19/662/662] [libexpat] Installing automake.4f17424d6fb99072f43ef6a65d6b73e0c0a761d3af19669c351a217da81ef623 
3 15-08-20 14:37:26 [19/662/662] [automake] loaded metadata for strata/core/automake.morph
3 15-08-20 14:37:26 [19/662/662] [build-essential] loaded metadata for build-essential
3 15-08-20 14:37:26 [19/662/662] [autoconf] Starting assembly 
3 15-08-20 14:37:26 [19/662/662] [automake] loaded metadata for automake
3 15-08-20 14:37:26 [19/662/662] [autoconf] Installing automake.4f17424d6fb99072f43ef6a65d6b73e0c0a761d3af19669c351a217da81ef623 
3 15-08-20 14:37:26 [19/662/662] [help2man] loaded metadata for help2man
3 15-08-20 14:37:26 [19/662/662] [autoconf] Installing help2man.ebd7c188338e62ccb40768824f908e0158871ddbf1a68ded3b1323864c67d60f 
3 15-08-20 14:37:26 [19/662/662] [build-essential] loaded metadata for build-essential
3 15-08-20 14:37:26 [19/662/662] [autoconf-tarball] loaded metadata for autoconf-tarball
3 15-08-20 14:37:27 [19/662/662] [texinfo-tarball] loaded metadata for texinfo-tarball
3 15-08-20 14:37:27 [20/662/662] [autoconf] Starting build 
3 15-08-20 14:37:27 [20/662/662] [autoconf] Git checkout upstream:autoconf in /src/tmp/tmptfQVzt/autoconf.build 
3 15-08-20 14:37:27 [20/662/662] [autoconf] Upstream version 218f9347 v2.69-1-g218f934 (v2.69 + 1 commits) 
3 15-08-20 14:37:27 [20/662/662] [autoconf] Defined build system is autotools
3 15-08-20 14:37:27 [20/662/662] [autoconf] Logging build commands to /src/artifacts/autoconf.c4571abde627e687b3904cc60dcec17beec31df8f52b0dc956696f322d713b77.build-log.3 
3 15-08-20 14:37:27 [20/662/662] [autoconf] Running pre-configure-commands
3 15-08-20 14:37:27 [20/662/662] [autoconf] Running command:
echo "2.69" > .tarball-version 
3 15-08-20 14:37:27 [20/662/662] [autoconf] Running configure-commands
3 15-08-20 14:37:27 [20/662/662] [autoconf] Running command:
export NOCONFIGURE=1
if [ -e autogen ]; then ./autogen
elif [ -e autogen.sh ]; then ./autogen.sh
elif [ ! -e ./configure ]; then autoreconf -ivf
fi
./configure --prefix="$PREFIX"
 
0 15-08-20 14:37:27 [21/662/662] [autoconf] Running build-commands
0 15-08-20 14:37:27 [21/662/662] [autoconf] Running command:
make 
3 15-08-20 14:37:31 [20/662/662] [autoconf] Running build-commands
3 15-08-20 14:37:31 [20/662/662] [autoconf] Running command:
make 
2 15-08-20 14:37:39 [21/662/662] [autoconf] Running install-commands
2 15-08-20 14:37:39 [21/662/662] [autoconf] Running command:
make DESTDIR="$DESTDIR" install 
2 15-08-20 14:37:39 [21/662/662] [autoconf] Running strip-commands
2 15-08-20 14:37:39 [21/662/662] [autoconf] Running command:
find "$DESTDIR" -type f \
  '(' -perm -111 -o -name '*.so*' -o -name '*.cmxs' -o -name '*.node' ')' \
  -exec sh -ec \
  'read -n4 hdr <"$1"   # check for elf header
  if [ "$hdr" != "$(printf \x7ELF)" ]; then
    exit 0
  fi
  debugfile="$DESTDIR$PREFIX/lib/debug/$(basename "$1")"
  mkdir -p "$(dirname "$debugfile")"
  objcopy --only-keep-debug "$1" "$debugfile"
  chmod 644 "$debugfile"
  strip --remove-section=.comment --remove-section=.note --strip-unneeded "$1"
  objcopy --add-gnu-debuglink "$debugfile" "$1"' - {} ';'
 
0 15-08-20 14:37:39 [21/662/662] [autoconf] Running install-commands
0 15-08-20 14:37:39 [21/662/662] [autoconf] Running command:
make DESTDIR="$DESTDIR" install 
0 15-08-20 14:37:40 [21/662/662] [autoconf] Running strip-commands
0 15-08-20 14:37:40 [21/662/662] [autoconf] Running command:
find "$DESTDIR" -type f \
  '(' -perm -111 -o -name '*.so*' -o -name '*.cmxs' -o -name '*.node' ')' \
  -exec sh -ec \
  'read -n4 hdr <"$1"   # check for elf header
  if [ "$hdr" != "$(printf \x7ELF)" ]; then
    exit 0
  fi
  debugfile="$DESTDIR$PREFIX/lib/debug/$(basename "$1")"
  mkdir -p "$(dirname "$debugfile")"
  objcopy --only-keep-debug "$1" "$debugfile"
  chmod 644 "$debugfile"
  strip --remove-section=.comment --remove-section=.note --strip-unneeded "$1"
  objcopy --add-gnu-debuglink "$debugfile" "$1"' - {} ';'
 
0 15-08-20 14:37:40 [21/662/662] [autoconf] Elapsed time for build 00:00:16
0 15-08-20 14:37:40 [21/662/662] [autoconf] Starting artifact creation 
0 15-08-20 14:37:40 [21/662/662] [autoconf] splitting chunk 
0 15-08-20 14:37:40 [21/662/662] [autoconf] Bah! I could have cached autoconf.c4571abde627e687b3904cc60dcec17beec31df8f52b0dc956696f322d713b77
0 15-08-20 14:37:40 [21/662/662] [autoconf] Elapsed time for artifact creation 00:00:00
0 15-08-20 14:37:40 [21/662/662] [autoconf] Cleaned up /src/tmp/tmpMP5osu
0 15-08-20 14:37:40 [21/662/662] [autoconf] Elapsed time for assembly 00:00:19
0 15-08-20 14:37:40 [21/662/662] [attr] Installing autoconf.c4571abde627e687b3904cc60dcec17beec31df8f52b0dc956696f322d713b77 
0 15-08-20 14:37:40 [21/662/662] [autoconf] loaded metadata for strata/core/autoconf.morph
0 15-08-20 14:37:40 [21/662/662] [build-essential] loaded metadata for build-essential
0 15-08-20 14:37:40 [21/662/662] [gettext-tarball] Starting assembly 
0 15-08-20 14:37:40 [21/662/662] [libexpat] Starting assembly 
0 15-08-20 14:37:40 [21/662/662] [build-essential] loaded metadata for build-essential
0 15-08-20 14:37:40 [21/662/662] [libexpat] Installing build-essential.e1bdf843212f662b23383566b09874097b32deae33d512280a33572574f5d94f 
0 15-08-20 14:37:40 [21/662/662] [libtool-tarball] loaded metadata for libtool-tarball
0 15-08-20 14:37:40 [21/662/662] [libexpat] Installing libtool-tarball.9ba025ca9cb2beb81551e0eb8d7c6cac25b3cea2fbb94392b1162e7b1544f504 
0 15-08-20 14:37:40 [21/662/662] [libtool-tarball] loaded metadata for strata/core/libtool-tarball.morph
0 15-08-20 14:37:40 [21/662/662] [file] loaded metadata for file
0 15-08-20 14:37:40 [21/662/662] [libexpat] Installing file.b93464e40aed13401a3a18dbea474f7a40605ba943cb3e6154df9d77fd1ca76d 
0 15-08-20 14:37:40 [21/662/662] [automake] loaded metadata for automake
0 15-08-20 14:37:40 [21/662/662] [libexpat] Installing automake.4f17424d6fb99072f43ef6a65d6b73e0c0a761d3af19669c351a217da81ef623 
0 15-08-20 14:37:40 [21/662/662] [autoconf] loaded metadata for autoconf
0 15-08-20 14:37:40 [21/662/662] [libexpat] Installing autoconf.c4571abde627e687b3904cc60dcec17beec31df8f52b0dc956696f322d713b77 
0 15-08-20 14:37:40 [22/662/662] [libexpat] Starting build 
0 15-08-20 14:37:40 [22/662/662] [libexpat] Git checkout upstream:libexpat in /src/tmp/tmpGsRdAl/libexpat.build 
0 15-08-20 14:37:40 [22/662/662] [libexpat] Upstream version 7cfc09db R_2_1_0 (R_2_1_0 + 0 commits) 
0 15-08-20 14:37:40 [22/662/662] [libexpat] Defined build system is autotools
0 15-08-20 14:37:40 [22/662/662] [libexpat] Logging build commands to /src/artifacts/libexpat.a7146e44ab584569df6405403aee1dac35461f3f6a381467e49b2fff3d6d1544.build-log.0 
0 15-08-20 14:37:40 [22/662/662] [libexpat] Running pre-configure-commands
0 15-08-20 14:37:40 [22/662/662] [libexpat] Running command:
./buildconf.sh 
2 15-08-20 14:37:39 [21/662/662] [autoconf] Elapsed time for build 00:00:16
2 15-08-20 14:37:39 [21/662/662] [autoconf] Starting artifact creation 
2 15-08-20 14:37:39 [21/662/662] [autoconf] splitting chunk 
2 15-08-20 14:37:40 [21/662/662] [autoconf] Now cached 899956 bytes as autoconf.c4571abde627e687b3904cc60dcec17beec31df8f52b0dc956696f322d713b77
2 15-08-20 14:37:40 [21/662/662] [autoconf] Elapsed time for artifact creation 00:00:00
2 15-08-20 14:37:40 [21/662/662] [autoconf] Cleaned up /src/tmp/tmpPjifbx
2 15-08-20 14:37:40 [21/662/662] [autoconf] Elapsed time for assembly 00:00:17
2 15-08-20 14:37:40 [21/662/662] [patch] Installing autoconf.c4571abde627e687b3904cc60dcec17beec31df8f52b0dc956696f322d713b77 
2 15-08-20 14:37:40 [21/662/662] [autoconf] loaded metadata for strata/core/autoconf.morph
2 15-08-20 14:37:40 [21/662/662] [automake] loaded metadata for automake
2 15-08-20 14:37:40 [21/662/662] [build-essential] loaded metadata for build-essential
2 15-08-20 14:37:40 [21/662/662] [bison] Starting assembly 
2 15-08-20 14:37:40 [21/662/662] [autoconf] loaded metadata for autoconf
2 15-08-20 14:37:40 [21/662/662] [bison] Installing autoconf.c4571abde627e687b3904cc60dcec17beec31df8f52b0dc956696f322d713b77 
2 15-08-20 14:37:40 [21/662/662] [gettext-tarball] Starting assembly 
2 15-08-20 14:37:40 [21/662/662] [build-essential] loaded metadata for build-essential
2 15-08-20 14:37:40 [21/662/662] [gettext-tarball] Installing build-essential.e1bdf843212f662b23383566b09874097b32deae33d512280a33572574f5d94f 
2 15-08-20 14:37:40 [21/662/662] [libexpat] Starting assembly 
2 15-08-20 14:37:40 [21/662/662] [file] loaded metadata for file
2 15-08-20 14:37:40 [21/662/662] [libexpat] Installing file.b93464e40aed13401a3a18dbea474f7a40605ba943cb3e6154df9d77fd1ca76d 
2 15-08-20 14:37:40 [21/662/662] [autoconf] loaded metadata for autoconf
2 15-08-20 14:37:40 [21/662/662] [libexpat] Installing autoconf.c4571abde627e687b3904cc60dcec17beec31df8f52b0dc956696f322d713b77 
2 15-08-20 14:37:41 [21/662/662] [automake] loaded metadata for automake
2 15-08-20 14:37:41 [21/662/662] [build-essential] loaded metadata for build-essential
2 15-08-20 14:37:41 [21/662/662] [libtool-tarball] loaded metadata for libtool-tarball
2 15-08-20 14:37:41 [21/662/662] [libexpat] Installing libtool-tarball.9ba025ca9cb2beb81551e0eb8d7c6cac25b3cea2fbb94392b1162e7b1544f504 
2 15-08-20 14:37:41 [21/662/662] [libtool-tarball] loaded metadata for strata/core/libtool-tarball.morph
2 15-08-20 14:37:41 [22/662/662] [libexpat] Starting build 
2 15-08-20 14:37:41 [22/662/662] [libexpat] Git checkout upstream:libexpat in /src/tmp/tmpK8D3bU/libexpat.build 
2 15-08-20 14:37:41 [22/662/662] [libexpat] Upstream version 7cfc09db R_2_1_0 (R_2_1_0 + 0 commits) 
2 15-08-20 14:37:41 [22/662/662] [libexpat] Defined build system is autotools
2 15-08-20 14:37:41 [22/662/662] [libexpat] Logging build commands to /src/artifacts/libexpat.a7146e44ab584569df6405403aee1dac35461f3f6a381467e49b2fff3d6d1544.build-log.2 
2 15-08-20 14:37:41 [22/662/662] [libexpat] Running pre-configure-commands
2 15-08-20 14:37:41 [22/662/662] [libexpat] Running command:
./buildconf.sh 
3 15-08-20 14:37:43 [20/662/662] [autoconf] Running install-commands
3 15-08-20 14:37:43 [20/662/662] [autoconf] Running command:
make DESTDIR="$DESTDIR" install 
3 15-08-20 14:37:44 [20/662/662] [autoconf] Running strip-commands
3 15-08-20 14:37:44 [20/662/662] [autoconf] Running command:
find "$DESTDIR" -type f \
  '(' -perm -111 -o -name '*.so*' -o -name '*.cmxs' -o -name '*.node' ')' \
  -exec sh -ec \
  'read -n4 hdr <"$1"   # check for elf header
  if [ "$hdr" != "$(printf \x7ELF)" ]; then
    exit 0
  fi
  debugfile="$DESTDIR$PREFIX/lib/debug/$(basename "$1")"
  mkdir -p "$(dirname "$debugfile")"
  objcopy --only-keep-debug "$1" "$debugfile"
  chmod 644 "$debugfile"
  strip --remove-section=.comment --remove-section=.note --strip-unneeded "$1"
  objcopy --add-gnu-debuglink "$debugfile" "$1"' - {} ';'
 
3 15-08-20 14:37:44 [20/662/662] [autoconf] Elapsed time for build 00:00:17
3 15-08-20 14:37:44 [20/662/662] [autoconf] Starting artifact creation 
3 15-08-20 14:37:44 [20/662/662] [autoconf] splitting chunk 
3 15-08-20 14:37:44 [20/662/662] [autoconf] Bah! I could have cached autoconf.c4571abde627e687b3904cc60dcec17beec31df8f52b0dc956696f322d713b77
3 15-08-20 14:37:44 [20/662/662] [autoconf] Elapsed time for artifact creation 00:00:00
3 15-08-20 14:37:44 [20/662/662] [autoconf] Cleaned up /src/tmp/tmptfQVzt
3 15-08-20 14:37:44 [20/662/662] [autoconf] Elapsed time for assembly 00:00:17
3 15-08-20 14:37:44 [20/662/662] [libexpat] Installing autoconf.c4571abde627e687b3904cc60dcec17beec31df8f52b0dc956696f322d713b77 
3 15-08-20 14:37:44 [20/662/662] [autoconf] loaded metadata for strata/core/autoconf.morph
3 15-08-20 14:37:44 [21/662/662] [libexpat] Starting build 
3 15-08-20 14:37:44 [21/662/662] [libexpat] Git checkout upstream:libexpat in /src/tmp/tmpAVWm9T/libexpat.build 
3 15-08-20 14:37:44 [21/662/662] [libexpat] Upstream version 7cfc09db R_2_1_0 (R_2_1_0 + 0 commits) 
3 15-08-20 14:37:44 [21/662/662] [libexpat] Defined build system is autotools
3 15-08-20 14:37:44 [21/662/662] [libexpat] Logging build commands to /src/artifacts/libexpat.a7146e44ab584569df6405403aee1dac35461f3f6a381467e49b2fff3d6d1544.build-log.3 
3 15-08-20 14:37:44 [21/662/662] [libexpat] Running pre-configure-commands
3 15-08-20 14:37:44 [21/662/662] [libexpat] Running command:
./buildconf.sh 
0 15-08-20 14:37:45 [22/662/662] [libexpat] Running command:
automake --add-missing --copy || true 
2 15-08-20 14:37:46 [22/662/662] [libexpat] Running command:
automake --add-missing --copy || true 
0 15-08-20 14:37:46 [22/662/662] [libexpat] Running configure-commands
0 15-08-20 14:37:46 [22/662/662] [libexpat] Running command:
export NOCONFIGURE=1
if [ -e autogen ]; then ./autogen
elif [ -e autogen.sh ]; then ./autogen.sh
elif [ ! -e ./configure ]; then autoreconf -ivf
fi
./configure --prefix="$PREFIX"
 
2 15-08-20 14:37:46 [22/662/662] [libexpat] Running configure-commands
2 15-08-20 14:37:46 [22/662/662] [libexpat] Running command:
export NOCONFIGURE=1
if [ -e autogen ]; then ./autogen
elif [ -e autogen.sh ]; then ./autogen.sh
elif [ ! -e ./configure ]; then autoreconf -ivf
fi
./configure --prefix="$PREFIX"
 
0 15-08-20 14:37:48 [22/662/662] [libexpat] Running build-commands
0 15-08-20 14:37:48 [22/662/662] [libexpat] Running command:
make 
2 15-08-20 14:37:49 [22/662/662] [libexpat] Running build-commands
2 15-08-20 14:37:49 [22/662/662] [libexpat] Running command:
make 
3 15-08-20 14:37:49 [21/662/662] [libexpat] Running command:
automake --add-missing --copy || true 
3 15-08-20 14:37:50 [21/662/662] [libexpat] Running configure-commands
3 15-08-20 14:37:50 [21/662/662] [libexpat] Running command:
export NOCONFIGURE=1
if [ -e autogen ]; then ./autogen
elif [ -e autogen.sh ]; then ./autogen.sh
elif [ ! -e ./configure ]; then autoreconf -ivf
fi
./configure --prefix="$PREFIX"
 
3 15-08-20 14:37:52 [21/662/662] [libexpat] Running build-commands
3 15-08-20 14:37:52 [21/662/662] [libexpat] Running command:
make 
0 15-08-20 14:37:52 [22/662/662] [libexpat] Running install-commands
0 15-08-20 14:37:52 [22/662/662] [libexpat] Running command:
make DESTDIR="$DESTDIR" install 
0 15-08-20 14:37:52 [22/662/662] [libexpat] Running strip-commands
0 15-08-20 14:37:52 [22/662/662] [libexpat] Running command:
find "$DESTDIR" -type f \
  '(' -perm -111 -o -name '*.so*' -o -name '*.cmxs' -o -name '*.node' ')' \
  -exec sh -ec \
  'read -n4 hdr <"$1"   # check for elf header
  if [ "$hdr" != "$(printf \x7ELF)" ]; then
    exit 0
  fi
  debugfile="$DESTDIR$PREFIX/lib/debug/$(basename "$1")"
  mkdir -p "$(dirname "$debugfile")"
  objcopy --only-keep-debug "$1" "$debugfile"
  chmod 644 "$debugfile"
  strip --remove-section=.comment --remove-section=.note --strip-unneeded "$1"
  objcopy --add-gnu-debuglink "$debugfile" "$1"' - {} ';'
 
2 15-08-20 14:37:53 [22/662/662] [libexpat] Running install-commands
2 15-08-20 14:37:53 [22/662/662] [libexpat] Running command:
make DESTDIR="$DESTDIR" install 
2 15-08-20 14:37:53 [22/662/662] [libexpat] Running strip-commands
2 15-08-20 14:37:53 [22/662/662] [libexpat] Running command:
find "$DESTDIR" -type f \
  '(' -perm -111 -o -name '*.so*' -o -name '*.cmxs' -o -name '*.node' ')' \
  -exec sh -ec \
  'read -n4 hdr <"$1"   # check for elf header
  if [ "$hdr" != "$(printf \x7ELF)" ]; then
    exit 0
  fi
  debugfile="$DESTDIR$PREFIX/lib/debug/$(basename "$1")"
  mkdir -p "$(dirname "$debugfile")"
  objcopy --only-keep-debug "$1" "$debugfile"
  chmod 644 "$debugfile"
  strip --remove-section=.comment --remove-section=.note --strip-unneeded "$1"
  objcopy --add-gnu-debuglink "$debugfile" "$1"' - {} ';'
 
0 15-08-20 14:37:53 [22/662/662] [libexpat] Elapsed time for build 00:00:12
0 15-08-20 14:37:53 [22/662/662] [libexpat] Starting artifact creation 
0 15-08-20 14:37:53 [22/662/662] [libexpat] splitting chunk 
0 15-08-20 14:37:53 [22/662/662] [libexpat] Now cached 426021 bytes as libexpat.a7146e44ab584569df6405403aee1dac35461f3f6a381467e49b2fff3d6d1544
0 15-08-20 14:37:53 [22/662/662] [libexpat] Elapsed time for artifact creation 00:00:00
0 15-08-20 14:37:53 [22/662/662] [libexpat] Cleaned up /src/tmp/tmpGsRdAl
0 15-08-20 14:37:53 [22/662/662] [libexpat] Elapsed time for assembly 00:00:13
0 15-08-20 14:37:53 [22/662/662] [gettext-tarball] Installing libexpat.a7146e44ab584569df6405403aee1dac35461f3f6a381467e49b2fff3d6d1544 
0 15-08-20 14:37:53 [22/662/662] [libexpat] loaded metadata for strata/core/libexpat.morph
0 15-08-20 14:37:54 [22/662/662] [build-essential] loaded metadata for build-essential
0 15-08-20 14:37:54 [23/662/662] [gettext-tarball] Starting build 
0 15-08-20 14:37:55 [23/662/662] [gettext-tarball] Git checkout upstream:gettext-tarball in /src/tmp/tmpWZce3f/gettext-tarball.build 
0 15-08-20 14:37:55 [23/662/662] [gettext-tarball] Upstream version 482840e6 gettext-0.19.4 (gettext-0.19.4 + 0 commits) 
0 15-08-20 14:37:55 [23/662/662] [gettext-tarball] Defined build system is autotools
0 15-08-20 14:37:55 [23/662/662] [gettext-tarball] Logging build commands to /src/artifacts/gettext-tarball.0093ae504f7d6588d84f70d87b3f877f600464178b7089cd9a797eec6accee8b.build-log.0 
0 15-08-20 14:37:55 [23/662/662] [gettext-tarball] Running configure-commands
0 15-08-20 14:37:55 [23/662/662] [gettext-tarball] Running command:
./configure --prefix="$PREFIX" 
2 15-08-20 14:37:53 [22/662/662] [libexpat] Elapsed time for build 00:00:12
2 15-08-20 14:37:53 [22/662/662] [libexpat] Starting artifact creation 
2 15-08-20 14:37:53 [22/662/662] [libexpat] splitting chunk 
2 15-08-20 14:37:54 [22/662/662] [libexpat] Bah! I raced and rebuilt libexpat.a7146e44ab584569df6405403aee1dac35461f3f6a381467e49b2fff3d6d1544
2 15-08-20 14:37:54 [22/662/662] [libexpat] Elapsed time for artifact creation 00:00:00
2 15-08-20 14:37:54 [22/662/662] [libexpat] Cleaned up /src/tmp/tmpK8D3bU
2 15-08-20 14:37:54 [22/662/662] [libexpat] Elapsed time for assembly 00:00:13
2 15-08-20 14:37:54 [22/662/662] [gettext-tarball] Installing libexpat.a7146e44ab584569df6405403aee1dac35461f3f6a381467e49b2fff3d6d1544 
2 15-08-20 14:37:54 [22/662/662] [libexpat] loaded metadata for strata/core/libexpat.morph
2 15-08-20 14:37:54 [23/662/662] [gettext-tarball] Starting build 
2 15-08-20 14:37:55 [23/662/662] [gettext-tarball] Git checkout upstream:gettext-tarball in /src/tmp/tmpISUYaf/gettext-tarball.build 
2 15-08-20 14:37:55 [23/662/662] [gettext-tarball] Upstream version 482840e6 gettext-0.19.4 (gettext-0.19.4 + 0 commits) 
2 15-08-20 14:37:55 [23/662/662] [gettext-tarball] Defined build system is autotools
2 15-08-20 14:37:55 [23/662/662] [gettext-tarball] Logging build commands to /src/artifacts/gettext-tarball.0093ae504f7d6588d84f70d87b3f877f600464178b7089cd9a797eec6accee8b.build-log.2 
2 15-08-20 14:37:55 [23/662/662] [gettext-tarball] Running configure-commands
2 15-08-20 14:37:55 [23/662/662] [gettext-tarball] Running command:
./configure --prefix="$PREFIX" 
3 15-08-20 14:37:56 [21/662/662] [libexpat] Running install-commands
3 15-08-20 14:37:56 [21/662/662] [libexpat] Running command:
make DESTDIR="$DESTDIR" install 
3 15-08-20 14:37:56 [21/662/662] [libexpat] Running strip-commands
3 15-08-20 14:37:56 [21/662/662] [libexpat] Running command:
find "$DESTDIR" -type f \
  '(' -perm -111 -o -name '*.so*' -o -name '*.cmxs' -o -name '*.node' ')' \
  -exec sh -ec \
  'read -n4 hdr <"$1"   # check for elf header
  if [ "$hdr" != "$(printf \x7ELF)" ]; then
    exit 0
  fi
  debugfile="$DESTDIR$PREFIX/lib/debug/$(basename "$1")"
  mkdir -p "$(dirname "$debugfile")"
  objcopy --only-keep-debug "$1" "$debugfile"
  chmod 644 "$debugfile"
  strip --remove-section=.comment --remove-section=.note --strip-unneeded "$1"
  objcopy --add-gnu-debuglink "$debugfile" "$1"' - {} ';'
 
3 15-08-20 14:37:56 [21/662/662] [libexpat] Elapsed time for build 00:00:12
3 15-08-20 14:37:56 [21/662/662] [libexpat] Starting artifact creation 
3 15-08-20 14:37:56 [21/662/662] [libexpat] splitting chunk 
3 15-08-20 14:37:56 [21/662/662] [libexpat] Bah! I could have cached libexpat.a7146e44ab584569df6405403aee1dac35461f3f6a381467e49b2fff3d6d1544
3 15-08-20 14:37:56 [21/662/662] [libexpat] Elapsed time for artifact creation 00:00:00
3 15-08-20 14:37:56 [21/662/662] [libexpat] Cleaned up /src/tmp/tmpAVWm9T
3 15-08-20 14:37:56 [21/662/662] [libexpat] Elapsed time for assembly 00:31:50
3 15-08-20 14:37:56 [21/662/662] [XML-Parser] Installing libexpat.a7146e44ab584569df6405403aee1dac35461f3f6a381467e49b2fff3d6d1544 
3 15-08-20 14:37:56 [21/662/662] [libexpat] loaded metadata for strata/core/libexpat.morph
3 15-08-20 14:37:57 [21/662/662] [perl] loaded metadata for perl
3 15-08-20 14:37:57 [21/662/662] [build-essential] loaded metadata for build-essential
3 15-08-20 14:37:57 [22/662/662] [XML-Parser] Starting build 
3 15-08-20 14:37:57 [22/662/662] [XML-Parser] Git checkout upstream:XML-Parser in /src/tmp/tmp7zBZtR/XML-Parser.build 
3 15-08-20 14:37:57 [22/662/662] [XML-Parser] Upstream version e1a3ec15 XML-Parser-2.41 (XML-Parser-2.41 + 0 commits) 
3 15-08-20 14:37:57 [22/662/662] [XML-Parser] Autodetected build system is cpan
3 15-08-20 14:37:57 [22/662/662] [XML-Parser] Logging build commands to /src/artifacts/XML-Parser.d8e8eeea36d4772b15f26fb23d1d9bd9ec55d1791516e7b48a2a1f3f86ec6f90.build-log.3 
3 15-08-20 14:37:57 [22/662/662] [XML-Parser] Running configure-commands
3 15-08-20 14:37:57 [22/662/662] [XML-Parser] Running command:
perl Makefile.PL INSTALLDIRS=perl \
    INSTALLARCHLIB="$PREFIX/lib/perl" \
    INSTALLPRIVLIB="$PREFIX/lib/perl" \
    INSTALLBIN="$PREFIX/bin" \
    INSTALLSCRIPT="$PREFIX/bin" \
    INSTALLMAN1DIR="$PREFIX/share/man/man1" \
    INSTALLMAN3DIR="$PREFIX/share/man/man3"
 
3 15-08-20 14:37:57 [22/662/662] [XML-Parser] Running build-commands
3 15-08-20 14:37:57 [22/662/662] [XML-Parser] Running command:
make 
3 15-08-20 14:37:59 [22/662/662] [XML-Parser] Running install-commands
3 15-08-20 14:37:59 [22/662/662] [XML-Parser] Running command:
make DESTDIR="$DESTDIR" install 
3 15-08-20 14:37:59 [22/662/662] [XML-Parser] Running strip-commands
3 15-08-20 14:37:59 [22/662/662] [XML-Parser] Running command:
find "$DESTDIR" -type f \
  '(' -perm -111 -o -name '*.so*' -o -name '*.cmxs' -o -name '*.node' ')' \
  -exec sh -ec \
  'read -n4 hdr <"$1"   # check for elf header
  if [ "$hdr" != "$(printf \x7ELF)" ]; then
    exit 0
  fi
  debugfile="$DESTDIR$PREFIX/lib/debug/$(basename "$1")"
  mkdir -p "$(dirname "$debugfile")"
  objcopy --only-keep-debug "$1" "$debugfile"
  chmod 644 "$debugfile"
  strip --remove-section=.comment --remove-section=.note --strip-unneeded "$1"
  objcopy --add-gnu-debuglink "$debugfile" "$1"' - {} ';'
 
3 15-08-20 14:37:59 [22/662/662] [XML-Parser] Elapsed time for build 00:00:02
3 15-08-20 14:37:59 [22/662/662] [XML-Parser] Starting artifact creation 
3 15-08-20 14:37:59 [22/662/662] [XML-Parser] splitting chunk 
3 15-08-20 14:37:59 [22/662/662] [XML-Parser] Now cached 191111 bytes as XML-Parser.d8e8eeea36d4772b15f26fb23d1d9bd9ec55d1791516e7b48a2a1f3f86ec6f90
3 15-08-20 14:37:59 [22/662/662] [XML-Parser] Elapsed time for artifact creation 00:00:00
3 15-08-20 14:37:59 [22/662/662] [XML-Parser] Cleaned up /src/tmp/tmp7zBZtR
3 15-08-20 14:37:59 [22/662/662] [XML-Parser] Elapsed time for assembly 00:31:53
3 15-08-20 14:37:59 [22/662/662] [core] Installing XML-Parser.d8e8eeea36d4772b15f26fb23d1d9bd9ec55d1791516e7b48a2a1f3f86ec6f90 
3 15-08-20 14:37:59 [22/662/662] [XML-Parser] loaded metadata for XML-Parser
3 15-08-20 14:38:00 [22/662/662] [gettext-tarball] Starting assembly 
3 15-08-20 14:38:00 [22/662/662] [build-essential] loaded metadata for build-essential
3 15-08-20 14:38:00 [22/662/662] [gettext-tarball] Installing build-essential.e1bdf843212f662b23383566b09874097b32deae33d512280a33572574f5d94f 
3 15-08-20 14:38:00 [22/662/662] [libexpat] loaded metadata for libexpat
3 15-08-20 14:38:00 [22/662/662] [gettext-tarball] Installing libexpat.a7146e44ab584569df6405403aee1dac35461f3f6a381467e49b2fff3d6d1544 
3 15-08-20 14:38:00 [23/662/662] [gettext-tarball] Starting build 
3 15-08-20 14:38:01 [23/662/662] [gettext-tarball] Git checkout upstream:gettext-tarball in /src/tmp/tmpINjNE2/gettext-tarball.build 
3 15-08-20 14:38:01 [23/662/662] [gettext-tarball] Upstream version 482840e6 gettext-0.19.4 (gettext-0.19.4 + 0 commits) 
3 15-08-20 14:38:01 [23/662/662] [gettext-tarball] Defined build system is autotools
3 15-08-20 14:38:01 [23/662/662] [gettext-tarball] Logging build commands to /src/artifacts/gettext-tarball.0093ae504f7d6588d84f70d87b3f877f600464178b7089cd9a797eec6accee8b.build-log.3 
3 15-08-20 14:38:01 [23/662/662] [gettext-tarball] Running configure-commands
3 15-08-20 14:38:01 [23/662/662] [gettext-tarball] Running command:
./configure --prefix="$PREFIX" 
0 15-08-20 14:38:40 [23/662/662] [gettext-tarball] Running build-commands
0 15-08-20 14:38:40 [23/662/662] [gettext-tarball] Running command:
make 
2 15-08-20 14:38:41 [23/662/662] [gettext-tarball] Running build-commands
2 15-08-20 14:38:41 [23/662/662] [gettext-tarball] Running command:
make 
3 15-08-20 14:38:46 [23/662/662] [gettext-tarball] Running build-commands
3 15-08-20 14:38:46 [23/662/662] [gettext-tarball] Running command:
make 
0 15-08-20 14:39:24 [23/662/662] [gettext-tarball] Running install-commands
0 15-08-20 14:39:24 [23/662/662] [gettext-tarball] Running command:
make DESTDIR="$DESTDIR" install 
2 15-08-20 14:39:24 [23/662/662] [gettext-tarball] Running install-commands
2 15-08-20 14:39:24 [23/662/662] [gettext-tarball] Running command:
make DESTDIR="$DESTDIR" install 
4 15-08-20 14:39:26 [19/662/662] [perl] Running install-commands
4 15-08-20 14:39:26 [19/662/662] [perl] Running command:
make DESTDIR="$DESTDIR" install 
3 15-08-20 14:39:30 [23/662/662] [gettext-tarball] Running install-commands
3 15-08-20 14:39:30 [23/662/662] [gettext-tarball] Running command:
make DESTDIR="$DESTDIR" install 
0 15-08-20 14:39:33 [23/662/662] [gettext-tarball] Running strip-commands
0 15-08-20 14:39:33 [23/662/662] [gettext-tarball] Running command:
find "$DESTDIR" -type f \
  '(' -perm -111 -o -name '*.so*' -o -name '*.cmxs' -o -name '*.node' ')' \
  -exec sh -ec \
  'read -n4 hdr <"$1"   # check for elf header
  if [ "$hdr" != "$(printf \x7ELF)" ]; then
    exit 0
  fi
  debugfile="$DESTDIR$PREFIX/lib/debug/$(basename "$1")"
  mkdir -p "$(dirname "$debugfile")"
  objcopy --only-keep-debug "$1" "$debugfile"
  chmod 644 "$debugfile"
  strip --remove-section=.comment --remove-section=.note --strip-unneeded "$1"
  objcopy --add-gnu-debuglink "$debugfile" "$1"' - {} ';'
 
2 15-08-20 14:39:33 [23/662/662] [gettext-tarball] Running strip-commands
2 15-08-20 14:39:33 [23/662/662] [gettext-tarball] Running command:
find "$DESTDIR" -type f \
  '(' -perm -111 -o -name '*.so*' -o -name '*.cmxs' -o -name '*.node' ')' \
  -exec sh -ec \
  'read -n4 hdr <"$1"   # check for elf header
  if [ "$hdr" != "$(printf \x7ELF)" ]; then
    exit 0
  fi
  debugfile="$DESTDIR$PREFIX/lib/debug/$(basename "$1")"
  mkdir -p "$(dirname "$debugfile")"
  objcopy --only-keep-debug "$1" "$debugfile"
  chmod 644 "$debugfile"
  strip --remove-section=.comment --remove-section=.note --strip-unneeded "$1"
  objcopy --add-gnu-debuglink "$debugfile" "$1"' - {} ';'
 
3 15-08-20 14:39:39 [23/662/662] [gettext-tarball] Running strip-commands
3 15-08-20 14:39:39 [23/662/662] [gettext-tarball] Running command:
find "$DESTDIR" -type f \
  '(' -perm -111 -o -name '*.so*' -o -name '*.cmxs' -o -name '*.node' ')' \
  -exec sh -ec \
  'read -n4 hdr <"$1"   # check for elf header
  if [ "$hdr" != "$(printf \x7ELF)" ]; then
    exit 0
  fi
  debugfile="$DESTDIR$PREFIX/lib/debug/$(basename "$1")"
  mkdir -p "$(dirname "$debugfile")"
  objcopy --only-keep-debug "$1" "$debugfile"
  chmod 644 "$debugfile"
  strip --remove-section=.comment --remove-section=.note --strip-unneeded "$1"
  objcopy --add-gnu-debuglink "$debugfile" "$1"' - {} ';'
 
2 15-08-20 14:39:33 [23/662/662] [gettext-tarball] Elapsed time for build 00:01:39
2 15-08-20 14:39:33 [23/662/662] [gettext-tarball] Starting artifact creation 
2 15-08-20 14:39:33 [23/662/662] [gettext-tarball] splitting chunk 
2 15-08-20 14:39:40 [23/662/662] [gettext-tarball] Bah! I raced and rebuilt gettext-tarball.0093ae504f7d6588d84f70d87b3f877f600464178b7089cd9a797eec6accee8b
2 15-08-20 14:39:40 [23/662/662] [gettext-tarball] Elapsed time for artifact creation 00:00:06
2 15-08-20 14:39:40 [23/662/662] [gettext-tarball] Cleaned up /src/tmp/tmpISUYaf
2 15-08-20 14:39:40 [23/662/662] [gettext-tarball] Elapsed time for assembly 00:02:00
2 15-08-20 14:39:40 [23/662/662] [bison] Installing gettext-tarball.0093ae504f7d6588d84f70d87b3f877f600464178b7089cd9a797eec6accee8b 
2 15-08-20 14:39:41 [23/662/662] [gettext-tarball] loaded metadata for strata/core/gettext-tarball.morph
2 15-08-20 14:39:41 [23/662/662] [build-essential] loaded metadata for build-essential
2 15-08-20 14:39:41 [23/662/662] [automake] loaded metadata for automake
2 15-08-20 14:39:41 [23/662/662] [flex] Starting assembly 
2 15-08-20 14:39:41 [23/662/662] [build-essential] loaded metadata for build-essential
2 15-08-20 14:39:41 [23/662/662] [flex] Installing build-essential.e1bdf843212f662b23383566b09874097b32deae33d512280a33572574f5d94f 
2 15-08-20 14:39:41 [23/662/662] [gettext-tarball] loaded metadata for gettext-tarball
2 15-08-20 14:39:41 [23/662/662] [flex] Installing gettext-tarball.0093ae504f7d6588d84f70d87b3f877f600464178b7089cd9a797eec6accee8b 
2 15-08-20 14:39:41 [23/662/662] [automake] loaded metadata for automake
2 15-08-20 14:39:41 [23/662/662] [file] loaded metadata for file
2 15-08-20 14:39:41 [24/662/662] [flex] Starting build 
2 15-08-20 14:39:41 [24/662/662] [flex] Git checkout upstream:flex in /src/tmp/tmplzOs_F/flex.build 
2 15-08-20 14:39:41 [24/662/662] [flex] Upstream version de10f98e flex-2-5-35-34-gde10f98 (flex-2-5-35 + 34 commits) 
2 15-08-20 14:39:41 [24/662/662] [flex] Defined build system is manual
2 15-08-20 14:39:41 [24/662/662] [flex] Logging build commands to /src/artifacts/flex.f04fe4e7bc7619858b0795d54e3037aa5158b9d604093d3c018800131bf6be98.build-log.2 
2 15-08-20 14:39:41 [24/662/662] [flex] Running pre-configure-commands
2 15-08-20 14:39:41 [24/662/662] [flex] Running command:
autoreconf -ivf 
0 15-08-20 14:39:33 [23/662/662] [gettext-tarball] Elapsed time for build 00:01:39
0 15-08-20 14:39:33 [23/662/662] [gettext-tarball] Starting artifact creation 
0 15-08-20 14:39:33 [23/662/662] [gettext-tarball] splitting chunk 
0 15-08-20 14:39:40 [23/662/662] [gettext-tarball] Now cached 11499011 bytes as gettext-tarball.0093ae504f7d6588d84f70d87b3f877f600464178b7089cd9a797eec6accee8b
0 15-08-20 14:39:40 [23/662/662] [gettext-tarball] Elapsed time for artifact creation 00:00:06
0 15-08-20 14:39:40 [23/662/662] [gettext-tarball] Cleaned up /src/tmp/tmpWZce3f
0 15-08-20 14:39:40 [23/662/662] [gettext-tarball] Elapsed time for assembly 00:02:00
0 15-08-20 14:39:40 [23/662/662] [attr] Installing gettext-tarball.0093ae504f7d6588d84f70d87b3f877f600464178b7089cd9a797eec6accee8b 
0 15-08-20 14:39:40 [23/662/662] [gettext-tarball] loaded metadata for strata/core/gettext-tarball.morph
0 15-08-20 14:39:41 [23/662/662] [libtool] Starting assembly 
0 15-08-20 14:39:41 [23/662/662] [automake] loaded metadata for automake
0 15-08-20 14:39:41 [23/662/662] [libtool] Installing automake.4f17424d6fb99072f43ef6a65d6b73e0c0a761d3af19669c351a217da81ef623 
0 15-08-20 14:39:41 [23/662/662] [texinfo-tarball] loaded metadata for texinfo-tarball
0 15-08-20 14:39:41 [23/662/662] [autoconf] loaded metadata for autoconf
0 15-08-20 14:39:41 [23/662/662] [libtool] Installing autoconf.c4571abde627e687b3904cc60dcec17beec31df8f52b0dc956696f322d713b77 
0 15-08-20 14:39:41 [23/662/662] [build-essential] loaded metadata for build-essential
0 15-08-20 14:39:41 [23/662/662] [patch] Starting assembly 
0 15-08-20 14:39:41 [23/662/662] [build-essential] loaded metadata for build-essential
0 15-08-20 14:39:41 [23/662/662] [patch] Installing build-essential.e1bdf843212f662b23383566b09874097b32deae33d512280a33572574f5d94f 
0 15-08-20 14:39:41 [23/662/662] [bison] Starting assembly 
0 15-08-20 14:39:41 [23/662/662] [flex] Starting assembly 
0 15-08-20 14:39:41 [23/662/662] [automake] loaded metadata for automake
0 15-08-20 14:39:41 [23/662/662] [flex] Installing automake.4f17424d6fb99072f43ef6a65d6b73e0c0a761d3af19669c351a217da81ef623 
0 15-08-20 14:39:41 [23/662/662] [file] loaded metadata for file
0 15-08-20 14:39:41 [23/662/662] [flex] Installing file.b93464e40aed13401a3a18dbea474f7a40605ba943cb3e6154df9d77fd1ca76d 
0 15-08-20 14:39:41 [23/662/662] [build-essential] loaded metadata for build-essential
0 15-08-20 14:39:42 [23/662/662] [gettext-tarball] loaded metadata for gettext-tarball
0 15-08-20 14:39:42 [23/662/662] [flex] Installing gettext-tarball.0093ae504f7d6588d84f70d87b3f877f600464178b7089cd9a797eec6accee8b 
0 15-08-20 14:39:42 [24/662/662] [flex] Starting build 
0 15-08-20 14:39:42 [24/662/662] [flex] Git checkout upstream:flex in /src/tmp/tmpgJkjWj/flex.build 
0 15-08-20 14:39:42 [24/662/662] [flex] Upstream version de10f98e flex-2-5-35-34-gde10f98 (flex-2-5-35 + 34 commits) 
0 15-08-20 14:39:42 [24/662/662] [flex] Defined build system is manual
0 15-08-20 14:39:42 [24/662/662] [flex] Logging build commands to /src/artifacts/flex.f04fe4e7bc7619858b0795d54e3037aa5158b9d604093d3c018800131bf6be98.build-log.0 
0 15-08-20 14:39:42 [24/662/662] [flex] Running pre-configure-commands
0 15-08-20 14:39:42 [24/662/662] [flex] Running command:
autoreconf -ivf 
2 15-08-20 14:39:47 [24/662/662] [flex] Running configure-commands
2 15-08-20 14:39:47 [24/662/662] [flex] Running command:
./configure --prefix="$PREFIX" 
0 15-08-20 14:39:47 [24/662/662] [flex] Running configure-commands
0 15-08-20 14:39:47 [24/662/662] [flex] Running command:
./configure --prefix="$PREFIX" 
3 15-08-20 14:39:39 [23/662/662] [gettext-tarball] Elapsed time for build 00:01:39
3 15-08-20 14:39:39 [23/662/662] [gettext-tarball] Starting artifact creation 
3 15-08-20 14:39:39 [23/662/662] [gettext-tarball] splitting chunk 
3 15-08-20 14:39:46 [23/662/662] [gettext-tarball] Bah! I raced and rebuilt gettext-tarball.0093ae504f7d6588d84f70d87b3f877f600464178b7089cd9a797eec6accee8b
3 15-08-20 14:39:46 [23/662/662] [gettext-tarball] Elapsed time for artifact creation 00:00:06
3 15-08-20 14:39:46 [23/662/662] [gettext-tarball] Cleaned up /src/tmp/tmpINjNE2
3 15-08-20 14:39:46 [23/662/662] [gettext-tarball] Elapsed time for assembly 00:01:46
3 15-08-20 14:39:46 [23/662/662] [core] Installing gettext-tarball.0093ae504f7d6588d84f70d87b3f877f600464178b7089cd9a797eec6accee8b 
3 15-08-20 14:39:46 [23/662/662] [gettext-tarball] loaded metadata for strata/core/gettext-tarball.morph
3 15-08-20 14:39:46 [23/662/662] [file] loaded metadata for file
3 15-08-20 14:39:46 [23/662/662] [libtool] Starting assembly 
3 15-08-20 14:39:46 [23/662/662] [help2man] loaded metadata for help2man
3 15-08-20 14:39:46 [23/662/662] [libtool] Installing help2man.ebd7c188338e62ccb40768824f908e0158871ddbf1a68ded3b1323864c67d60f 
3 15-08-20 14:39:47 [23/662/662] [xz] Starting assembly 
3 15-08-20 14:39:47 [23/662/662] [libtool-tarball] loaded metadata for libtool-tarball
3 15-08-20 14:39:47 [23/662/662] [xz] Installing libtool-tarball.9ba025ca9cb2beb81551e0eb8d7c6cac25b3cea2fbb94392b1162e7b1544f504 
3 15-08-20 14:39:47 [23/662/662] [file] loaded metadata for file
3 15-08-20 14:39:47 [23/662/662] [xz] Installing file.b93464e40aed13401a3a18dbea474f7a40605ba943cb3e6154df9d77fd1ca76d 
3 15-08-20 14:39:47 [23/662/662] [build-essential] loaded metadata for build-essential
3 15-08-20 14:39:47 [23/662/662] [automake] loaded metadata for automake
3 15-08-20 14:39:47 [23/662/662] [xz] Installing automake.4f17424d6fb99072f43ef6a65d6b73e0c0a761d3af19669c351a217da81ef623 
3 15-08-20 14:39:47 [23/662/662] [gettext-tarball] loaded metadata for gettext-tarball
3 15-08-20 14:39:47 [23/662/662] [xz] Installing gettext-tarball.0093ae504f7d6588d84f70d87b3f877f600464178b7089cd9a797eec6accee8b 
3 15-08-20 14:39:47 [23/662/662] [autoconf] loaded metadata for autoconf
3 15-08-20 14:39:47 [24/662/662] [xz] Starting build 
3 15-08-20 14:39:47 [24/662/662] [xz] Git checkout upstream:xz in /src/tmp/tmpHdNYAC/xz.build 
3 15-08-20 14:39:47 [24/662/662] [xz] Upstream version a0cd05ee v5.2.0 (v5.2.0 + 0 commits) 
3 15-08-20 14:39:47 [24/662/662] [xz] Autodetected build system is autotools
3 15-08-20 14:39:47 [24/662/662] [xz] Logging build commands to /src/artifacts/xz.0cee8142fe1de69e16ee28313a43d4a1ff513e6485dcf759892f7904c7d6092a.build-log.3 
3 15-08-20 14:39:47 [24/662/662] [xz] Running configure-commands
3 15-08-20 14:39:47 [24/662/662] [xz] Running command:
export NOCONFIGURE=1
if [ -e autogen ]; then ./autogen
elif [ -e autogen.sh ]; then ./autogen.sh
elif [ ! -e ./configure ]; then autoreconf -ivf
fi
./configure --prefix="$PREFIX"
 
2 15-08-20 14:39:50 [24/662/662] [flex] Running build-commands
2 15-08-20 14:39:50 [24/662/662] [flex] Running command:
make dist_doc_DATA= 
0 15-08-20 14:39:50 [24/662/662] [flex] Running build-commands
0 15-08-20 14:39:50 [24/662/662] [flex] Running command:
make dist_doc_DATA= 
2 15-08-20 14:39:51 [24/662/662] [flex] Running install-commands
2 15-08-20 14:39:51 [24/662/662] [flex] Running command:
make dist_doc_DATA= DESTDIR="$DESTDIR" install 
0 15-08-20 14:39:52 [24/662/662] [flex] Running install-commands
0 15-08-20 14:39:52 [24/662/662] [flex] Running command:
make dist_doc_DATA= DESTDIR="$DESTDIR" install 
2 15-08-20 14:39:54 [24/662/662] [flex] Running command:
ln -s libfl.a "$DESTDIR$PREFIX/lib/libl.a" 
2 15-08-20 14:39:54 [24/662/662] [flex] Running command:
echo "#!$PREFIX/bin/sh" >"$DESTDIR$PREFIX/bin/lex" 
2 15-08-20 14:39:54 [24/662/662] [flex] Running command:
echo 'exec '"$PREFIX"'/bin/flex -l "$@"' >>"$DESTDIR$PREFIX/bin/lex" 
2 15-08-20 14:39:54 [24/662/662] [flex] Running command:
chmod 755 "$DESTDIR$PREFIX/bin/lex" 
0 15-08-20 14:39:54 [24/662/662] [flex] Running command:
ln -s libfl.a "$DESTDIR$PREFIX/lib/libl.a" 
0 15-08-20 14:39:54 [24/662/662] [flex] Running command:
echo "#!$PREFIX/bin/sh" >"$DESTDIR$PREFIX/bin/lex" 
0 15-08-20 14:39:54 [24/662/662] [flex] Running command:
echo 'exec '"$PREFIX"'/bin/flex -l "$@"' >>"$DESTDIR$PREFIX/bin/lex" 
0 15-08-20 14:39:54 [24/662/662] [flex] Running command:
chmod 755 "$DESTDIR$PREFIX/bin/lex" 
3 15-08-20 14:39:58 [24/662/662] [xz] Running build-commands
3 15-08-20 14:39:58 [24/662/662] [xz] Running command:
make 
4 15-08-20 14:39:57 [19/662/662] [perl] Elapsed time for build 00:03:26
4 15-08-20 14:39:57 [19/662/662] [perl] Starting artifact creation 
4 15-08-20 14:39:57 [19/662/662] [perl] splitting chunk 
4 15-08-20 14:39:57 [19/662/662] [perl] Bah! I could have cached perl.670fbbb974c10f9593857049109dfc99f1adcab032fdc5a88598d7776a1a819a
4 15-08-20 14:39:57 [19/662/662] [perl] Elapsed time for artifact creation 00:00:00
4 15-08-20 14:39:57 [19/662/662] [perl] Cleaned up /src/tmp/tmpbnHauV
4 15-08-20 14:39:57 [19/662/662] [perl] Elapsed time for assembly 00:03:27
4 15-08-20 14:39:57 [19/662/662] [texinfo-tarball] Installing perl.670fbbb974c10f9593857049109dfc99f1adcab032fdc5a88598d7776a1a819a 
4 15-08-20 14:39:58 [19/662/662] [perl] loaded metadata for strata/core/perl.morph
4 15-08-20 14:39:58 [20/662/662] [texinfo-tarball] Starting build 
4 15-08-20 14:39:59 [20/662/662] [texinfo-tarball] Git checkout upstream:texinfo-tarball in /src/tmp/tmpcJs3zZ/texinfo-tarball.build 
4 15-08-20 14:39:59 [20/662/662] [texinfo-tarball] Upstream version 6a55f074 texinfo-5.2 (texinfo-5.2 + 0 commits) 
4 15-08-20 14:39:59 [20/662/662] [texinfo-tarball] Defined build system is manual
4 15-08-20 14:39:59 [20/662/662] [texinfo-tarball] Logging build commands to /src/artifacts/texinfo-tarball.dd87a003df9e81bdc165d265a1897c9f5908ce1163e472fe2a62ffce8dc2558e.build-log.4 
4 15-08-20 14:39:59 [20/662/662] [texinfo-tarball] Running configure-commands
4 15-08-20 14:39:59 [20/662/662] [texinfo-tarball] Running command:
./configure --prefix="$PREFIX" 
3 15-08-20 14:40:01 [24/662/662] [xz] Running install-commands
3 15-08-20 14:40:01 [24/662/662] [xz] Running command:
make DESTDIR="$DESTDIR" install 
3 15-08-20 14:40:02 [24/662/662] [xz] Running strip-commands
3 15-08-20 14:40:02 [24/662/662] [xz] Running command:
find "$DESTDIR" -type f \
  '(' -perm -111 -o -name '*.so*' -o -name '*.cmxs' -o -name '*.node' ')' \
  -exec sh -ec \
  'read -n4 hdr <"$1"   # check for elf header
  if [ "$hdr" != "$(printf \x7ELF)" ]; then
    exit 0
  fi
  debugfile="$DESTDIR$PREFIX/lib/debug/$(basename "$1")"
  mkdir -p "$(dirname "$debugfile")"
  objcopy --only-keep-debug "$1" "$debugfile"
  chmod 644 "$debugfile"
  strip --remove-section=.comment --remove-section=.note --strip-unneeded "$1"
  objcopy --add-gnu-debuglink "$debugfile" "$1"' - {} ';'
 
2 15-08-20 14:39:54 [24/662/662] [flex] Elapsed time for build 00:00:12
2 15-08-20 14:39:54 [24/662/662] [flex] Starting artifact creation 
2 15-08-20 14:39:54 [24/662/662] [flex] splitting chunk 
2 15-08-20 14:39:54 [24/662/662] [flex] Now cached 428473 bytes as flex.f04fe4e7bc7619858b0795d54e3037aa5158b9d604093d3c018800131bf6be98
2 15-08-20 14:39:54 [24/662/662] [flex] Elapsed time for artifact creation 00:00:00
2 15-08-20 14:39:55 [24/662/662] [flex] Cleaned up /src/tmp/tmplzOs_F
2 15-08-20 14:39:55 [24/662/662] [flex] Elapsed time for assembly 00:00:13
2 15-08-20 14:39:55 [24/662/662] [bison] Installing flex.f04fe4e7bc7619858b0795d54e3037aa5158b9d604093d3c018800131bf6be98 
2 15-08-20 14:39:55 [24/662/662] [flex] loaded metadata for strata/core/flex.morph
2 15-08-20 14:39:55 [24/662/662] [mini-utils] loaded metadata for mini-utils
2 15-08-20 14:39:55 [24/662/662] [bison] Installing mini-utils.ad863fe0d3df72a01feca99626ff79f10378f513f74e89d46d0ce0634d70bb25 
2 15-08-20 14:39:55 [24/662/662] [help2man] loaded metadata for help2man
2 15-08-20 14:39:55 [25/662/662] [bison] Starting build 
2 15-08-20 14:39:55 [25/662/662] [bison] Git checkout upstream:bison in /src/tmp/tmp81nE4L/bison.build 
2 15-08-20 14:39:55 [25/662/662] [bison] Upstream version 2ab6d1da v3.0.2-1-g2ab6d1d (v3.0.2 + 1 commits) 
2 15-08-20 14:39:55 [25/662/662] [bison] Git submodules 
2 15-08-20 14:39:55 [25/662/662] [bison] Try fetching tarball git___git_baserock_org_delta_gnulib.tar 
2 15-08-20 14:40:09 [25/662/662] [bison] Try git clone from git://git.baserock.org/delta/gnulib


2 15-08-20 14:40:09 [25/662/662] [bison] ERROR: failed to clone upstream:gnulib


2 15-08-20 14:40:09 [25/662/662] [bison] Elapsed time for build 00:00:14
2 15-08-20 14:40:09 [25/662/662] [bison] Elapsed time for assembly 00:02:29
2 15-08-20 14:40:09 [25/662/662] [patch] Elapsed time for assembly 00:02:47
2 15-08-20 14:40:09 [25/662/662] [libtool] Elapsed time for assembly 00:34:03
2 15-08-20 14:40:09 [25/662/662] [shadow] Elapsed time for assembly 00:34:03
2 15-08-20 14:40:09 [25/662/662] [core] Elapsed time for assembly 00:34:03
2 15-08-20 14:40:09 [25/662/662] [libmad] Elapsed time for assembly 00:34:03
2 15-08-20 14:40:09 [25/662/662] [multimedia-common] Elapsed time for assembly 00:34:03
2 15-08-20 14:40:09 [25/662/662] [genivi-baseline-system-x86_64-generic] Elapsed time for assembly 00:34:03
2 15-08-20 14:40:09 [25/662/662] [ci] Elapsed time for assembly 00:34:03
2 15-08-20 14:40:09 [25/662/662] [TOTAL] Elapsed time 01:41:01
0 15-08-20 14:39:54 [24/662/662] [flex] Elapsed time for build 00:00:12
0 15-08-20 14:39:54 [24/662/662] [flex] Starting artifact creation 
0 15-08-20 14:39:54 [24/662/662] [flex] splitting chunk 
0 15-08-20 14:39:55 [24/662/662] [flex] Bah! I raced and rebuilt flex.f04fe4e7bc7619858b0795d54e3037aa5158b9d604093d3c018800131bf6be98
0 15-08-20 14:39:55 [24/662/662] [flex] Elapsed time for artifact creation 00:00:00
0 15-08-20 14:39:55 [24/662/662] [flex] Cleaned up /src/tmp/tmpgJkjWj
0 15-08-20 14:39:55 [24/662/662] [flex] Elapsed time for assembly 00:00:13
0 15-08-20 14:39:55 [24/662/662] [bison] Installing flex.f04fe4e7bc7619858b0795d54e3037aa5158b9d604093d3c018800131bf6be98 
0 15-08-20 14:39:55 [24/662/662] [flex] loaded metadata for strata/core/flex.morph
0 15-08-20 14:39:55 [24/662/662] [build-essential] loaded metadata for build-essential
0 15-08-20 14:39:55 [24/662/662] [help2man] loaded metadata for help2man
0 15-08-20 14:39:55 [24/662/662] [autoconf] loaded metadata for autoconf
0 15-08-20 14:39:55 [24/662/662] [gettext-tarball] loaded metadata for gettext-tarball
0 15-08-20 14:39:56 [24/662/662] [automake] loaded metadata for automake
0 15-08-20 14:39:56 [24/662/662] [mini-utils] loaded metadata for mini-utils
0 15-08-20 14:39:56 [24/662/662] [bison] Installing mini-utils.ad863fe0d3df72a01feca99626ff79f10378f513f74e89d46d0ce0634d70bb25 
0 15-08-20 14:39:56 [24/662/662] [mini-utils] loaded metadata for strata/core/mini-utils.morph
0 15-08-20 14:39:56 [25/662/662] [bison] Starting build 
0 15-08-20 14:39:56 [25/662/662] [bison] Git checkout upstream:bison in /src/tmp/tmpufGjeu/bison.build 
0 15-08-20 14:39:56 [25/662/662] [bison] Upstream version 2ab6d1da v3.0.2-1-g2ab6d1d (v3.0.2 + 1 commits) 
0 15-08-20 14:39:56 [25/662/662] [bison] Git submodules 
0 15-08-20 14:39:56 [25/662/662] [bison] Try fetching tarball git___git_baserock_org_delta_gnulib.tar 
0 15-08-20 14:40:09 [25/662/662] [bison] Try git clone from git://git.baserock.org/delta/gnulib


0 15-08-20 14:40:09 [25/662/662] [bison] ERROR: failed to clone upstream:gnulib


0 15-08-20 14:40:09 [25/662/662] [bison] Elapsed time for build 00:00:13
0 15-08-20 14:40:09 [25/662/662] [bison] Elapsed time for assembly 00:00:27
0 15-08-20 14:40:09 [25/662/662] [patch] Elapsed time for assembly 00:00:27
0 15-08-20 14:40:09 [25/662/662] [libtool] Elapsed time for assembly 00:00:28
0 15-08-20 14:40:09 [25/662/662] [attr] Elapsed time for assembly 00:34:03
0 15-08-20 14:40:09 [25/662/662] [core] Elapsed time for assembly 00:34:03
0 15-08-20 14:40:09 [25/662/662] [coreutils] Elapsed time for assembly 00:34:03
0 15-08-20 14:40:09 [25/662/662] [coreutils-common] Elapsed time for assembly 00:34:03
0 15-08-20 14:40:09 [25/662/662] [libusb] Elapsed time for assembly 00:34:03
0 15-08-20 14:40:09 [25/662/662] [foundation] Elapsed time for assembly 00:34:03
0 15-08-20 14:40:09 [25/662/662] [oslo-config] Elapsed time for assembly 00:34:03
0 15-08-20 14:40:09 [25/662/662] [openstack-common] Elapsed time for assembly 00:34:03
0 15-08-20 14:40:09 [25/662/662] [openstack-system-x86_64] Elapsed time for assembly 00:34:03
0 15-08-20 14:40:09 [25/662/662] [ci] Elapsed time for assembly 00:34:03
0 15-08-20 14:40:09 [25/662/662] [TOTAL] Elapsed time 01:41:01
4 15-08-20 14:40:12 [20/662/662] [texinfo-tarball] Running build-commands
4 15-08-20 14:40:12 [20/662/662] [texinfo-tarball] Running command:
make 
4 15-08-20 14:40:20 [20/662/662] [texinfo-tarball] Running install-commands
4 15-08-20 14:40:20 [20/662/662] [texinfo-tarball] Running command:
make DESTDIR="$DESTDIR" install 
4 15-08-20 14:40:21 [20/662/662] [texinfo-tarball] Running command:
make DESTDIR="$DESTDIR" TEXMF="$PREFIX/share/texmf" install-tex 
4 15-08-20 14:40:21 [20/662/662] [texinfo-tarball] Elapsed time for build 00:00:23
4 15-08-20 14:40:21 [20/662/662] [texinfo-tarball] Starting artifact creation 
4 15-08-20 14:40:21 [20/662/662] [texinfo-tarball] splitting chunk 
4 15-08-20 14:40:21 [20/662/662] [texinfo-tarball] Bah! I could have cached texinfo-tarball.dd87a003df9e81bdc165d265a1897c9f5908ce1163e472fe2a62ffce8dc2558e
4 15-08-20 14:40:21 [20/662/662] [texinfo-tarball] Elapsed time for artifact creation 00:00:00
4 15-08-20 14:40:22 [20/662/662] [texinfo-tarball] Cleaned up /src/tmp/tmpcJs3zZ
4 15-08-20 14:40:22 [20/662/662] [texinfo-tarball] Elapsed time for assembly 00:04:12
4 15-08-20 14:40:22 [20/662/662] [automake] Installing texinfo-tarball.dd87a003df9e81bdc165d265a1897c9f5908ce1163e472fe2a62ffce8dc2558e 
4 15-08-20 14:40:22 [20/662/662] [texinfo-tarball] loaded metadata for strata/core/texinfo-tarball.morph
4 15-08-20 14:40:22 [20/662/662] [perl] loaded metadata for perl
4 15-08-20 14:40:22 [20/662/662] [autoconf-tarball] loaded metadata for autoconf-tarball
4 15-08-20 14:40:22 [20/662/662] [automake] Installing autoconf-tarball.2511688a597d42c6257b07bad5ffbccfed89adb3c484b6a1665589b88c416ae6 
4 15-08-20 14:40:22 [20/662/662] [autoconf-tarball] loaded metadata for strata/core/autoconf-tarball.morph
4 15-08-20 14:40:22 [21/662/662] [automake] Starting build 
4 15-08-20 14:40:22 [21/662/662] [automake] Git checkout upstream:automake in /src/tmp/tmpK72ozY/automake.build 
4 15-08-20 14:40:22 [21/662/662] [automake] Upstream version db43dd47 v1.15 (v1.15 + 0 commits) 
4 15-08-20 14:40:22 [21/662/662] [automake] Defined build system is autotools
4 15-08-20 14:40:22 [21/662/662] [automake] Logging build commands to /src/artifacts/automake.4f17424d6fb99072f43ef6a65d6b73e0c0a761d3af19669c351a217da81ef623.build-log.4 
4 15-08-20 14:40:22 [21/662/662] [automake] Running configure-commands
4 15-08-20 14:40:22 [21/662/662] [automake] Running command:
./bootstrap.sh 
4 15-08-20 14:40:24 [21/662/662] [automake] Running command:
./configure --prefix="$PREFIX" 
4 15-08-20 14:40:27 [21/662/662] [automake] Running build-commands
4 15-08-20 14:40:27 [21/662/662] [automake] Running command:
unset DESTDIR; make 
3 15-08-20 14:40:02 [24/662/662] [xz] Elapsed time for build 00:00:14
3 15-08-20 14:40:02 [24/662/662] [xz] Starting artifact creation 
3 15-08-20 14:40:02 [24/662/662] [xz] splitting chunk 
3 15-08-20 14:40:03 [24/662/662] [xz] Now cached 926637 bytes as xz.0cee8142fe1de69e16ee28313a43d4a1ff513e6485dcf759892f7904c7d6092a
3 15-08-20 14:40:03 [24/662/662] [xz] Elapsed time for artifact creation 00:00:01
3 15-08-20 14:40:03 [24/662/662] [xz] Cleaned up /src/tmp/tmpHdNYAC
3 15-08-20 14:40:03 [24/662/662] [xz] Elapsed time for assembly 00:00:16
3 15-08-20 14:40:03 [24/662/662] [libtool] Installing xz.0cee8142fe1de69e16ee28313a43d4a1ff513e6485dcf759892f7904c7d6092a 
3 15-08-20 14:40:03 [24/662/662] [xz] loaded metadata for xz
3 15-08-20 14:40:04 [24/662/662] [automake] loaded metadata for automake
3 15-08-20 14:40:04 [24/662/662] [patch] Starting assembly 
3 15-08-20 14:40:04 [24/662/662] [automake] loaded metadata for automake
3 15-08-20 14:40:04 [24/662/662] [patch] Installing automake.4f17424d6fb99072f43ef6a65d6b73e0c0a761d3af19669c351a217da81ef623 
3 15-08-20 14:40:04 [24/662/662] [autoconf] loaded metadata for autoconf
3 15-08-20 14:40:04 [24/662/662] [patch] Installing autoconf.c4571abde627e687b3904cc60dcec17beec31df8f52b0dc956696f322d713b77 
3 15-08-20 14:40:04 [24/662/662] [bison] Starting assembly 
3 15-08-20 14:40:04 [24/662/662] [flex] loaded metadata for flex
3 15-08-20 14:40:04 [24/662/662] [bison] Installing flex.f04fe4e7bc7619858b0795d54e3037aa5158b9d604093d3c018800131bf6be98 
3 15-08-20 14:40:04 [24/662/662] [flex] loaded metadata for strata/core/flex.morph
3 15-08-20 14:40:04 [24/662/662] [gettext-tarball] loaded metadata for gettext-tarball
3 15-08-20 14:40:04 [24/662/662] [build-essential] loaded metadata for build-essential
3 15-08-20 14:40:05 [24/662/662] [help2man] loaded metadata for help2man
3 15-08-20 14:40:05 [24/662/662] [autoconf] loaded metadata for autoconf
3 15-08-20 14:40:05 [24/662/662] [automake] loaded metadata for automake
3 15-08-20 14:40:05 [24/662/662] [mini-utils] loaded metadata for mini-utils
3 15-08-20 14:40:05 [24/662/662] [bison] Installing mini-utils.ad863fe0d3df72a01feca99626ff79f10378f513f74e89d46d0ce0634d70bb25 
3 15-08-20 14:40:05 [24/662/662] [mini-utils] loaded metadata for strata/core/mini-utils.morph
3 15-08-20 14:40:05 [25/662/662] [bison] Starting build 
3 15-08-20 14:40:05 [25/662/662] [bison] Git checkout upstream:bison in /src/tmp/tmpxSQVX5/bison.build 
3 15-08-20 14:40:05 [25/662/662] [bison] Upstream version 2ab6d1da v3.0.2-1-g2ab6d1d (v3.0.2 + 1 commits) 
3 15-08-20 14:40:05 [25/662/662] [bison] Git submodules 
3 15-08-20 14:40:05 [25/662/662] [bison] Try fetching tarball git___git_baserock_org_delta_gnulib.tar 
3 15-08-20 14:40:27 [25/662/662] [bison] Git repo is mirrored at /src/gits/git___git_baserock_org_delta_gnulib
3 15-08-20 14:40:28 [25/662/662] [bison] Git checkout upstream:gnulib in /src/tmp/tmpxSQVX5/bison.build/gnulib 
3 15-08-20 14:40:28 [25/662/662] [bison] Upstream version 74540d44 v0.1-31-g74540d4 (v0.1 + 31 commits) 
3 15-08-20 14:40:28 [25/662/662] [bison] Git checkout upstream:autoconf in /src/tmp/tmpxSQVX5/bison.build/submodules/autoconf 
3 15-08-20 14:40:28 [25/662/662] [bison] Upstream version 9e087dd3 v2.69-74-g9e087dd (v2.69 + 74 commits) 
3 15-08-20 14:40:28 [25/662/662] [bison] Defined build system is autotools
3 15-08-20 14:40:28 [25/662/662] [bison] Logging build commands to /src/artifacts/bison.1ae9f20aa12dafb822e336d41ab0860f3f7aba895755a2a3d86ba3078e28c58a.build-log.3 
3 15-08-20 14:40:28 [25/662/662] [bison] Running pre-configure-commands
3 15-08-20 14:40:28 [25/662/662] [bison] Running command:
echo "3.0.2" > .tarball-version 
3 15-08-20 14:40:28 [25/662/662] [bison] Running command:
sh bootstrap --skip-po --no-git --gnulib-srcdir=gnulib 
4 15-08-20 14:40:33 [21/662/662] [automake] Running install-commands
4 15-08-20 14:40:33 [21/662/662] [automake] Running command:
make DESTDIR="$DESTDIR" install 
4 15-08-20 14:40:33 [21/662/662] [automake] Running strip-commands
4 15-08-20 14:40:33 [21/662/662] [automake] Running command:
find "$DESTDIR" -type f \
  '(' -perm -111 -o -name '*.so*' -o -name '*.cmxs' -o -name '*.node' ')' \
  -exec sh -ec \
  'read -n4 hdr <"$1"   # check for elf header
  if [ "$hdr" != "$(printf \x7ELF)" ]; then
    exit 0
  fi
  debugfile="$DESTDIR$PREFIX/lib/debug/$(basename "$1")"
  mkdir -p "$(dirname "$debugfile")"
  objcopy --only-keep-debug "$1" "$debugfile"
  chmod 644 "$debugfile"
  strip --remove-section=.comment --remove-section=.note --strip-unneeded "$1"
  objcopy --add-gnu-debuglink "$debugfile" "$1"' - {} ';'
 
4 15-08-20 14:40:33 [21/662/662] [automake] Elapsed time for build 00:00:11
4 15-08-20 14:40:33 [21/662/662] [automake] Starting artifact creation 
4 15-08-20 14:40:33 [21/662/662] [automake] splitting chunk 
4 15-08-20 14:40:33 [21/662/662] [automake] Bah! I could have cached automake.4f17424d6fb99072f43ef6a65d6b73e0c0a761d3af19669c351a217da81ef623
4 15-08-20 14:40:33 [21/662/662] [automake] Elapsed time for artifact creation 00:00:00
4 15-08-20 14:40:34 [21/662/662] [automake] Cleaned up /src/tmp/tmpK72ozY
4 15-08-20 14:40:34 [21/662/662] [automake] Elapsed time for assembly 00:04:24
4 15-08-20 14:40:34 [21/662/662] [flex] Installing automake.4f17424d6fb99072f43ef6a65d6b73e0c0a761d3af19669c351a217da81ef623 
4 15-08-20 14:40:34 [21/662/662] [automake] loaded metadata for strata/core/automake.morph
4 15-08-20 14:40:34 [21/662/662] [file] loaded metadata for file
4 15-08-20 14:40:34 [21/662/662] [flex] Installing file.b93464e40aed13401a3a18dbea474f7a40605ba943cb3e6154df9d77fd1ca76d 
4 15-08-20 14:40:34 [21/662/662] [gettext-tarball] loaded metadata for gettext-tarball
4 15-08-20 14:40:34 [21/662/662] [flex] Installing gettext-tarball.0093ae504f7d6588d84f70d87b3f877f600464178b7089cd9a797eec6accee8b 
4 15-08-20 14:40:34 [21/662/662] [gettext-tarball] loaded metadata for strata/core/gettext-tarball.morph
4 15-08-20 14:40:34 [21/662/662] [libexpat] loaded metadata for strata/core/libexpat.morph
4 15-08-20 14:40:34 [21/662/662] [autoconf] loaded metadata for strata/core/autoconf.morph
4 15-08-20 14:40:34 [21/662/662] [help2man] loaded metadata for help2man
4 15-08-20 14:40:34 [21/662/662] [libtool-tarball] loaded metadata for strata/core/libtool-tarball.morph
4 15-08-20 14:40:34 [21/662/662] [build-essential] loaded metadata for build-essential
4 15-08-20 14:40:34 [22/662/662] [flex] Starting build 
4 15-08-20 14:40:34 [22/662/662] [flex] Git checkout upstream:flex in /src/tmp/tmp1Fus8u/flex.build 
4 15-08-20 14:40:35 [22/662/662] [flex] Upstream version de10f98e flex-2-5-35-34-gde10f98 (flex-2-5-35 + 34 commits) 
4 15-08-20 14:40:35 [22/662/662] [flex] Defined build system is manual
4 15-08-20 14:40:35 [22/662/662] [flex] Logging build commands to /src/artifacts/flex.f04fe4e7bc7619858b0795d54e3037aa5158b9d604093d3c018800131bf6be98.build-log.4 
4 15-08-20 14:40:35 [22/662/662] [flex] Running pre-configure-commands
4 15-08-20 14:40:35 [22/662/662] [flex] Running command:
autoreconf -ivf 
4 15-08-20 14:40:40 [22/662/662] [flex] Running configure-commands
4 15-08-20 14:40:40 [22/662/662] [flex] Running command:
./configure --prefix="$PREFIX" 
4 15-08-20 14:40:44 [22/662/662] [flex] Running build-commands
4 15-08-20 14:40:44 [22/662/662] [flex] Running command:
make dist_doc_DATA= 
4 15-08-20 14:40:45 [22/662/662] [flex] Running install-commands
4 15-08-20 14:40:45 [22/662/662] [flex] Running command:
make dist_doc_DATA= DESTDIR="$DESTDIR" install 
4 15-08-20 14:40:47 [22/662/662] [flex] Running command:
ln -s libfl.a "$DESTDIR$PREFIX/lib/libl.a" 
4 15-08-20 14:40:47 [22/662/662] [flex] Running command:
echo "#!$PREFIX/bin/sh" >"$DESTDIR$PREFIX/bin/lex" 
4 15-08-20 14:40:47 [22/662/662] [flex] Running command:
echo 'exec '"$PREFIX"'/bin/flex -l "$@"' >>"$DESTDIR$PREFIX/bin/lex" 
4 15-08-20 14:40:47 [22/662/662] [flex] Running command:
chmod 755 "$DESTDIR$PREFIX/bin/lex" 
4 15-08-20 14:40:47 [22/662/662] [flex] Elapsed time for build 00:00:13
4 15-08-20 14:40:47 [22/662/662] [flex] Starting artifact creation 
4 15-08-20 14:40:47 [22/662/662] [flex] splitting chunk 
4 15-08-20 14:40:47 [22/662/662] [flex] Bah! I could have cached flex.f04fe4e7bc7619858b0795d54e3037aa5158b9d604093d3c018800131bf6be98
4 15-08-20 14:40:47 [22/662/662] [flex] Elapsed time for artifact creation 00:00:00
4 15-08-20 14:40:48 [22/662/662] [flex] Cleaned up /src/tmp/tmp1Fus8u
4 15-08-20 14:40:48 [22/662/662] [flex] Elapsed time for assembly 00:04:38
4 15-08-20 14:40:48 [22/662/662] [core] Installing flex.f04fe4e7bc7619858b0795d54e3037aa5158b9d604093d3c018800131bf6be98 
4 15-08-20 14:40:48 [22/662/662] [flex] loaded metadata for strata/core/flex.morph
4 15-08-20 14:40:48 [22/662/662] [libxslt] Starting assembly 
4 15-08-20 14:40:48 [22/662/662] [file] loaded metadata for file
4 15-08-20 14:40:48 [22/662/662] [libxslt] Installing file.b93464e40aed13401a3a18dbea474f7a40605ba943cb3e6154df9d77fd1ca76d 
4 15-08-20 14:40:48 [22/662/662] [libxml2] Starting assembly 
4 15-08-20 14:40:48 [22/662/662] [file] loaded metadata for file
4 15-08-20 14:40:48 [22/662/662] [libxml2] Installing file.b93464e40aed13401a3a18dbea474f7a40605ba943cb3e6154df9d77fd1ca76d 
4 15-08-20 14:40:48 [22/662/662] [automake] loaded metadata for automake
4 15-08-20 14:40:48 [22/662/662] [libxml2] Installing automake.4f17424d6fb99072f43ef6a65d6b73e0c0a761d3af19669c351a217da81ef623 
4 15-08-20 14:40:48 [22/662/662] [cpython] Starting assembly 
4 15-08-20 14:40:48 [22/662/662] [build-essential] loaded metadata for build-essential
4 15-08-20 14:40:48 [22/662/662] [cpython] Installing build-essential.e1bdf843212f662b23383566b09874097b32deae33d512280a33572574f5d94f 
4 15-08-20 14:40:48 [22/662/662] [sqlite3] Starting assembly 
4 15-08-20 14:40:48 [22/662/662] [build-essential] loaded metadata for build-essential
4 15-08-20 14:40:48 [22/662/662] [sqlite3] Installing build-essential.e1bdf843212f662b23383566b09874097b32deae33d512280a33572574f5d94f 
4 15-08-20 14:40:49 [23/662/662] [sqlite3] Starting build 
4 15-08-20 14:40:49 [23/662/662] [sqlite3] Git checkout upstream:sqlite3 in /src/tmp/tmpYfW60E/sqlite3.build 
4 15-08-20 14:40:49 [23/662/662] [sqlite3] Upstream version 24adc227 sqlite-autoconf-3080801 (sqlite-autoconf-3080801 + 0 commits) 
4 15-08-20 14:40:49 [23/662/662] [sqlite3] Autodetected build system is autotools
4 15-08-20 14:40:49 [23/662/662] [sqlite3] Logging build commands to /src/artifacts/sqlite3.d744b851f94dee7febce562be72ce32e2585f50a7e48b08c69133e753bb158ef.build-log.4 
4 15-08-20 14:40:49 [23/662/662] [sqlite3] Running configure-commands
4 15-08-20 14:40:49 [23/662/662] [sqlite3] Running command:
export NOCONFIGURE=1
if [ -e autogen ]; then ./autogen
elif [ -e autogen.sh ]; then ./autogen.sh
elif [ ! -e ./configure ]; then autoreconf -ivf
fi
./configure --prefix="$PREFIX"
 
4 15-08-20 14:40:52 [23/662/662] [sqlite3] Running build-commands
4 15-08-20 14:40:52 [23/662/662] [sqlite3] Running command:
make 
3 15-08-20 14:40:54 [25/662/662] [bison] Running configure-commands
3 15-08-20 14:40:54 [25/662/662] [bison] Running command:
export NOCONFIGURE=1
if [ -e autogen ]; then ./autogen
elif [ -e autogen.sh ]; then ./autogen.sh
elif [ ! -e ./configure ]; then autoreconf -ivf
fi
./configure --prefix="$PREFIX"
 
3 15-08-20 14:41:14 [25/662/662] [bison] Running build-commands
3 15-08-20 14:41:14 [25/662/662] [bison] Running command:
make 
3 15-08-20 14:41:21 [25/662/662] [bison] Running install-commands
3 15-08-20 14:41:21 [25/662/662] [bison] Running command:
make DESTDIR="$DESTDIR" install 
3 15-08-20 14:41:21 [25/662/662] [bison] Running strip-commands
3 15-08-20 14:41:21 [25/662/662] [bison] Running command:
find "$DESTDIR" -type f \
  '(' -perm -111 -o -name '*.so*' -o -name '*.cmxs' -o -name '*.node' ')' \
  -exec sh -ec \
  'read -n4 hdr <"$1"   # check for elf header
  if [ "$hdr" != "$(printf \x7ELF)" ]; then
    exit 0
  fi
  debugfile="$DESTDIR$PREFIX/lib/debug/$(basename "$1")"
  mkdir -p "$(dirname "$debugfile")"
  objcopy --only-keep-debug "$1" "$debugfile"
  chmod 644 "$debugfile"
  strip --remove-section=.comment --remove-section=.note --strip-unneeded "$1"
  objcopy --add-gnu-debuglink "$debugfile" "$1"' - {} ';'
 
3 15-08-20 14:41:22 [25/662/662] [bison] Elapsed time for build 00:01:16
3 15-08-20 14:41:22 [25/662/662] [bison] Starting artifact creation 
3 15-08-20 14:41:22 [25/662/662] [bison] splitting chunk 
3 15-08-20 14:41:22 [25/662/662] [bison] Now cached 904812 bytes as bison.1ae9f20aa12dafb822e336d41ab0860f3f7aba895755a2a3d86ba3078e28c58a
3 15-08-20 14:41:22 [25/662/662] [bison] Elapsed time for artifact creation 00:00:00
3 15-08-20 14:41:23 [25/662/662] [bison] Cleaned up /src/tmp/tmpxSQVX5
3 15-08-20 14:41:23 [25/662/662] [bison] Elapsed time for assembly 00:01:18
3 15-08-20 14:41:23 [25/662/662] [patch] Installing bison.1ae9f20aa12dafb822e336d41ab0860f3f7aba895755a2a3d86ba3078e28c58a 
3 15-08-20 14:41:23 [25/662/662] [bison] loaded metadata for strata/core/bison.morph
3 15-08-20 14:41:23 [25/662/662] [build-essential] loaded metadata for build-essential
3 15-08-20 14:41:23 [25/662/662] [mini-utils] loaded metadata for mini-utils
3 15-08-20 14:41:23 [26/662/662] [patch] Starting build 
3 15-08-20 14:41:23 [26/662/662] [patch] Git checkout upstream:patch in /src/tmp/tmpfmyRqu/patch.build 
3 15-08-20 14:41:23 [26/662/662] [patch] Upstream version 3bbb26c9 v2.7.1-2-g3bbb26c (v2.7.1 + 2 commits) 
3 15-08-20 14:41:23 [26/662/662] [patch] Git submodules 
3 15-08-20 14:41:24 [26/662/662] [patch] Git checkout upstream:gnulib in /src/tmp/tmpfmyRqu/patch.build/gnulib 
3 15-08-20 14:41:24 [26/662/662] [patch] Upstream version 77b05442 v0.0-7647-g77b0544 (v0.0 + 7647 commits) 
3 15-08-20 14:41:24 [26/662/662] [patch] Defined build system is autotools
3 15-08-20 14:41:24 [26/662/662] [patch] Logging build commands to /src/artifacts/patch.1bf181d4eca2ebe54fba3428152ddecddcdf9b9b6472e4dbdd1d012713cb5788.build-log.3 
3 15-08-20 14:41:24 [26/662/662] [patch] Running pre-configure-commands
3 15-08-20 14:41:24 [26/662/662] [patch] Running command:
echo "2.7.1" > .tarball-version 
3 15-08-20 14:41:25 [26/662/662] [patch] Running command:
./bootstrap --skip-po 
4 15-08-20 14:41:33 [23/662/662] [sqlite3] Running install-commands
4 15-08-20 14:41:33 [23/662/662] [sqlite3] Running command:
make DESTDIR="$DESTDIR" install 
4 15-08-20 14:41:33 [23/662/662] [sqlite3] Running strip-commands
4 15-08-20 14:41:33 [23/662/662] [sqlite3] Running command:
find "$DESTDIR" -type f \
  '(' -perm -111 -o -name '*.so*' -o -name '*.cmxs' -o -name '*.node' ')' \
  -exec sh -ec \
  'read -n4 hdr <"$1"   # check for elf header
  if [ "$hdr" != "$(printf \x7ELF)" ]; then
    exit 0
  fi
  debugfile="$DESTDIR$PREFIX/lib/debug/$(basename "$1")"
  mkdir -p "$(dirname "$debugfile")"
  objcopy --only-keep-debug "$1" "$debugfile"
  chmod 644 "$debugfile"
  strip --remove-section=.comment --remove-section=.note --strip-unneeded "$1"
  objcopy --add-gnu-debuglink "$debugfile" "$1"' - {} ';'
 
4 15-08-20 14:41:34 [23/662/662] [sqlite3] Elapsed time for build 00:00:45
4 15-08-20 14:41:34 [23/662/662] [sqlite3] Starting artifact creation 
4 15-08-20 14:41:34 [23/662/662] [sqlite3] splitting chunk 
4 15-08-20 14:41:37 [23/662/662] [sqlite3] Now cached 2908339 bytes as sqlite3.d744b851f94dee7febce562be72ce32e2585f50a7e48b08c69133e753bb158ef
4 15-08-20 14:41:37 [23/662/662] [sqlite3] Elapsed time for artifact creation 00:00:03
4 15-08-20 14:41:38 [23/662/662] [sqlite3] Cleaned up /src/tmp/tmpYfW60E
4 15-08-20 14:41:38 [23/662/662] [sqlite3] Elapsed time for assembly 00:00:49
4 15-08-20 14:41:38 [23/662/662] [cpython] Installing sqlite3.d744b851f94dee7febce562be72ce32e2585f50a7e48b08c69133e753bb158ef 
4 15-08-20 14:41:38 [23/662/662] [sqlite3] loaded metadata for sqlite3
4 15-08-20 14:41:38 [23/662/662] [libexpat] loaded metadata for libexpat
4 15-08-20 14:41:38 [23/662/662] [cpython] Installing libexpat.a7146e44ab584569df6405403aee1dac35461f3f6a381467e49b2fff3d6d1544 
4 15-08-20 14:41:38 [23/662/662] [libffi] Starting assembly 
4 15-08-20 14:41:38 [23/662/662] [autoconf] loaded metadata for autoconf
4 15-08-20 14:41:38 [23/662/662] [libffi] Installing autoconf.c4571abde627e687b3904cc60dcec17beec31df8f52b0dc956696f322d713b77 
4 15-08-20 14:41:38 [23/662/662] [automake] loaded metadata for automake
4 15-08-20 14:41:38 [23/662/662] [build-essential] loaded metadata for build-essential
4 15-08-20 14:41:38 [24/662/662] [libffi] Starting build 
4 15-08-20 14:41:38 [24/662/662] [libffi] Git checkout upstream:libffi in /src/tmp/tmpiWP5eU/libffi.build 
4 15-08-20 14:41:38 [24/662/662] [libffi] Upstream version 77d4586c v3.0.13-3-g77d4586 (v3.0.13 + 3 commits) 
4 15-08-20 14:41:38 [24/662/662] [libffi] Defined build system is autotools
4 15-08-20 14:41:38 [24/662/662] [libffi] Logging build commands to /src/artifacts/libffi.f3aed3fe98aa72383c2af6115caa2f992bb14a7a56848d2c220658f6a44052ff.build-log.4 
4 15-08-20 14:41:38 [24/662/662] [libffi] Running configure-commands
4 15-08-20 14:41:38 [24/662/662] [libffi] Running command:
export NOCONFIGURE=1
if [ -e autogen ]; then ./autogen
elif [ -e autogen.sh ]; then ./autogen.sh
elif [ ! -e ./configure ]; then autoreconf -ivf
fi
./configure --prefix="$PREFIX"
 
4 15-08-20 14:41:41 [24/662/662] [libffi] Running build-commands
4 15-08-20 14:41:41 [24/662/662] [libffi] Running command:
make 
3 15-08-20 14:41:42 [26/662/662] [patch] Running configure-commands
3 15-08-20 14:41:42 [26/662/662] [patch] Running command:
export NOCONFIGURE=1
if [ -e autogen ]; then ./autogen
elif [ -e autogen.sh ]; then ./autogen.sh
elif [ ! -e ./configure ]; then autoreconf -ivf
fi
./configure --prefix="$PREFIX"
 
4 15-08-20 14:41:42 [24/662/662] [libffi] Running install-commands
4 15-08-20 14:41:42 [24/662/662] [libffi] Running command:
make DESTDIR="$DESTDIR"/ install 
4 15-08-20 14:41:42 [24/662/662] [libffi] Running command:
mkdir -p "$DESTDIR"/usr/include 
4 15-08-20 14:41:42 [24/662/662] [libffi] Running command:
cp "$TARGET"/include/ffi.h "$DESTDIR"/usr/include/ 
4 15-08-20 14:41:42 [24/662/662] [libffi] Running command:
cp "$TARGET"/include/ffitarget.h "$DESTDIR"/usr/include/ 
4 15-08-20 14:41:42 [24/662/662] [libffi] Running strip-commands
4 15-08-20 14:41:42 [24/662/662] [libffi] Running command:
find "$DESTDIR" -type f \
  '(' -perm -111 -o -name '*.so*' -o -name '*.cmxs' -o -name '*.node' ')' \
  -exec sh -ec \
  'read -n4 hdr <"$1"   # check for elf header
  if [ "$hdr" != "$(printf \x7ELF)" ]; then
    exit 0
  fi
  debugfile="$DESTDIR$PREFIX/lib/debug/$(basename "$1")"
  mkdir -p "$(dirname "$debugfile")"
  objcopy --only-keep-debug "$1" "$debugfile"
  chmod 644 "$debugfile"
  strip --remove-section=.comment --remove-section=.note --strip-unneeded "$1"
  objcopy --add-gnu-debuglink "$debugfile" "$1"' - {} ';'
 
4 15-08-20 14:41:42 [24/662/662] [libffi] Elapsed time for build 00:00:04
4 15-08-20 14:41:42 [24/662/662] [libffi] Starting artifact creation 
4 15-08-20 14:41:42 [24/662/662] [libffi] splitting chunk 
4 15-08-20 14:41:42 [24/662/662] [libffi] Now cached 54369 bytes as libffi.f3aed3fe98aa72383c2af6115caa2f992bb14a7a56848d2c220658f6a44052ff
4 15-08-20 14:41:42 [24/662/662] [libffi] Elapsed time for artifact creation 00:00:00
4 15-08-20 14:41:43 [24/662/662] [libffi] Cleaned up /src/tmp/tmpiWP5eU
4 15-08-20 14:41:43 [24/662/662] [libffi] Elapsed time for assembly 00:00:04
4 15-08-20 14:41:43 [24/662/662] [cpython] Installing libffi.f3aed3fe98aa72383c2af6115caa2f992bb14a7a56848d2c220658f6a44052ff 
4 15-08-20 14:41:43 [24/662/662] [libffi] loaded metadata for strata/core/libffi.morph
4 15-08-20 14:41:43 [24/662/662] [openssl-new] Starting assembly 
4 15-08-20 14:41:43 [24/662/662] [perl] loaded metadata for perl
4 15-08-20 14:41:43 [24/662/662] [openssl-new] Installing perl.670fbbb974c10f9593857049109dfc99f1adcab032fdc5a88598d7776a1a819a 
4 15-08-20 14:41:43 [24/662/662] [build-essential] loaded metadata for build-essential
4 15-08-20 14:41:43 [25/662/662] [openssl-new] Starting build 
4 15-08-20 14:41:44 [25/662/662] [openssl-new] Git checkout upstream:openssl-new in /src/tmp/tmptKFfKV/openssl-new.build 
4 15-08-20 14:41:44 [25/662/662] [openssl-new] Upstream version 506c1068 OpenSSL_1_0_1m (OpenSSL_1_0_1m + 0 commits) 
4 15-08-20 14:41:44 [25/662/662] [openssl-new] Defined build system is manual
4 15-08-20 14:41:44 [25/662/662] [openssl-new] Logging build commands to /src/artifacts/openssl-new.7e1842570fefefb40e3b0f039165ded3a2f421f42203112a4f685dec93df03d7.build-log.4 
4 15-08-20 14:41:44 [25/662/662] [openssl-new] Running configure-commands
4 15-08-20 14:41:44 [25/662/662] [openssl-new] Running command:
sed -i -e 's,^LIBNAMES=\\(.*\\) padlock \\(.*\\),LIBNAMES=\\1 \\2,g' engines/Makefile 
4 15-08-20 14:41:44 [25/662/662] [openssl-new] Running command:
if [ "$(uname -m)" = "ppc64" ]; then
    sh ./Configure linux-ppc64 --openssldir=/etc/ssl --prefix="${PREFIX-/usr}" --libdir=lib shared
else
    ./config --openssldir=/etc/ssl --prefix="${PREFIX-/usr}" --libdir=lib shared
fi
 
4 15-08-20 14:41:45 [25/662/662] [openssl-new] Running build-commands
4 15-08-20 14:41:45 [25/662/662] [openssl-new] Running command:
make 
3 15-08-20 14:41:55 [26/662/662] [patch] Running build-commands
3 15-08-20 14:41:55 [26/662/662] [patch] Running command:
make 
3 15-08-20 14:41:56 [26/662/662] [patch] Running install-commands
3 15-08-20 14:41:56 [26/662/662] [patch] Running command:
make DESTDIR="$DESTDIR" install 
3 15-08-20 14:41:57 [26/662/662] [patch] Running strip-commands
3 15-08-20 14:41:57 [26/662/662] [patch] Running command:
find "$DESTDIR" -type f \
  '(' -perm -111 -o -name '*.so*' -o -name '*.cmxs' -o -name '*.node' ')' \
  -exec sh -ec \
  'read -n4 hdr <"$1"   # check for elf header
  if [ "$hdr" != "$(printf \x7ELF)" ]; then
    exit 0
  fi
  debugfile="$DESTDIR$PREFIX/lib/debug/$(basename "$1")"
  mkdir -p "$(dirname "$debugfile")"
  objcopy --only-keep-debug "$1" "$debugfile"
  chmod 644 "$debugfile"
  strip --remove-section=.comment --remove-section=.note --strip-unneeded "$1"
  objcopy --add-gnu-debuglink "$debugfile" "$1"' - {} ';'
 
3 15-08-20 14:41:57 [26/662/662] [patch] Elapsed time for build 00:00:33
3 15-08-20 14:41:57 [26/662/662] [patch] Starting artifact creation 
3 15-08-20 14:41:57 [26/662/662] [patch] splitting chunk 
3 15-08-20 14:41:57 [26/662/662] [patch] Now cached 221675 bytes as patch.1bf181d4eca2ebe54fba3428152ddecddcdf9b9b6472e4dbdd1d012713cb5788
3 15-08-20 14:41:57 [26/662/662] [patch] Elapsed time for artifact creation 00:00:00
3 15-08-20 14:41:57 [26/662/662] [patch] Cleaned up /src/tmp/tmpfmyRqu
3 15-08-20 14:41:57 [26/662/662] [patch] Elapsed time for assembly 00:01:53
3 15-08-20 14:41:57 [26/662/662] [libtool] Installing patch.1bf181d4eca2ebe54fba3428152ddecddcdf9b9b6472e4dbdd1d012713cb5788 
3 15-08-20 14:41:57 [26/662/662] [patch] loaded metadata for strata/core/patch.morph
3 15-08-20 14:41:57 [26/662/662] [file] loaded metadata for file
3 15-08-20 14:41:57 [26/662/662] [build-essential] loaded metadata for build-essential
3 15-08-20 14:41:57 [26/662/662] [autoconf] loaded metadata for autoconf
3 15-08-20 14:41:57 [26/662/662] [texinfo-tarball] loaded metadata for texinfo-tarball
3 15-08-20 14:41:57 [27/662/662] [libtool] Starting build 
3 15-08-20 14:41:58 [27/662/662] [libtool] Git checkout upstream:libtool in /src/tmp/tmp51gWKd/libtool.build 
3 15-08-20 14:41:58 [27/662/662] [libtool] Upstream version 5e11a17c v2.4.6-1-g5e11a17 (v2.4.6 + 1 commits) 
3 15-08-20 14:41:58 [27/662/662] [libtool] Git submodules 
3 15-08-20 14:41:58 [27/662/662] [libtool] Git checkout upstream:gnulib in /src/tmp/tmp51gWKd/libtool.build/gnulib 
3 15-08-20 14:41:59 [27/662/662] [libtool] Upstream version 342d9f09 v0.1-336-g342d9f0 (v0.1 + 336 commits) 
3 15-08-20 14:41:59 [27/662/662] [libtool] Defined build system is autotools
3 15-08-20 14:41:59 [27/662/662] [libtool] Logging build commands to /src/artifacts/libtool.b05d9d3b0bf1f957743cb3081d283715e092ffd1c7d3e99c21c9fe50236524f9.build-log.3 
3 15-08-20 14:41:59 [27/662/662] [libtool] Running pre-configure-commands
3 15-08-20 14:41:59 [27/662/662] [libtool] Running command:
echo "2.4.6" > .tarball-version 
3 15-08-20 14:41:59 [27/662/662] [libtool] Running command:
./bootstrap 
3 15-08-20 14:42:15 [27/662/662] [libtool] Running configure-commands
3 15-08-20 14:42:15 [27/662/662] [libtool] Running command:
export NOCONFIGURE=1
if [ -e autogen ]; then ./autogen
elif [ -e autogen.sh ]; then ./autogen.sh
elif [ ! -e ./configure ]; then autoreconf -ivf
fi
./configure --prefix="$PREFIX"
 
3 15-08-20 14:42:19 [27/662/662] [libtool] Running build-commands
3 15-08-20 14:42:19 [27/662/662] [libtool] Running command:
make 
3 15-08-20 14:42:23 [27/662/662] [libtool] Running install-commands
3 15-08-20 14:42:23 [27/662/662] [libtool] Running command:
make DESTDIR="$DESTDIR" install 
3 15-08-20 14:42:23 [27/662/662] [libtool] Running strip-commands
3 15-08-20 14:42:23 [27/662/662] [libtool] Running command:
find "$DESTDIR" -type f \
  '(' -perm -111 -o -name '*.so*' -o -name '*.cmxs' -o -name '*.node' ')' \
  -exec sh -ec \
  'read -n4 hdr <"$1"   # check for elf header
  if [ "$hdr" != "$(printf \x7ELF)" ]; then
    exit 0
  fi
  debugfile="$DESTDIR$PREFIX/lib/debug/$(basename "$1")"
  mkdir -p "$(dirname "$debugfile")"
  objcopy --only-keep-debug "$1" "$debugfile"
  chmod 644 "$debugfile"
  strip --remove-section=.comment --remove-section=.note --strip-unneeded "$1"
  objcopy --add-gnu-debuglink "$debugfile" "$1"' - {} ';'
 
3 15-08-20 14:42:23 [27/662/662] [libtool] Elapsed time for build 00:00:25
3 15-08-20 14:42:23 [27/662/662] [libtool] Starting artifact creation 
3 15-08-20 14:42:23 [27/662/662] [libtool] splitting chunk 
3 15-08-20 14:42:24 [27/662/662] [libtool] Now cached 749060 bytes as libtool.b05d9d3b0bf1f957743cb3081d283715e092ffd1c7d3e99c21c9fe50236524f9
3 15-08-20 14:42:24 [27/662/662] [libtool] Elapsed time for artifact creation 00:00:00
3 15-08-20 14:42:24 [27/662/662] [libtool] Cleaned up /src/tmp/tmp51gWKd
3 15-08-20 14:42:24 [27/662/662] [libtool] Elapsed time for assembly 00:02:37
3 15-08-20 14:42:24 [27/662/662] [core] Installing libtool.b05d9d3b0bf1f957743cb3081d283715e092ffd1c7d3e99c21c9fe50236524f9 
3 15-08-20 14:42:24 [27/662/662] [libtool] loaded metadata for strata/core/libtool.morph
3 15-08-20 14:42:24 [27/662/662] [libcap2] Starting assembly 
3 15-08-20 14:42:24 [27/662/662] [acl] Starting assembly 
3 15-08-20 14:42:25 [27/662/662] [gettext-tarball] loaded metadata for gettext-tarball
3 15-08-20 14:42:25 [27/662/662] [acl] Installing gettext-tarball.0093ae504f7d6588d84f70d87b3f877f600464178b7089cd9a797eec6accee8b 
3 15-08-20 14:42:25 [27/662/662] [libtool] loaded metadata for libtool
3 15-08-20 14:42:25 [27/662/662] [acl] Installing libtool.b05d9d3b0bf1f957743cb3081d283715e092ffd1c7d3e99c21c9fe50236524f9 
3 15-08-20 14:42:25 [27/662/662] [attr] Starting assembly 
3 15-08-20 14:42:25 [27/662/662] [build-essential] loaded metadata for build-essential
3 15-08-20 14:42:25 [27/662/662] [attr] Installing build-essential.e1bdf843212f662b23383566b09874097b32deae33d512280a33572574f5d94f 
3 15-08-20 14:42:25 [27/662/662] [file] loaded metadata for file
3 15-08-20 14:42:25 [27/662/662] [attr] Installing file.b93464e40aed13401a3a18dbea474f7a40605ba943cb3e6154df9d77fd1ca76d 
3 15-08-20 14:42:25 [27/662/662] [gettext-tarball] loaded metadata for gettext-tarball
3 15-08-20 14:42:25 [27/662/662] [attr] Installing gettext-tarball.0093ae504f7d6588d84f70d87b3f877f600464178b7089cd9a797eec6accee8b 
3 15-08-20 14:42:26 [27/662/662] [autoconf] loaded metadata for autoconf
3 15-08-20 14:42:26 [27/662/662] [automake] loaded metadata for automake
3 15-08-20 14:42:26 [27/662/662] [libtool] loaded metadata for libtool
3 15-08-20 14:42:26 [27/662/662] [attr] Installing libtool.b05d9d3b0bf1f957743cb3081d283715e092ffd1c7d3e99c21c9fe50236524f9 
3 15-08-20 14:42:26 [28/662/662] [attr] Starting build 
3 15-08-20 14:42:26 [28/662/662] [attr] Git checkout upstream:attr in /src/tmp/tmp9j3xBU/attr.build 
3 15-08-20 14:42:26 [28/662/662] [attr] Upstream version 4b005410 v2.4.47 (v2.4.47 + 0 commits) 
3 15-08-20 14:42:26 [28/662/662] [attr] Defined build system is autotools
3 15-08-20 14:42:26 [28/662/662] [attr] Logging build commands to /src/artifacts/attr.29b9142a959de1b603befd49160ff1fbeb344961544b221b79dfbc5d3d7f15fb.build-log.3 
3 15-08-20 14:42:26 [28/662/662] [attr] Running pre-configure-commands
3 15-08-20 14:42:26 [28/662/662] [attr] Running command:
make configure 
3 15-08-20 14:42:29 [28/662/662] [attr] Running configure-commands
3 15-08-20 14:42:29 [28/662/662] [attr] Running command:
./configure --prefix="$PREFIX" \
            --exec-prefix="$PREFIX" \
            --sbindir="$PREFIX"/sbin \
            --bindir="$PREFIX"/bin \
            --libdir="$PREFIX"/lib \
            --libexecdir="$PREFIX"/lib \
            --enable-lib64=yes \
            --includedir="$PREFIX"/include \
            --mandir="$PREFIX"/share/man \
            --datadir="$PREFIX"/share
 
3 15-08-20 14:42:31 [28/662/662] [attr] Running build-commands
3 15-08-20 14:42:31 [28/662/662] [attr] Running command:
make 
3 15-08-20 14:42:32 [28/662/662] [attr] Running install-commands
3 15-08-20 14:42:32 [28/662/662] [attr] Running command:
make DESTDIR="$DESTDIR" install-lib install-dev 
3 15-08-20 14:42:33 [28/662/662] [attr] Running strip-commands
3 15-08-20 14:42:33 [28/662/662] [attr] Running command:
find "$DESTDIR" -type f \
  '(' -perm -111 -o -name '*.so*' -o -name '*.cmxs' -o -name '*.node' ')' \
  -exec sh -ec \
  'read -n4 hdr <"$1"   # check for elf header
  if [ "$hdr" != "$(printf \x7ELF)" ]; then
    exit 0
  fi
  debugfile="$DESTDIR$PREFIX/lib/debug/$(basename "$1")"
  mkdir -p "$(dirname "$debugfile")"
  objcopy --only-keep-debug "$1" "$debugfile"
  chmod 644 "$debugfile"
  strip --remove-section=.comment --remove-section=.note --strip-unneeded "$1"
  objcopy --add-gnu-debuglink "$debugfile" "$1"' - {} ';'
 
3 15-08-20 14:42:33 [28/662/662] [attr] Elapsed time for build 00:00:06
3 15-08-20 14:42:33 [28/662/662] [attr] Starting artifact creation 
3 15-08-20 14:42:33 [28/662/662] [attr] splitting chunk 
3 15-08-20 14:42:33 [28/662/662] [attr] Now cached 144933 bytes as attr.29b9142a959de1b603befd49160ff1fbeb344961544b221b79dfbc5d3d7f15fb
3 15-08-20 14:42:33 [28/662/662] [attr] Elapsed time for artifact creation 00:00:00
3 15-08-20 14:42:33 [28/662/662] [attr] Cleaned up /src/tmp/tmp9j3xBU
3 15-08-20 14:42:33 [28/662/662] [attr] Elapsed time for assembly 00:00:08
3 15-08-20 14:42:33 [28/662/662] [acl] Installing attr.29b9142a959de1b603befd49160ff1fbeb344961544b221b79dfbc5d3d7f15fb 
3 15-08-20 14:42:33 [28/662/662] [attr] loaded metadata for strata/core/attr.morph
3 15-08-20 14:42:33 [28/662/662] [automake] loaded metadata for automake
3 15-08-20 14:42:33 [28/662/662] [autoconf] loaded metadata for autoconf
3 15-08-20 14:42:33 [28/662/662] [build-essential] loaded metadata for build-essential
3 15-08-20 14:42:33 [29/662/662] [acl] Starting build 
3 15-08-20 14:42:33 [29/662/662] [acl] Git checkout upstream:acl in /src/tmp/tmp80rs7S/acl.build 
3 15-08-20 14:42:33 [29/662/662] [acl] Upstream version f13e09bd v2.2.52 (v2.2.52 + 0 commits) 
3 15-08-20 14:42:33 [29/662/662] [acl] Defined build system is manual
3 15-08-20 14:42:33 [29/662/662] [acl] Logging build commands to /src/artifacts/acl.d2eb15bf091d893ecc92403379b7fc7b1b0c22485d592817699eb728633f9db6.build-log.3 
3 15-08-20 14:42:33 [29/662/662] [acl] Running build-commands
3 15-08-20 14:42:33 [29/662/662] [acl] Running command:
make 
3 15-08-20 14:42:38 [29/662/662] [acl] Running install-commands
3 15-08-20 14:42:38 [29/662/662] [acl] Running command:
make DESTDIR="$DESTDIR" install-lib install-dev 
3 15-08-20 14:42:39 [29/662/662] [acl] Elapsed time for build 00:00:05
3 15-08-20 14:42:39 [29/662/662] [acl] Starting artifact creation 
3 15-08-20 14:42:39 [29/662/662] [acl] splitting chunk 
3 15-08-20 14:42:39 [29/662/662] [acl] Now cached 170250 bytes as acl.d2eb15bf091d893ecc92403379b7fc7b1b0c22485d592817699eb728633f9db6
3 15-08-20 14:42:39 [29/662/662] [acl] Elapsed time for artifact creation 00:00:00
3 15-08-20 14:42:39 [29/662/662] [acl] Cleaned up /src/tmp/tmp80rs7S
3 15-08-20 14:42:39 [29/662/662] [acl] Elapsed time for assembly 00:00:15
3 15-08-20 14:42:39 [29/662/662] [libcap2] Installing acl.d2eb15bf091d893ecc92403379b7fc7b1b0c22485d592817699eb728633f9db6 
3 15-08-20 14:42:39 [29/662/662] [acl] loaded metadata for strata/core/acl.morph
3 15-08-20 14:42:40 [29/662/662] [attr] loaded metadata for attr
3 15-08-20 14:42:40 [29/662/662] [pkg-config] Starting assembly 
3 15-08-20 14:42:40 [29/662/662] [automake] loaded metadata for automake
3 15-08-20 14:42:40 [29/662/662] [pkg-config] Installing automake.4f17424d6fb99072f43ef6a65d6b73e0c0a761d3af19669c351a217da81ef623 
3 15-08-20 14:42:40 [29/662/662] [libtool] loaded metadata for libtool
3 15-08-20 14:42:40 [29/662/662] [pkg-config] Installing libtool.b05d9d3b0bf1f957743cb3081d283715e092ffd1c7d3e99c21c9fe50236524f9 
3 15-08-20 14:42:40 [29/662/662] [build-essential] loaded metadata for build-essential
3 15-08-20 14:42:40 [29/662/662] [autoconf] loaded metadata for autoconf
3 15-08-20 14:42:40 [30/662/662] [pkg-config] Starting build 
3 15-08-20 14:42:40 [30/662/662] [pkg-config] Git checkout upstream:pkg-config in /src/tmp/tmpfb48Ps/pkg-config.build 
3 15-08-20 14:42:40 [30/662/662] [pkg-config] Upstream version 74ceac54 pkg-config-0.28 (pkg-config-0.28 + 0 commits) 
3 15-08-20 14:42:40 [30/662/662] [pkg-config] Defined build system is autotools
3 15-08-20 14:42:40 [30/662/662] [pkg-config] Logging build commands to /src/artifacts/pkg-config.7d0f0412e42554f34fd6536b6b980e67ecef15a0a8b4aa63bf6d5864367def0f.build-log.3 
3 15-08-20 14:42:40 [30/662/662] [pkg-config] Running configure-commands
3 15-08-20 14:42:40 [30/662/662] [pkg-config] Running command:
./autogen.sh --prefix="$PREFIX" --with-internal-glib 
3 15-08-20 14:43:05 [30/662/662] [pkg-config] Running build-commands
3 15-08-20 14:43:05 [30/662/662] [pkg-config] Running command:
make 
4 15-08-20 14:43:07 [25/662/662] [openssl-new] Running install-commands
4 15-08-20 14:43:07 [25/662/662] [openssl-new] Running command:
make INSTALL_PREFIX="$DESTDIR" install_sw 
3 15-08-20 14:43:08 [30/662/662] [pkg-config] Running install-commands
3 15-08-20 14:43:08 [30/662/662] [pkg-config] Running command:
make DESTDIR="$DESTDIR" install 
3 15-08-20 14:43:08 [30/662/662] [pkg-config] Running strip-commands
3 15-08-20 14:43:08 [30/662/662] [pkg-config] Running command:
find "$DESTDIR" -type f \
  '(' -perm -111 -o -name '*.so*' -o -name '*.cmxs' -o -name '*.node' ')' \
  -exec sh -ec \
  'read -n4 hdr <"$1"   # check for elf header
  if [ "$hdr" != "$(printf \x7ELF)" ]; then
    exit 0
  fi
  debugfile="$DESTDIR$PREFIX/lib/debug/$(basename "$1")"
  mkdir -p "$(dirname "$debugfile")"
  objcopy --only-keep-debug "$1" "$debugfile"
  chmod 644 "$debugfile"
  strip --remove-section=.comment --remove-section=.note --strip-unneeded "$1"
  objcopy --add-gnu-debuglink "$debugfile" "$1"' - {} ';'
 
3 15-08-20 14:43:08 [30/662/662] [pkg-config] Elapsed time for build 00:00:28
3 15-08-20 14:43:08 [30/662/662] [pkg-config] Starting artifact creation 
3 15-08-20 14:43:08 [30/662/662] [pkg-config] splitting chunk 
3 15-08-20 14:43:09 [30/662/662] [pkg-config] Now cached 601971 bytes as pkg-config.7d0f0412e42554f34fd6536b6b980e67ecef15a0a8b4aa63bf6d5864367def0f
3 15-08-20 14:43:09 [30/662/662] [pkg-config] Elapsed time for artifact creation 00:00:00
3 15-08-20 14:43:09 [30/662/662] [pkg-config] Cleaned up /src/tmp/tmpfb48Ps
3 15-08-20 14:43:09 [30/662/662] [pkg-config] Elapsed time for assembly 00:00:29
3 15-08-20 14:43:09 [30/662/662] [libcap2] Installing pkg-config.7d0f0412e42554f34fd6536b6b980e67ecef15a0a8b4aa63bf6d5864367def0f 
3 15-08-20 14:43:09 [30/662/662] [pkg-config] loaded metadata for strata/core/pkg-config.morph
3 15-08-20 14:43:09 [30/662/662] [linux-pam] Starting assembly 
3 15-08-20 14:43:09 [30/662/662] [pkg-config] loaded metadata for pkg-config
3 15-08-20 14:43:09 [30/662/662] [linux-pam] Installing pkg-config.7d0f0412e42554f34fd6536b6b980e67ecef15a0a8b4aa63bf6d5864367def0f 
3 15-08-20 14:43:10 [30/662/662] [attr] loaded metadata for attr
3 15-08-20 14:43:10 [30/662/662] [linux-pam] Installing attr.29b9142a959de1b603befd49160ff1fbeb344961544b221b79dfbc5d3d7f15fb 
3 15-08-20 14:43:10 [30/662/662] [automake] loaded metadata for automake
3 15-08-20 14:43:10 [30/662/662] [autoconf] loaded metadata for autoconf
3 15-08-20 14:43:10 [30/662/662] [libtool] loaded metadata for libtool
3 15-08-20 14:43:10 [30/662/662] [build-essential] loaded metadata for build-essential
3 15-08-20 14:43:10 [30/662/662] [gettext-tarball] loaded metadata for gettext-tarball
3 15-08-20 14:43:10 [30/662/662] [acl] loaded metadata for acl
3 15-08-20 14:43:10 [30/662/662] [linux-pam] Installing acl.d2eb15bf091d893ecc92403379b7fc7b1b0c22485d592817699eb728633f9db6 
3 15-08-20 14:43:10 [30/662/662] [flex] loaded metadata for flex
3 15-08-20 14:43:10 [31/662/662] [linux-pam] Starting build 
3 15-08-20 14:43:10 [31/662/662] [linux-pam] Git checkout upstream:linux-pam in /src/tmp/tmp6hYiAg/linux-pam.build 
3 15-08-20 14:43:10 [31/662/662] [linux-pam] Upstream version b1521c97 Linux-PAM-1.1.8 (Linux-PAM-1.1.8 + 0 commits) 
3 15-08-20 14:43:10 [31/662/662] [linux-pam] Defined build system is autotools
3 15-08-20 14:43:10 [31/662/662] [linux-pam] Logging build commands to /src/artifacts/linux-pam.579e32609267e276580fa883a3fc029bb4af0031c92412528b4f5dda376d9d09.build-log.3 
3 15-08-20 14:43:10 [31/662/662] [linux-pam] Running pre-configure-commands
3 15-08-20 14:43:10 [31/662/662] [linux-pam] Running command:
autoreconf -ivf 
4 15-08-20 14:43:07 [25/662/662] [openssl-new] Elapsed time for build 00:01:24
4 15-08-20 14:43:07 [25/662/662] [openssl-new] Starting artifact creation 
4 15-08-20 14:43:07 [25/662/662] [openssl-new] splitting chunk 
4 15-08-20 14:43:11 [25/662/662] [openssl-new] Now cached 2990737 bytes as openssl-new.7e1842570fefefb40e3b0f039165ded3a2f421f42203112a4f685dec93df03d7
4 15-08-20 14:43:11 [25/662/662] [openssl-new] Elapsed time for artifact creation 00:00:03
4 15-08-20 14:43:11 [25/662/662] [openssl-new] Cleaned up /src/tmp/tmptKFfKV
4 15-08-20 14:43:11 [25/662/662] [openssl-new] Elapsed time for assembly 00:01:28
4 15-08-20 14:43:11 [25/662/662] [cpython] Installing openssl-new.7e1842570fefefb40e3b0f039165ded3a2f421f42203112a4f685dec93df03d7 
4 15-08-20 14:43:11 [25/662/662] [openssl-new] loaded metadata for strata/core/openssl-new.morph
4 15-08-20 14:43:12 [25/662/662] [ncurses] loaded metadata for ncurses
4 15-08-20 14:43:12 [25/662/662] [bzip2] loaded metadata for bzip2
4 15-08-20 14:43:12 [25/662/662] [cpython] Installing bzip2.8a1e1faf3002d95ab36f5b0815e0cfff8f820d3cf0524b5be720d0f220f7ad2f 
4 15-08-20 14:43:12 [25/662/662] [readline] Starting assembly 
4 15-08-20 14:43:12 [25/662/662] [automake] loaded metadata for automake
4 15-08-20 14:43:12 [25/662/662] [readline] Installing automake.4f17424d6fb99072f43ef6a65d6b73e0c0a761d3af19669c351a217da81ef623 
4 15-08-20 14:43:12 [25/662/662] [build-essential] loaded metadata for build-essential
4 15-08-20 14:43:12 [26/662/662] [readline] Starting build 
4 15-08-20 14:43:12 [26/662/662] [readline] Git checkout upstream:readline in /src/tmp/tmptTHaKj/readline.build 
4 15-08-20 14:43:12 [26/662/662] [readline] Upstream version 518937ab (No tag found) 
4 15-08-20 14:43:12 [26/662/662] [readline] Defined build system is autotools
4 15-08-20 14:43:12 [26/662/662] [readline] Logging build commands to /src/artifacts/readline.f8f9931299703b2ab0a9b25eb9d84e607f6a2bbb802e00d6e3802e88aae5d2d7.build-log.4 
4 15-08-20 14:43:12 [26/662/662] [readline] Running pre-configure-commands
4 15-08-20 14:43:12 [26/662/662] [readline] Running command:
cp /usr/share/automake*/config.guess support 
4 15-08-20 14:43:12 [26/662/662] [readline] Running command:
cp /usr/share/automake*/config.sub support 
4 15-08-20 14:43:12 [26/662/662] [readline] Running configure-commands
4 15-08-20 14:43:12 [26/662/662] [readline] Running command:
export NOCONFIGURE=1
if [ -e autogen ]; then ./autogen
elif [ -e autogen.sh ]; then ./autogen.sh
elif [ ! -e ./configure ]; then autoreconf -ivf
fi
./configure --prefix="$PREFIX"
 
4 15-08-20 14:43:16 [26/662/662] [readline] Running build-commands
4 15-08-20 14:43:16 [26/662/662] [readline] Running command:
make 
4 15-08-20 14:43:17 [26/662/662] [readline] Running install-commands
4 15-08-20 14:43:17 [26/662/662] [readline] Running command:
make DESTDIR="$DESTDIR" install 
4 15-08-20 14:43:17 [26/662/662] [readline] Running strip-commands
4 15-08-20 14:43:17 [26/662/662] [readline] Running command:
find "$DESTDIR" -type f \
  '(' -perm -111 -o -name '*.so*' -o -name '*.cmxs' -o -name '*.node' ')' \
  -exec sh -ec \
  'read -n4 hdr <"$1"   # check for elf header
  if [ "$hdr" != "$(printf \x7ELF)" ]; then
    exit 0
  fi
  debugfile="$DESTDIR$PREFIX/lib/debug/$(basename "$1")"
  mkdir -p "$(dirname "$debugfile")"
  objcopy --only-keep-debug "$1" "$debugfile"
  chmod 644 "$debugfile"
  strip --remove-section=.comment --remove-section=.note --strip-unneeded "$1"
  objcopy --add-gnu-debuglink "$debugfile" "$1"' - {} ';'
 
4 15-08-20 14:43:17 [26/662/662] [readline] Elapsed time for build 00:00:05
4 15-08-20 14:43:17 [26/662/662] [readline] Starting artifact creation 
4 15-08-20 14:43:17 [26/662/662] [readline] splitting chunk 
4 15-08-20 14:43:18 [26/662/662] [readline] Now cached 780583 bytes as readline.f8f9931299703b2ab0a9b25eb9d84e607f6a2bbb802e00d6e3802e88aae5d2d7
4 15-08-20 14:43:18 [26/662/662] [readline] Elapsed time for artifact creation 00:00:01
4 15-08-20 14:43:19 [26/662/662] [readline] Cleaned up /src/tmp/tmptTHaKj
4 15-08-20 14:43:19 [26/662/662] [readline] Elapsed time for assembly 00:00:06
4 15-08-20 14:43:19 [26/662/662] [cpython] Installing readline.f8f9931299703b2ab0a9b25eb9d84e607f6a2bbb802e00d6e3802e88aae5d2d7 
4 15-08-20 14:43:19 [26/662/662] [readline] loaded metadata for strata/core/readline.morph
4 15-08-20 14:43:19 [27/662/662] [cpython] Starting build 
4 15-08-20 14:43:21 [27/662/662] [cpython] Git checkout upstream:cpython in /src/tmp/tmpnbBMSP/cpython.build 
4 15-08-20 14:43:22 [27/662/662] [cpython] Upstream version 57af3f22 v2.7.10 (v2.7.10 + 0 commits) 
4 15-08-20 14:43:22 [27/662/662] [cpython] Defined build system is autotools
4 15-08-20 14:43:22 [27/662/662] [cpython] Logging build commands to /src/artifacts/cpython.13579b30dfac619ff822a3fe23aabd83c01801e9f12d319f6150e192d9163027.build-log.4 
4 15-08-20 14:43:22 [27/662/662] [cpython] Running configure-commands
4 15-08-20 14:43:22 [27/662/662] [cpython] Running command:
./configure --prefix="$PREFIX"  \
            --enable-shared     \
            --with-system-expat \
            --with-system-ffi
 
3 15-08-20 14:43:22 [31/662/662] [linux-pam] Running configure-commands
3 15-08-20 14:43:22 [31/662/662] [linux-pam] Running command:
./configure --prefix="$PREFIX" --libdir="/lib" 
3 15-08-20 14:43:29 [31/662/662] [linux-pam] Running build-commands
3 15-08-20 14:43:29 [31/662/662] [linux-pam] Running command:
make 
4 15-08-20 14:43:34 [27/662/662] [cpython] Running build-commands
4 15-08-20 14:43:34 [27/662/662] [cpython] Running command:
make 
3 15-08-20 14:43:39 [31/662/662] [linux-pam] Running install-commands
3 15-08-20 14:43:39 [31/662/662] [linux-pam] Running command:
make DESTDIR="$DESTDIR" install 
3 15-08-20 14:43:44 [31/662/662] [linux-pam] Running strip-commands
3 15-08-20 14:43:44 [31/662/662] [linux-pam] Running command:
find "$DESTDIR" -type f \
  '(' -perm -111 -o -name '*.so*' -o -name '*.cmxs' -o -name '*.node' ')' \
  -exec sh -ec \
  'read -n4 hdr <"$1"   # check for elf header
  if [ "$hdr" != "$(printf \x7ELF)" ]; then
    exit 0
  fi
  debugfile="$DESTDIR$PREFIX/lib/debug/$(basename "$1")"
  mkdir -p "$(dirname "$debugfile")"
  objcopy --only-keep-debug "$1" "$debugfile"
  chmod 644 "$debugfile"
  strip --remove-section=.comment --remove-section=.note --strip-unneeded "$1"
  objcopy --add-gnu-debuglink "$debugfile" "$1"' - {} ';'
 
3 15-08-20 14:43:44 [31/662/662] [linux-pam] Elapsed time for build 00:00:33
3 15-08-20 14:43:44 [31/662/662] [linux-pam] Starting artifact creation 
3 15-08-20 14:43:44 [31/662/662] [linux-pam] splitting chunk 
3 15-08-20 14:43:45 [31/662/662] [linux-pam] Now cached 928698 bytes as linux-pam.579e32609267e276580fa883a3fc029bb4af0031c92412528b4f5dda376d9d09
3 15-08-20 14:43:45 [31/662/662] [linux-pam] Elapsed time for artifact creation 00:00:01
3 15-08-20 14:43:45 [31/662/662] [linux-pam] Cleaned up /src/tmp/tmp6hYiAg
3 15-08-20 14:43:45 [31/662/662] [linux-pam] Elapsed time for assembly 00:00:35
3 15-08-20 14:43:45 [31/662/662] [libcap2] Installing linux-pam.579e32609267e276580fa883a3fc029bb4af0031c92412528b4f5dda376d9d09 
3 15-08-20 14:43:45 [31/662/662] [linux-pam] loaded metadata for strata/core/linux-pam.morph
3 15-08-20 14:43:45 [31/662/662] [automake] loaded metadata for automake
3 15-08-20 14:43:45 [31/662/662] [libtool] loaded metadata for libtool
3 15-08-20 14:43:45 [31/662/662] [build-essential] loaded metadata for build-essential
3 15-08-20 14:43:45 [31/662/662] [autoconf] loaded metadata for autoconf
3 15-08-20 14:43:46 [31/662/662] [gettext-tarball] loaded metadata for gettext-tarball
3 15-08-20 14:43:46 [32/662/662] [libcap2] Starting build 
3 15-08-20 14:43:46 [32/662/662] [libcap2] Git checkout upstream:libcap2 in /src/tmp/tmpyHffIQ/libcap2.build 
3 15-08-20 14:43:46 [32/662/662] [libcap2] Upstream version 4f7cca1b libcap-2.22-6-g4f7cca1 (libcap-2.22 + 6 commits) 
3 15-08-20 14:43:46 [32/662/662] [libcap2] Defined build system is manual
3 15-08-20 14:43:46 [32/662/662] [libcap2] Logging build commands to /src/artifacts/libcap2.836fa91bd15c5d2aaca392bfb121395b048506fcf03f7a61129769b7a8be51c3.build-log.3 
3 15-08-20 14:43:46 [32/662/662] [libcap2] Running build-commands
3 15-08-20 14:43:46 [32/662/662] [libcap2] Running command:
make prefix="$PREFIX" 
3 15-08-20 14:43:46 [32/662/662] [libcap2] Running install-commands
3 15-08-20 14:43:46 [32/662/662] [libcap2] Running command:
make prefix="$PREFIX" DESTDIR="$DESTDIR" RAISE_SETFCAP=no install lib=lib 
3 15-08-20 14:43:47 [32/662/662] [libcap2] Elapsed time for build 00:00:00
3 15-08-20 14:43:47 [32/662/662] [libcap2] Starting artifact creation 
3 15-08-20 14:43:47 [32/662/662] [libcap2] splitting chunk 
3 15-08-20 14:43:48 [32/662/662] [libcap2] Now cached 1677657 bytes as libcap2.836fa91bd15c5d2aaca392bfb121395b048506fcf03f7a61129769b7a8be51c3
3 15-08-20 14:43:48 [32/662/662] [libcap2] Elapsed time for artifact creation 00:00:01
3 15-08-20 14:43:48 [32/662/662] [libcap2] Cleaned up /src/tmp/tmpyHffIQ
3 15-08-20 14:43:48 [32/662/662] [libcap2] Elapsed time for assembly 00:01:23
3 15-08-20 14:43:48 [32/662/662] [core] Installing libcap2.836fa91bd15c5d2aaca392bfb121395b048506fcf03f7a61129769b7a8be51c3 
3 15-08-20 14:43:48 [32/662/662] [libcap2] loaded metadata for strata/core/libcap2.morph
3 15-08-20 14:43:48 [32/662/662] [gdbm] loaded metadata for gdbm
3 15-08-20 14:43:48 [32/662/662] [sqlite3] loaded metadata for sqlite3
3 15-08-20 14:43:48 [32/662/662] [core] Installing sqlite3.d744b851f94dee7febce562be72ce32e2585f50a7e48b08c69133e753bb158ef 
3 15-08-20 14:43:48 [32/662/662] [perl] loaded metadata for perl
3 15-08-20 14:43:49 [32/662/662] [ncurses] loaded metadata for ncurses
3 15-08-20 14:43:49 [32/662/662] [cmake] loaded metadata for cmake
3 15-08-20 14:43:49 [32/662/662] [core] Installing cmake.175ecd258e44f48d6fa86937e30f1cf3aa5812b04782fbb36f5195628837d9c5 
3 15-08-20 14:43:49 [32/662/662] [cmake] loaded metadata for strata/core/cmake.morph
3 15-08-20 14:43:49 [32/662/662] [intltool] Starting assembly 
3 15-08-20 14:43:49 [32/662/662] [perl] loaded metadata for perl
3 15-08-20 14:43:49 [32/662/662] [intltool] Installing perl.670fbbb974c10f9593857049109dfc99f1adcab032fdc5a88598d7776a1a819a 
3 15-08-20 14:43:50 [32/662/662] [autoconf] loaded metadata for autoconf
3 15-08-20 14:43:50 [32/662/662] [intltool] Installing autoconf.c4571abde627e687b3904cc60dcec17beec31df8f52b0dc956696f322d713b77 
3 15-08-20 14:43:50 [32/662/662] [XML-Parser] loaded metadata for XML-Parser
3 15-08-20 14:43:50 [32/662/662] [intltool] Installing XML-Parser.d8e8eeea36d4772b15f26fb23d1d9bd9ec55d1791516e7b48a2a1f3f86ec6f90 
3 15-08-20 14:43:50 [32/662/662] [build-essential] loaded metadata for build-essential
3 15-08-20 14:43:50 [32/662/662] [automake] loaded metadata for automake
3 15-08-20 14:43:50 [33/662/662] [intltool] Starting build 
3 15-08-20 14:43:50 [33/662/662] [intltool] Git checkout upstream:intltool in /src/tmp/tmpJZ0qil/intltool.build 
3 15-08-20 14:43:50 [33/662/662] [intltool] Upstream version 12f04c88 intltool-0-41-0-64-g12f04c8 (intltool-0-41-0 + 64 commits) 
3 15-08-20 14:43:50 [33/662/662] [intltool] Autodetected build system is autotools
3 15-08-20 14:43:50 [33/662/662] [intltool] Logging build commands to /src/artifacts/intltool.1d94bc42de61027ec7036221f6a5348cfdc59d60f60f28f6c1fcc088034559f9.build-log.3 
3 15-08-20 14:43:50 [33/662/662] [intltool] Running configure-commands
3 15-08-20 14:43:50 [33/662/662] [intltool] Running command:
export NOCONFIGURE=1
if [ -e autogen ]; then ./autogen
elif [ -e autogen.sh ]; then ./autogen.sh
elif [ ! -e ./configure ]; then autoreconf -ivf
fi
./configure --prefix="$PREFIX"
 
3 15-08-20 14:43:54 [33/662/662] [intltool] Running build-commands
3 15-08-20 14:43:54 [33/662/662] [intltool] Running command:
make 
3 15-08-20 14:43:54 [33/662/662] [intltool] Running install-commands
3 15-08-20 14:43:54 [33/662/662] [intltool] Running command:
make DESTDIR="$DESTDIR" install 
3 15-08-20 14:43:54 [33/662/662] [intltool] Running strip-commands
3 15-08-20 14:43:54 [33/662/662] [intltool] Running command:
find "$DESTDIR" -type f \
  '(' -perm -111 -o -name '*.so*' -o -name '*.cmxs' -o -name '*.node' ')' \
  -exec sh -ec \
  'read -n4 hdr <"$1"   # check for elf header
  if [ "$hdr" != "$(printf \x7ELF)" ]; then
    exit 0
  fi
  debugfile="$DESTDIR$PREFIX/lib/debug/$(basename "$1")"
  mkdir -p "$(dirname "$debugfile")"
  objcopy --only-keep-debug "$1" "$debugfile"
  chmod 644 "$debugfile"
  strip --remove-section=.comment --remove-section=.note --strip-unneeded "$1"
  objcopy --add-gnu-debuglink "$debugfile" "$1"' - {} ';'
 
3 15-08-20 14:43:54 [33/662/662] [intltool] Elapsed time for build 00:00:04
3 15-08-20 14:43:54 [33/662/662] [intltool] Starting artifact creation 
3 15-08-20 14:43:54 [33/662/662] [intltool] splitting chunk 
3 15-08-20 14:43:54 [33/662/662] [intltool] Now cached 40628 bytes as intltool.1d94bc42de61027ec7036221f6a5348cfdc59d60f60f28f6c1fcc088034559f9
3 15-08-20 14:43:54 [33/662/662] [intltool] Elapsed time for artifact creation 00:00:00
3 15-08-20 14:43:54 [33/662/662] [intltool] Cleaned up /src/tmp/tmpJZ0qil
3 15-08-20 14:43:54 [33/662/662] [intltool] Elapsed time for assembly 00:00:04
3 15-08-20 14:43:54 [33/662/662] [core] Installing intltool.1d94bc42de61027ec7036221f6a5348cfdc59d60f60f28f6c1fcc088034559f9 
3 15-08-20 14:43:54 [33/662/662] [intltool] loaded metadata for intltool
3 15-08-20 14:43:54 [33/662/662] [gperf] Starting assembly 
3 15-08-20 14:43:54 [33/662/662] [build-essential] loaded metadata for build-essential
3 15-08-20 14:43:54 [33/662/662] [gperf] Installing build-essential.e1bdf843212f662b23383566b09874097b32deae33d512280a33572574f5d94f 
3 15-08-20 14:43:54 [34/662/662] [gperf] Starting build 
3 15-08-20 14:43:55 [34/662/662] [gperf] Git checkout upstream:gperf in /src/tmp/tmp1zrmAF/gperf.build 
3 15-08-20 14:43:55 [34/662/662] [gperf] Upstream version 5094e4a5 v3.0.4-17-g5094e4a (v3.0.4 + 17 commits) 
3 15-08-20 14:43:55 [34/662/662] [gperf] Defined build system is autotools
3 15-08-20 14:43:55 [34/662/662] [gperf] Logging build commands to /src/artifacts/gperf.7cb955f1904cd22398da74929d6ecfeeb12795278cc216625db28edfefad4e46.build-log.3 
3 15-08-20 14:43:55 [34/662/662] [gperf] Running configure-commands
3 15-08-20 14:43:55 [34/662/662] [gperf] Running command:
export NOCONFIGURE=1
if [ -e autogen ]; then ./autogen
elif [ -e autogen.sh ]; then ./autogen.sh
elif [ ! -e ./configure ]; then autoreconf -ivf
fi
./configure --prefix="$PREFIX"
 
3 15-08-20 14:43:57 [34/662/662] [gperf] Running build-commands
3 15-08-20 14:43:57 [34/662/662] [gperf] Running command:
make 
3 15-08-20 14:43:58 [34/662/662] [gperf] Running install-commands
3 15-08-20 14:43:58 [34/662/662] [gperf] Running command:
make DESTDIR="$DESTDIR" install 
3 15-08-20 14:43:58 [34/662/662] [gperf] Running strip-commands
3 15-08-20 14:43:58 [34/662/662] [gperf] Running command:
find "$DESTDIR" -type f \
  '(' -perm -111 -o -name '*.so*' -o -name '*.cmxs' -o -name '*.node' ')' \
  -exec sh -ec \
  'read -n4 hdr <"$1"   # check for elf header
  if [ "$hdr" != "$(printf \x7ELF)" ]; then
    exit 0
  fi
  debugfile="$DESTDIR$PREFIX/lib/debug/$(basename "$1")"
  mkdir -p "$(dirname "$debugfile")"
  objcopy --only-keep-debug "$1" "$debugfile"
  chmod 644 "$debugfile"
  strip --remove-section=.comment --remove-section=.note --strip-unneeded "$1"
  objcopy --add-gnu-debuglink "$debugfile" "$1"' - {} ';'
 
3 15-08-20 14:43:58 [34/662/662] [gperf] Elapsed time for build 00:00:03
3 15-08-20 14:43:58 [34/662/662] [gperf] Starting artifact creation 
3 15-08-20 14:43:58 [34/662/662] [gperf] splitting chunk 
3 15-08-20 14:43:58 [34/662/662] [gperf] Now cached 187564 bytes as gperf.7cb955f1904cd22398da74929d6ecfeeb12795278cc216625db28edfefad4e46
3 15-08-20 14:43:58 [34/662/662] [gperf] Elapsed time for artifact creation 00:00:00
3 15-08-20 14:43:58 [34/662/662] [gperf] Cleaned up /src/tmp/tmp1zrmAF
3 15-08-20 14:43:58 [34/662/662] [gperf] Elapsed time for assembly 00:00:04
3 15-08-20 14:43:58 [34/662/662] [core] Installing gperf.7cb955f1904cd22398da74929d6ecfeeb12795278cc216625db28edfefad4e46 
3 15-08-20 14:43:58 [34/662/662] [gperf] loaded metadata for strata/core/gperf.morph
3 15-08-20 14:43:58 [34/662/662] [git] Starting assembly 
3 15-08-20 14:43:59 [34/662/662] [gettext-tarball] loaded metadata for gettext-tarball
3 15-08-20 14:43:59 [34/662/662] [git] Installing gettext-tarball.0093ae504f7d6588d84f70d87b3f877f600464178b7089cd9a797eec6accee8b 
3 15-08-20 14:43:59 [34/662/662] [autoconf] loaded metadata for autoconf
3 15-08-20 14:43:59 [34/662/662] [curl] Starting assembly 
3 15-08-20 14:43:59 [34/662/662] [autoconf] loaded metadata for autoconf
3 15-08-20 14:43:59 [34/662/662] [curl] Installing autoconf.c4571abde627e687b3904cc60dcec17beec31df8f52b0dc956696f322d713b77 
3 15-08-20 14:43:59 [34/662/662] [build-essential] loaded metadata for build-essential
3 15-08-20 14:43:59 [34/662/662] [libtool] loaded metadata for libtool
3 15-08-20 14:43:59 [34/662/662] [curl] Installing libtool.b05d9d3b0bf1f957743cb3081d283715e092ffd1c7d3e99c21c9fe50236524f9 
3 15-08-20 14:43:59 [34/662/662] [automake] loaded metadata for automake
3 15-08-20 14:43:59 [34/662/662] [file] loaded metadata for file
3 15-08-20 14:43:59 [34/662/662] [ca-certificates] Starting assembly 
3 15-08-20 14:43:59 [34/662/662] [cpython] Starting assembly 
3 15-08-20 14:44:00 [34/662/662] [ncurses] loaded metadata for ncurses
3 15-08-20 14:44:00 [34/662/662] [cpython] Installing ncurses.0ec451a4381d56ef6c7178574634bfd6cf8a465cad4c53c8acf20f3a2fd3f3fa 
3 15-08-20 14:44:00 [34/662/662] [readline] loaded metadata for readline
3 15-08-20 14:44:00 [34/662/662] [cpython] Installing readline.f8f9931299703b2ab0a9b25eb9d84e607f6a2bbb802e00d6e3802e88aae5d2d7 
3 15-08-20 14:44:00 [34/662/662] [readline] loaded metadata for strata/core/readline.morph
3 15-08-20 14:44:00 [34/662/662] [sqlite3] loaded metadata for sqlite3
3 15-08-20 14:44:00 [34/662/662] [cpython] Installing sqlite3.d744b851f94dee7febce562be72ce32e2585f50a7e48b08c69133e753bb158ef 
3 15-08-20 14:44:00 [34/662/662] [build-essential] loaded metadata for build-essential
3 15-08-20 14:44:00 [34/662/662] [libffi] loaded metadata for libffi
3 15-08-20 14:44:00 [34/662/662] [cpython] Installing libffi.f3aed3fe98aa72383c2af6115caa2f992bb14a7a56848d2c220658f6a44052ff 
3 15-08-20 14:44:00 [34/662/662] [libffi] loaded metadata for strata/core/libffi.morph
3 15-08-20 14:44:00 [34/662/662] [libexpat] loaded metadata for libexpat
3 15-08-20 14:44:00 [34/662/662] [cpython] Installing libexpat.a7146e44ab584569df6405403aee1dac35461f3f6a381467e49b2fff3d6d1544 
3 15-08-20 14:44:00 [34/662/662] [openssl-new] loaded metadata for openssl-new
3 15-08-20 14:44:00 [34/662/662] [cpython] Installing openssl-new.7e1842570fefefb40e3b0f039165ded3a2f421f42203112a4f685dec93df03d7 
3 15-08-20 14:44:00 [34/662/662] [openssl-new] loaded metadata for strata/core/openssl-new.morph
3 15-08-20 14:44:00 [34/662/662] [bzip2] loaded metadata for bzip2
3 15-08-20 14:44:00 [34/662/662] [cpython] Installing bzip2.8a1e1faf3002d95ab36f5b0815e0cfff8f820d3cf0524b5be720d0f220f7ad2f 
3 15-08-20 14:44:00 [34/662/662] [bzip2] loaded metadata for strata/core/bzip2.morph
3 15-08-20 14:44:00 [35/662/662] [cpython] Starting build 
3 15-08-20 14:44:03 [35/662/662] [cpython] Git checkout upstream:cpython in /src/tmp/tmpL5pQpZ/cpython.build 
3 15-08-20 14:44:03 [35/662/662] [cpython] Upstream version 57af3f22 v2.7.10 (v2.7.10 + 0 commits) 
3 15-08-20 14:44:03 [35/662/662] [cpython] Defined build system is autotools
3 15-08-20 14:44:03 [35/662/662] [cpython] Logging build commands to /src/artifacts/cpython.13579b30dfac619ff822a3fe23aabd83c01801e9f12d319f6150e192d9163027.build-log.3 
3 15-08-20 14:44:03 [35/662/662] [cpython] Running configure-commands
3 15-08-20 14:44:03 [35/662/662] [cpython] Running command:
./configure --prefix="$PREFIX"  \
            --enable-shared     \
            --with-system-expat \
            --with-system-ffi
 
3 15-08-20 14:44:15 [35/662/662] [cpython] Running build-commands
3 15-08-20 14:44:15 [35/662/662] [cpython] Running command:
make 
4 15-08-20 14:44:17 [27/662/662] [cpython] Running install-commands
4 15-08-20 14:44:17 [27/662/662] [cpython] Running command:
make DESTDIR="$DESTDIR" install 
4 15-08-20 14:44:24 [27/662/662] [cpython] Running post-install-commands
4 15-08-20 14:44:24 [27/662/662] [cpython] Running command:
test -x "$DESTDIR"/"$PREFIX"/bin/python2 || ln -s python2.7 "$DESTDIR"/"$PREFIX"/bin/python2 
4 15-08-20 14:44:24 [27/662/662] [cpython] Running strip-commands
4 15-08-20 14:44:24 [27/662/662] [cpython] Running command:
find "$DESTDIR" -type f \
  '(' -perm -111 -o -name '*.so*' -o -name '*.cmxs' -o -name '*.node' ')' \
  -exec sh -ec \
  'read -n4 hdr <"$1"   # check for elf header
  if [ "$hdr" != "$(printf \x7ELF)" ]; then
    exit 0
  fi
  debugfile="$DESTDIR$PREFIX/lib/debug/$(basename "$1")"
  mkdir -p "$(dirname "$debugfile")"
  objcopy --only-keep-debug "$1" "$debugfile"
  chmod 644 "$debugfile"
  strip --remove-section=.comment --remove-section=.note --strip-unneeded "$1"
  objcopy --add-gnu-debuglink "$debugfile" "$1"' - {} ';'
 
4 15-08-20 14:44:24 [27/662/662] [cpython] Elapsed time for build 00:01:05
4 15-08-20 14:44:24 [27/662/662] [cpython] Starting artifact creation 
4 15-08-20 14:44:24 [27/662/662] [cpython] splitting chunk 
4 15-08-20 14:44:49 [27/662/662] [cpython] Now cached 23245406 bytes as cpython.13579b30dfac619ff822a3fe23aabd83c01801e9f12d319f6150e192d9163027
4 15-08-20 14:44:49 [27/662/662] [cpython] Elapsed time for artifact creation 00:00:24
4 15-08-20 14:44:49 [27/662/662] [cpython] Cleaned up /src/tmp/tmpnbBMSP
4 15-08-20 14:44:49 [27/662/662] [cpython] Elapsed time for assembly 00:04:01
4 15-08-20 14:44:49 [27/662/662] [libxml2] Installing cpython.13579b30dfac619ff822a3fe23aabd83c01801e9f12d319f6150e192d9163027 
4 15-08-20 14:44:50 [27/662/662] [cpython] loaded metadata for strata/core/cpython.morph
4 15-08-20 14:44:51 [27/662/662] [xz] loaded metadata for xz
4 15-08-20 14:44:51 [27/662/662] [libxml2] Installing xz.0cee8142fe1de69e16ee28313a43d4a1ff513e6485dcf759892f7904c7d6092a 
4 15-08-20 14:44:51 [27/662/662] [autoconf] loaded metadata for autoconf
4 15-08-20 14:44:51 [27/662/662] [libtool] loaded metadata for libtool
4 15-08-20 14:44:51 [27/662/662] [libxml2] Installing libtool.b05d9d3b0bf1f957743cb3081d283715e092ffd1c7d3e99c21c9fe50236524f9 
4 15-08-20 14:44:51 [27/662/662] [libtool] loaded metadata for strata/core/libtool.morph
4 15-08-20 14:44:51 [27/662/662] [patch] loaded metadata for strata/core/patch.morph
4 15-08-20 14:44:51 [27/662/662] [mini-utils] loaded metadata for strata/core/mini-utils.morph
4 15-08-20 14:44:51 [27/662/662] [bison] loaded metadata for strata/core/bison.morph
4 15-08-20 14:44:51 [27/662/662] [build-essential] loaded metadata for build-essential
4 15-08-20 14:44:51 [28/662/662] [libxml2] Starting build 
4 15-08-20 14:44:51 [28/662/662] [libxml2] Git checkout upstream:libxml2 in /src/tmp/tmpPse1PD/libxml2.build 
4 15-08-20 14:44:51 [28/662/662] [libxml2] Upstream version ee8f1d4c v2.8.0-rc2 (v2.8.0-rc2 + 0 commits) 
4 15-08-20 14:44:52 [28/662/662] [libxml2] Autodetected build system is autotools
4 15-08-20 14:44:52 [28/662/662] [libxml2] Logging build commands to /src/artifacts/libxml2.331a4a7da8ec646da30dad8298c4922442598b550b8f6f7948eb35c37050d1ca.build-log.4 
4 15-08-20 14:44:52 [28/662/662] [libxml2] Running configure-commands
4 15-08-20 14:44:52 [28/662/662] [libxml2] Running command:
export NOCONFIGURE=1
if [ -e autogen ]; then ./autogen
elif [ -e autogen.sh ]; then ./autogen.sh
elif [ ! -e ./configure ]; then autoreconf -ivf
fi
./configure --prefix="$PREFIX"
 
3 15-08-20 14:44:58 [35/662/662] [cpython] Running install-commands
3 15-08-20 14:44:58 [35/662/662] [cpython] Running command:
make DESTDIR="$DESTDIR" install 
4 15-08-20 14:45:03 [28/662/662] [libxml2] Running build-commands
4 15-08-20 14:45:03 [28/662/662] [libxml2] Running command:
make 
3 15-08-20 14:45:05 [35/662/662] [cpython] Running post-install-commands
3 15-08-20 14:45:05 [35/662/662] [cpython] Running command:
test -x "$DESTDIR"/"$PREFIX"/bin/python2 || ln -s python2.7 "$DESTDIR"/"$PREFIX"/bin/python2 
3 15-08-20 14:45:05 [35/662/662] [cpython] Running strip-commands
3 15-08-20 14:45:05 [35/662/662] [cpython] Running command:
find "$DESTDIR" -type f \
  '(' -perm -111 -o -name '*.so*' -o -name '*.cmxs' -o -name '*.node' ')' \
  -exec sh -ec \
  'read -n4 hdr <"$1"   # check for elf header
  if [ "$hdr" != "$(printf \x7ELF)" ]; then
    exit 0
  fi
  debugfile="$DESTDIR$PREFIX/lib/debug/$(basename "$1")"
  mkdir -p "$(dirname "$debugfile")"
  objcopy --only-keep-debug "$1" "$debugfile"
  chmod 644 "$debugfile"
  strip --remove-section=.comment --remove-section=.note --strip-unneeded "$1"
  objcopy --add-gnu-debuglink "$debugfile" "$1"' - {} ';'
 
3 15-08-20 14:45:05 [35/662/662] [cpython] Elapsed time for build 00:01:05
3 15-08-20 14:45:05 [35/662/662] [cpython] Starting artifact creation 
3 15-08-20 14:45:05 [35/662/662] [cpython] splitting chunk 
3 15-08-20 14:45:06 [35/662/662] [cpython] Bah! I could have cached cpython.13579b30dfac619ff822a3fe23aabd83c01801e9f12d319f6150e192d9163027
3 15-08-20 14:45:06 [35/662/662] [cpython] Elapsed time for artifact creation 00:00:00
3 15-08-20 14:45:06 [35/662/662] [cpython] Cleaned up /src/tmp/tmpL5pQpZ
3 15-08-20 14:45:06 [35/662/662] [cpython] Elapsed time for assembly 00:01:06
3 15-08-20 14:45:06 [35/662/662] [ca-certificates] Installing cpython.13579b30dfac619ff822a3fe23aabd83c01801e9f12d319f6150e192d9163027 
3 15-08-20 14:45:07 [35/662/662] [cpython] loaded metadata for strata/core/cpython.morph
3 15-08-20 14:45:07 [35/662/662] [build-essential] loaded metadata for build-essential
3 15-08-20 14:45:07 [35/662/662] [automake] loaded metadata for automake
3 15-08-20 14:45:07 [36/662/662] [ca-certificates] Starting build 
3 15-08-20 14:45:07 [36/662/662] [ca-certificates] Git checkout upstream:ca-certificates in /src/tmp/tmptQxYgL/ca-certificates.build 
3 15-08-20 14:45:07 [36/662/662] [ca-certificates] Upstream version e9b06b26 debian/20140325-1-ge9b06b2 (debian/20140325 + 1 commits) 
3 15-08-20 14:45:07 [36/662/662] [ca-certificates] Defined build system is manual
3 15-08-20 14:45:07 [36/662/662] [ca-certificates] Logging build commands to /src/artifacts/ca-certificates.9bab2dd8f381cda6f4c86e10b1c710a98215f5e213d801b5b067868b1b3b575d.build-log.3 
3 15-08-20 14:45:07 [36/662/662] [ca-certificates] Running build-commands
3 15-08-20 14:45:07 [36/662/662] [ca-certificates] Running command:
make 
3 15-08-20 14:45:09 [36/662/662] [ca-certificates] Running install-commands
3 15-08-20 14:45:09 [36/662/662] [ca-certificates] Running command:
mkdir -p "$DESTDIR"/usr/share/ca-certificates 
3 15-08-20 14:45:09 [36/662/662] [ca-certificates] Running command:
mkdir -p "$DESTDIR"/usr/sbin 
3 15-08-20 14:45:09 [36/662/662] [ca-certificates] Running command:
make DESTDIR="$DESTDIR" install 
3 15-08-20 14:45:09 [36/662/662] [ca-certificates] Running command:
mkdir "$DESTDIR"/etc 
3 15-08-20 14:45:09 [36/662/662] [ca-certificates] Running command:
cd "$DESTDIR"/usr/share/ca-certificates
find * -type f > "$DESTDIR"/etc/ca-certificates.conf
 
3 15-08-20 14:45:10 [36/662/662] [ca-certificates] Running command:
export CERTSCONF="$DESTDIR/etc/ca-certificates.conf"
export CERTSDIR="$DESTDIR/usr/share/ca-certificates"
export ETCCERTSDIR="$DESTDIR/etc/ssl/certs"
mkdir -p "$ETCCERTSDIR"
./sbin/update-ca-certificates
 
3 15-08-20 14:45:11 [36/662/662] [ca-certificates] Elapsed time for build 00:00:03
3 15-08-20 14:45:11 [36/662/662] [ca-certificates] Starting artifact creation 
3 15-08-20 14:45:11 [36/662/662] [ca-certificates] splitting chunk 
3 15-08-20 14:45:11 [36/662/662] [ca-certificates] Now cached 320888 bytes as ca-certificates.9bab2dd8f381cda6f4c86e10b1c710a98215f5e213d801b5b067868b1b3b575d
3 15-08-20 14:45:11 [36/662/662] [ca-certificates] Elapsed time for artifact creation 00:00:00
3 15-08-20 14:45:11 [36/662/662] [ca-certificates] Cleaned up /src/tmp/tmptQxYgL
3 15-08-20 14:45:11 [36/662/662] [ca-certificates] Elapsed time for assembly 00:01:11
3 15-08-20 14:45:11 [36/662/662] [curl] Installing ca-certificates.9bab2dd8f381cda6f4c86e10b1c710a98215f5e213d801b5b067868b1b3b575d 
3 15-08-20 14:45:11 [36/662/662] [ca-certificates] loaded metadata for strata/core/ca-certificates.morph
3 15-08-20 14:45:11 [36/662/662] [openssl-new] loaded metadata for openssl-new
3 15-08-20 14:45:11 [37/662/662] [curl] Starting build 
3 15-08-20 14:45:11 [37/662/662] [curl] Git checkout upstream:curl in /src/tmp/tmpcbPTco/curl.build 
3 15-08-20 14:45:12 [37/662/662] [curl] Upstream version 202aa9f7 curl-7_38_0 (curl-7_38_0 + 0 commits) 
3 15-08-20 14:45:12 [37/662/662] [curl] Defined build system is manual
3 15-08-20 14:45:12 [37/662/662] [curl] Logging build commands to /src/artifacts/curl.95f0fd59833ff1f020e1cf49db44dc83f256d32e192e866bb2524a86d3f9fb38.build-log.3 
3 15-08-20 14:45:12 [37/662/662] [curl] Running configure-commands
3 15-08-20 14:45:12 [37/662/662] [curl] Running command:
./buildconf 
3 15-08-20 14:45:22 [37/662/662] [curl] Running command:
./configure --disable-manual --prefix="$PREFIX" 
4 15-08-20 14:45:27 [28/662/662] [libxml2] Running install-commands
4 15-08-20 14:45:27 [28/662/662] [libxml2] Running command:
make DESTDIR="$DESTDIR" install 
4 15-08-20 14:45:28 [28/662/662] [libxml2] Running strip-commands
4 15-08-20 14:45:28 [28/662/662] [libxml2] Running command:
find "$DESTDIR" -type f \
  '(' -perm -111 -o -name '*.so*' -o -name '*.cmxs' -o -name '*.node' ')' \
  -exec sh -ec \
  'read -n4 hdr <"$1"   # check for elf header
  if [ "$hdr" != "$(printf \x7ELF)" ]; then
    exit 0
  fi
  debugfile="$DESTDIR$PREFIX/lib/debug/$(basename "$1")"
  mkdir -p "$(dirname "$debugfile")"
  objcopy --only-keep-debug "$1" "$debugfile"
  chmod 644 "$debugfile"
  strip --remove-section=.comment --remove-section=.note --strip-unneeded "$1"
  objcopy --add-gnu-debuglink "$debugfile" "$1"' - {} ';'
 
4 15-08-20 14:45:28 [28/662/662] [libxml2] Elapsed time for build 00:00:37
4 15-08-20 14:45:28 [28/662/662] [libxml2] Starting artifact creation 
4 15-08-20 14:45:28 [28/662/662] [libxml2] splitting chunk 
4 15-08-20 14:45:36 [28/662/662] [libxml2] Now cached 5850224 bytes as libxml2.331a4a7da8ec646da30dad8298c4922442598b550b8f6f7948eb35c37050d1ca
4 15-08-20 14:45:36 [28/662/662] [libxml2] Elapsed time for artifact creation 00:00:08
4 15-08-20 14:45:37 [28/662/662] [libxml2] Cleaned up /src/tmp/tmpPse1PD
4 15-08-20 14:45:37 [28/662/662] [libxml2] Elapsed time for assembly 00:04:48
4 15-08-20 14:45:37 [28/662/662] [libxslt] Installing libxml2.331a4a7da8ec646da30dad8298c4922442598b550b8f6f7948eb35c37050d1ca 
4 15-08-20 14:45:37 [28/662/662] [libxml2] loaded metadata for libxml2
4 15-08-20 14:45:37 [28/662/662] [build-essential] loaded metadata for build-essential
4 15-08-20 14:45:37 [28/662/662] [libtool] loaded metadata for libtool
4 15-08-20 14:45:37 [28/662/662] [autoconf] loaded metadata for autoconf
4 15-08-20 14:45:37 [28/662/662] [automake] loaded metadata for automake
4 15-08-20 14:45:37 [29/662/662] [libxslt] Starting build 
4 15-08-20 14:45:38 [29/662/662] [libxslt] Git checkout upstream:libxslt in /src/tmp/tmpfyXBKJ/libxslt.build 
4 15-08-20 14:45:38 [29/662/662] [libxslt] Upstream version 73e08bf7 v1.1.28-36-g73e08bf (v1.1.28 + 36 commits) 
4 15-08-20 14:45:38 [29/662/662] [libxslt] Autodetected build system is autotools
4 15-08-20 14:45:38 [29/662/662] [libxslt] Logging build commands to /src/artifacts/libxslt.9fadbb08ffa26ee18871ce7677bb5cc8028f1d4d323b44466fced16454064cd2.build-log.4 
4 15-08-20 14:45:38 [29/662/662] [libxslt] Running configure-commands
4 15-08-20 14:45:38 [29/662/662] [libxslt] Running command:
export NOCONFIGURE=1
if [ -e autogen ]; then ./autogen
elif [ -e autogen.sh ]; then ./autogen.sh
elif [ ! -e ./configure ]; then autoreconf -ivf
fi
./configure --prefix="$PREFIX"
 
3 15-08-20 14:45:39 [37/662/662] [curl] Running build-commands
3 15-08-20 14:45:39 [37/662/662] [curl] Running command:
make 
3 15-08-20 14:45:43 [37/662/662] [curl] Running install-commands
3 15-08-20 14:45:43 [37/662/662] [curl] Running command:
make  DESTDIR="$DESTDIR" install 
4 15-08-20 14:45:45 [29/662/662] [libxslt] Running build-commands
4 15-08-20 14:45:45 [29/662/662] [libxslt] Running command:
make 
3 15-08-20 14:45:43 [37/662/662] [curl] Elapsed time for build 00:00:32
3 15-08-20 14:45:43 [37/662/662] [curl] Starting artifact creation 
3 15-08-20 14:45:43 [37/662/662] [curl] splitting chunk 
3 15-08-20 14:45:44 [37/662/662] [curl] Now cached 738017 bytes as curl.95f0fd59833ff1f020e1cf49db44dc83f256d32e192e866bb2524a86d3f9fb38
3 15-08-20 14:45:44 [37/662/662] [curl] Elapsed time for artifact creation 00:00:00
3 15-08-20 14:45:45 [37/662/662] [curl] Cleaned up /src/tmp/tmpcbPTco
3 15-08-20 14:45:45 [37/662/662] [curl] Elapsed time for assembly 00:01:45
3 15-08-20 14:45:45 [37/662/662] [git] Installing curl.95f0fd59833ff1f020e1cf49db44dc83f256d32e192e866bb2524a86d3f9fb38 
3 15-08-20 14:45:45 [37/662/662] [curl] loaded metadata for strata/core/curl.morph
3 15-08-20 14:45:45 [37/662/662] [openssl-new] loaded metadata for openssl-new
3 15-08-20 14:45:45 [37/662/662] [libexpat] loaded metadata for libexpat
3 15-08-20 14:45:45 [37/662/662] [build-essential] loaded metadata for build-essential
3 15-08-20 14:45:45 [37/662/662] [cpython] loaded metadata for cpython
3 15-08-20 14:45:45 [38/662/662] [git] Starting build 
3 15-08-20 14:45:46 [38/662/662] [git] Git checkout upstream:git in /src/tmp/tmpMqTsGJ/git.build 
3 15-08-20 14:45:46 [38/662/662] [git] Upstream version 9874fca7 v2.3.0 (v2.3.0 + 0 commits) 
3 15-08-20 14:45:46 [38/662/662] [git] Defined build system is autotools
3 15-08-20 14:45:46 [38/662/662] [git] Logging build commands to /src/artifacts/git.e10732e788412f52d0eead5994513d285f632af4fb45d004b9d7c9158303275e.build-log.3 
3 15-08-20 14:45:46 [38/662/662] [git] Running pre-configure-commands
3 15-08-20 14:45:46 [38/662/662] [git] Running command:
make configure 
3 15-08-20 14:45:46 [38/662/662] [git] Running configure-commands
3 15-08-20 14:45:46 [38/662/662] [git] Running command:
export NOCONFIGURE=1
if [ -e autogen ]; then ./autogen
elif [ -e autogen.sh ]; then ./autogen.sh
elif [ ! -e ./configure ]; then autoreconf -ivf
fi
./configure --prefix="$PREFIX"
 
3 15-08-20 14:45:49 [38/662/662] [git] Running build-commands
3 15-08-20 14:45:49 [38/662/662] [git] Running command:
make all 
4 15-08-20 14:45:51 [29/662/662] [libxslt] Running install-commands
4 15-08-20 14:45:51 [29/662/662] [libxslt] Running command:
make DESTDIR="$DESTDIR" install 
4 15-08-20 14:45:52 [29/662/662] [libxslt] Running strip-commands
4 15-08-20 14:45:52 [29/662/662] [libxslt] Running command:
find "$DESTDIR" -type f \
  '(' -perm -111 -o -name '*.so*' -o -name '*.cmxs' -o -name '*.node' ')' \
  -exec sh -ec \
  'read -n4 hdr <"$1"   # check for elf header
  if [ "$hdr" != "$(printf \x7ELF)" ]; then
    exit 0
  fi
  debugfile="$DESTDIR$PREFIX/lib/debug/$(basename "$1")"
  mkdir -p "$(dirname "$debugfile")"
  objcopy --only-keep-debug "$1" "$debugfile"
  chmod 644 "$debugfile"
  strip --remove-section=.comment --remove-section=.note --strip-unneeded "$1"
  objcopy --add-gnu-debuglink "$debugfile" "$1"' - {} ';'
 
4 15-08-20 14:45:52 [29/662/662] [libxslt] Elapsed time for build 00:00:15
4 15-08-20 14:45:52 [29/662/662] [libxslt] Starting artifact creation 
4 15-08-20 14:45:52 [29/662/662] [libxslt] splitting chunk 
4 15-08-20 14:45:55 [29/662/662] [libxslt] Now cached 1802887 bytes as libxslt.9fadbb08ffa26ee18871ce7677bb5cc8028f1d4d323b44466fced16454064cd2
4 15-08-20 14:45:55 [29/662/662] [libxslt] Elapsed time for artifact creation 00:00:02
4 15-08-20 14:45:55 [29/662/662] [libxslt] Cleaned up /src/tmp/tmpfyXBKJ
4 15-08-20 14:45:55 [29/662/662] [libxslt] Elapsed time for assembly 00:05:07
4 15-08-20 14:45:55 [29/662/662] [core] Installing libxslt.9fadbb08ffa26ee18871ce7677bb5cc8028f1d4d323b44466fced16454064cd2 
4 15-08-20 14:45:55 [29/662/662] [libxslt] loaded metadata for libxslt
4 15-08-20 14:45:55 [29/662/662] [bash] Starting assembly 
4 15-08-20 14:45:55 [29/662/662] [build-essential] loaded metadata for build-essential
4 15-08-20 14:45:55 [29/662/662] [bash] Installing build-essential.e1bdf843212f662b23383566b09874097b32deae33d512280a33572574f5d94f 
4 15-08-20 14:45:55 [30/662/662] [bash] Starting build 
4 15-08-20 14:45:56 [30/662/662] [bash] Git checkout upstream:bash in /src/tmp/tmp4sWSQ5/bash.build 
4 15-08-20 14:45:56 [30/662/662] [bash] Upstream version 3590145a bash-4.3-27-g3590145 (bash-4.3 + 27 commits) 
4 15-08-20 14:45:56 [30/662/662] [bash] Defined build system is autotools
4 15-08-20 14:45:56 [30/662/662] [bash] Logging build commands to /src/artifacts/bash.b4b47cf5e0d2ea1de2c99f33fa30fd6238491a9f08086e386f231d4f47b911b1.build-log.4 
4 15-08-20 14:45:56 [30/662/662] [bash] Running configure-commands
4 15-08-20 14:45:56 [30/662/662] [bash] Running command:
export CFLAGS="${CFLAGS}  -DSYS_BASHRC='\"/etc/bash.bashrc\"'";
./configure --prefix="$PREFIX" \
            --bindir=/bin \
            --without-bash-malloc \
            --with-installed-readline \
            --enable-readline
 
3 15-08-20 14:45:57 [38/662/662] [git] Running install-commands
3 15-08-20 14:45:57 [38/662/662] [git] Running command:
make DESTDIR="$DESTDIR" install 
3 15-08-20 14:45:58 [38/662/662] [git] Running strip-commands
3 15-08-20 14:45:58 [38/662/662] [git] Running command:
find "$DESTDIR" -type f \
  '(' -perm -111 -o -name '*.so*' -o -name '*.cmxs' -o -name '*.node' ')' \
  -exec sh -ec \
  'read -n4 hdr <"$1"   # check for elf header
  if [ "$hdr" != "$(printf \x7ELF)" ]; then
    exit 0
  fi
  debugfile="$DESTDIR$PREFIX/lib/debug/$(basename "$1")"
  mkdir -p "$(dirname "$debugfile")"
  objcopy --only-keep-debug "$1" "$debugfile"
  chmod 644 "$debugfile"
  strip --remove-section=.comment --remove-section=.note --strip-unneeded "$1"
  objcopy --add-gnu-debuglink "$debugfile" "$1"' - {} ';'
 
4 15-08-20 14:46:09 [30/662/662] [bash] Running build-commands
4 15-08-20 14:46:09 [30/662/662] [bash] Running command:
make 
4 15-08-20 14:46:13 [30/662/662] [bash] Running install-commands
4 15-08-20 14:46:13 [30/662/662] [bash] Running command:
make DESTDIR="$DESTDIR" install 
4 15-08-20 14:46:13 [30/662/662] [bash] Running post-install-commands
4 15-08-20 14:46:13 [30/662/662] [bash] Running command:
cat <<'EOF' >> bash.bashrc
#
# /etc/bash.bashrc
#

# If not running interactively, don't do anything
[[ $- != *i* ]] && return

# Configure prompt for different terminals
case ${TERM} in
  xterm*|rxvt*|Eterm|aterm|kterm|gnome*)
    PROMPT_COMMAND=${PROMPT_COMMAND:+$PROMPT_COMMAND; }'printf "\033]0;%s@%s:%s\007" "${USER}" "${HOSTNAME%%.*}" "${PWD/#$HOME/\~}"'

    ;;
  screen)
    PROMPT_COMMAND=${PROMPT_COMMAND:+$PROMPT_COMMAND; }'printf "\033_%s@%s:%s\033\\" "${USER}" "${HOSTNAME%%.*}" "${PWD/#$HOME/\~}"'
    ;;
esac

# Enable bash completion if present
[ -r /usr/share/bash-completion/bash_completion   ] && . /usr/share/bash-completion/bash_completion
EOF
 
4 15-08-20 14:46:13 [30/662/662] [bash] Running command:
mkdir -p "$DESTDIR"/etc 
4 15-08-20 14:46:13 [30/662/662] [bash] Running command:
install -m 644 bash.bashrc "$DESTDIR"/etc/bash.bashrc 
4 15-08-20 14:46:13 [30/662/662] [bash] Running strip-commands
4 15-08-20 14:46:13 [30/662/662] [bash] Running command:
find "$DESTDIR" -type f \
  '(' -perm -111 -o -name '*.so*' -o -name '*.cmxs' -o -name '*.node' ')' \
  -exec sh -ec \
  'read -n4 hdr <"$1"   # check for elf header
  if [ "$hdr" != "$(printf \x7ELF)" ]; then
    exit 0
  fi
  debugfile="$DESTDIR$PREFIX/lib/debug/$(basename "$1")"
  mkdir -p "$(dirname "$debugfile")"
  objcopy --only-keep-debug "$1" "$debugfile"
  chmod 644 "$debugfile"
  strip --remove-section=.comment --remove-section=.note --strip-unneeded "$1"
  objcopy --add-gnu-debuglink "$debugfile" "$1"' - {} ';'
 
4 15-08-20 14:46:13 [30/662/662] [bash] Elapsed time for build 00:00:18
4 15-08-20 14:46:13 [30/662/662] [bash] Starting artifact creation 
4 15-08-20 14:46:13 [30/662/662] [bash] splitting chunk 
4 15-08-20 14:46:14 [30/662/662] [bash] Now cached 2274743 bytes as bash.b4b47cf5e0d2ea1de2c99f33fa30fd6238491a9f08086e386f231d4f47b911b1
4 15-08-20 14:46:14 [30/662/662] [bash] Elapsed time for artifact creation 00:00:01
4 15-08-20 14:46:15 [30/662/662] [bash] Cleaned up /src/tmp/tmp4sWSQ5
4 15-08-20 14:46:15 [30/662/662] [bash] Elapsed time for assembly 00:00:19
4 15-08-20 14:46:15 [30/662/662] [core] Installing bash.b4b47cf5e0d2ea1de2c99f33fa30fd6238491a9f08086e386f231d4f47b911b1 
4 15-08-20 14:46:15 [30/662/662] [bash] loaded metadata for strata/core/bash.morph
4 15-08-20 14:46:15 [30/662/662] [help2man] loaded metadata for help2man
4 15-08-20 14:46:15 [30/662/662] [cpython] loaded metadata for cpython
4 15-08-20 14:46:15 [30/662/662] [file] loaded metadata for file
4 15-08-20 14:46:15 [30/662/662] [gperf] loaded metadata for gperf
4 15-08-20 14:46:15 [30/662/662] [core] Installing gperf.7cb955f1904cd22398da74929d6ecfeeb12795278cc216625db28edfefad4e46 
4 15-08-20 14:46:15 [30/662/662] [gperf] loaded metadata for strata/core/gperf.morph
4 15-08-20 14:46:15 [30/662/662] [autoconf-tarball] loaded metadata for autoconf-tarball
4 15-08-20 14:46:16 [30/662/662] [gettext-tarball] loaded metadata for gettext-tarball
4 15-08-20 14:46:16 [30/662/662] [openssl-new] loaded metadata for openssl-new
4 15-08-20 14:46:16 [30/662/662] [pkg-config] loaded metadata for pkg-config
4 15-08-20 14:46:16 [30/662/662] [core] Installing pkg-config.7d0f0412e42554f34fd6536b6b980e67ecef15a0a8b4aa63bf6d5864367def0f 
4 15-08-20 14:46:16 [30/662/662] [pkg-config] loaded metadata for strata/core/pkg-config.morph
4 15-08-20 14:46:16 [30/662/662] [gdbm] loaded metadata for gdbm
4 15-08-20 14:46:16 [30/662/662] [e2fsprogs] Starting assembly 
4 15-08-20 14:46:16 [30/662/662] [file] loaded metadata for file
4 15-08-20 14:46:16 [30/662/662] [e2fsprogs] Installing file.b93464e40aed13401a3a18dbea474f7a40605ba943cb3e6154df9d77fd1ca76d 
4 15-08-20 14:46:16 [30/662/662] [pkg-config] loaded metadata for pkg-config
4 15-08-20 14:46:16 [30/662/662] [e2fsprogs] Installing pkg-config.7d0f0412e42554f34fd6536b6b980e67ecef15a0a8b4aa63bf6d5864367def0f 
4 15-08-20 14:46:16 [30/662/662] [util-linux] Starting assembly 
4 15-08-20 14:46:16 [30/662/662] [linux-pam] loaded metadata for linux-pam
4 15-08-20 14:46:16 [30/662/662] [util-linux] Installing linux-pam.579e32609267e276580fa883a3fc029bb4af0031c92412528b4f5dda376d9d09 
4 15-08-20 14:46:16 [30/662/662] [linux-pam] loaded metadata for strata/core/linux-pam.morph
4 15-08-20 14:46:16 [30/662/662] [attr] loaded metadata for strata/core/attr.morph
4 15-08-20 14:46:16 [30/662/662] [acl] loaded metadata for strata/core/acl.morph
4 15-08-20 14:46:16 [30/662/662] [build-essential] loaded metadata for build-essential
4 15-08-20 14:46:16 [30/662/662] [libtool] loaded metadata for libtool
4 15-08-20 14:46:16 [30/662/662] [automake] loaded metadata for automake
4 15-08-20 14:46:16 [30/662/662] [pkg-config] loaded metadata for pkg-config
4 15-08-20 14:46:16 [30/662/662] [autoconf] loaded metadata for autoconf
4 15-08-20 14:46:16 [30/662/662] [shadow] Starting assembly 
4 15-08-20 14:46:16 [30/662/662] [build-essential] loaded metadata for build-essential
4 15-08-20 14:46:16 [30/662/662] [shadow] Installing build-essential.e1bdf843212f662b23383566b09874097b32deae33d512280a33572574f5d94f 
4 15-08-20 14:46:17 [30/662/662] [attr] loaded metadata for attr
4 15-08-20 14:46:17 [30/662/662] [shadow] Installing attr.29b9142a959de1b603befd49160ff1fbeb344961544b221b79dfbc5d3d7f15fb 
4 15-08-20 14:46:17 [30/662/662] [bison] loaded metadata for bison
4 15-08-20 14:46:17 [30/662/662] [gettext-tarball] loaded metadata for gettext-tarball
4 15-08-20 14:46:17 [30/662/662] [libtool] loaded metadata for libtool
4 15-08-20 14:46:17 [30/662/662] [autoconf] loaded metadata for autoconf
4 15-08-20 14:46:17 [30/662/662] [automake] loaded metadata for automake
4 15-08-20 14:46:17 [30/662/662] [acl] loaded metadata for acl
4 15-08-20 14:46:17 [30/662/662] [shadow] Installing acl.d2eb15bf091d893ecc92403379b7fc7b1b0c22485d592817699eb728633f9db6 
4 15-08-20 14:46:17 [30/662/662] [linux-pam] loaded metadata for linux-pam
4 15-08-20 14:46:17 [30/662/662] [shadow] Installing linux-pam.579e32609267e276580fa883a3fc029bb4af0031c92412528b4f5dda376d9d09 
4 15-08-20 14:46:17 [30/662/662] [libcap2] loaded metadata for libcap2
4 15-08-20 14:46:17 [30/662/662] [shadow] Installing libcap2.836fa91bd15c5d2aaca392bfb121395b048506fcf03f7a61129769b7a8be51c3 
4 15-08-20 14:46:17 [30/662/662] [libcap2] loaded metadata for strata/core/libcap2.morph
4 15-08-20 14:46:17 [31/662/662] [shadow] Starting build 
4 15-08-20 14:46:17 [31/662/662] [shadow] Git checkout upstream:shadow in /src/tmp/tmpARiH96/shadow.build 
4 15-08-20 14:46:17 [31/662/662] [shadow] Upstream version bfaa5922 upstream/4.2.1 (upstream/4.2.1 + 0 commits) 
4 15-08-20 14:46:17 [31/662/662] [shadow] Defined build system is autotools
4 15-08-20 14:46:17 [31/662/662] [shadow] Logging build commands to /src/artifacts/shadow.084f2be2684fa9c926ad1aab0a164e515283cf4f74d1b04c0246f26aaecc3398.build-log.4 
4 15-08-20 14:46:17 [31/662/662] [shadow] Running pre-configure-commands
4 15-08-20 14:46:17 [31/662/662] [shadow] Running command:
autoreconf -vfi 
4 15-08-20 14:46:26 [31/662/662] [shadow] Running configure-commands
4 15-08-20 14:46:26 [31/662/662] [shadow] Running command:
./configure  --with-selinux=no \
             --sysconfdir=/etc \
             --with-libpam=yes \
             --prefix="$PREFIX" \
             --bindir=/bin
 
3 15-08-20 14:45:59 [38/662/662] [git] Elapsed time for build 00:00:13
3 15-08-20 14:45:59 [38/662/662] [git] Starting artifact creation 
3 15-08-20 14:45:59 [38/662/662] [git] splitting chunk 
3 15-08-20 14:46:27 [38/662/662] [git] Now cached 27562574 bytes as git.e10732e788412f52d0eead5994513d285f632af4fb45d004b9d7c9158303275e
3 15-08-20 14:46:27 [38/662/662] [git] Elapsed time for artifact creation 00:00:28
3 15-08-20 14:46:27 [38/662/662] [git] Cleaned up /src/tmp/tmpMqTsGJ
3 15-08-20 14:46:27 [38/662/662] [git] Elapsed time for assembly 00:02:29
3 15-08-20 14:46:27 [38/662/662] [core] Installing git.e10732e788412f52d0eead5994513d285f632af4fb45d004b9d7c9158303275e 
3 15-08-20 14:46:27 [38/662/662] [git] loaded metadata for strata/core/git.morph
3 15-08-20 14:46:28 [38/662/662] [autoconf] loaded metadata for autoconf
3 15-08-20 14:46:28 [38/662/662] [automake] loaded metadata for automake
3 15-08-20 14:46:28 [38/662/662] [help2man] loaded metadata for help2man
3 15-08-20 14:46:28 [38/662/662] [patch] loaded metadata for patch
3 15-08-20 14:46:29 [38/662/662] [cpython] loaded metadata for cpython
3 15-08-20 14:46:29 [38/662/662] [libffi] loaded metadata for libffi
3 15-08-20 14:46:29 [38/662/662] [openssl-new] loaded metadata for openssl-new
3 15-08-20 14:46:29 [38/662/662] [bison] loaded metadata for bison
3 15-08-20 14:46:29 [38/662/662] [ca-certificates] loaded metadata for ca-certificates
3 15-08-20 14:46:29 [38/662/662] [xz] loaded metadata for xz
3 15-08-20 14:46:29 [38/662/662] [bash] loaded metadata for bash
3 15-08-20 14:46:29 [38/662/662] [core] Installing bash.b4b47cf5e0d2ea1de2c99f33fa30fd6238491a9f08086e386f231d4f47b911b1 
3 15-08-20 14:46:29 [38/662/662] [bash] loaded metadata for strata/core/bash.morph
3 15-08-20 14:46:29 [38/662/662] [libxslt] loaded metadata for libxslt
3 15-08-20 14:46:29 [38/662/662] [core] Installing libxslt.9fadbb08ffa26ee18871ce7677bb5cc8028f1d4d323b44466fced16454064cd2 
3 15-08-20 14:46:29 [38/662/662] [libxml2] loaded metadata for libxml2
3 15-08-20 14:46:29 [38/662/662] [bc] Starting assembly 
3 15-08-20 14:46:29 [38/662/662] [build-essential] loaded metadata for build-essential
3 15-08-20 14:46:29 [38/662/662] [bc] Installing build-essential.e1bdf843212f662b23383566b09874097b32deae33d512280a33572574f5d94f 
3 15-08-20 14:46:29 [38/662/662] [flex] loaded metadata for flex
3 15-08-20 14:46:29 [38/662/662] [bc] Installing flex.f04fe4e7bc7619858b0795d54e3037aa5158b9d604093d3c018800131bf6be98 
3 15-08-20 14:46:30 [38/662/662] [texinfo-tarball] loaded metadata for texinfo-tarball
3 15-08-20 14:46:30 [39/662/662] [bc] Starting build 
3 15-08-20 14:46:30 [39/662/662] [bc] Git checkout upstream:bc-tarball in /src/tmp/tmpfxABoI/bc.build 
3 15-08-20 14:46:30 [39/662/662] [bc] Upstream version 0956d119 bc-1.06-3-g0956d11 (bc-1.06 + 3 commits) 
3 15-08-20 14:46:30 [39/662/662] [bc] Autodetected build system is autotools
3 15-08-20 14:46:30 [39/662/662] [bc] Logging build commands to /src/artifacts/bc.72604da9fde037a6cbe199df45066d133b7d3db7e2d1e19de1be388d9853e842.build-log.3 
3 15-08-20 14:46:30 [39/662/662] [bc] Running configure-commands
3 15-08-20 14:46:30 [39/662/662] [bc] Running command:
export NOCONFIGURE=1
if [ -e autogen ]; then ./autogen
elif [ -e autogen.sh ]; then ./autogen.sh
elif [ ! -e ./configure ]; then autoreconf -ivf
fi
./configure --prefix="$PREFIX"
 
3 15-08-20 14:46:33 [39/662/662] [bc] Running build-commands
3 15-08-20 14:46:33 [39/662/662] [bc] Running command:
make 
4 15-08-20 14:46:33 [31/662/662] [shadow] Running build-commands
4 15-08-20 14:46:33 [31/662/662] [shadow] Running command:
make 
3 15-08-20 14:46:34 [39/662/662] [bc] Running install-commands
3 15-08-20 14:46:34 [39/662/662] [bc] Running command:
make DESTDIR="$DESTDIR" install 
3 15-08-20 14:46:34 [39/662/662] [bc] Running strip-commands
3 15-08-20 14:46:34 [39/662/662] [bc] Running command:
find "$DESTDIR" -type f \
  '(' -perm -111 -o -name '*.so*' -o -name '*.cmxs' -o -name '*.node' ')' \
  -exec sh -ec \
  'read -n4 hdr <"$1"   # check for elf header
  if [ "$hdr" != "$(printf \x7ELF)" ]; then
    exit 0
  fi
  debugfile="$DESTDIR$PREFIX/lib/debug/$(basename "$1")"
  mkdir -p "$(dirname "$debugfile")"
  objcopy --only-keep-debug "$1" "$debugfile"
  chmod 644 "$debugfile"
  strip --remove-section=.comment --remove-section=.note --strip-unneeded "$1"
  objcopy --add-gnu-debuglink "$debugfile" "$1"' - {} ';'
 
4 15-08-20 14:46:35 [31/662/662] [shadow] Running install-commands
4 15-08-20 14:46:35 [31/662/662] [shadow] Running command:
make DESTDIR="$DESTDIR" install 
3 15-08-20 14:46:35 [39/662/662] [bc] Elapsed time for build 00:00:05
3 15-08-20 14:46:35 [39/662/662] [bc] Starting artifact creation 
3 15-08-20 14:46:35 [39/662/662] [bc] splitting chunk 
3 15-08-20 14:46:35 [39/662/662] [bc] Now cached 194746 bytes as bc.72604da9fde037a6cbe199df45066d133b7d3db7e2d1e19de1be388d9853e842
3 15-08-20 14:46:35 [39/662/662] [bc] Elapsed time for artifact creation 00:00:00
3 15-08-20 14:46:35 [39/662/662] [bc] Cleaned up /src/tmp/tmpfxABoI
3 15-08-20 14:46:35 [39/662/662] [bc] Elapsed time for assembly 00:00:05
3 15-08-20 14:46:35 [39/662/662] [core] Installing bc.72604da9fde037a6cbe199df45066d133b7d3db7e2d1e19de1be388d9853e842 
3 15-08-20 14:46:35 [39/662/662] [bc] loaded metadata for bc
3 15-08-20 14:46:35 [39/662/662] [bzip2] loaded metadata for bzip2
3 15-08-20 14:46:35 [39/662/662] [attr] loaded metadata for attr
3 15-08-20 14:46:35 [39/662/662] [cython] Starting assembly 
3 15-08-20 14:46:36 [39/662/662] [cpython] loaded metadata for cpython
3 15-08-20 14:46:36 [39/662/662] [cython] Installing cpython.13579b30dfac619ff822a3fe23aabd83c01801e9f12d319f6150e192d9163027 
3 15-08-20 14:46:36 [39/662/662] [build-essential] loaded metadata for build-essential
3 15-08-20 14:46:36 [40/662/662] [cython] Starting build 
3 15-08-20 14:46:36 [40/662/662] [cython] Git checkout upstream:cython in /src/tmp/tmppuw1qb/cython.build 
3 15-08-20 14:46:36 [40/662/662] [cython] Upstream version 4dd8e762 0.22 (0.22 + 0 commits) 
3 15-08-20 14:46:36 [40/662/662] [cython] Autodetected build system is python-distutils
3 15-08-20 14:46:36 [40/662/662] [cython] Logging build commands to /src/artifacts/cython.1998d9a2fbb02ab69e0bfb9b4770ebee35a1798b6fe95d6cf670e6de8306e0b9.build-log.3 
3 15-08-20 14:46:36 [40/662/662] [cython] Running build-commands
3 15-08-20 14:46:36 [40/662/662] [cython] Running command:
python setup.py build 
4 15-08-20 14:46:36 [31/662/662] [shadow] Running post-install-commands
4 15-08-20 14:46:36 [31/662/662] [shadow] Running command:
for OPTION in FAIL_DELAY \
              FAILLOG_ENAB \
              LASTLOG_ENAB \
              MAIL_CHECK_ENAB \
              OBSCURE_CHECKS_ENAB \
              PORTTIME_CHECKS_ENAB \
              QUOTAS_ENAB \
              CONSOLE MOTD_FILE \
              FTMP_FILE \
              NOLOGINS_FILE \
              ENV_HZ \
              PASS_MIN_LEN \
              SU_WHEEL_ONLY \
              CRACKLIB_DICTPATH \
              PASS_CHANGE_TRIES \
              PASS_ALWAYS_WARN \
              CHFN_AUTH \
              ENVIRON_FILE
do
  sed -i -e "s/^${OPTION}.*/# & #This option is handled by PAM instead./" \
      "$DESTDIR/etc/login.defs"
done
 
4 15-08-20 14:46:36 [31/662/662] [shadow] Running command:
if grep -q '[\s#]ENCRYPT_METHOD' "$DESTDIR/etc/login.defs"; then
    sed -i -e '/^[\s#]*ENCRYPT_METHOD /s/.*/ENCRYPT_METHOD SHA512/g' "$DESTDIR/etc/login.defs"
else
    echo 'ENCRYPT_METHOD SHA512' >>"$DESTDIR/etc/login.defs"
fi
 
4 15-08-20 14:46:36 [31/662/662] [shadow] Running command:
sed -i -e 's/\(.*\)required\(.*pam_selinux.so.*\)/\1optional\2/' "$DESTDIR"/etc/pam.d/* 
4 15-08-20 14:46:36 [31/662/662] [shadow] Running strip-commands
4 15-08-20 14:46:36 [31/662/662] [shadow] Running command:
find "$DESTDIR" -type f \
  '(' -perm -111 -o -name '*.so*' -o -name '*.cmxs' -o -name '*.node' ')' \
  -exec sh -ec \
  'read -n4 hdr <"$1"   # check for elf header
  if [ "$hdr" != "$(printf \x7ELF)" ]; then
    exit 0
  fi
  debugfile="$DESTDIR$PREFIX/lib/debug/$(basename "$1")"
  mkdir -p "$(dirname "$debugfile")"
  objcopy --only-keep-debug "$1" "$debugfile"
  chmod 644 "$debugfile"
  strip --remove-section=.comment --remove-section=.note --strip-unneeded "$1"
  objcopy --add-gnu-debuglink "$debugfile" "$1"' - {} ';'
 
4 15-08-20 14:46:37 [31/662/662] [shadow] Elapsed time for build 00:00:19
4 15-08-20 14:46:37 [31/662/662] [shadow] Starting artifact creation 
4 15-08-20 14:46:37 [31/662/662] [shadow] splitting chunk 
4 15-08-20 14:46:40 [31/662/662] [shadow] Now cached 2857826 bytes as shadow.084f2be2684fa9c926ad1aab0a164e515283cf4f74d1b04c0246f26aaecc3398
4 15-08-20 14:46:40 [31/662/662] [shadow] Elapsed time for artifact creation 00:00:03
4 15-08-20 14:46:40 [31/662/662] [shadow] Cleaned up /src/tmp/tmpARiH96
4 15-08-20 14:46:40 [31/662/662] [shadow] Elapsed time for assembly 00:00:23
4 15-08-20 14:46:40 [31/662/662] [util-linux] Installing shadow.084f2be2684fa9c926ad1aab0a164e515283cf4f74d1b04c0246f26aaecc3398 
4 15-08-20 14:46:40 [31/662/662] [shadow] loaded metadata for strata/core/shadow.morph
4 15-08-20 14:46:40 [31/662/662] [gettext-tarball] loaded metadata for gettext-tarball
4 15-08-20 14:46:40 [32/662/662] [util-linux] Starting build 
4 15-08-20 14:46:41 [32/662/662] [util-linux] Git checkout upstream:util-linux in /src/tmp/tmpwMeu1q/util-linux.build 
4 15-08-20 14:46:41 [32/662/662] [util-linux] Upstream version 34760e62 v2.26.1 (v2.26.1 + 0 commits) 
4 15-08-20 14:46:41 [32/662/662] [util-linux] Defined build system is autotools
4 15-08-20 14:46:41 [32/662/662] [util-linux] Logging build commands to /src/artifacts/util-linux.38abf0715d69bd0aa36543e6e2aef45ddf3bb6a005115eca4ebc041a17fa6e94.build-log.4 
4 15-08-20 14:46:41 [32/662/662] [util-linux] Running pre-configure-commands
4 15-08-20 14:46:41 [32/662/662] [util-linux] Running command:
echo "2.26.1" > .tarball-version 
4 15-08-20 14:46:41 [32/662/662] [util-linux] Running command:
./autogen.sh 
4 15-08-20 14:46:49 [32/662/662] [util-linux] Running configure-commands
4 15-08-20 14:46:49 [32/662/662] [util-linux] Running command:
./configure --prefix="$PREFIX" \
            --disable-use-tty-group \
            --bindir=/bin
 
4 15-08-20 14:46:57 [32/662/662] [util-linux] Running build-commands
4 15-08-20 14:46:57 [32/662/662] [util-linux] Running command:
make 
4 15-08-20 14:47:05 [32/662/662] [util-linux] Running install-commands
4 15-08-20 14:47:05 [32/662/662] [util-linux] Running command:
make DESTDIR="$DESTDIR" install 
4 15-08-20 14:47:07 [32/662/662] [util-linux] Running strip-commands
4 15-08-20 14:47:07 [32/662/662] [util-linux] Running command:
find "$DESTDIR" -type f \
  '(' -perm -111 -o -name '*.so*' -o -name '*.cmxs' -o -name '*.node' ')' \
  -exec sh -ec \
  'read -n4 hdr <"$1"   # check for elf header
  if [ "$hdr" != "$(printf \x7ELF)" ]; then
    exit 0
  fi
  debugfile="$DESTDIR$PREFIX/lib/debug/$(basename "$1")"
  mkdir -p "$(dirname "$debugfile")"
  objcopy --only-keep-debug "$1" "$debugfile"
  chmod 644 "$debugfile"
  strip --remove-section=.comment --remove-section=.note --strip-unneeded "$1"
  objcopy --add-gnu-debuglink "$debugfile" "$1"' - {} ';'
 
4 15-08-20 14:47:08 [32/662/662] [util-linux] Elapsed time for build 00:00:27
4 15-08-20 14:47:08 [32/662/662] [util-linux] Starting artifact creation 
4 15-08-20 14:47:08 [32/662/662] [util-linux] splitting chunk 
4 15-08-20 14:47:20 [32/662/662] [util-linux] Now cached 9305214 bytes as util-linux.38abf0715d69bd0aa36543e6e2aef45ddf3bb6a005115eca4ebc041a17fa6e94
4 15-08-20 14:47:20 [32/662/662] [util-linux] Elapsed time for artifact creation 00:00:12
4 15-08-20 14:47:21 [32/662/662] [util-linux] Cleaned up /src/tmp/tmpwMeu1q
4 15-08-20 14:47:21 [32/662/662] [util-linux] Elapsed time for assembly 00:01:04
4 15-08-20 14:47:21 [32/662/662] [e2fsprogs] Installing util-linux.38abf0715d69bd0aa36543e6e2aef45ddf3bb6a005115eca4ebc041a17fa6e94 
4 15-08-20 14:47:21 [32/662/662] [util-linux] loaded metadata for strata/core/util-linux.morph
4 15-08-20 14:47:21 [32/662/662] [build-essential] loaded metadata for build-essential
4 15-08-20 14:47:21 [33/662/662] [e2fsprogs] Starting build 
4 15-08-20 14:47:21 [33/662/662] [e2fsprogs] Git checkout upstream:e2fsprogs in /src/tmp/tmpg4FU3h/e2fsprogs.build 
4 15-08-20 14:47:21 [33/662/662] [e2fsprogs] Upstream version 6a3741ad v1.42.12 (v1.42.12 + 0 commits) 
4 15-08-20 14:47:21 [33/662/662] [e2fsprogs] Defined build system is autotools
4 15-08-20 14:47:21 [33/662/662] [e2fsprogs] Logging build commands to /src/artifacts/e2fsprogs.313eb10866c7acdc6c194170768029b566d2af96607e43124c612ea902e1162f.build-log.4 
4 15-08-20 14:47:21 [33/662/662] [e2fsprogs] Running configure-commands
4 15-08-20 14:47:21 [33/662/662] [e2fsprogs] Running command:
./configure --prefix="$PREFIX" --sysconfdir=/etc \
  --disable-libuuid --disable-uuidd --disable-libblkid
 
4 15-08-20 14:47:31 [33/662/662] [e2fsprogs] Running build-commands
4 15-08-20 14:47:31 [33/662/662] [e2fsprogs] Running command:
make 
4 15-08-20 14:47:38 [33/662/662] [e2fsprogs] Running install-commands
4 15-08-20 14:47:38 [33/662/662] [e2fsprogs] Running command:
td="$(mktemp -d)"
make DESTDIR="$td" install
make DESTDIR="$td" install-libs
find "$td" \( -name blkid -o -name findfs -o \) -delete
find "$td" \( -name blkid.8 -o -name findfs.8 \) -delete
mv "$td"/* "$DESTDIR"
 
4 15-08-20 14:47:38 [33/662/662] [e2fsprogs] Running strip-commands
4 15-08-20 14:47:38 [33/662/662] [e2fsprogs] Running command:
find "$DESTDIR" -type f \
  '(' -perm -111 -o -name '*.so*' -o -name '*.cmxs' -o -name '*.node' ')' \
  -exec sh -ec \
  'read -n4 hdr <"$1"   # check for elf header
  if [ "$hdr" != "$(printf \x7ELF)" ]; then
    exit 0
  fi
  debugfile="$DESTDIR$PREFIX/lib/debug/$(basename "$1")"
  mkdir -p "$(dirname "$debugfile")"
  objcopy --only-keep-debug "$1" "$debugfile"
  chmod 644 "$debugfile"
  strip --remove-section=.comment --remove-section=.note --strip-unneeded "$1"
  objcopy --add-gnu-debuglink "$debugfile" "$1"' - {} ';'
 
4 15-08-20 14:47:38 [33/662/662] [e2fsprogs] Elapsed time for build 00:00:17
4 15-08-20 14:47:38 [33/662/662] [e2fsprogs] Starting artifact creation 
4 15-08-20 14:47:38 [33/662/662] [e2fsprogs] splitting chunk 
4 15-08-20 14:47:45 [33/662/662] [e2fsprogs] Now cached 6045482 bytes as e2fsprogs.313eb10866c7acdc6c194170768029b566d2af96607e43124c612ea902e1162f
4 15-08-20 14:47:45 [33/662/662] [e2fsprogs] Elapsed time for artifact creation 00:00:06
4 15-08-20 14:47:46 [33/662/662] [e2fsprogs] Cleaned up /src/tmp/tmpg4FU3h
4 15-08-20 14:47:46 [33/662/662] [e2fsprogs] Elapsed time for assembly 00:01:30
4 15-08-20 14:47:46 [33/662/662] [core] Installing e2fsprogs.313eb10866c7acdc6c194170768029b566d2af96607e43124c612ea902e1162f 
4 15-08-20 14:47:46 [33/662/662] [e2fsprogs] loaded metadata for strata/core/e2fsprogs.morph
4 15-08-20 14:47:46 [33/662/662] [automake] loaded metadata for automake
4 15-08-20 14:47:46 [33/662/662] [patch] loaded metadata for patch
4 15-08-20 14:47:46 [33/662/662] [curl] loaded metadata for curl
4 15-08-20 14:47:46 [33/662/662] [core] Installing curl.95f0fd59833ff1f020e1cf49db44dc83f256d32e192e866bb2524a86d3f9fb38 
4 15-08-20 14:47:46 [33/662/662] [curl] loaded metadata for strata/core/curl.morph
4 15-08-20 14:47:46 [33/662/662] [ca-certificates] loaded metadata for strata/core/ca-certificates.morph
4 15-08-20 14:47:46 [33/662/662] [attr] loaded metadata for attr
4 15-08-20 14:47:46 [33/662/662] [XML-Parser] loaded metadata for XML-Parser
4 15-08-20 14:47:46 [33/662/662] [core] Installing XML-Parser.d8e8eeea36d4772b15f26fb23d1d9bd9ec55d1791516e7b48a2a1f3f86ec6f90 
4 15-08-20 14:47:46 [33/662/662] [libcap2] loaded metadata for libcap2
4 15-08-20 14:47:46 [33/662/662] [libffi] loaded metadata for libffi
4 15-08-20 14:47:46 [33/662/662] [bison] loaded metadata for bison
4 15-08-20 14:47:46 [33/662/662] [libtool] loaded metadata for libtool
4 15-08-20 14:47:46 [33/662/662] [intltool] loaded metadata for intltool
4 15-08-20 14:47:46 [33/662/662] [core] Installing intltool.1d94bc42de61027ec7036221f6a5348cfdc59d60f60f28f6c1fcc088034559f9 
4 15-08-20 14:47:46 [33/662/662] [bc] loaded metadata for bc
4 15-08-20 14:47:46 [33/662/662] [core] Installing bc.72604da9fde037a6cbe199df45066d133b7d3db7e2d1e19de1be388d9853e842 
4 15-08-20 14:47:46 [33/662/662] [perl] loaded metadata for perl
4 15-08-20 14:47:46 [33/662/662] [cython] Starting assembly 
4 15-08-20 14:47:46 [33/662/662] [build-essential] loaded metadata for build-essential
4 15-08-20 14:47:46 [33/662/662] [cython] Installing build-essential.e1bdf843212f662b23383566b09874097b32deae33d512280a33572574f5d94f 
4 15-08-20 14:47:47 [33/662/662] [cpython] loaded metadata for cpython
4 15-08-20 14:47:47 [33/662/662] [cython] Installing cpython.13579b30dfac619ff822a3fe23aabd83c01801e9f12d319f6150e192d9163027 
4 15-08-20 14:47:47 [34/662/662] [cython] Starting build 
4 15-08-20 14:47:48 [34/662/662] [cython] Git checkout upstream:cython in /src/tmp/tmpCzhKwS/cython.build 
4 15-08-20 14:47:48 [34/662/662] [cython] Upstream version 4dd8e762 0.22 (0.22 + 0 commits) 
4 15-08-20 14:47:48 [34/662/662] [cython] Autodetected build system is python-distutils
4 15-08-20 14:47:48 [34/662/662] [cython] Logging build commands to /src/artifacts/cython.1998d9a2fbb02ab69e0bfb9b4770ebee35a1798b6fe95d6cf670e6de8306e0b9.build-log.4 
4 15-08-20 14:47:48 [34/662/662] [cython] Running build-commands
4 15-08-20 14:47:48 [34/662/662] [cython] Running command:
python setup.py build 
3 15-08-20 14:47:58 [40/662/662] [cython] Running install-commands
3 15-08-20 14:47:58 [40/662/662] [cython] Running command:
python setup.py install --prefix "$PREFIX" --root "$DESTDIR" 
3 15-08-20 14:47:59 [40/662/662] [cython] Running strip-commands
3 15-08-20 14:47:59 [40/662/662] [cython] Running command:
find "$DESTDIR" -type f \
  '(' -perm -111 -o -name '*.so*' -o -name '*.cmxs' -o -name '*.node' ')' \
  -exec sh -ec \
  'read -n4 hdr <"$1"   # check for elf header
  if [ "$hdr" != "$(printf \x7ELF)" ]; then
    exit 0
  fi
  debugfile="$DESTDIR$PREFIX/lib/debug/$(basename "$1")"
  mkdir -p "$(dirname "$debugfile")"
  objcopy --only-keep-debug "$1" "$debugfile"
  chmod 644 "$debugfile"
  strip --remove-section=.comment --remove-section=.note --strip-unneeded "$1"
  objcopy --add-gnu-debuglink "$debugfile" "$1"' - {} ';'
 
3 15-08-20 14:47:59 [40/662/662] [cython] Elapsed time for build 00:01:22
3 15-08-20 14:47:59 [40/662/662] [cython] Starting artifact creation 
3 15-08-20 14:47:59 [40/662/662] [cython] splitting chunk 
3 15-08-20 14:48:04 [40/662/662] [cython] Now cached 5055569 bytes as cython.1998d9a2fbb02ab69e0bfb9b4770ebee35a1798b6fe95d6cf670e6de8306e0b9
3 15-08-20 14:48:04 [40/662/662] [cython] Elapsed time for artifact creation 00:00:05
3 15-08-20 14:48:04 [40/662/662] [cython] Cleaned up /src/tmp/tmppuw1qb
3 15-08-20 14:48:04 [40/662/662] [cython] Elapsed time for assembly 00:01:29
3 15-08-20 14:48:04 [40/662/662] [core] Installing cython.1998d9a2fbb02ab69e0bfb9b4770ebee35a1798b6fe95d6cf670e6de8306e0b9 
3 15-08-20 14:48:04 [40/662/662] [cython] loaded metadata for cython
3 15-08-20 14:48:04 [40/662/662] [libtool-tarball] loaded metadata for libtool-tarball
3 15-08-20 14:48:04 [40/662/662] [flex] loaded metadata for flex
3 15-08-20 14:48:04 [40/662/662] [e2fsprogs] loaded metadata for e2fsprogs
3 15-08-20 14:48:04 [40/662/662] [core] Installing e2fsprogs.313eb10866c7acdc6c194170768029b566d2af96607e43124c612ea902e1162f 
3 15-08-20 14:48:04 [40/662/662] [e2fsprogs] loaded metadata for strata/core/e2fsprogs.morph
3 15-08-20 14:48:04 [40/662/662] [util-linux] loaded metadata for strata/core/util-linux.morph
3 15-08-20 14:48:04 [40/662/662] [shadow] loaded metadata for strata/core/shadow.morph
3 15-08-20 14:48:04 [40/662/662] [acl] loaded metadata for acl
3 15-08-20 14:48:04 [40/662/662] [shadow] loaded metadata for shadow
3 15-08-20 14:48:04 [40/662/662] [pkg-config] loaded metadata for pkg-config
3 15-08-20 14:48:04 [40/662/662] [autoconf-tarball] loaded metadata for autoconf-tarball
3 15-08-20 14:48:04 [40/662/662] [linux-pam] loaded metadata for linux-pam
3 15-08-20 14:48:05 [40/662/662] [libxml2] loaded metadata for libxml2
3 15-08-20 14:48:05 [40/662/662] [curl] loaded metadata for curl
3 15-08-20 14:48:05 [40/662/662] [mini-utils] loaded metadata for mini-utils
3 15-08-20 14:48:05 [40/662/662] [libexpat] loaded metadata for libexpat
3 15-08-20 14:48:05 [40/662/662] [util-linux] loaded metadata for util-linux
3 15-08-20 14:48:05 [40/662/662] [readline] loaded metadata for readline
3 15-08-20 14:48:05 [40/662/662] [texinfo-tarball] loaded metadata for texinfo-tarball
3 15-08-20 14:48:05 [41/662/662] [core] Starting build 
3 15-08-20 14:48:05 [41/662/662] [core] Defined build system is manual
3 15-08-20 14:48:05 [41/662/662] [core] Logging build commands to /src/artifacts/core.ff2bf428e04196e1f178b1d14eff9408a9ec0c298bbaf6872a6547da7efac9cf.build-log.3 
3 15-08-20 14:48:05 [41/662/662] [core] Elapsed time for build 00:00:00
3 15-08-20 14:48:05 [41/662/662] [core] Starting artifact creation 
3 15-08-20 14:48:05 [41/662/662] [core] splitting stratum 
3 15-08-20 14:48:05 [41/662/662] [core] Now cached 1151 bytes as core.ff2bf428e04196e1f178b1d14eff9408a9ec0c298bbaf6872a6547da7efac9cf
3 15-08-20 14:48:05 [41/662/662] [core] Elapsed time for artifact creation 00:00:00
3 15-08-20 14:48:05 [41/662/662] [core] Cleaned up /src/tmp/tmpG1QhLj
3 15-08-20 14:48:05 [41/662/662] [core] Elapsed time for assembly 00:41:59
3 15-08-20 14:48:05 [41/662/662] [six] Installing core.ff2bf428e04196e1f178b1d14eff9408a9ec0c298bbaf6872a6547da7efac9cf 
3 15-08-20 14:48:05 [41/662/662] [core] loaded metadata for strata/core.morph
3 15-08-20 14:48:06 [42/662/662] [six] Starting build 
3 15-08-20 14:48:06 [42/662/662] [six] Git checkout upstream:six in /src/tmp/tmpignATw/six.build 
3 15-08-20 14:48:06 [42/662/662] [six] Upstream version 8cfbff6b 1.9.0 (1.9.0 + 0 commits) 
3 15-08-20 14:48:06 [42/662/662] [six] Autodetected build system is python-distutils
3 15-08-20 14:48:06 [42/662/662] [six] Logging build commands to /src/artifacts/six.0a6674ad3c5c85f810f1fd5f96cf57207fd088b7742bffae0105cd63582acaab.build-log.3 
3 15-08-20 14:48:06 [42/662/662] [six] Running build-commands
3 15-08-20 14:48:06 [42/662/662] [six] Running command:
python setup.py build 
3 15-08-20 14:48:06 [42/662/662] [six] Running install-commands
3 15-08-20 14:48:06 [42/662/662] [six] Running command:
python setup.py install --prefix "$PREFIX" --root "$DESTDIR" 
3 15-08-20 14:48:06 [42/662/662] [six] Running strip-commands
3 15-08-20 14:48:06 [42/662/662] [six] Running command:
find "$DESTDIR" -type f \
  '(' -perm -111 -o -name '*.so*' -o -name '*.cmxs' -o -name '*.node' ')' \
  -exec sh -ec \
  'read -n4 hdr <"$1"   # check for elf header
  if [ "$hdr" != "$(printf \x7ELF)" ]; then
    exit 0
  fi
  debugfile="$DESTDIR$PREFIX/lib/debug/$(basename "$1")"
  mkdir -p "$(dirname "$debugfile")"
  objcopy --only-keep-debug "$1" "$debugfile"
  chmod 644 "$debugfile"
  strip --remove-section=.comment --remove-section=.note --strip-unneeded "$1"
  objcopy --add-gnu-debuglink "$debugfile" "$1"' - {} ';'
 
3 15-08-20 14:48:06 [42/662/662] [six] Elapsed time for build 00:00:00
3 15-08-20 14:48:06 [42/662/662] [six] Starting artifact creation 
3 15-08-20 14:48:06 [42/662/662] [six] splitting chunk 
3 15-08-20 14:48:06 [42/662/662] [six] Now cached 17872 bytes as six.0a6674ad3c5c85f810f1fd5f96cf57207fd088b7742bffae0105cd63582acaab
3 15-08-20 14:48:06 [42/662/662] [six] Elapsed time for artifact creation 00:00:00
3 15-08-20 14:48:06 [42/662/662] [six] Cleaned up /src/tmp/tmpignATw
3 15-08-20 14:48:06 [42/662/662] [six] Elapsed time for assembly 00:42:00
3 15-08-20 14:48:06 [42/662/662] [python-core] Installing six.0a6674ad3c5c85f810f1fd5f96cf57207fd088b7742bffae0105cd63582acaab 
3 15-08-20 14:48:06 [42/662/662] [six] loaded metadata for six
3 15-08-20 14:48:07 [42/662/662] [mako] Starting assembly 
3 15-08-20 14:48:07 [42/662/662] [core] loaded metadata for core
3 15-08-20 14:48:07 [42/662/662] [mako] Installing core.ff2bf428e04196e1f178b1d14eff9408a9ec0c298bbaf6872a6547da7efac9cf 
3 15-08-20 14:48:07 [42/662/662] [python-setuptools] Starting assembly 
3 15-08-20 14:48:07 [42/662/662] [core] loaded metadata for core
3 15-08-20 14:48:07 [42/662/662] [python-setuptools] Installing core.ff2bf428e04196e1f178b1d14eff9408a9ec0c298bbaf6872a6547da7efac9cf 
3 15-08-20 14:48:08 [43/662/662] [python-setuptools] Starting build 
3 15-08-20 14:48:08 [43/662/662] [python-setuptools] Git checkout upstream:python-setuptools-bitbucket in /src/tmp/tmpOPnN6N/python-setuptools.build 
3 15-08-20 14:48:08 [43/662/662] [python-setuptools] Upstream version 0aa6a4de 7.0-1-g0aa6a4d (7.0 + 1 commits) 
3 15-08-20 14:48:08 [43/662/662] [python-setuptools] Defined build system is manual
3 15-08-20 14:48:08 [43/662/662] [python-setuptools] Logging build commands to /src/artifacts/python-setuptools.664c8bd2bed922d2b17b2dc1ec8346dccb527e31514b9d46f61f35bf1b2a6af9.build-log.3 
3 15-08-20 14:48:08 [43/662/662] [python-setuptools] Running build-commands
3 15-08-20 14:48:08 [43/662/662] [python-setuptools] Running command:
python setup.py build 
3 15-08-20 14:48:09 [43/662/662] [python-setuptools] Running install-commands
3 15-08-20 14:48:09 [43/662/662] [python-setuptools] Running command:
python setup.py install --prefix=/usr --root "$DESTDIR" 
3 15-08-20 14:48:09 [43/662/662] [python-setuptools] Elapsed time for build 00:00:01
3 15-08-20 14:48:09 [43/662/662] [python-setuptools] Starting artifact creation 
3 15-08-20 14:48:09 [43/662/662] [python-setuptools] splitting chunk 
3 15-08-20 14:48:09 [43/662/662] [python-setuptools] Now cached 383405 bytes as python-setuptools.664c8bd2bed922d2b17b2dc1ec8346dccb527e31514b9d46f61f35bf1b2a6af9
3 15-08-20 14:48:09 [43/662/662] [python-setuptools] Elapsed time for artifact creation 00:00:00
3 15-08-20 14:48:10 [43/662/662] [python-setuptools] Cleaned up /src/tmp/tmpOPnN6N
3 15-08-20 14:48:10 [43/662/662] [python-setuptools] Elapsed time for assembly 00:00:02
3 15-08-20 14:48:10 [43/662/662] [mako] Installing python-setuptools.664c8bd2bed922d2b17b2dc1ec8346dccb527e31514b9d46f61f35bf1b2a6af9 
3 15-08-20 14:48:10 [43/662/662] [python-setuptools] loaded metadata for strata/core/python-setuptools.morph
3 15-08-20 14:48:10 [44/662/662] [mako] Starting build 
3 15-08-20 14:48:10 [44/662/662] [mako] Git checkout upstream:python-packages/mako.git in /src/tmp/tmpF6Dzu0/mako.build 
3 15-08-20 14:48:10 [44/662/662] [mako] Upstream version 285bc818 rel_1_0_0 (rel_1_0_0 + 0 commits) 
3 15-08-20 14:48:10 [44/662/662] [mako] Autodetected build system is python-distutils
3 15-08-20 14:48:10 [44/662/662] [mako] Logging build commands to /src/artifacts/mako.a00cce7c2b8558839b0cb27fd52b124dec5be45a2ac49cbff3fd24df4ba1d4d7.build-log.3 
3 15-08-20 14:48:10 [44/662/662] [mako] Running build-commands
3 15-08-20 14:48:10 [44/662/662] [mako] Running command:
python setup.py build 
3 15-08-20 14:48:10 [44/662/662] [mako] Running install-commands
3 15-08-20 14:48:10 [44/662/662] [mako] Running command:
python setup.py install --prefix "$PREFIX" --root "$DESTDIR" 
3 15-08-20 14:48:10 [44/662/662] [mako] Running strip-commands
3 15-08-20 14:48:10 [44/662/662] [mako] Running command:
find "$DESTDIR" -type f \
  '(' -perm -111 -o -name '*.so*' -o -name '*.cmxs' -o -name '*.node' ')' \
  -exec sh -ec \
  'read -n4 hdr <"$1"   # check for elf header
  if [ "$hdr" != "$(printf \x7ELF)" ]; then
    exit 0
  fi
  debugfile="$DESTDIR$PREFIX/lib/debug/$(basename "$1")"
  mkdir -p "$(dirname "$debugfile")"
  objcopy --only-keep-debug "$1" "$debugfile"
  chmod 644 "$debugfile"
  strip --remove-section=.comment --remove-section=.note --strip-unneeded "$1"
  objcopy --add-gnu-debuglink "$debugfile" "$1"' - {} ';'
 
3 15-08-20 14:48:10 [44/662/662] [mako] Elapsed time for build 00:00:00
3 15-08-20 14:48:10 [44/662/662] [mako] Starting artifact creation 
3 15-08-20 14:48:10 [44/662/662] [mako] splitting chunk 
3 15-08-20 14:48:11 [44/662/662] [mako] Now cached 135699 bytes as mako.a00cce7c2b8558839b0cb27fd52b124dec5be45a2ac49cbff3fd24df4ba1d4d7
3 15-08-20 14:48:11 [44/662/662] [mako] Elapsed time for artifact creation 00:00:00
3 15-08-20 14:48:11 [44/662/662] [mako] Cleaned up /src/tmp/tmpF6Dzu0
3 15-08-20 14:48:11 [44/662/662] [mako] Elapsed time for assembly 00:00:04
3 15-08-20 14:48:11 [44/662/662] [python-core] Installing mako.a00cce7c2b8558839b0cb27fd52b124dec5be45a2ac49cbff3fd24df4ba1d4d7 
3 15-08-20 14:48:11 [44/662/662] [mako] loaded metadata for mako
3 15-08-20 14:48:11 [44/662/662] [pbr] Starting assembly 
3 15-08-20 14:48:11 [44/662/662] [pip] Starting assembly 
3 15-08-20 14:48:11 [44/662/662] [core] loaded metadata for core
3 15-08-20 14:48:11 [44/662/662] [pip] Installing core.ff2bf428e04196e1f178b1d14eff9408a9ec0c298bbaf6872a6547da7efac9cf 
3 15-08-20 14:48:11 [44/662/662] [python-setuptools] loaded metadata for python-setuptools
3 15-08-20 14:48:11 [44/662/662] [pip] Installing python-setuptools.664c8bd2bed922d2b17b2dc1ec8346dccb527e31514b9d46f61f35bf1b2a6af9 
3 15-08-20 14:48:11 [45/662/662] [pip] Starting build 
3 15-08-20 14:48:12 [45/662/662] [pip] Git checkout upstream:pip in /src/tmp/tmpJqf9Af/pip.build 
3 15-08-20 14:48:12 [45/662/662] [pip] Upstream version ea680f20 1.5.6-11-gea680f2 (1.5.6 + 11 commits) 
3 15-08-20 14:48:12 [45/662/662] [pip] Autodetected build system is python-distutils
3 15-08-20 14:48:12 [45/662/662] [pip] Logging build commands to /src/artifacts/pip.7014a50bbc30b90ec443ea9a6ad2d1c3226ccc469e25a945ae98ce45c702373e.build-log.3 
3 15-08-20 14:48:12 [45/662/662] [pip] Running build-commands
3 15-08-20 14:48:12 [45/662/662] [pip] Running command:
python setup.py build 
3 15-08-20 14:48:12 [45/662/662] [pip] Running install-commands
3 15-08-20 14:48:12 [45/662/662] [pip] Running command:
python setup.py install --prefix "$PREFIX" --root "$DESTDIR" 
3 15-08-20 14:48:13 [45/662/662] [pip] Running strip-commands
3 15-08-20 14:48:13 [45/662/662] [pip] Running command:
find "$DESTDIR" -type f \
  '(' -perm -111 -o -name '*.so*' -o -name '*.cmxs' -o -name '*.node' ')' \
  -exec sh -ec \
  'read -n4 hdr <"$1"   # check for elf header
  if [ "$hdr" != "$(printf \x7ELF)" ]; then
    exit 0
  fi
  debugfile="$DESTDIR$PREFIX/lib/debug/$(basename "$1")"
  mkdir -p "$(dirname "$debugfile")"
  objcopy --only-keep-debug "$1" "$debugfile"
  chmod 644 "$debugfile"
  strip --remove-section=.comment --remove-section=.note --strip-unneeded "$1"
  objcopy --add-gnu-debuglink "$debugfile" "$1"' - {} ';'
 
3 15-08-20 14:48:13 [45/662/662] [pip] Elapsed time for build 00:00:01
3 15-08-20 14:48:13 [45/662/662] [pip] Starting artifact creation 
3 15-08-20 14:48:13 [45/662/662] [pip] splitting chunk 
3 15-08-20 14:48:15 [45/662/662] [pip] Now cached 1658746 bytes as pip.7014a50bbc30b90ec443ea9a6ad2d1c3226ccc469e25a945ae98ce45c702373e
3 15-08-20 14:48:15 [45/662/662] [pip] Elapsed time for artifact creation 00:00:01
3 15-08-20 14:48:15 [45/662/662] [pip] Cleaned up /src/tmp/tmpJqf9Af
3 15-08-20 14:48:15 [45/662/662] [pip] Elapsed time for assembly 00:00:04
3 15-08-20 14:48:15 [45/662/662] [pbr] Installing pip.7014a50bbc30b90ec443ea9a6ad2d1c3226ccc469e25a945ae98ce45c702373e 
3 15-08-20 14:48:15 [45/662/662] [pip] loaded metadata for pip
3 15-08-20 14:48:16 [45/662/662] [core] loaded metadata for core
3 15-08-20 14:48:16 [46/662/662] [pbr] Starting build 
3 15-08-20 14:48:16 [46/662/662] [pbr] Git checkout upstream:pbr in /src/tmp/tmppKwVJ7/pbr.build 
3 15-08-20 14:48:16 [46/662/662] [pbr] Upstream version aef4f7ef 0.10.7 (0.10.7 + 0 commits) 
3 15-08-20 14:48:16 [46/662/662] [pbr] Autodetected build system is python-distutils
3 15-08-20 14:48:16 [46/662/662] [pbr] Logging build commands to /src/artifacts/pbr.7777ef7b44141983ea276cdb38445c351085ee469f41e87fb6ab1a191c2204d4.build-log.3 
3 15-08-20 14:48:16 [46/662/662] [pbr] Running build-commands
3 15-08-20 14:48:16 [46/662/662] [pbr] Running command:
python setup.py build 
3 15-08-20 14:48:16 [46/662/662] [pbr] Running install-commands
3 15-08-20 14:48:16 [46/662/662] [pbr] Running command:
python setup.py install --prefix "$PREFIX" --root "$DESTDIR" 
3 15-08-20 14:48:16 [46/662/662] [pbr] Running strip-commands
3 15-08-20 14:48:16 [46/662/662] [pbr] Running command:
find "$DESTDIR" -type f \
  '(' -perm -111 -o -name '*.so*' -o -name '*.cmxs' -o -name '*.node' ')' \
  -exec sh -ec \
  'read -n4 hdr <"$1"   # check for elf header
  if [ "$hdr" != "$(printf \x7ELF)" ]; then
    exit 0
  fi
  debugfile="$DESTDIR$PREFIX/lib/debug/$(basename "$1")"
  mkdir -p "$(dirname "$debugfile")"
  objcopy --only-keep-debug "$1" "$debugfile"
  chmod 644 "$debugfile"
  strip --remove-section=.comment --remove-section=.note --strip-unneeded "$1"
  objcopy --add-gnu-debuglink "$debugfile" "$1"' - {} ';'
 
3 15-08-20 14:48:16 [46/662/662] [pbr] Elapsed time for build 00:00:00
3 15-08-20 14:48:16 [46/662/662] [pbr] Starting artifact creation 
3 15-08-20 14:48:16 [46/662/662] [pbr] splitting chunk 
3 15-08-20 14:48:17 [46/662/662] [pbr] Now cached 80336 bytes as pbr.7777ef7b44141983ea276cdb38445c351085ee469f41e87fb6ab1a191c2204d4
3 15-08-20 14:48:17 [46/662/662] [pbr] Elapsed time for artifact creation 00:00:00
3 15-08-20 14:48:17 [46/662/662] [pbr] Cleaned up /src/tmp/tmppKwVJ7
3 15-08-20 14:48:17 [46/662/662] [pbr] Elapsed time for assembly 00:00:05
3 15-08-20 14:48:17 [46/662/662] [python-core] Installing pbr.7777ef7b44141983ea276cdb38445c351085ee469f41e87fb6ab1a191c2204d4 
3 15-08-20 14:48:17 [46/662/662] [pbr] loaded metadata for pbr
3 15-08-20 14:48:17 [46/662/662] [pyyaml] Starting assembly 
3 15-08-20 14:48:17 [46/662/662] [core] loaded metadata for core
3 15-08-20 14:48:17 [46/662/662] [pyyaml] Installing core.ff2bf428e04196e1f178b1d14eff9408a9ec0c298bbaf6872a6547da7efac9cf 
3 15-08-20 14:48:17 [46/662/662] [python-setuptools] loaded metadata for python-setuptools
3 15-08-20 14:48:17 [46/662/662] [pyyaml] Installing python-setuptools.664c8bd2bed922d2b17b2dc1ec8346dccb527e31514b9d46f61f35bf1b2a6af9 
3 15-08-20 14:48:17 [47/662/662] [pyyaml] Starting build 
3 15-08-20 14:48:17 [47/662/662] [pyyaml] Git checkout upstream:pyyaml in /src/tmp/tmppLkK6M/pyyaml.build 
3 15-08-20 14:48:17 [47/662/662] [pyyaml] Upstream version d9fbccea (No tag found) 
3 15-08-20 14:48:18 [47/662/662] [pyyaml] Defined build system is manual
3 15-08-20 14:48:18 [47/662/662] [pyyaml] Logging build commands to /src/artifacts/pyyaml.e08d02ae45d778eb2a0667fa2272b9c3a9befc9e25be53094f0ab57561da23b5.build-log.3 
3 15-08-20 14:48:18 [47/662/662] [pyyaml] Running build-commands
3 15-08-20 14:48:18 [47/662/662] [pyyaml] Running command:
python setup.py --without-libyaml build 
3 15-08-20 14:48:18 [47/662/662] [pyyaml] Running install-commands
3 15-08-20 14:48:18 [47/662/662] [pyyaml] Running command:
python setup.py --without-libyaml install --prefix="$PREFIX" --root "$DESTDIR" 
3 15-08-20 14:48:18 [47/662/662] [pyyaml] Elapsed time for build 00:00:00
3 15-08-20 14:48:18 [47/662/662] [pyyaml] Starting artifact creation 
3 15-08-20 14:48:18 [47/662/662] [pyyaml] splitting chunk 
3 15-08-20 14:48:18 [47/662/662] [pyyaml] Now cached 87027 bytes as pyyaml.e08d02ae45d778eb2a0667fa2272b9c3a9befc9e25be53094f0ab57561da23b5
3 15-08-20 14:48:18 [47/662/662] [pyyaml] Elapsed time for artifact creation 00:00:00
3 15-08-20 14:48:18 [47/662/662] [pyyaml] Cleaned up /src/tmp/tmppLkK6M
3 15-08-20 14:48:18 [47/662/662] [pyyaml] Elapsed time for assembly 00:00:01
3 15-08-20 14:48:18 [47/662/662] [python-core] Installing pyyaml.e08d02ae45d778eb2a0667fa2272b9c3a9befc9e25be53094f0ab57561da23b5 
3 15-08-20 14:48:18 [47/662/662] [pyyaml] loaded metadata for strata/python-core/pyyaml.morph
3 15-08-20 14:48:18 [47/662/662] [python-setuptools] loaded metadata for python-setuptools
3 15-08-20 14:48:18 [47/662/662] [pip] loaded metadata for pip
3 15-08-20 14:48:18 [47/662/662] [python-markdown] Starting assembly 
3 15-08-20 14:48:18 [47/662/662] [core] loaded metadata for core
3 15-08-20 14:48:18 [47/662/662] [python-markdown] Installing core.ff2bf428e04196e1f178b1d14eff9408a9ec0c298bbaf6872a6547da7efac9cf 
3 15-08-20 14:48:19 [48/662/662] [python-markdown] Starting build 
3 15-08-20 14:48:19 [48/662/662] [python-markdown] Git checkout upstream:python-markdown in /src/tmp/tmpOBkK3p/python-markdown.build 
3 15-08-20 14:48:19 [48/662/662] [python-markdown] Upstream version f0c5b71a 2.5.1-final (2.5.1-final + 0 commits) 
3 15-08-20 14:48:19 [48/662/662] [python-markdown] Autodetected build system is python-distutils
3 15-08-20 14:48:19 [48/662/662] [python-markdown] Logging build commands to /src/artifacts/python-markdown.686cf7565b897937a0627cf18e95d105e7e215135a13c38db95e7832c9515c48.build-log.3 
3 15-08-20 14:48:19 [48/662/662] [python-markdown] Running build-commands
3 15-08-20 14:48:19 [48/662/662] [python-markdown] Running command:
python setup.py build 
3 15-08-20 14:48:20 [48/662/662] [python-markdown] Running install-commands
3 15-08-20 14:48:20 [48/662/662] [python-markdown] Running command:
python setup.py install --prefix "$PREFIX" --root "$DESTDIR" 
3 15-08-20 14:48:20 [48/662/662] [python-markdown] Running strip-commands
3 15-08-20 14:48:20 [48/662/662] [python-markdown] Running command:
find "$DESTDIR" -type f \
  '(' -perm -111 -o -name '*.so*' -o -name '*.cmxs' -o -name '*.node' ')' \
  -exec sh -ec \
  'read -n4 hdr <"$1"   # check for elf header
  if [ "$hdr" != "$(printf \x7ELF)" ]; then
    exit 0
  fi
  debugfile="$DESTDIR$PREFIX/lib/debug/$(basename "$1")"
  mkdir -p "$(dirname "$debugfile")"
  objcopy --only-keep-debug "$1" "$debugfile"
  chmod 644 "$debugfile"
  strip --remove-section=.comment --remove-section=.note --strip-unneeded "$1"
  objcopy --add-gnu-debuglink "$debugfile" "$1"' - {} ';'
 
3 15-08-20 14:48:20 [48/662/662] [python-markdown] Elapsed time for build 00:00:01
3 15-08-20 14:48:20 [48/662/662] [python-markdown] Starting artifact creation 
3 15-08-20 14:48:20 [48/662/662] [python-markdown] splitting chunk 
3 15-08-20 14:48:20 [48/662/662] [python-markdown] Now cached 110835 bytes as python-markdown.686cf7565b897937a0627cf18e95d105e7e215135a13c38db95e7832c9515c48
3 15-08-20 14:48:20 [48/662/662] [python-markdown] Elapsed time for artifact creation 00:00:00
3 15-08-20 14:48:20 [48/662/662] [python-markdown] Cleaned up /src/tmp/tmpOBkK3p
3 15-08-20 14:48:20 [48/662/662] [python-markdown] Elapsed time for assembly 00:00:02
3 15-08-20 14:48:20 [48/662/662] [python-core] Installing python-markdown.686cf7565b897937a0627cf18e95d105e7e215135a13c38db95e7832c9515c48 
3 15-08-20 14:48:20 [48/662/662] [python-markdown] loaded metadata for python-markdown
3 15-08-20 14:48:20 [48/662/662] [python-lxml] Starting assembly 
3 15-08-20 14:48:20 [48/662/662] [core] loaded metadata for core
3 15-08-20 14:48:20 [48/662/662] [python-lxml] Installing core.ff2bf428e04196e1f178b1d14eff9408a9ec0c298bbaf6872a6547da7efac9cf 
3 15-08-20 14:48:21 [49/662/662] [python-lxml] Starting build 
3 15-08-20 14:48:21 [49/662/662] [python-lxml] Git checkout upstream:python-lxml in /src/tmp/tmp7BYLX0/python-lxml.build 
3 15-08-20 14:48:21 [49/662/662] [python-lxml] Upstream version 14505bc6 lxml-3.4.0 (lxml-3.4.0 + 0 commits) 
3 15-08-20 14:48:21 [49/662/662] [python-lxml] Autodetected build system is python-distutils
3 15-08-20 14:48:21 [49/662/662] [python-lxml] Logging build commands to /src/artifacts/python-lxml.8a5720838e267813350867bb3dc43898554e643a524bde95a9116ffd22f224a3.build-log.3 
3 15-08-20 14:48:21 [49/662/662] [python-lxml] Running build-commands
3 15-08-20 14:48:21 [49/662/662] [python-lxml] Running command:
python setup.py build 
4 15-08-20 14:49:09 [34/662/662] [cython] Running install-commands
4 15-08-20 14:49:09 [34/662/662] [cython] Running command:
python setup.py install --prefix "$PREFIX" --root "$DESTDIR" 
4 15-08-20 14:49:10 [34/662/662] [cython] Running strip-commands
4 15-08-20 14:49:10 [34/662/662] [cython] Running command:
find "$DESTDIR" -type f \
  '(' -perm -111 -o -name '*.so*' -o -name '*.cmxs' -o -name '*.node' ')' \
  -exec sh -ec \
  'read -n4 hdr <"$1"   # check for elf header
  if [ "$hdr" != "$(printf \x7ELF)" ]; then
    exit 0
  fi
  debugfile="$DESTDIR$PREFIX/lib/debug/$(basename "$1")"
  mkdir -p "$(dirname "$debugfile")"
  objcopy --only-keep-debug "$1" "$debugfile"
  chmod 644 "$debugfile"
  strip --remove-section=.comment --remove-section=.note --strip-unneeded "$1"
  objcopy --add-gnu-debuglink "$debugfile" "$1"' - {} ';'
 
4 15-08-20 14:49:10 [34/662/662] [cython] Elapsed time for build 00:01:22
4 15-08-20 14:49:10 [34/662/662] [cython] Starting artifact creation 
4 15-08-20 14:49:10 [34/662/662] [cython] splitting chunk 
4 15-08-20 14:49:10 [34/662/662] [cython] Bah! I could have cached cython.1998d9a2fbb02ab69e0bfb9b4770ebee35a1798b6fe95d6cf670e6de8306e0b9
4 15-08-20 14:49:10 [34/662/662] [cython] Elapsed time for artifact creation 00:00:00
4 15-08-20 14:49:10 [34/662/662] [cython] Cleaned up /src/tmp/tmpCzhKwS
4 15-08-20 14:49:10 [34/662/662] [cython] Elapsed time for assembly 00:01:23
4 15-08-20 14:49:10 [34/662/662] [core] Installing cython.1998d9a2fbb02ab69e0bfb9b4770ebee35a1798b6fe95d6cf670e6de8306e0b9 
4 15-08-20 14:49:10 [34/662/662] [cython] loaded metadata for cython
4 15-08-20 14:49:10 [34/662/662] [linux-pam] loaded metadata for linux-pam
4 15-08-20 14:49:10 [34/662/662] [acl] loaded metadata for acl
4 15-08-20 14:49:10 [34/662/662] [ca-certificates] loaded metadata for ca-certificates
4 15-08-20 14:49:10 [34/662/662] [libxml2] loaded metadata for libxml2
4 15-08-20 14:49:10 [34/662/662] [util-linux] loaded metadata for util-linux
4 15-08-20 14:49:11 [34/662/662] [ncurses] loaded metadata for ncurses
4 15-08-20 14:49:11 [34/662/662] [git] loaded metadata for git
4 15-08-20 14:49:11 [34/662/662] [core] Installing git.e10732e788412f52d0eead5994513d285f632af4fb45d004b9d7c9158303275e 
4 15-08-20 14:49:11 [34/662/662] [git] loaded metadata for strata/core/git.morph
4 15-08-20 14:49:11 [34/662/662] [mini-utils] loaded metadata for mini-utils
4 15-08-20 14:49:11 [34/662/662] [libtool-tarball] loaded metadata for libtool-tarball
4 15-08-20 14:49:11 [34/662/662] [texinfo-tarball] loaded metadata for texinfo-tarball
4 15-08-20 14:49:11 [34/662/662] [readline] loaded metadata for readline
4 15-08-20 14:49:11 [34/662/662] [shadow] loaded metadata for shadow
4 15-08-20 14:49:11 [34/662/662] [libexpat] loaded metadata for libexpat
4 15-08-20 14:49:11 [34/662/662] [sqlite3] loaded metadata for sqlite3
4 15-08-20 14:49:11 [34/662/662] [autoconf] loaded metadata for autoconf
4 15-08-20 14:49:11 [34/662/662] [xz] loaded metadata for xz
4 15-08-20 14:49:11 [35/662/662] [core] Starting build 
4 15-08-20 14:49:11 [35/662/662] [core] Defined build system is manual
4 15-08-20 14:49:11 [35/662/662] [core] Logging build commands to /src/artifacts/core.ff2bf428e04196e1f178b1d14eff9408a9ec0c298bbaf6872a6547da7efac9cf.build-log.4 
4 15-08-20 14:49:11 [35/662/662] [core] Elapsed time for build 00:00:00
4 15-08-20 14:49:11 [35/662/662] [core] Starting artifact creation 
4 15-08-20 14:49:11 [35/662/662] [core] splitting stratum 
4 15-08-20 14:49:11 [35/662/662] [core] Bah! I could have cached core.ff2bf428e04196e1f178b1d14eff9408a9ec0c298bbaf6872a6547da7efac9cf
4 15-08-20 14:49:11 [35/662/662] [core] Elapsed time for artifact creation 00:00:00
4 15-08-20 14:49:11 [35/662/662] [core] Cleaned up /src/tmp/tmpocARil
4 15-08-20 14:49:11 [35/662/662] [core] Elapsed time for assembly 00:43:05
4 15-08-20 14:49:11 [35/662/662] [xorg-util-macros-common] Installing core.ff2bf428e04196e1f178b1d14eff9408a9ec0c298bbaf6872a6547da7efac9cf 
4 15-08-20 14:49:11 [35/662/662] [core] loaded metadata for strata/core.morph
4 15-08-20 14:49:12 [35/662/662] [xcb-pthread-stubs] Starting assembly 
4 15-08-20 14:49:12 [35/662/662] [core] loaded metadata for core
4 15-08-20 14:49:12 [35/662/662] [xcb-pthread-stubs] Installing core.ff2bf428e04196e1f178b1d14eff9408a9ec0c298bbaf6872a6547da7efac9cf 
4 15-08-20 14:49:12 [35/662/662] [xorg-util-macros] Starting assembly 
4 15-08-20 14:49:12 [35/662/662] [core] loaded metadata for core
4 15-08-20 14:49:12 [35/662/662] [xorg-util-macros] Installing core.ff2bf428e04196e1f178b1d14eff9408a9ec0c298bbaf6872a6547da7efac9cf 
4 15-08-20 14:49:13 [36/662/662] [xorg-util-macros] Starting build 
4 15-08-20 14:49:13 [36/662/662] [xorg-util-macros] Git checkout upstream:xorg-util-macros in /src/tmp/tmp8RUmmB/xorg-util-macros.build 
4 15-08-20 14:49:13 [36/662/662] [xorg-util-macros] Upstream version 9a54b858 util-macros-1.19.0 (util-macros-1.19.0 + 0 commits) 
4 15-08-20 14:49:13 [36/662/662] [xorg-util-macros] Autodetected build system is autotools
4 15-08-20 14:49:13 [36/662/662] [xorg-util-macros] Logging build commands to /src/artifacts/xorg-util-macros.090baa852407c7b216cca3a78f77e12f365c847437f1536b78d9f2336ac9c088.build-log.4 
4 15-08-20 14:49:13 [36/662/662] [xorg-util-macros] Running configure-commands
4 15-08-20 14:49:13 [36/662/662] [xorg-util-macros] Running command:
export NOCONFIGURE=1
if [ -e autogen ]; then ./autogen
elif [ -e autogen.sh ]; then ./autogen.sh
elif [ ! -e ./configure ]; then autoreconf -ivf
fi
./configure --prefix="$PREFIX"
 
3 15-08-20 14:49:14 [49/662/662] [python-lxml] Running install-commands
3 15-08-20 14:49:14 [49/662/662] [python-lxml] Running command:
python setup.py install --prefix "$PREFIX" --root "$DESTDIR" 
3 15-08-20 14:49:15 [49/662/662] [python-lxml] Running strip-commands
3 15-08-20 14:49:15 [49/662/662] [python-lxml] Running command:
find "$DESTDIR" -type f \
  '(' -perm -111 -o -name '*.so*' -o -name '*.cmxs' -o -name '*.node' ')' \
  -exec sh -ec \
  'read -n4 hdr <"$1"   # check for elf header
  if [ "$hdr" != "$(printf \x7ELF)" ]; then
    exit 0
  fi
  debugfile="$DESTDIR$PREFIX/lib/debug/$(basename "$1")"
  mkdir -p "$(dirname "$debugfile")"
  objcopy --only-keep-debug "$1" "$debugfile"
  chmod 644 "$debugfile"
  strip --remove-section=.comment --remove-section=.note --strip-unneeded "$1"
  objcopy --add-gnu-debuglink "$debugfile" "$1"' - {} ';'
 
4 15-08-20 14:49:17 [36/662/662] [xorg-util-macros] Running build-commands
4 15-08-20 14:49:17 [36/662/662] [xorg-util-macros] Running command:
make 
4 15-08-20 14:49:17 [36/662/662] [xorg-util-macros] Running install-commands
4 15-08-20 14:49:17 [36/662/662] [xorg-util-macros] Running command:
make DESTDIR="$DESTDIR" install 
4 15-08-20 14:49:17 [36/662/662] [xorg-util-macros] Running strip-commands
4 15-08-20 14:49:17 [36/662/662] [xorg-util-macros] Running command:
find "$DESTDIR" -type f \
  '(' -perm -111 -o -name '*.so*' -o -name '*.cmxs' -o -name '*.node' ')' \
  -exec sh -ec \
  'read -n4 hdr <"$1"   # check for elf header
  if [ "$hdr" != "$(printf \x7ELF)" ]; then
    exit 0
  fi
  debugfile="$DESTDIR$PREFIX/lib/debug/$(basename "$1")"
  mkdir -p "$(dirname "$debugfile")"
  objcopy --only-keep-debug "$1" "$debugfile"
  chmod 644 "$debugfile"
  strip --remove-section=.comment --remove-section=.note --strip-unneeded "$1"
  objcopy --add-gnu-debuglink "$debugfile" "$1"' - {} ';'
 
4 15-08-20 14:49:17 [36/662/662] [xorg-util-macros] Elapsed time for build 00:00:03
4 15-08-20 14:49:17 [36/662/662] [xorg-util-macros] Starting artifact creation 
4 15-08-20 14:49:17 [36/662/662] [xorg-util-macros] splitting chunk 
4 15-08-20 14:49:17 [36/662/662] [xorg-util-macros] Now cached 22956 bytes as xorg-util-macros.090baa852407c7b216cca3a78f77e12f365c847437f1536b78d9f2336ac9c088
4 15-08-20 14:49:17 [36/662/662] [xorg-util-macros] Elapsed time for artifact creation 00:00:00
4 15-08-20 14:49:17 [36/662/662] [xorg-util-macros] Cleaned up /src/tmp/tmp8RUmmB
4 15-08-20 14:49:17 [36/662/662] [xorg-util-macros] Elapsed time for assembly 00:00:04
4 15-08-20 14:49:17 [36/662/662] [xcb-pthread-stubs] Installing xorg-util-macros.090baa852407c7b216cca3a78f77e12f365c847437f1536b78d9f2336ac9c088 
4 15-08-20 14:49:17 [36/662/662] [xorg-util-macros] loaded metadata for xorg-util-macros
4 15-08-20 14:49:17 [37/662/662] [xcb-pthread-stubs] Starting build 
4 15-08-20 14:49:17 [37/662/662] [xcb-pthread-stubs] Git checkout upstream:xcb-pthread-stubs in /src/tmp/tmpbPFzoM/xcb-pthread-stubs.build 
4 15-08-20 14:49:17 [37/662/662] [xcb-pthread-stubs] Upstream version 431d2c0b 0.3-7-g431d2c0 (0.3 + 7 commits) 
4 15-08-20 14:49:17 [37/662/662] [xcb-pthread-stubs] Autodetected build system is autotools
4 15-08-20 14:49:17 [37/662/662] [xcb-pthread-stubs] Logging build commands to /src/artifacts/xcb-pthread-stubs.de41cb6d7ca9a76042e2851d365a63b1d8d079c8ef8645cee9028837555921a5.build-log.4 
4 15-08-20 14:49:17 [37/662/662] [xcb-pthread-stubs] Running configure-commands
4 15-08-20 14:49:17 [37/662/662] [xcb-pthread-stubs] Running command:
export NOCONFIGURE=1
if [ -e autogen ]; then ./autogen
elif [ -e autogen.sh ]; then ./autogen.sh
elif [ ! -e ./configure ]; then autoreconf -ivf
fi
./configure --prefix="$PREFIX"
 
3 15-08-20 14:49:15 [49/662/662] [python-lxml] Elapsed time for build 00:00:53
3 15-08-20 14:49:15 [49/662/662] [python-lxml] Starting artifact creation 
3 15-08-20 14:49:15 [49/662/662] [python-lxml] splitting chunk 
3 15-08-20 14:49:17 [49/662/662] [python-lxml] Now cached 2640266 bytes as python-lxml.8a5720838e267813350867bb3dc43898554e643a524bde95a9116ffd22f224a3
3 15-08-20 14:49:17 [49/662/662] [python-lxml] Elapsed time for artifact creation 00:00:02
3 15-08-20 14:49:18 [49/662/662] [python-lxml] Cleaned up /src/tmp/tmp7BYLX0
3 15-08-20 14:49:18 [49/662/662] [python-lxml] Elapsed time for assembly 00:00:57
3 15-08-20 14:49:18 [49/662/662] [python-core] Installing python-lxml.8a5720838e267813350867bb3dc43898554e643a524bde95a9116ffd22f224a3 
3 15-08-20 14:49:18 [49/662/662] [python-lxml] loaded metadata for python-lxml
3 15-08-20 14:49:18 [49/662/662] [python-requests] Starting assembly 
3 15-08-20 14:49:18 [49/662/662] [core] loaded metadata for core
3 15-08-20 14:49:18 [49/662/662] [python-requests] Installing core.ff2bf428e04196e1f178b1d14eff9408a9ec0c298bbaf6872a6547da7efac9cf 
3 15-08-20 14:49:18 [50/662/662] [python-requests] Starting build 
3 15-08-20 14:49:18 [50/662/662] [python-requests] Git checkout upstream:python-requests in /src/tmp/tmpoyTR0s/python-requests.build 
3 15-08-20 14:49:18 [50/662/662] [python-requests] Upstream version b8313177 v2.5.1 (v2.5.1 + 0 commits) 
3 15-08-20 14:49:18 [50/662/662] [python-requests] Autodetected build system is python-distutils
3 15-08-20 14:49:18 [50/662/662] [python-requests] Logging build commands to /src/artifacts/python-requests.40c6fa8c14eb4472af971f00547ba3ef362c8fafbeec682c98e9a1c4e0f0003e.build-log.3 
3 15-08-20 14:49:18 [50/662/662] [python-requests] Running build-commands
3 15-08-20 14:49:18 [50/662/662] [python-requests] Running command:
python setup.py build 
3 15-08-20 14:49:19 [50/662/662] [python-requests] Running install-commands
3 15-08-20 14:49:19 [50/662/662] [python-requests] Running command:
python setup.py install --prefix "$PREFIX" --root "$DESTDIR" 
3 15-08-20 14:49:19 [50/662/662] [python-requests] Running strip-commands
3 15-08-20 14:49:19 [50/662/662] [python-requests] Running command:
find "$DESTDIR" -type f \
  '(' -perm -111 -o -name '*.so*' -o -name '*.cmxs' -o -name '*.node' ')' \
  -exec sh -ec \
  'read -n4 hdr <"$1"   # check for elf header
  if [ "$hdr" != "$(printf \x7ELF)" ]; then
    exit 0
  fi
  debugfile="$DESTDIR$PREFIX/lib/debug/$(basename "$1")"
  mkdir -p "$(dirname "$debugfile")"
  objcopy --only-keep-debug "$1" "$debugfile"
  chmod 644 "$debugfile"
  strip --remove-section=.comment --remove-section=.note --strip-unneeded "$1"
  objcopy --add-gnu-debuglink "$debugfile" "$1"' - {} ';'
 
3 15-08-20 14:49:19 [50/662/662] [python-requests] Elapsed time for build 00:00:00
3 15-08-20 14:49:19 [50/662/662] [python-requests] Starting artifact creation 
3 15-08-20 14:49:19 [50/662/662] [python-requests] splitting chunk 
3 15-08-20 14:49:20 [50/662/662] [python-requests] Now cached 715945 bytes as python-requests.40c6fa8c14eb4472af971f00547ba3ef362c8fafbeec682c98e9a1c4e0f0003e
3 15-08-20 14:49:20 [50/662/662] [python-requests] Elapsed time for artifact creation 00:00:01
3 15-08-20 14:49:21 [50/662/662] [python-requests] Cleaned up /src/tmp/tmpoyTR0s
3 15-08-20 14:49:21 [50/662/662] [python-requests] Elapsed time for assembly 00:00:02
3 15-08-20 14:49:21 [50/662/662] [python-core] Installing python-requests.40c6fa8c14eb4472af971f00547ba3ef362c8fafbeec682c98e9a1c4e0f0003e 
3 15-08-20 14:49:21 [50/662/662] [python-requests] loaded metadata for python-requests
3 15-08-20 14:49:21 [51/662/662] [python-core] Starting build 
3 15-08-20 14:49:21 [51/662/662] [python-core] Defined build system is manual
3 15-08-20 14:49:21 [51/662/662] [python-core] Logging build commands to /src/artifacts/python-core.261eee184c937af51171a7c719d79a2edd0ec39c0b6469ff39385909fc9dfcd2.build-log.3 
3 15-08-20 14:49:21 [51/662/662] [python-core] Elapsed time for build 00:00:00
3 15-08-20 14:49:21 [51/662/662] [python-core] Starting artifact creation 
3 15-08-20 14:49:21 [51/662/662] [python-core] splitting stratum 
3 15-08-20 14:49:21 [51/662/662] [python-core] Now cached 432 bytes as python-core.261eee184c937af51171a7c719d79a2edd0ec39c0b6469ff39385909fc9dfcd2
3 15-08-20 14:49:21 [51/662/662] [python-core] Elapsed time for artifact creation 00:00:00
3 15-08-20 14:49:21 [51/662/662] [python-core] Cleaned up /src/tmp/tmp8qdeP6
3 15-08-20 14:49:21 [51/662/662] [python-core] Elapsed time for assembly 00:43:15
3 15-08-20 14:49:21 [51/662/662] [ecdsa] Installing python-core.261eee184c937af51171a7c719d79a2edd0ec39c0b6469ff39385909fc9dfcd2 
3 15-08-20 14:49:21 [51/662/662] [python-core] loaded metadata for strata/python-core.morph
3 15-08-20 14:49:21 [52/662/662] [ecdsa] Starting build 
3 15-08-20 14:49:21 [52/662/662] [ecdsa] Git checkout upstream:python-packages/ecdsa in /src/tmp/tmpqsEad5/ecdsa.build 
3 15-08-20 14:49:21 [52/662/662] [ecdsa] Upstream version 36e9cfa8 python-ecdsa-0.11 (python-ecdsa-0.11 + 0 commits) 
3 15-08-20 14:49:21 [52/662/662] [ecdsa] Autodetected build system is python-distutils
3 15-08-20 14:49:21 [52/662/662] [ecdsa] Logging build commands to /src/artifacts/ecdsa.15778ee9b8a42c3d03b477ee13a465131690d9e7ca413a02f02e403e4f40603c.build-log.3 
3 15-08-20 14:49:21 [52/662/662] [ecdsa] Running build-commands
3 15-08-20 14:49:21 [52/662/662] [ecdsa] Running command:
python setup.py build 
3 15-08-20 14:49:22 [52/662/662] [ecdsa] Running install-commands
3 15-08-20 14:49:22 [52/662/662] [ecdsa] Running command:
python setup.py install --prefix "$PREFIX" --root "$DESTDIR" 
3 15-08-20 14:49:22 [52/662/662] [ecdsa] Running strip-commands
3 15-08-20 14:49:22 [52/662/662] [ecdsa] Running command:
find "$DESTDIR" -type f \
  '(' -perm -111 -o -name '*.so*' -o -name '*.cmxs' -o -name '*.node' ')' \
  -exec sh -ec \
  'read -n4 hdr <"$1"   # check for elf header
  if [ "$hdr" != "$(printf \x7ELF)" ]; then
    exit 0
  fi
  debugfile="$DESTDIR$PREFIX/lib/debug/$(basename "$1")"
  mkdir -p "$(dirname "$debugfile")"
  objcopy --only-keep-debug "$1" "$debugfile"
  chmod 644 "$debugfile"
  strip --remove-section=.comment --remove-section=.note --strip-unneeded "$1"
  objcopy --add-gnu-debuglink "$debugfile" "$1"' - {} ';'
 
3 15-08-20 14:49:22 [52/662/662] [ecdsa] Elapsed time for build 00:00:00
3 15-08-20 14:49:22 [52/662/662] [ecdsa] Starting artifact creation 
3 15-08-20 14:49:22 [52/662/662] [ecdsa] splitting chunk 
3 15-08-20 14:49:22 [52/662/662] [ecdsa] Now cached 82259 bytes as ecdsa.15778ee9b8a42c3d03b477ee13a465131690d9e7ca413a02f02e403e4f40603c
3 15-08-20 14:49:22 [52/662/662] [ecdsa] Elapsed time for artifact creation 00:00:00
3 15-08-20 14:49:22 [52/662/662] [ecdsa] Cleaned up /src/tmp/tmpqsEad5
3 15-08-20 14:49:22 [52/662/662] [ecdsa] Elapsed time for assembly 00:43:16
3 15-08-20 14:49:22 [52/662/662] [python-common] Installing ecdsa.15778ee9b8a42c3d03b477ee13a465131690d9e7ca413a02f02e403e4f40603c 
3 15-08-20 14:49:22 [52/662/662] [ecdsa] loaded metadata for ecdsa
3 15-08-20 14:49:23 [52/662/662] [python-prettytable] Starting assembly 
3 15-08-20 14:49:23 [52/662/662] [python-core] loaded metadata for python-core
3 15-08-20 14:49:23 [52/662/662] [python-prettytable] Installing python-core.261eee184c937af51171a7c719d79a2edd0ec39c0b6469ff39385909fc9dfcd2 
3 15-08-20 14:49:23 [53/662/662] [python-prettytable] Starting build 
3 15-08-20 14:49:24 [53/662/662] [python-prettytable] Git checkout upstream:python-prettytable in /src/tmp/tmpOMAU8U/python-prettytable.build 
3 15-08-20 14:49:24 [53/662/662] [python-prettytable] Upstream version bea6a50e 0.7.2-RELEASE (0.7.2-RELEASE + 0 commits) 
3 15-08-20 14:49:24 [53/662/662] [python-prettytable] Autodetected build system is python-distutils
3 15-08-20 14:49:24 [53/662/662] [python-prettytable] Logging build commands to /src/artifacts/python-prettytable.03f13339c1e6a0f7bd479b82915598acc92d27cdde8459cc26a7f0f2cd84dbec.build-log.3 
3 15-08-20 14:49:24 [53/662/662] [python-prettytable] Running build-commands
3 15-08-20 14:49:24 [53/662/662] [python-prettytable] Running command:
python setup.py build 
4 15-08-20 14:49:24 [37/662/662] [xcb-pthread-stubs] Running build-commands
4 15-08-20 14:49:24 [37/662/662] [xcb-pthread-stubs] Running command:
make 
4 15-08-20 14:49:24 [37/662/662] [xcb-pthread-stubs] Running install-commands
4 15-08-20 14:49:24 [37/662/662] [xcb-pthread-stubs] Running command:
make DESTDIR="$DESTDIR" install 
4 15-08-20 14:49:24 [37/662/662] [xcb-pthread-stubs] Running strip-commands
4 15-08-20 14:49:24 [37/662/662] [xcb-pthread-stubs] Running command:
find "$DESTDIR" -type f \
  '(' -perm -111 -o -name '*.so*' -o -name '*.cmxs' -o -name '*.node' ')' \
  -exec sh -ec \
  'read -n4 hdr <"$1"   # check for elf header
  if [ "$hdr" != "$(printf \x7ELF)" ]; then
    exit 0
  fi
  debugfile="$DESTDIR$PREFIX/lib/debug/$(basename "$1")"
  mkdir -p "$(dirname "$debugfile")"
  objcopy --only-keep-debug "$1" "$debugfile"
  chmod 644 "$debugfile"
  strip --remove-section=.comment --remove-section=.note --strip-unneeded "$1"
  objcopy --add-gnu-debuglink "$debugfile" "$1"' - {} ';'
 
3 15-08-20 14:49:24 [53/662/662] [python-prettytable] Running install-commands
3 15-08-20 14:49:24 [53/662/662] [python-prettytable] Running command:
python setup.py install --prefix "$PREFIX" --root "$DESTDIR" 
3 15-08-20 14:49:24 [53/662/662] [python-prettytable] Running strip-commands
3 15-08-20 14:49:24 [53/662/662] [python-prettytable] Running command:
find "$DESTDIR" -type f \
  '(' -perm -111 -o -name '*.so*' -o -name '*.cmxs' -o -name '*.node' ')' \
  -exec sh -ec \
  'read -n4 hdr <"$1"   # check for elf header
  if [ "$hdr" != "$(printf \x7ELF)" ]; then
    exit 0
  fi
  debugfile="$DESTDIR$PREFIX/lib/debug/$(basename "$1")"
  mkdir -p "$(dirname "$debugfile")"
  objcopy --only-keep-debug "$1" "$debugfile"
  chmod 644 "$debugfile"
  strip --remove-section=.comment --remove-section=.note --strip-unneeded "$1"
  objcopy --add-gnu-debuglink "$debugfile" "$1"' - {} ';'
 
4 15-08-20 14:49:24 [37/662/662] [xcb-pthread-stubs] Elapsed time for build 00:00:06
4 15-08-20 14:49:24 [37/662/662] [xcb-pthread-stubs] Starting artifact creation 
4 15-08-20 14:49:24 [37/662/662] [xcb-pthread-stubs] splitting chunk 
4 15-08-20 14:49:24 [37/662/662] [xcb-pthread-stubs] Now cached 473 bytes as xcb-pthread-stubs.de41cb6d7ca9a76042e2851d365a63b1d8d079c8ef8645cee9028837555921a5
4 15-08-20 14:49:24 [37/662/662] [xcb-pthread-stubs] Elapsed time for artifact creation 00:00:00
4 15-08-20 14:49:24 [37/662/662] [xcb-pthread-stubs] Cleaned up /src/tmp/tmpbPFzoM
4 15-08-20 14:49:24 [37/662/662] [xcb-pthread-stubs] Elapsed time for assembly 00:00:12
4 15-08-20 14:49:24 [37/662/662] [xorg-util-macros-common] Installing xcb-pthread-stubs.de41cb6d7ca9a76042e2851d365a63b1d8d079c8ef8645cee9028837555921a5 
4 15-08-20 14:49:24 [37/662/662] [xcb-pthread-stubs] loaded metadata for xcb-pthread-stubs
4 15-08-20 14:49:24 [37/662/662] [xorg-util-macros] loaded metadata for xorg-util-macros
4 15-08-20 14:49:24 [38/662/662] [xorg-util-macros-common] Starting build 
4 15-08-20 14:49:24 [38/662/662] [xorg-util-macros-common] Defined build system is manual
4 15-08-20 14:49:24 [38/662/662] [xorg-util-macros-common] Logging build commands to /src/artifacts/xorg-util-macros-common.4bf7b18484ae2232f1f9dff8736d32fd91764ce1ea620f2ec1e421a277dffd98.build-log.4 
4 15-08-20 14:49:24 [38/662/662] [xorg-util-macros-common] Elapsed time for build 00:00:00
4 15-08-20 14:49:24 [38/662/662] [xorg-util-macros-common] Starting artifact creation 
4 15-08-20 14:49:24 [38/662/662] [xorg-util-macros-common] splitting stratum 
4 15-08-20 14:49:24 [38/662/662] [xorg-util-macros-common] Now cached 288 bytes as xorg-util-macros-common.4bf7b18484ae2232f1f9dff8736d32fd91764ce1ea620f2ec1e421a277dffd98
4 15-08-20 14:49:24 [38/662/662] [xorg-util-macros-common] Elapsed time for artifact creation 00:00:00
4 15-08-20 14:49:24 [38/662/662] [xorg-util-macros-common] Cleaned up /src/tmp/tmp3_68di
4 15-08-20 14:49:24 [38/662/662] [xorg-util-macros-common] Elapsed time for assembly 00:43:18
4 15-08-20 14:49:24 [38/662/662] [libxkbcommon] Installing xorg-util-macros-common.4bf7b18484ae2232f1f9dff8736d32fd91764ce1ea620f2ec1e421a277dffd98 
4 15-08-20 14:49:24 [38/662/662] [xorg-util-macros-common] loaded metadata for strata/xorg-util-macros-common.morph
4 15-08-20 14:49:25 [38/662/662] [core] loaded metadata for core
4 15-08-20 14:49:25 [39/662/662] [libxkbcommon] Starting build 
4 15-08-20 14:49:25 [39/662/662] [libxkbcommon] Git checkout upstream:xorg-lib-libxkbcommon in /src/tmp/tmpPwybO9/libxkbcommon.build 
4 15-08-20 14:49:25 [39/662/662] [libxkbcommon] Upstream version c43c3c86 xkbcommon-0.5.0 (xkbcommon-0.5.0 + 0 commits) 
4 15-08-20 14:49:25 [39/662/662] [libxkbcommon] Defined build system is autotools
4 15-08-20 14:49:25 [39/662/662] [libxkbcommon] Logging build commands to /src/artifacts/libxkbcommon.2e611a3fe6b6a72cad966db5dafb4fe1c684e52a40a6d28a529313245e041d81.build-log.4 
4 15-08-20 14:49:25 [39/662/662] [libxkbcommon] Running configure-commands
4 15-08-20 14:49:25 [39/662/662] [libxkbcommon] Running command:
./autogen.sh --prefix="$PREFIX" --disable-x11 
3 15-08-20 14:49:24 [53/662/662] [python-prettytable] Elapsed time for build 00:00:00
3 15-08-20 14:49:24 [53/662/662] [python-prettytable] Starting artifact creation 
3 15-08-20 14:49:24 [53/662/662] [python-prettytable] splitting chunk 
3 15-08-20 14:49:24 [53/662/662] [python-prettytable] Now cached 27197 bytes as python-prettytable.03f13339c1e6a0f7bd479b82915598acc92d27cdde8459cc26a7f0f2cd84dbec
3 15-08-20 14:49:24 [53/662/662] [python-prettytable] Elapsed time for artifact creation 00:00:00
3 15-08-20 14:49:25 [53/662/662] [python-prettytable] Cleaned up /src/tmp/tmpOMAU8U
3 15-08-20 14:49:25 [53/662/662] [python-prettytable] Elapsed time for assembly 00:00:01
3 15-08-20 14:49:25 [53/662/662] [python-common] Installing python-prettytable.03f13339c1e6a0f7bd479b82915598acc92d27cdde8459cc26a7f0f2cd84dbec 
3 15-08-20 14:49:25 [53/662/662] [python-prettytable] loaded metadata for python-prettytable
3 15-08-20 14:49:25 [53/662/662] [kazoo] Starting assembly 
3 15-08-20 14:49:25 [53/662/662] [python-core] loaded metadata for python-core
3 15-08-20 14:49:25 [53/662/662] [kazoo] Installing python-core.261eee184c937af51171a7c719d79a2edd0ec39c0b6469ff39385909fc9dfcd2 
3 15-08-20 14:49:25 [54/662/662] [kazoo] Starting build 
3 15-08-20 14:49:25 [54/662/662] [kazoo] Git checkout upstream:python-packages/kazoo.git in /src/tmp/tmpnojOT9/kazoo.build 
3 15-08-20 14:49:25 [54/662/662] [kazoo] Upstream version 93a718ea 2.0 (2.0 + 0 commits) 
3 15-08-20 14:49:25 [54/662/662] [kazoo] Autodetected build system is python-distutils
3 15-08-20 14:49:25 [54/662/662] [kazoo] Logging build commands to /src/artifacts/kazoo.fa13c849644c076abbda161e59a4957d701f3c93561b7894588c5e1490ba9194.build-log.3 
3 15-08-20 14:49:25 [54/662/662] [kazoo] Running build-commands
3 15-08-20 14:49:25 [54/662/662] [kazoo] Running command:
python setup.py build 
3 15-08-20 14:49:26 [54/662/662] [kazoo] Running install-commands
3 15-08-20 14:49:26 [54/662/662] [kazoo] Running command:
python setup.py install --prefix "$PREFIX" --root "$DESTDIR" 
3 15-08-20 14:49:26 [54/662/662] [kazoo] Running strip-commands
3 15-08-20 14:49:26 [54/662/662] [kazoo] Running command:
find "$DESTDIR" -type f \
  '(' -perm -111 -o -name '*.so*' -o -name '*.cmxs' -o -name '*.node' ')' \
  -exec sh -ec \
  'read -n4 hdr <"$1"   # check for elf header
  if [ "$hdr" != "$(printf \x7ELF)" ]; then
    exit 0
  fi
  debugfile="$DESTDIR$PREFIX/lib/debug/$(basename "$1")"
  mkdir -p "$(dirname "$debugfile")"
  objcopy --only-keep-debug "$1" "$debugfile"
  chmod 644 "$debugfile"
  strip --remove-section=.comment --remove-section=.note --strip-unneeded "$1"
  objcopy --add-gnu-debuglink "$debugfile" "$1"' - {} ';'
 
3 15-08-20 14:49:26 [54/662/662] [kazoo] Elapsed time for build 00:00:00
3 15-08-20 14:49:26 [54/662/662] [kazoo] Starting artifact creation 
3 15-08-20 14:49:26 [54/662/662] [kazoo] splitting chunk 
3 15-08-20 14:49:26 [54/662/662] [kazoo] Now cached 177883 bytes as kazoo.fa13c849644c076abbda161e59a4957d701f3c93561b7894588c5e1490ba9194
3 15-08-20 14:49:26 [54/662/662] [kazoo] Elapsed time for artifact creation 00:00:00
3 15-08-20 14:49:27 [54/662/662] [kazoo] Cleaned up /src/tmp/tmpnojOT9
3 15-08-20 14:49:27 [54/662/662] [kazoo] Elapsed time for assembly 00:00:02
3 15-08-20 14:49:27 [54/662/662] [python-common] Installing kazoo.fa13c849644c076abbda161e59a4957d701f3c93561b7894588c5e1490ba9194 
3 15-08-20 14:49:27 [54/662/662] [kazoo] loaded metadata for kazoo
3 15-08-20 14:49:27 [54/662/662] [markupsafe] Starting assembly 
3 15-08-20 14:49:27 [54/662/662] [python-core] loaded metadata for python-core
3 15-08-20 14:49:27 [54/662/662] [markupsafe] Installing python-core.261eee184c937af51171a7c719d79a2edd0ec39c0b6469ff39385909fc9dfcd2 
3 15-08-20 14:49:27 [55/662/662] [markupsafe] Starting build 
3 15-08-20 14:49:27 [55/662/662] [markupsafe] Git checkout upstream:markupsafe in /src/tmp/tmp45ZVIs/markupsafe.build 
3 15-08-20 14:49:27 [55/662/662] [markupsafe] Upstream version feb1d70c 0.23 (0.23 + 0 commits) 
3 15-08-20 14:49:27 [55/662/662] [markupsafe] Autodetected build system is python-distutils
3 15-08-20 14:49:27 [55/662/662] [markupsafe] Logging build commands to /src/artifacts/markupsafe.287d83503aa5be3d242681b48c40efcc316c5d9ab4f87cd9788f7f39da89b7f3.build-log.3 
3 15-08-20 14:49:27 [55/662/662] [markupsafe] Running build-commands
3 15-08-20 14:49:27 [55/662/662] [markupsafe] Running command:
python setup.py build 
3 15-08-20 14:49:28 [55/662/662] [markupsafe] Running install-commands
3 15-08-20 14:49:28 [55/662/662] [markupsafe] Running command:
python setup.py install --prefix "$PREFIX" --root "$DESTDIR" 
3 15-08-20 14:49:28 [55/662/662] [markupsafe] Running strip-commands
3 15-08-20 14:49:28 [55/662/662] [markupsafe] Running command:
find "$DESTDIR" -type f \
  '(' -perm -111 -o -name '*.so*' -o -name '*.cmxs' -o -name '*.node' ')' \
  -exec sh -ec \
  'read -n4 hdr <"$1"   # check for elf header
  if [ "$hdr" != "$(printf \x7ELF)" ]; then
    exit 0
  fi
  debugfile="$DESTDIR$PREFIX/lib/debug/$(basename "$1")"
  mkdir -p "$(dirname "$debugfile")"
  objcopy --only-keep-debug "$1" "$debugfile"
  chmod 644 "$debugfile"
  strip --remove-section=.comment --remove-section=.note --strip-unneeded "$1"
  objcopy --add-gnu-debuglink "$debugfile" "$1"' - {} ';'
 
3 15-08-20 14:49:28 [55/662/662] [markupsafe] Elapsed time for build 00:00:00
3 15-08-20 14:49:28 [55/662/662] [markupsafe] Starting artifact creation 
3 15-08-20 14:49:28 [55/662/662] [markupsafe] splitting chunk 
3 15-08-20 14:49:28 [55/662/662] [markupsafe] Now cached 32007 bytes as markupsafe.287d83503aa5be3d242681b48c40efcc316c5d9ab4f87cd9788f7f39da89b7f3
3 15-08-20 14:49:28 [55/662/662] [markupsafe] Elapsed time for artifact creation 00:00:00
3 15-08-20 14:49:28 [55/662/662] [markupsafe] Cleaned up /src/tmp/tmp45ZVIs
3 15-08-20 14:49:28 [55/662/662] [markupsafe] Elapsed time for assembly 00:00:01
3 15-08-20 14:49:28 [55/662/662] [python-common] Installing markupsafe.287d83503aa5be3d242681b48c40efcc316c5d9ab4f87cd9788f7f39da89b7f3 
3 15-08-20 14:49:28 [55/662/662] [markupsafe] loaded metadata for markupsafe
3 15-08-20 14:49:29 [55/662/662] [paramiko] Starting assembly 
3 15-08-20 14:49:29 [55/662/662] [pycrypto] Starting assembly 
3 15-08-20 14:49:29 [55/662/662] [python-core] loaded metadata for python-core
3 15-08-20 14:49:29 [55/662/662] [pycrypto] Installing python-core.261eee184c937af51171a7c719d79a2edd0ec39c0b6469ff39385909fc9dfcd2 
3 15-08-20 14:49:29 [56/662/662] [pycrypto] Starting build 
3 15-08-20 14:49:29 [56/662/662] [pycrypto] Git checkout upstream:python-packages/pycrypto in /src/tmp/tmpFRJnmR/pycrypto.build 
3 15-08-20 14:49:29 [56/662/662] [pycrypto] Upstream version af058ee6 v2.7a1 (v2.7a1 + 0 commits) 
3 15-08-20 14:49:29 [56/662/662] [pycrypto] Defined build system is python-distutils
3 15-08-20 14:49:29 [56/662/662] [pycrypto] Logging build commands to /src/artifacts/pycrypto.4c781b8bc6bc3c17910d121a0029a11f774f2daeab0a2966240f0c7486418214.build-log.3 
3 15-08-20 14:49:29 [56/662/662] [pycrypto] Running build-commands
3 15-08-20 14:49:29 [56/662/662] [pycrypto] Running command:
python setup.py build 
3 15-08-20 14:49:36 [56/662/662] [pycrypto] Running install-commands
3 15-08-20 14:49:36 [56/662/662] [pycrypto] Running command:
python setup.py install --prefix "$PREFIX" --root "$DESTDIR" 
3 15-08-20 14:49:36 [56/662/662] [pycrypto] Running strip-commands
3 15-08-20 14:49:36 [56/662/662] [pycrypto] Running command:
find "$DESTDIR" -type f \
  '(' -perm -111 -o -name '*.so*' -o -name '*.cmxs' -o -name '*.node' ')' \
  -exec sh -ec \
  'read -n4 hdr <"$1"   # check for elf header
  if [ "$hdr" != "$(printf \x7ELF)" ]; then
    exit 0
  fi
  debugfile="$DESTDIR$PREFIX/lib/debug/$(basename "$1")"
  mkdir -p "$(dirname "$debugfile")"
  objcopy --only-keep-debug "$1" "$debugfile"
  chmod 644 "$debugfile"
  strip --remove-section=.comment --remove-section=.note --strip-unneeded "$1"
  objcopy --add-gnu-debuglink "$debugfile" "$1"' - {} ';'
 
4 15-08-20 14:49:36 [39/662/662] [libxkbcommon] Running build-commands
4 15-08-20 14:49:36 [39/662/662] [libxkbcommon] Running command:
make 
3 15-08-20 14:49:36 [56/662/662] [pycrypto] Elapsed time for build 00:00:07
3 15-08-20 14:49:36 [56/662/662] [pycrypto] Starting artifact creation 
3 15-08-20 14:49:36 [56/662/662] [pycrypto] splitting chunk 
3 15-08-20 14:49:37 [56/662/662] [pycrypto] Now cached 910681 bytes as pycrypto.4c781b8bc6bc3c17910d121a0029a11f774f2daeab0a2966240f0c7486418214
3 15-08-20 14:49:37 [56/662/662] [pycrypto] Elapsed time for artifact creation 00:00:01
3 15-08-20 14:49:38 [56/662/662] [pycrypto] Cleaned up /src/tmp/tmpFRJnmR
3 15-08-20 14:49:38 [56/662/662] [pycrypto] Elapsed time for assembly 00:00:09
3 15-08-20 14:49:38 [56/662/662] [paramiko] Installing pycrypto.4c781b8bc6bc3c17910d121a0029a11f774f2daeab0a2966240f0c7486418214 
3 15-08-20 14:49:38 [56/662/662] [pycrypto] loaded metadata for strata/python-common/pycrypto.morph
3 15-08-20 14:49:38 [56/662/662] [ecdsa] loaded metadata for ecdsa
3 15-08-20 14:49:38 [56/662/662] [paramiko] Installing ecdsa.15778ee9b8a42c3d03b477ee13a465131690d9e7ca413a02f02e403e4f40603c 
3 15-08-20 14:49:38 [56/662/662] [python-core] loaded metadata for python-core
3 15-08-20 14:49:38 [57/662/662] [paramiko] Starting build 
3 15-08-20 14:49:38 [57/662/662] [paramiko] Git checkout upstream:paramiko in /src/tmp/tmpUigRRY/paramiko.build 
3 15-08-20 14:49:38 [57/662/662] [paramiko] Upstream version 424ba615 v1.15.2 (v1.15.2 + 0 commits) 
3 15-08-20 14:49:38 [57/662/662] [paramiko] Autodetected build system is python-distutils
3 15-08-20 14:49:38 [57/662/662] [paramiko] Logging build commands to /src/artifacts/paramiko.fe2ba3e90873c32d3ade762cc53cd5a6eee481c6ceab0e9f41952e375d7afc13.build-log.3 
3 15-08-20 14:49:38 [57/662/662] [paramiko] Running build-commands
3 15-08-20 14:49:38 [57/662/662] [paramiko] Running command:
python setup.py build 
4 15-08-20 14:49:39 [39/662/662] [libxkbcommon] Running install-commands
4 15-08-20 14:49:39 [39/662/662] [libxkbcommon] Running command:
make DESTDIR="$DESTDIR" install 
3 15-08-20 14:49:39 [57/662/662] [paramiko] Running install-commands
3 15-08-20 14:49:39 [57/662/662] [paramiko] Running command:
python setup.py install --prefix "$PREFIX" --root "$DESTDIR" 
4 15-08-20 14:49:39 [39/662/662] [libxkbcommon] Running strip-commands
4 15-08-20 14:49:39 [39/662/662] [libxkbcommon] Running command:
find "$DESTDIR" -type f \
  '(' -perm -111 -o -name '*.so*' -o -name '*.cmxs' -o -name '*.node' ')' \
  -exec sh -ec \
  'read -n4 hdr <"$1"   # check for elf header
  if [ "$hdr" != "$(printf \x7ELF)" ]; then
    exit 0
  fi
  debugfile="$DESTDIR$PREFIX/lib/debug/$(basename "$1")"
  mkdir -p "$(dirname "$debugfile")"
  objcopy --only-keep-debug "$1" "$debugfile"
  chmod 644 "$debugfile"
  strip --remove-section=.comment --remove-section=.note --strip-unneeded "$1"
  objcopy --add-gnu-debuglink "$debugfile" "$1"' - {} ';'
 
3 15-08-20 14:49:39 [57/662/662] [paramiko] Running strip-commands
3 15-08-20 14:49:39 [57/662/662] [paramiko] Running command:
find "$DESTDIR" -type f \
  '(' -perm -111 -o -name '*.so*' -o -name '*.cmxs' -o -name '*.node' ')' \
  -exec sh -ec \
  'read -n4 hdr <"$1"   # check for elf header
  if [ "$hdr" != "$(printf \x7ELF)" ]; then
    exit 0
  fi
  debugfile="$DESTDIR$PREFIX/lib/debug/$(basename "$1")"
  mkdir -p "$(dirname "$debugfile")"
  objcopy --only-keep-debug "$1" "$debugfile"
  chmod 644 "$debugfile"
  strip --remove-section=.comment --remove-section=.note --strip-unneeded "$1"
  objcopy --add-gnu-debuglink "$debugfile" "$1"' - {} ';'
 
3 15-08-20 14:49:39 [57/662/662] [paramiko] Elapsed time for build 00:00:00
3 15-08-20 14:49:39 [57/662/662] [paramiko] Starting artifact creation 
3 15-08-20 14:49:39 [57/662/662] [paramiko] splitting chunk 
3 15-08-20 14:49:39 [57/662/662] [paramiko] Now cached 276162 bytes as paramiko.fe2ba3e90873c32d3ade762cc53cd5a6eee481c6ceab0e9f41952e375d7afc13
3 15-08-20 14:49:39 [57/662/662] [paramiko] Elapsed time for artifact creation 00:00:00
3 15-08-20 14:49:40 [57/662/662] [paramiko] Cleaned up /src/tmp/tmpUigRRY
3 15-08-20 14:49:40 [57/662/662] [paramiko] Elapsed time for assembly 00:00:11
3 15-08-20 14:49:40 [57/662/662] [python-common] Installing paramiko.fe2ba3e90873c32d3ade762cc53cd5a6eee481c6ceab0e9f41952e375d7afc13 
3 15-08-20 14:49:40 [57/662/662] [paramiko] loaded metadata for paramiko
3 15-08-20 14:49:40 [57/662/662] [jinja2] Starting assembly 
3 15-08-20 14:49:40 [57/662/662] [python-core] loaded metadata for python-core
3 15-08-20 14:49:40 [57/662/662] [jinja2] Installing python-core.261eee184c937af51171a7c719d79a2edd0ec39c0b6469ff39385909fc9dfcd2 
3 15-08-20 14:49:40 [57/662/662] [markupsafe] loaded metadata for markupsafe
3 15-08-20 14:49:40 [57/662/662] [jinja2] Installing markupsafe.287d83503aa5be3d242681b48c40efcc316c5d9ab4f87cd9788f7f39da89b7f3 
3 15-08-20 14:49:40 [58/662/662] [jinja2] Starting build 
3 15-08-20 14:49:40 [58/662/662] [jinja2] Git checkout upstream:jinja2 in /src/tmp/tmpl_CbVT/jinja2.build 
3 15-08-20 14:49:40 [58/662/662] [jinja2] Upstream version 762c612e 2.7.3 (2.7.3 + 0 commits) 
3 15-08-20 14:49:40 [58/662/662] [jinja2] Autodetected build system is python-distutils
3 15-08-20 14:49:40 [58/662/662] [jinja2] Logging build commands to /src/artifacts/jinja2.b7a88a8e0694ccf6dab8b5661b86326ed323359d44e2fd8a8e50a05d4dd68254.build-log.3 
3 15-08-20 14:49:40 [58/662/662] [jinja2] Running build-commands
3 15-08-20 14:49:40 [58/662/662] [jinja2] Running command:
python setup.py build 
3 15-08-20 14:49:41 [58/662/662] [jinja2] Running install-commands
3 15-08-20 14:49:41 [58/662/662] [jinja2] Running command:
python setup.py install --prefix "$PREFIX" --root "$DESTDIR" 
3 15-08-20 14:49:41 [58/662/662] [jinja2] Running strip-commands
3 15-08-20 14:49:41 [58/662/662] [jinja2] Running command:
find "$DESTDIR" -type f \
  '(' -perm -111 -o -name '*.so*' -o -name '*.cmxs' -o -name '*.node' ')' \
  -exec sh -ec \
  'read -n4 hdr <"$1"   # check for elf header
  if [ "$hdr" != "$(printf \x7ELF)" ]; then
    exit 0
  fi
  debugfile="$DESTDIR$PREFIX/lib/debug/$(basename "$1")"
  mkdir -p "$(dirname "$debugfile")"
  objcopy --only-keep-debug "$1" "$debugfile"
  chmod 644 "$debugfile"
  strip --remove-section=.comment --remove-section=.note --strip-unneeded "$1"
  objcopy --add-gnu-debuglink "$debugfile" "$1"' - {} ';'
 
4 15-08-20 14:49:39 [39/662/662] [libxkbcommon] Elapsed time for build 00:00:13
4 15-08-20 14:49:39 [39/662/662] [libxkbcommon] Starting artifact creation 
4 15-08-20 14:49:39 [39/662/662] [libxkbcommon] splitting chunk 
4 15-08-20 14:49:40 [39/662/662] [libxkbcommon] Now cached 800908 bytes as libxkbcommon.2e611a3fe6b6a72cad966db5dafb4fe1c684e52a40a6d28a529313245e041d81
4 15-08-20 14:49:40 [39/662/662] [libxkbcommon] Elapsed time for artifact creation 00:00:01
4 15-08-20 14:49:40 [39/662/662] [libxkbcommon] Cleaned up /src/tmp/tmpPwybO9
4 15-08-20 14:49:40 [39/662/662] [libxkbcommon] Elapsed time for assembly 00:43:34
4 15-08-20 14:49:40 [39/662/662] [wayland-generic] Installing libxkbcommon.2e611a3fe6b6a72cad966db5dafb4fe1c684e52a40a6d28a529313245e041d81 
4 15-08-20 14:49:40 [39/662/662] [libxkbcommon] loaded metadata for strata/wayland-generic/libxkbcommon.morph
4 15-08-20 14:49:41 [39/662/662] [wayland] Starting assembly 
4 15-08-20 14:49:41 [39/662/662] [core] loaded metadata for core
4 15-08-20 14:49:41 [39/662/662] [wayland] Installing core.ff2bf428e04196e1f178b1d14eff9408a9ec0c298bbaf6872a6547da7efac9cf 
4 15-08-20 14:49:42 [39/662/662] [libxkbcommon] loaded metadata for libxkbcommon
4 15-08-20 14:49:42 [39/662/662] [wayland] Installing libxkbcommon.2e611a3fe6b6a72cad966db5dafb4fe1c684e52a40a6d28a529313245e041d81 
4 15-08-20 14:49:42 [39/662/662] [xorg-util-macros-common] loaded metadata for xorg-util-macros-common
4 15-08-20 14:49:42 [40/662/662] [wayland] Starting build 
4 15-08-20 14:49:42 [40/662/662] [wayland] Git checkout upstream:wayland in /src/tmp/tmpQxqaao/wayland.build 
4 15-08-20 14:49:42 [40/662/662] [wayland] Upstream version 60024af5 1.8.0 (1.8.0 + 0 commits) 
4 15-08-20 14:49:42 [40/662/662] [wayland] Defined build system is autotools
4 15-08-20 14:49:42 [40/662/662] [wayland] Logging build commands to /src/artifacts/wayland.ffcd35ea123785d865ae1278566a94f080102080d0fed80c84eac0f8b83dcfba.build-log.4 
4 15-08-20 14:49:42 [40/662/662] [wayland] Running configure-commands
4 15-08-20 14:49:42 [40/662/662] [wayland] Running command:
autoreconf -ivf 
3 15-08-20 14:49:41 [58/662/662] [jinja2] Elapsed time for build 00:00:01
3 15-08-20 14:49:41 [58/662/662] [jinja2] Starting artifact creation 
3 15-08-20 14:49:41 [58/662/662] [jinja2] splitting chunk 
3 15-08-20 14:49:42 [58/662/662] [jinja2] Now cached 573081 bytes as jinja2.b7a88a8e0694ccf6dab8b5661b86326ed323359d44e2fd8a8e50a05d4dd68254
3 15-08-20 14:49:42 [58/662/662] [jinja2] Elapsed time for artifact creation 00:00:00
3 15-08-20 14:49:42 [58/662/662] [jinja2] Cleaned up /src/tmp/tmpl_CbVT
3 15-08-20 14:49:42 [58/662/662] [jinja2] Elapsed time for assembly 00:00:02
3 15-08-20 14:49:42 [58/662/662] [python-common] Installing jinja2.b7a88a8e0694ccf6dab8b5661b86326ed323359d44e2fd8a8e50a05d4dd68254 
3 15-08-20 14:49:42 [58/662/662] [jinja2] loaded metadata for jinja2
3 15-08-20 14:49:42 [58/662/662] [configobj] Starting assembly 
3 15-08-20 14:49:42 [58/662/662] [python-core] loaded metadata for python-core
3 15-08-20 14:49:42 [58/662/662] [configobj] Installing python-core.261eee184c937af51171a7c719d79a2edd0ec39c0b6469ff39385909fc9dfcd2 
3 15-08-20 14:49:42 [59/662/662] [configobj] Starting build 
3 15-08-20 14:49:42 [59/662/662] [configobj] Git checkout upstream:configobj-git in /src/tmp/tmpBSqOkm/configobj.build 
3 15-08-20 14:49:42 [59/662/662] [configobj] Upstream version 9d2aab01 v5.0.6 (v5.0.6 + 0 commits) 
3 15-08-20 14:49:42 [59/662/662] [configobj] Autodetected build system is python-distutils
3 15-08-20 14:49:42 [59/662/662] [configobj] Logging build commands to /src/artifacts/configobj.49dcde3bd885fb577c536ebab9a9902da74a0dcf2ee213b5e7116f9f92ba94e9.build-log.3 
3 15-08-20 14:49:42 [59/662/662] [configobj] Running build-commands
3 15-08-20 14:49:42 [59/662/662] [configobj] Running command:
python setup.py build 
3 15-08-20 14:49:43 [59/662/662] [configobj] Running install-commands
3 15-08-20 14:49:43 [59/662/662] [configobj] Running command:
python setup.py install --prefix "$PREFIX" --root "$DESTDIR" 
3 15-08-20 14:49:43 [59/662/662] [configobj] Running strip-commands
3 15-08-20 14:49:43 [59/662/662] [configobj] Running command:
find "$DESTDIR" -type f \
  '(' -perm -111 -o -name '*.so*' -o -name '*.cmxs' -o -name '*.node' ')' \
  -exec sh -ec \
  'read -n4 hdr <"$1"   # check for elf header
  if [ "$hdr" != "$(printf \x7ELF)" ]; then
    exit 0
  fi
  debugfile="$DESTDIR$PREFIX/lib/debug/$(basename "$1")"
  mkdir -p "$(dirname "$debugfile")"
  objcopy --only-keep-debug "$1" "$debugfile"
  chmod 644 "$debugfile"
  strip --remove-section=.comment --remove-section=.note --strip-unneeded "$1"
  objcopy --add-gnu-debuglink "$debugfile" "$1"' - {} ';'
 
3 15-08-20 14:49:43 [59/662/662] [configobj] Elapsed time for build 00:00:00
3 15-08-20 14:49:43 [59/662/662] [configobj] Starting artifact creation 
3 15-08-20 14:49:43 [59/662/662] [configobj] splitting chunk 
3 15-08-20 14:49:43 [59/662/662] [configobj] Now cached 68595 bytes as configobj.49dcde3bd885fb577c536ebab9a9902da74a0dcf2ee213b5e7116f9f92ba94e9
3 15-08-20 14:49:43 [59/662/662] [configobj] Elapsed time for artifact creation 00:00:00
3 15-08-20 14:49:43 [59/662/662] [configobj] Cleaned up /src/tmp/tmpBSqOkm
3 15-08-20 14:49:43 [59/662/662] [configobj] Elapsed time for assembly 00:00:01
3 15-08-20 14:49:43 [59/662/662] [python-common] Installing configobj.49dcde3bd885fb577c536ebab9a9902da74a0dcf2ee213b5e7116f9f92ba94e9 
3 15-08-20 14:49:43 [59/662/662] [configobj] loaded metadata for configobj
3 15-08-20 14:49:43 [59/662/662] [webob] Starting assembly 
3 15-08-20 14:49:43 [59/662/662] [python-core] loaded metadata for python-core
3 15-08-20 14:49:43 [59/662/662] [webob] Installing python-core.261eee184c937af51171a7c719d79a2edd0ec39c0b6469ff39385909fc9dfcd2 
3 15-08-20 14:49:44 [60/662/662] [webob] Starting build 
3 15-08-20 14:49:44 [60/662/662] [webob] Git checkout upstream:python-packages/webob in /src/tmp/tmpwa6jSj/webob.build 
3 15-08-20 14:49:44 [60/662/662] [webob] Upstream version ae0ac90f 1.4 (1.4 + 0 commits) 
3 15-08-20 14:49:44 [60/662/662] [webob] Autodetected build system is python-distutils
3 15-08-20 14:49:44 [60/662/662] [webob] Logging build commands to /src/artifacts/webob.decf300cbe0a3fe212f8b880843299c766f03e5c2812d98dc8183fc8f01690d3.build-log.3 
3 15-08-20 14:49:44 [60/662/662] [webob] Running build-commands
3 15-08-20 14:49:44 [60/662/662] [webob] Running command:
python setup.py build 
3 15-08-20 14:49:44 [60/662/662] [webob] Running install-commands
3 15-08-20 14:49:44 [60/662/662] [webob] Running command:
python setup.py install --prefix "$PREFIX" --root "$DESTDIR" 
3 15-08-20 14:49:45 [60/662/662] [webob] Running strip-commands
3 15-08-20 14:49:45 [60/662/662] [webob] Running command:
find "$DESTDIR" -type f \
  '(' -perm -111 -o -name '*.so*' -o -name '*.cmxs' -o -name '*.node' ')' \
  -exec sh -ec \
  'read -n4 hdr <"$1"   # check for elf header
  if [ "$hdr" != "$(printf \x7ELF)" ]; then
    exit 0
  fi
  debugfile="$DESTDIR$PREFIX/lib/debug/$(basename "$1")"
  mkdir -p "$(dirname "$debugfile")"
  objcopy --only-keep-debug "$1" "$debugfile"
  chmod 644 "$debugfile"
  strip --remove-section=.comment --remove-section=.note --strip-unneeded "$1"
  objcopy --add-gnu-debuglink "$debugfile" "$1"' - {} ';'
 
3 15-08-20 14:49:45 [60/662/662] [webob] Elapsed time for build 00:00:00
3 15-08-20 14:49:45 [60/662/662] [webob] Starting artifact creation 
3 15-08-20 14:49:45 [60/662/662] [webob] splitting chunk 
3 15-08-20 14:49:45 [60/662/662] [webob] Now cached 151905 bytes as webob.decf300cbe0a3fe212f8b880843299c766f03e5c2812d98dc8183fc8f01690d3
3 15-08-20 14:49:45 [60/662/662] [webob] Elapsed time for artifact creation 00:00:00
3 15-08-20 14:49:45 [60/662/662] [webob] Cleaned up /src/tmp/tmpwa6jSj
3 15-08-20 14:49:45 [60/662/662] [webob] Elapsed time for assembly 00:00:01
3 15-08-20 14:49:45 [60/662/662] [python-common] Installing webob.decf300cbe0a3fe212f8b880843299c766f03e5c2812d98dc8183fc8f01690d3 
3 15-08-20 14:49:45 [60/662/662] [webob] loaded metadata for webob
3 15-08-20 14:49:45 [60/662/662] [python-mimeparse] Starting assembly 
3 15-08-20 14:49:45 [60/662/662] [python-core] loaded metadata for python-core
3 15-08-20 14:49:45 [60/662/662] [python-mimeparse] Installing python-core.261eee184c937af51171a7c719d79a2edd0ec39c0b6469ff39385909fc9dfcd2 
3 15-08-20 14:49:46 [61/662/662] [python-mimeparse] Starting build 
3 15-08-20 14:49:46 [61/662/662] [python-mimeparse] Git checkout upstream:python-packages/python-mimeparse.git in /src/tmp/tmpqn9nh9/python-mimeparse.build 
3 15-08-20 14:49:46 [61/662/662] [python-mimeparse] Upstream version 2d600d3f (No tag found) 
3 15-08-20 14:49:46 [61/662/662] [python-mimeparse] Autodetected build system is python-distutils
3 15-08-20 14:49:46 [61/662/662] [python-mimeparse] Logging build commands to /src/artifacts/python-mimeparse.d5763fc11c8cd004007265b4a23b8eddf858f0c7da499b2def7567304e7e000f.build-log.3 
3 15-08-20 14:49:46 [61/662/662] [python-mimeparse] Running build-commands
3 15-08-20 14:49:46 [61/662/662] [python-mimeparse] Running command:
python setup.py build 
3 15-08-20 14:49:46 [61/662/662] [python-mimeparse] Running install-commands
3 15-08-20 14:49:46 [61/662/662] [python-mimeparse] Running command:
python setup.py install --prefix "$PREFIX" --root "$DESTDIR" 
3 15-08-20 14:49:46 [61/662/662] [python-mimeparse] Running strip-commands
3 15-08-20 14:49:46 [61/662/662] [python-mimeparse] Running command:
find "$DESTDIR" -type f \
  '(' -perm -111 -o -name '*.so*' -o -name '*.cmxs' -o -name '*.node' ')' \
  -exec sh -ec \
  'read -n4 hdr <"$1"   # check for elf header
  if [ "$hdr" != "$(printf \x7ELF)" ]; then
    exit 0
  fi
  debugfile="$DESTDIR$PREFIX/lib/debug/$(basename "$1")"
  mkdir -p "$(dirname "$debugfile")"
  objcopy --only-keep-debug "$1" "$debugfile"
  chmod 644 "$debugfile"
  strip --remove-section=.comment --remove-section=.note --strip-unneeded "$1"
  objcopy --add-gnu-debuglink "$debugfile" "$1"' - {} ';'
 
3 15-08-20 14:49:46 [61/662/662] [python-mimeparse] Elapsed time for build 00:00:00
3 15-08-20 14:49:46 [61/662/662] [python-mimeparse] Starting artifact creation 
3 15-08-20 14:49:46 [61/662/662] [python-mimeparse] splitting chunk 
3 15-08-20 14:49:46 [61/662/662] [python-mimeparse] Now cached 4982 bytes as python-mimeparse.d5763fc11c8cd004007265b4a23b8eddf858f0c7da499b2def7567304e7e000f
3 15-08-20 14:49:46 [61/662/662] [python-mimeparse] Elapsed time for artifact creation 00:00:00
3 15-08-20 14:49:47 [61/662/662] [python-mimeparse] Cleaned up /src/tmp/tmpqn9nh9
3 15-08-20 14:49:47 [61/662/662] [python-mimeparse] Elapsed time for assembly 00:00:01
3 15-08-20 14:49:47 [61/662/662] [python-common] Installing python-mimeparse.d5763fc11c8cd004007265b4a23b8eddf858f0c7da499b2def7567304e7e000f 
3 15-08-20 14:49:47 [61/662/662] [python-mimeparse] loaded metadata for python-mimeparse
3 15-08-20 14:49:47 [61/662/662] [pycrypto] loaded metadata for pycrypto
3 15-08-20 14:49:47 [61/662/662] [networkx] Starting assembly 
3 15-08-20 14:49:47 [61/662/662] [python-core] loaded metadata for python-core
3 15-08-20 14:49:47 [61/662/662] [networkx] Installing python-core.261eee184c937af51171a7c719d79a2edd0ec39c0b6469ff39385909fc9dfcd2 
3 15-08-20 14:49:47 [62/662/662] [networkx] Starting build 
3 15-08-20 14:49:48 [62/662/662] [networkx] Git checkout upstream:python-packages/networkx in /src/tmp/tmp1ZidHC/networkx.build 
3 15-08-20 14:49:48 [62/662/662] [networkx] Upstream version 8ac796ab networkx-1.9.1 (networkx-1.9.1 + 0 commits) 
3 15-08-20 14:49:48 [62/662/662] [networkx] Autodetected build system is python-distutils
3 15-08-20 14:49:48 [62/662/662] [networkx] Logging build commands to /src/artifacts/networkx.271395184001851d1ed99227ff1f7b49b6731e79eea1caa2b3eb06295a99395a.build-log.3 
3 15-08-20 14:49:48 [62/662/662] [networkx] Running build-commands
3 15-08-20 14:49:48 [62/662/662] [networkx] Running command:
python setup.py build 
3 15-08-20 14:49:48 [62/662/662] [networkx] Running install-commands
3 15-08-20 14:49:48 [62/662/662] [networkx] Running command:
python setup.py install --prefix "$PREFIX" --root "$DESTDIR" 
4 15-08-20 14:49:48 [40/662/662] [wayland] Running command:
./configure --prefix="$PREFIX" --disable-documentation 
3 15-08-20 14:49:49 [62/662/662] [networkx] Running strip-commands
3 15-08-20 14:49:49 [62/662/662] [networkx] Running command:
find "$DESTDIR" -type f \
  '(' -perm -111 -o -name '*.so*' -o -name '*.cmxs' -o -name '*.node' ')' \
  -exec sh -ec \
  'read -n4 hdr <"$1"   # check for elf header
  if [ "$hdr" != "$(printf \x7ELF)" ]; then
    exit 0
  fi
  debugfile="$DESTDIR$PREFIX/lib/debug/$(basename "$1")"
  mkdir -p "$(dirname "$debugfile")"
  objcopy --only-keep-debug "$1" "$debugfile"
  chmod 644 "$debugfile"
  strip --remove-section=.comment --remove-section=.note --strip-unneeded "$1"
  objcopy --add-gnu-debuglink "$debugfile" "$1"' - {} ';'
 
3 15-08-20 14:49:49 [62/662/662] [networkx] Elapsed time for build 00:00:01
3 15-08-20 14:49:49 [62/662/662] [networkx] Starting artifact creation 
3 15-08-20 14:49:49 [62/662/662] [networkx] splitting chunk 
3 15-08-20 14:49:50 [62/662/662] [networkx] Now cached 1503722 bytes as networkx.271395184001851d1ed99227ff1f7b49b6731e79eea1caa2b3eb06295a99395a
3 15-08-20 14:49:50 [62/662/662] [networkx] Elapsed time for artifact creation 00:00:01
3 15-08-20 14:49:50 [62/662/662] [networkx] Cleaned up /src/tmp/tmp1ZidHC
3 15-08-20 14:49:50 [62/662/662] [networkx] Elapsed time for assembly 00:00:03
3 15-08-20 14:49:50 [62/662/662] [python-common] Installing networkx.271395184001851d1ed99227ff1f7b49b6731e79eea1caa2b3eb06295a99395a 
3 15-08-20 14:49:50 [62/662/662] [networkx] loaded metadata for networkx
3 15-08-20 14:49:50 [62/662/662] [python-json-patch] Starting assembly 
3 15-08-20 14:49:50 [62/662/662] [python-json-pointer] Starting assembly 
3 15-08-20 14:49:51 [62/662/662] [python-core] loaded metadata for python-core
3 15-08-20 14:49:51 [62/662/662] [python-json-pointer] Installing python-core.261eee184c937af51171a7c719d79a2edd0ec39c0b6469ff39385909fc9dfcd2 
3 15-08-20 14:49:51 [63/662/662] [python-json-pointer] Starting build 
3 15-08-20 14:49:51 [63/662/662] [python-json-pointer] Git checkout upstream:python-json-pointer in /src/tmp/tmpR3ytwk/python-json-pointer.build 
3 15-08-20 14:49:51 [63/662/662] [python-json-pointer] Upstream version 34073e56 v1.4 (v1.4 + 0 commits) 
3 15-08-20 14:49:51 [63/662/662] [python-json-pointer] Autodetected build system is python-distutils
3 15-08-20 14:49:51 [63/662/662] [python-json-pointer] Logging build commands to /src/artifacts/python-json-pointer.17dab573df6083e7afff763bff72e2dc92b2dd925db53e31f815d1fffd17f8ae.build-log.3 
3 15-08-20 14:49:51 [63/662/662] [python-json-pointer] Running build-commands
3 15-08-20 14:49:51 [63/662/662] [python-json-pointer] Running command:
python setup.py build 
4 15-08-20 14:49:51 [40/662/662] [wayland] Running build-commands
4 15-08-20 14:49:51 [40/662/662] [wayland] Running command:
make 
3 15-08-20 14:49:51 [63/662/662] [python-json-pointer] Running install-commands
3 15-08-20 14:49:51 [63/662/662] [python-json-pointer] Running command:
python setup.py install --prefix "$PREFIX" --root "$DESTDIR" 
3 15-08-20 14:49:51 [63/662/662] [python-json-pointer] Running strip-commands
3 15-08-20 14:49:51 [63/662/662] [python-json-pointer] Running command:
find "$DESTDIR" -type f \
  '(' -perm -111 -o -name '*.so*' -o -name '*.cmxs' -o -name '*.node' ')' \
  -exec sh -ec \
  'read -n4 hdr <"$1"   # check for elf header
  if [ "$hdr" != "$(printf \x7ELF)" ]; then
    exit 0
  fi
  debugfile="$DESTDIR$PREFIX/lib/debug/$(basename "$1")"
  mkdir -p "$(dirname "$debugfile")"
  objcopy --only-keep-debug "$1" "$debugfile"
  chmod 644 "$debugfile"
  strip --remove-section=.comment --remove-section=.note --strip-unneeded "$1"
  objcopy --add-gnu-debuglink "$debugfile" "$1"' - {} ';'
 
3 15-08-20 14:49:52 [63/662/662] [python-json-pointer] Elapsed time for build 00:00:00
3 15-08-20 14:49:52 [63/662/662] [python-json-pointer] Starting artifact creation 
3 15-08-20 14:49:52 [63/662/662] [python-json-pointer] splitting chunk 
3 15-08-20 14:49:52 [63/662/662] [python-json-pointer] Now cached 7037 bytes as python-json-pointer.17dab573df6083e7afff763bff72e2dc92b2dd925db53e31f815d1fffd17f8ae
3 15-08-20 14:49:52 [63/662/662] [python-json-pointer] Elapsed time for artifact creation 00:00:00
3 15-08-20 14:49:52 [63/662/662] [python-json-pointer] Cleaned up /src/tmp/tmpR3ytwk
3 15-08-20 14:49:52 [63/662/662] [python-json-pointer] Elapsed time for assembly 00:00:01
3 15-08-20 14:49:52 [63/662/662] [python-json-patch] Installing python-json-pointer.17dab573df6083e7afff763bff72e2dc92b2dd925db53e31f815d1fffd17f8ae 
3 15-08-20 14:49:52 [63/662/662] [python-json-pointer] loaded metadata for python-json-pointer
3 15-08-20 14:49:52 [63/662/662] [python-core] loaded metadata for python-core
3 15-08-20 14:49:52 [64/662/662] [python-json-patch] Starting build 
3 15-08-20 14:49:52 [64/662/662] [python-json-patch] Git checkout upstream:python-json-patch in /src/tmp/tmpvJ7omV/python-json-patch.build 
3 15-08-20 14:49:52 [64/662/662] [python-json-patch] Upstream version e4da658a v1.8 (v1.8 + 0 commits) 
3 15-08-20 14:49:52 [64/662/662] [python-json-patch] Autodetected build system is python-distutils
3 15-08-20 14:49:52 [64/662/662] [python-json-patch] Logging build commands to /src/artifacts/python-json-patch.33d5b0bc91ba9ddd956f9b004fbdcebaaff3d8e9186678b4a5df03e39f5f744f.build-log.3 
3 15-08-20 14:49:52 [64/662/662] [python-json-patch] Running build-commands
3 15-08-20 14:49:52 [64/662/662] [python-json-patch] Running command:
python setup.py build 
3 15-08-20 14:49:53 [64/662/662] [python-json-patch] Running install-commands
3 15-08-20 14:49:53 [64/662/662] [python-json-patch] Running command:
python setup.py install --prefix "$PREFIX" --root "$DESTDIR" 
3 15-08-20 14:49:53 [64/662/662] [python-json-patch] Running strip-commands
3 15-08-20 14:49:53 [64/662/662] [python-json-patch] Running command:
find "$DESTDIR" -type f \
  '(' -perm -111 -o -name '*.so*' -o -name '*.cmxs' -o -name '*.node' ')' \
  -exec sh -ec \
  'read -n4 hdr <"$1"   # check for elf header
  if [ "$hdr" != "$(printf \x7ELF)" ]; then
    exit 0
  fi
  debugfile="$DESTDIR$PREFIX/lib/debug/$(basename "$1")"
  mkdir -p "$(dirname "$debugfile")"
  objcopy --only-keep-debug "$1" "$debugfile"
  chmod 644 "$debugfile"
  strip --remove-section=.comment --remove-section=.note --strip-unneeded "$1"
  objcopy --add-gnu-debuglink "$debugfile" "$1"' - {} ';'
 
4 15-08-20 14:49:53 [40/662/662] [wayland] Running install-commands
4 15-08-20 14:49:53 [40/662/662] [wayland] Running command:
make DESTDIR="$DESTDIR" install 
4 15-08-20 14:49:54 [40/662/662] [wayland] Running strip-commands
4 15-08-20 14:49:54 [40/662/662] [wayland] Running command:
find "$DESTDIR" -type f \
  '(' -perm -111 -o -name '*.so*' -o -name '*.cmxs' -o -name '*.node' ')' \
  -exec sh -ec \
  'read -n4 hdr <"$1"   # check for elf header
  if [ "$hdr" != "$(printf \x7ELF)" ]; then
    exit 0
  fi
  debugfile="$DESTDIR$PREFIX/lib/debug/$(basename "$1")"
  mkdir -p "$(dirname "$debugfile")"
  objcopy --only-keep-debug "$1" "$debugfile"
  chmod 644 "$debugfile"
  strip --remove-section=.comment --remove-section=.note --strip-unneeded "$1"
  objcopy --add-gnu-debuglink "$debugfile" "$1"' - {} ';'
 
3 15-08-20 14:49:53 [64/662/662] [python-json-patch] Elapsed time for build 00:00:00
3 15-08-20 14:49:53 [64/662/662] [python-json-patch] Starting artifact creation 
3 15-08-20 14:49:53 [64/662/662] [python-json-patch] splitting chunk 
3 15-08-20 14:49:53 [64/662/662] [python-json-patch] Now cached 15663 bytes as python-json-patch.33d5b0bc91ba9ddd956f9b004fbdcebaaff3d8e9186678b4a5df03e39f5f744f
3 15-08-20 14:49:53 [64/662/662] [python-json-patch] Elapsed time for artifact creation 00:00:00
3 15-08-20 14:49:53 [64/662/662] [python-json-patch] Cleaned up /src/tmp/tmpvJ7omV
3 15-08-20 14:49:53 [64/662/662] [python-json-patch] Elapsed time for assembly 00:00:02
3 15-08-20 14:49:53 [64/662/662] [python-common] Installing python-json-patch.33d5b0bc91ba9ddd956f9b004fbdcebaaff3d8e9186678b4a5df03e39f5f744f 
3 15-08-20 14:49:53 [64/662/662] [python-json-patch] loaded metadata for python-json-patch
3 15-08-20 14:49:53 [64/662/662] [boto] Starting assembly 
3 15-08-20 14:49:53 [64/662/662] [python-core] loaded metadata for python-core
3 15-08-20 14:49:53 [64/662/662] [boto] Installing python-core.261eee184c937af51171a7c719d79a2edd0ec39c0b6469ff39385909fc9dfcd2 
3 15-08-20 14:49:54 [65/662/662] [boto] Starting build 
3 15-08-20 14:49:54 [65/662/662] [boto] Git checkout upstream:boto in /src/tmp/tmp4gzcU5/boto.build 
3 15-08-20 14:49:54 [65/662/662] [boto] Upstream version 2517f660 2.33.0 (2.33.0 + 0 commits) 
3 15-08-20 14:49:54 [65/662/662] [boto] Autodetected build system is python-distutils
3 15-08-20 14:49:54 [65/662/662] [boto] Logging build commands to /src/artifacts/boto.87fe016b7e5f42464fb310dedbb14a7d891d3870d9e33044df3b914d966813f1.build-log.3 
3 15-08-20 14:49:54 [65/662/662] [boto] Running build-commands
3 15-08-20 14:49:54 [65/662/662] [boto] Running command:
python setup.py build 
3 15-08-20 14:49:55 [65/662/662] [boto] Running install-commands
3 15-08-20 14:49:55 [65/662/662] [boto] Running command:
python setup.py install --prefix "$PREFIX" --root "$DESTDIR" 
3 15-08-20 14:49:56 [65/662/662] [boto] Running strip-commands
3 15-08-20 14:49:56 [65/662/662] [boto] Running command:
find "$DESTDIR" -type f \
  '(' -perm -111 -o -name '*.so*' -o -name '*.cmxs' -o -name '*.node' ')' \
  -exec sh -ec \
  'read -n4 hdr <"$1"   # check for elf header
  if [ "$hdr" != "$(printf \x7ELF)" ]; then
    exit 0
  fi
  debugfile="$DESTDIR$PREFIX/lib/debug/$(basename "$1")"
  mkdir -p "$(dirname "$debugfile")"
  objcopy --only-keep-debug "$1" "$debugfile"
  chmod 644 "$debugfile"
  strip --remove-section=.comment --remove-section=.note --strip-unneeded "$1"
  objcopy --add-gnu-debuglink "$debugfile" "$1"' - {} ';'
 
3 15-08-20 14:49:56 [65/662/662] [boto] Elapsed time for build 00:00:01
3 15-08-20 14:49:56 [65/662/662] [boto] Starting artifact creation 
3 15-08-20 14:49:56 [65/662/662] [boto] splitting chunk 
3 15-08-20 14:49:57 [65/662/662] [boto] Now cached 1808925 bytes as boto.87fe016b7e5f42464fb310dedbb14a7d891d3870d9e33044df3b914d966813f1
3 15-08-20 14:49:57 [65/662/662] [boto] Elapsed time for artifact creation 00:00:01
3 15-08-20 14:49:57 [65/662/662] [boto] Cleaned up /src/tmp/tmp4gzcU5
3 15-08-20 14:49:57 [65/662/662] [boto] Elapsed time for assembly 00:00:04
3 15-08-20 14:49:57 [65/662/662] [python-common] Installing boto.87fe016b7e5f42464fb310dedbb14a7d891d3870d9e33044df3b914d966813f1 
3 15-08-20 14:49:58 [65/662/662] [boto] loaded metadata for boto
3 15-08-20 14:49:58 [65/662/662] [python-decorator] Starting assembly 
3 15-08-20 14:49:58 [65/662/662] [python-core] loaded metadata for python-core
3 15-08-20 14:49:58 [65/662/662] [python-decorator] Installing python-core.261eee184c937af51171a7c719d79a2edd0ec39c0b6469ff39385909fc9dfcd2 
3 15-08-20 14:49:59 [66/662/662] [python-decorator] Starting build 
3 15-08-20 14:49:59 [66/662/662] [python-decorator] Git checkout upstream:python-packages/python-decorator in /src/tmp/tmpeRER55/python-decorator.build 
3 15-08-20 14:49:59 [66/662/662] [python-decorator] Upstream version b02f7a25 decorator-3.4.0 (decorator-3.4.0 + 0 commits) 
3 15-08-20 14:49:59 [66/662/662] [python-decorator] Autodetected build system is python-distutils
3 15-08-20 14:49:59 [66/662/662] [python-decorator] Logging build commands to /src/artifacts/python-decorator.8dccd783ddeb216ec115abbbbb0458c9a2b7d737e29be44d327101050811200c.build-log.3 
3 15-08-20 14:49:59 [66/662/662] [python-decorator] Running build-commands
3 15-08-20 14:49:59 [66/662/662] [python-decorator] Running command:
python setup.py build 
4 15-08-20 14:49:54 [40/662/662] [wayland] Elapsed time for build 00:00:12
4 15-08-20 14:49:54 [40/662/662] [wayland] Starting artifact creation 
4 15-08-20 14:49:54 [40/662/662] [wayland] splitting chunk 
4 15-08-20 14:49:55 [40/662/662] [wayland] Now cached 482914 bytes as wayland.ffcd35ea123785d865ae1278566a94f080102080d0fed80c84eac0f8b83dcfba
4 15-08-20 14:49:55 [40/662/662] [wayland] Elapsed time for artifact creation 00:00:00
4 15-08-20 14:49:55 [40/662/662] [wayland] Cleaned up /src/tmp/tmpQxqaao
4 15-08-20 14:49:55 [40/662/662] [wayland] Elapsed time for assembly 00:00:14
4 15-08-20 14:49:55 [40/662/662] [wayland-generic] Installing wayland.ffcd35ea123785d865ae1278566a94f080102080d0fed80c84eac0f8b83dcfba 
4 15-08-20 14:49:55 [40/662/662] [wayland] loaded metadata for strata/wayland-generic/wayland.morph
4 15-08-20 14:49:55 [41/662/662] [wayland-generic] Starting build 
4 15-08-20 14:49:55 [41/662/662] [wayland-generic] Defined build system is manual
4 15-08-20 14:49:55 [41/662/662] [wayland-generic] Logging build commands to /src/artifacts/wayland-generic.ce436ccdddca9b1aa0042caaa6c79939eb888e66c132ec093879e51f1fd1ca97.build-log.4 
4 15-08-20 14:49:55 [41/662/662] [wayland-generic] Elapsed time for build 00:00:00
4 15-08-20 14:49:55 [41/662/662] [wayland-generic] Starting artifact creation 
4 15-08-20 14:49:55 [41/662/662] [wayland-generic] splitting stratum 
4 15-08-20 14:49:55 [41/662/662] [wayland-generic] Now cached 276 bytes as wayland-generic.ce436ccdddca9b1aa0042caaa6c79939eb888e66c132ec093879e51f1fd1ca97
4 15-08-20 14:49:55 [41/662/662] [wayland-generic] Elapsed time for artifact creation 00:00:00
4 15-08-20 14:49:55 [41/662/662] [wayland-generic] Cleaned up /src/tmp/tmpsQBDiL
4 15-08-20 14:49:55 [41/662/662] [wayland-generic] Elapsed time for assembly 00:43:49
4 15-08-20 14:49:55 [41/662/662] [genivi-baseline-system-x86_64-generic] Installing wayland-generic.ce436ccdddca9b1aa0042caaa6c79939eb888e66c132ec093879e51f1fd1ca97 
4 15-08-20 14:49:55 [41/662/662] [wayland-generic] loaded metadata for strata/wayland-generic.morph
4 15-08-20 14:49:55 [41/662/662] [llvm-common] Starting assembly 
4 15-08-20 14:49:55 [41/662/662] [llvm] Starting assembly 
4 15-08-20 14:49:55 [41/662/662] [core] loaded metadata for core
4 15-08-20 14:49:55 [41/662/662] [llvm] Installing core.ff2bf428e04196e1f178b1d14eff9408a9ec0c298bbaf6872a6547da7efac9cf 
4 15-08-20 14:49:56 [42/662/662] [llvm] Starting build 
4 15-08-20 14:49:59 [42/662/662] [llvm] Git checkout upstream:llvm in /src/tmp/tmpH3VC9y/llvm.build 
4 15-08-20 14:49:59 [42/662/662] [llvm] Upstream version a93239b7 (No tag found) 
4 15-08-20 14:49:59 [42/662/662] [llvm] Defined build system is autotools
4 15-08-20 14:49:59 [42/662/662] [llvm] Logging build commands to /src/artifacts/llvm.c916b6634ee7afd8b8a56e0bc84f632a86f7458365f1ae2a3651ae27371abf1e.build-log.4 
4 15-08-20 14:49:59 [42/662/662] [llvm] Running configure-commands
4 15-08-20 14:49:59 [42/662/662] [llvm] Running command:
./configure --prefix="$PREFIX" --sysconfdir=/etc --enable-shared --enable-targets=host --enable-optimized --disable-assertions 
3 15-08-20 14:49:59 [66/662/662] [python-decorator] Running install-commands
3 15-08-20 14:49:59 [66/662/662] [python-decorator] Running command:
python setup.py install --prefix "$PREFIX" --root "$DESTDIR" 
3 15-08-20 14:49:59 [66/662/662] [python-decorator] Running strip-commands
3 15-08-20 14:49:59 [66/662/662] [python-decorator] Running command:
find "$DESTDIR" -type f \
  '(' -perm -111 -o -name '*.so*' -o -name '*.cmxs' -o -name '*.node' ')' \
  -exec sh -ec \
  'read -n4 hdr <"$1"   # check for elf header
  if [ "$hdr" != "$(printf \x7ELF)" ]; then
    exit 0
  fi
  debugfile="$DESTDIR$PREFIX/lib/debug/$(basename "$1")"
  mkdir -p "$(dirname "$debugfile")"
  objcopy --only-keep-debug "$1" "$debugfile"
  chmod 644 "$debugfile"
  strip --remove-section=.comment --remove-section=.note --strip-unneeded "$1"
  objcopy --add-gnu-debuglink "$debugfile" "$1"' - {} ';'
 
3 15-08-20 14:49:59 [66/662/662] [python-decorator] Elapsed time for build 00:00:00
3 15-08-20 14:49:59 [66/662/662] [python-decorator] Starting artifact creation 
3 15-08-20 14:49:59 [66/662/662] [python-decorator] splitting chunk 
3 15-08-20 14:49:59 [66/662/662] [python-decorator] Now cached 8741 bytes as python-decorator.8dccd783ddeb216ec115abbbbb0458c9a2b7d737e29be44d327101050811200c
3 15-08-20 14:49:59 [66/662/662] [python-decorator] Elapsed time for artifact creation 00:00:00
3 15-08-20 14:50:00 [66/662/662] [python-decorator] Cleaned up /src/tmp/tmpeRER55
3 15-08-20 14:50:00 [66/662/662] [python-decorator] Elapsed time for assembly 00:00:01
3 15-08-20 14:50:00 [66/662/662] [python-common] Installing python-decorator.8dccd783ddeb216ec115abbbbb0458c9a2b7d737e29be44d327101050811200c 
3 15-08-20 14:50:00 [66/662/662] [python-decorator] loaded metadata for python-decorator
3 15-08-20 14:50:00 [66/662/662] [python-json-pointer] loaded metadata for python-json-pointer
3 15-08-20 14:50:00 [67/662/662] [python-common] Starting build 
3 15-08-20 14:50:00 [67/662/662] [python-common] Defined build system is manual
3 15-08-20 14:50:00 [67/662/662] [python-common] Logging build commands to /src/artifacts/python-common.70f2fdbdecbc202c93d5d643a804d1db4b129215f47450cd27f12af5eb63d8f0.build-log.3 
3 15-08-20 14:50:00 [67/662/662] [python-common] Elapsed time for build 00:00:00
3 15-08-20 14:50:00 [67/662/662] [python-common] Starting artifact creation 
3 15-08-20 14:50:00 [67/662/662] [python-common] splitting stratum 
3 15-08-20 14:50:00 [67/662/662] [python-common] Now cached 595 bytes as python-common.70f2fdbdecbc202c93d5d643a804d1db4b129215f47450cd27f12af5eb63d8f0
3 15-08-20 14:50:00 [67/662/662] [python-common] Elapsed time for artifact creation 00:00:00
3 15-08-20 14:50:00 [67/662/662] [python-common] Cleaned up /src/tmp/tmpeooAZi
3 15-08-20 14:50:00 [67/662/662] [python-common] Elapsed time for assembly 00:43:54
3 15-08-20 14:50:00 [67/662/662] [devel-system-x86_64-generic] Installing python-common.70f2fdbdecbc202c93d5d643a804d1db4b129215f47450cd27f12af5eb63d8f0 
3 15-08-20 14:50:00 [67/662/662] [python-common] loaded metadata for strata/python-common.morph
3 15-08-20 14:50:00 [67/662/662] [openstack-common] Starting assembly 
3 15-08-20 14:50:00 [67/662/662] [oslo-i18n] Starting assembly 
3 15-08-20 14:50:00 [67/662/662] [foundation] Starting assembly 
3 15-08-20 14:50:00 [67/662/662] [usbutils] Starting assembly 
3 15-08-20 14:50:00 [67/662/662] [libusb] Starting assembly 
3 15-08-20 14:50:00 [67/662/662] [coreutils-common] Starting assembly 
3 15-08-20 14:50:00 [67/662/662] [diff] Starting assembly 
3 15-08-20 14:50:00 [67/662/662] [coreutils] Starting assembly 
3 15-08-20 14:50:00 [67/662/662] [core] loaded metadata for core
3 15-08-20 14:50:00 [67/662/662] [coreutils] Installing core.ff2bf428e04196e1f178b1d14eff9408a9ec0c298bbaf6872a6547da7efac9cf 
3 15-08-20 14:50:01 [68/662/662] [coreutils] Starting build 
3 15-08-20 14:50:01 [68/662/662] [coreutils] Git checkout upstream:coreutils in /src/tmp/tmpmvlpw6/coreutils.build 
3 15-08-20 14:50:01 [68/662/662] [coreutils] Upstream version 9df96438 v8.23-1-g9df9643 (v8.23 + 1 commits) 
3 15-08-20 14:50:01 [68/662/662] [coreutils] Git submodules 
3 15-08-20 14:50:02 [68/662/662] [coreutils] Git checkout upstream:gnulib in /src/tmp/tmpmvlpw6/coreutils.build/gnulib 
3 15-08-20 14:50:02 [68/662/662] [coreutils] Upstream version 71be4c87 v0.1-186-g71be4c8 (v0.1 + 186 commits) 
3 15-08-20 14:50:03 [68/662/662] [coreutils] Defined build system is autotools
3 15-08-20 14:50:03 [68/662/662] [coreutils] Logging build commands to /src/artifacts/coreutils.59ecc1111fe0becf4876613c6b0f300bf74ca9206e1d285a8564fc1f62bc93c7.build-log.3 
3 15-08-20 14:50:03 [68/662/662] [coreutils] Running configure-commands
3 15-08-20 14:50:03 [68/662/662] [coreutils] Running command:
sed -i -e '/^buildreq="/,/^"/{/rsync/d}' bootstrap.conf 
3 15-08-20 14:50:03 [68/662/662] [coreutils] Running command:
bash bootstrap --skip-po --no-git --gnulib-srcdir=gnulib 
4 15-08-20 14:50:15 [42/662/662] [llvm] Running build-commands
4 15-08-20 14:50:15 [42/662/662] [llvm] Running command:
make $MAKEFLAGS 
3 15-08-20 14:51:07 [68/662/662] [coreutils] Running command:
FORCE_UNSAFE_CONFIGURE=1 ./configure --prefix="$PREFIX" --disable-nls 
3 15-08-20 14:51:48 [68/662/662] [coreutils] Running build-commands


3 15-08-20 14:51:48 [68/662/662] [coreutils] Running command:
make WERROR_CFLAGS= 


3 15-08-20 14:52:00 [68/662/662] [coreutils] Running install-commands
3 15-08-20 14:52:00 [68/662/662] [coreutils] Running command:
make INSTALL_PROGRAM=install DESTDIR="$DESTDIR" install 
3 15-08-20 14:52:01 [68/662/662] [coreutils] Running command:
mkdir -p "$DESTDIR"/bin/ 
3 15-08-20 14:52:01 [68/662/662] [coreutils] Running command:
ln -sf ../usr/bin/dd "$DESTDIR"/bin/ 
3 15-08-20 14:52:02 [68/662/662] [coreutils] Running strip-commands
3 15-08-20 14:52:02 [68/662/662] [coreutils] Running command:
find "$DESTDIR" -type f \
  '(' -perm -111 -o -name '*.so*' -o -name '*.cmxs' -o -name '*.node' ')' \
  -exec sh -ec \
  'read -n4 hdr <"$1"   # check for elf header
  if [ "$hdr" != "$(printf \x7ELF)" ]; then
    exit 0
  fi
  debugfile="$DESTDIR$PREFIX/lib/debug/$(basename "$1")"
  mkdir -p "$(dirname "$debugfile")"
  objcopy --only-keep-debug "$1" "$debugfile"
  chmod 644 "$debugfile"
  strip --remove-section=.comment --remove-section=.note --strip-unneeded "$1"
  objcopy --add-gnu-debuglink "$debugfile" "$1"' - {} ';'
 
4 15-08-20 14:52:10 [42/662/662] [llvm] Running install-commands
4 15-08-20 14:52:10 [42/662/662] [llvm] Running command:
make DESTDIR="$DESTDIR" install 
3 15-08-20 14:52:02 [68/662/662] [coreutils] Elapsed time for build 00:02:00
3 15-08-20 14:52:02 [68/662/662] [coreutils] Starting artifact creation 
3 15-08-20 14:52:02 [68/662/662] [coreutils] splitting chunk 
3 15-08-20 14:52:12 [68/662/662] [coreutils] Now cached 8243547 bytes as coreutils.59ecc1111fe0becf4876613c6b0f300bf74ca9206e1d285a8564fc1f62bc93c7
3 15-08-20 14:52:12 [68/662/662] [coreutils] Elapsed time for artifact creation 00:00:10
3 15-08-20 14:52:13 [68/662/662] [coreutils] Cleaned up /src/tmp/tmpmvlpw6
3 15-08-20 14:52:13 [68/662/662] [coreutils] Elapsed time for assembly 00:02:12
3 15-08-20 14:52:13 [68/662/662] [diff] Installing coreutils.59ecc1111fe0becf4876613c6b0f300bf74ca9206e1d285a8564fc1f62bc93c7 
3 15-08-20 14:52:13 [68/662/662] [coreutils] loaded metadata for strata/coreutils-common/coreutils.morph
3 15-08-20 14:52:14 [68/662/662] [core] loaded metadata for core
3 15-08-20 14:52:14 [69/662/662] [diff] Starting build 
3 15-08-20 14:52:14 [69/662/662] [diff] Git checkout upstream:diffutils in /src/tmp/tmplfRaRR/diff.build 
3 15-08-20 14:52:14 [69/662/662] [diff] Upstream version bd86eb1a v3.3-2-gbd86eb1 (v3.3 + 2 commits) 
3 15-08-20 14:52:14 [69/662/662] [diff] Git submodules 
3 15-08-20 14:52:15 [69/662/662] [diff] Git checkout upstream:gnulib in /src/tmp/tmplfRaRR/diff.build/gnulib 
3 15-08-20 14:52:15 [69/662/662] [diff] Upstream version db9cad7b v0.0-7898-gdb9cad7 (v0.0 + 7898 commits) 
3 15-08-20 14:52:15 [69/662/662] [diff] Defined build system is autotools
3 15-08-20 14:52:15 [69/662/662] [diff] Logging build commands to /src/artifacts/diff.efd76a79cc437868e7248afe36cb4ddf5eac38a7b1197405cf4a873143017a48.build-log.3 
3 15-08-20 14:52:15 [69/662/662] [diff] Running pre-configure-commands
3 15-08-20 14:52:15 [69/662/662] [diff] Running command:
sed -i -e '/^buildreq="/,/^"/{/rsync/d}' bootstrap.conf 
4 15-08-20 14:52:15 [42/662/662] [llvm] Running strip-commands
4 15-08-20 14:52:15 [42/662/662] [llvm] Running command:
find "$DESTDIR" -type f \
  '(' -perm -111 -o -name '*.so*' -o -name '*.cmxs' -o -name '*.node' ')' \
  -exec sh -ec \
  'read -n4 hdr <"$1"   # check for elf header
  if [ "$hdr" != "$(printf \x7ELF)" ]; then
    exit 0
  fi
  debugfile="$DESTDIR$PREFIX/lib/debug/$(basename "$1")"
  mkdir -p "$(dirname "$debugfile")"
  objcopy --only-keep-debug "$1" "$debugfile"
  chmod 644 "$debugfile"
  strip --remove-section=.comment --remove-section=.note --strip-unneeded "$1"
  objcopy --add-gnu-debuglink "$debugfile" "$1"' - {} ';'
 
3 15-08-20 14:52:15 [69/662/662] [diff] Running command:
./bootstrap --skip-po --no-git --gnulib-srcdir=gnulib 
4 15-08-20 14:52:15 [42/662/662] [llvm] Elapsed time for build 00:02:19
4 15-08-20 14:52:15 [42/662/662] [llvm] Starting artifact creation 
4 15-08-20 14:52:15 [42/662/662] [llvm] splitting chunk 
4 15-08-20 14:52:36 [42/662/662] [llvm] Now cached 19737362 bytes as llvm.c916b6634ee7afd8b8a56e0bc84f632a86f7458365f1ae2a3651ae27371abf1e
4 15-08-20 14:52:36 [42/662/662] [llvm] Elapsed time for artifact creation 00:00:20
4 15-08-20 14:52:36 [42/662/662] [llvm] Cleaned up /src/tmp/tmpH3VC9y
4 15-08-20 14:52:36 [42/662/662] [llvm] Elapsed time for assembly 00:02:41
4 15-08-20 14:52:36 [42/662/662] [llvm-common] Installing llvm.c916b6634ee7afd8b8a56e0bc84f632a86f7458365f1ae2a3651ae27371abf1e 
4 15-08-20 14:52:37 [42/662/662] [llvm] loaded metadata for strata/llvm-common/llvm.morph
4 15-08-20 14:52:38 [43/662/662] [llvm-common] Starting build 
4 15-08-20 14:52:38 [43/662/662] [llvm-common] Defined build system is manual
4 15-08-20 14:52:38 [43/662/662] [llvm-common] Logging build commands to /src/artifacts/llvm-common.68d2c4aa41935d2346184ed84c4e051d660b0ca3e84f7bcfadbcdafd485f630c.build-log.4 
4 15-08-20 14:52:38 [43/662/662] [llvm-common] Elapsed time for build 00:00:00
4 15-08-20 14:52:38 [43/662/662] [llvm-common] Starting artifact creation 
4 15-08-20 14:52:38 [43/662/662] [llvm-common] splitting stratum 
4 15-08-20 14:52:38 [43/662/662] [llvm-common] Now cached 242 bytes as llvm-common.68d2c4aa41935d2346184ed84c4e051d660b0ca3e84f7bcfadbcdafd485f630c
4 15-08-20 14:52:38 [43/662/662] [llvm-common] Elapsed time for artifact creation 00:00:00
4 15-08-20 14:52:38 [43/662/662] [llvm-common] Cleaned up /src/tmp/tmpcxFQZW
4 15-08-20 14:52:38 [43/662/662] [llvm-common] Elapsed time for assembly 00:02:42
4 15-08-20 14:52:38 [43/662/662] [genivi-baseline-system-x86_64-generic] Installing llvm-common.68d2c4aa41935d2346184ed84c4e051d660b0ca3e84f7bcfadbcdafd485f630c 
4 15-08-20 14:52:38 [43/662/662] [llvm-common] loaded metadata for strata/llvm-common.morph
4 15-08-20 14:52:38 [43/662/662] [graphics-common] Starting assembly 
4 15-08-20 14:52:38 [43/662/662] [harfbuzz] Starting assembly 
4 15-08-20 14:52:38 [43/662/662] [glib-common] Starting assembly 
4 15-08-20 14:52:38 [43/662/662] [gtk-doc-stub] Starting assembly 
4 15-08-20 14:52:38 [43/662/662] [core] loaded metadata for core
4 15-08-20 14:52:38 [43/662/662] [gtk-doc-stub] Installing core.ff2bf428e04196e1f178b1d14eff9408a9ec0c298bbaf6872a6547da7efac9cf 
4 15-08-20 14:52:39 [44/662/662] [gtk-doc-stub] Starting build 
4 15-08-20 14:52:39 [44/662/662] [gtk-doc-stub] Git checkout upstream:gtk-doc-stub in /src/tmp/tmpnRv_WU/gtk-doc-stub.build 
4 15-08-20 14:52:39 [44/662/662] [gtk-doc-stub] Upstream version 58ec0d85 (No tag found) 
4 15-08-20 14:52:39 [44/662/662] [gtk-doc-stub] Autodetected build system is autotools
4 15-08-20 14:52:39 [44/662/662] [gtk-doc-stub] Logging build commands to /src/artifacts/gtk-doc-stub.45f18332077d7896270e9cbb5d54789b48afa9afae40d931ee1a52cb9ee036d8.build-log.4 
4 15-08-20 14:52:39 [44/662/662] [gtk-doc-stub] Running configure-commands
4 15-08-20 14:52:39 [44/662/662] [gtk-doc-stub] Running command:
export NOCONFIGURE=1
if [ -e autogen ]; then ./autogen
elif [ -e autogen.sh ]; then ./autogen.sh
elif [ ! -e ./configure ]; then autoreconf -ivf
fi
./configure --prefix="$PREFIX"
 
4 15-08-20 14:52:39 [44/662/662] [gtk-doc-stub] Running build-commands
4 15-08-20 14:52:39 [44/662/662] [gtk-doc-stub] Running command:
make 
4 15-08-20 14:52:39 [44/662/662] [gtk-doc-stub] Running install-commands
4 15-08-20 14:52:39 [44/662/662] [gtk-doc-stub] Running command:
make DESTDIR="$DESTDIR" install 
4 15-08-20 14:52:39 [44/662/662] [gtk-doc-stub] Running strip-commands
4 15-08-20 14:52:39 [44/662/662] [gtk-doc-stub] Running command:
find "$DESTDIR" -type f \
  '(' -perm -111 -o -name '*.so*' -o -name '*.cmxs' -o -name '*.node' ')' \
  -exec sh -ec \
  'read -n4 hdr <"$1"   # check for elf header
  if [ "$hdr" != "$(printf \x7ELF)" ]; then
    exit 0
  fi
  debugfile="$DESTDIR$PREFIX/lib/debug/$(basename "$1")"
  mkdir -p "$(dirname "$debugfile")"
  objcopy --only-keep-debug "$1" "$debugfile"
  chmod 644 "$debugfile"
  strip --remove-section=.comment --remove-section=.note --strip-unneeded "$1"
  objcopy --add-gnu-debuglink "$debugfile" "$1"' - {} ';'
 
4 15-08-20 14:52:39 [44/662/662] [gtk-doc-stub] Elapsed time for build 00:00:00
4 15-08-20 14:52:39 [44/662/662] [gtk-doc-stub] Starting artifact creation 
4 15-08-20 14:52:39 [44/662/662] [gtk-doc-stub] splitting chunk 
4 15-08-20 14:52:39 [44/662/662] [gtk-doc-stub] Now cached 2344 bytes as gtk-doc-stub.45f18332077d7896270e9cbb5d54789b48afa9afae40d931ee1a52cb9ee036d8
4 15-08-20 14:52:39 [44/662/662] [gtk-doc-stub] Elapsed time for artifact creation 00:00:00
4 15-08-20 14:52:39 [44/662/662] [gtk-doc-stub] Cleaned up /src/tmp/tmpnRv_WU
4 15-08-20 14:52:39 [44/662/662] [gtk-doc-stub] Elapsed time for assembly 00:00:01
4 15-08-20 14:52:39 [44/662/662] [glib-common] Installing gtk-doc-stub.45f18332077d7896270e9cbb5d54789b48afa9afae40d931ee1a52cb9ee036d8 
4 15-08-20 14:52:39 [44/662/662] [gtk-doc-stub] loaded metadata for gtk-doc-stub
4 15-08-20 14:52:40 [44/662/662] [gobject-introspection] Starting assembly 
4 15-08-20 14:52:40 [44/662/662] [glib] Starting assembly 
4 15-08-20 14:52:40 [44/662/662] [core] loaded metadata for core
4 15-08-20 14:52:40 [44/662/662] [glib] Installing core.ff2bf428e04196e1f178b1d14eff9408a9ec0c298bbaf6872a6547da7efac9cf 
4 15-08-20 14:52:41 [45/662/662] [glib] Starting build 
4 15-08-20 14:52:41 [45/662/662] [glib] Git checkout upstream:glib in /src/tmp/tmp7NC56K/glib.build 
4 15-08-20 14:52:41 [45/662/662] [glib] Upstream version 966ffb16 2.44.0 (2.44.0 + 0 commits) 
4 15-08-20 14:52:41 [45/662/662] [glib] Autodetected build system is autotools
4 15-08-20 14:52:41 [45/662/662] [glib] Logging build commands to /src/artifacts/glib.67ed042fdcce5d1b650d7710b20a57d5f5e03fdfbdcc1cbc2bac9cc86934f815.build-log.4 
4 15-08-20 14:52:41 [45/662/662] [glib] Running configure-commands
4 15-08-20 14:52:41 [45/662/662] [glib] Running command:
export NOCONFIGURE=1
if [ -e autogen ]; then ./autogen
elif [ -e autogen.sh ]; then ./autogen.sh
elif [ ! -e ./configure ]; then autoreconf -ivf
fi
./configure --prefix="$PREFIX"
 
3 15-08-20 14:52:45 [69/662/662] [diff] Running configure-commands
3 15-08-20 14:52:45 [69/662/662] [diff] Running command:
./configure --prefix="$PREFIX" --disable-gcc-warnings 
3 15-08-20 14:53:06 [69/662/662] [diff] Running build-commands
3 15-08-20 14:53:06 [69/662/662] [diff] Running command:
make 
3 15-08-20 14:53:09 [69/662/662] [diff] Running install-commands
3 15-08-20 14:53:09 [69/662/662] [diff] Running command:
make DESTDIR="$DESTDIR" install 
3 15-08-20 14:53:09 [69/662/662] [diff] Running strip-commands
3 15-08-20 14:53:09 [69/662/662] [diff] Running command:
find "$DESTDIR" -type f \
  '(' -perm -111 -o -name '*.so*' -o -name '*.cmxs' -o -name '*.node' ')' \
  -exec sh -ec \
  'read -n4 hdr <"$1"   # check for elf header
  if [ "$hdr" != "$(printf \x7ELF)" ]; then
    exit 0
  fi
  debugfile="$DESTDIR$PREFIX/lib/debug/$(basename "$1")"
  mkdir -p "$(dirname "$debugfile")"
  objcopy --only-keep-debug "$1" "$debugfile"
  chmod 644 "$debugfile"
  strip --remove-section=.comment --remove-section=.note --strip-unneeded "$1"
  objcopy --add-gnu-debuglink "$debugfile" "$1"' - {} ';'
 
4 15-08-20 14:53:10 [45/662/662] [glib] Running build-commands
4 15-08-20 14:53:10 [45/662/662] [glib] Running command:
make 
3 15-08-20 14:53:09 [69/662/662] [diff] Elapsed time for build 00:00:55
3 15-08-20 14:53:09 [69/662/662] [diff] Starting artifact creation 
3 15-08-20 14:53:09 [69/662/662] [diff] splitting chunk 
3 15-08-20 14:53:10 [69/662/662] [diff] Now cached 481848 bytes as diff.efd76a79cc437868e7248afe36cb4ddf5eac38a7b1197405cf4a873143017a48
3 15-08-20 14:53:10 [69/662/662] [diff] Elapsed time for artifact creation 00:00:00
3 15-08-20 14:53:10 [69/662/662] [diff] Cleaned up /src/tmp/tmplfRaRR
3 15-08-20 14:53:10 [69/662/662] [diff] Elapsed time for assembly 00:03:10
3 15-08-20 14:53:10 [69/662/662] [coreutils-common] Installing diff.efd76a79cc437868e7248afe36cb4ddf5eac38a7b1197405cf4a873143017a48 
3 15-08-20 14:53:10 [69/662/662] [diff] loaded metadata for strata/coreutils-common/diff.morph
3 15-08-20 14:53:11 [69/662/662] [findutils] Starting assembly 
3 15-08-20 14:53:11 [69/662/662] [core] loaded metadata for core
3 15-08-20 14:53:11 [69/662/662] [findutils] Installing core.ff2bf428e04196e1f178b1d14eff9408a9ec0c298bbaf6872a6547da7efac9cf 
3 15-08-20 14:53:12 [70/662/662] [findutils] Starting build 
3 15-08-20 14:53:12 [70/662/662] [findutils] Git checkout upstream:findutils in /src/tmp/tmp2B3qOj/findutils.build 
3 15-08-20 14:53:12 [70/662/662] [findutils] Upstream version ee6b2554 v4.5.14-1-gee6b255 (v4.5.14 + 1 commits) 
3 15-08-20 14:53:12 [70/662/662] [findutils] Git submodules 
3 15-08-20 14:53:13 [70/662/662] [findutils] Git checkout upstream:gnulib in /src/tmp/tmp2B3qOj/findutils.build/gnulib 
3 15-08-20 14:53:13 [70/662/662] [findutils] Upstream version 94ee0381 v0.1-126-g94ee038 (v0.1 + 126 commits) 
3 15-08-20 14:53:13 [70/662/662] [findutils] Defined build system is autotools
3 15-08-20 14:53:13 [70/662/662] [findutils] Logging build commands to /src/artifacts/findutils.ef06309e7716ab8e05100b8dc86118a0def5e8fe658bce05b8de452e61c40b86.build-log.3 
3 15-08-20 14:53:13 [70/662/662] [findutils] Running pre-configure-commands
3 15-08-20 14:53:13 [70/662/662] [findutils] Running command:
./import-gnulib.sh -d gnulib 
4 15-08-20 14:53:29 [45/662/662] [glib] Running install-commands
4 15-08-20 14:53:29 [45/662/662] [glib] Running command:
make DESTDIR="$DESTDIR" install 
4 15-08-20 14:53:33 [45/662/662] [glib] Running strip-commands
4 15-08-20 14:53:33 [45/662/662] [glib] Running command:
find "$DESTDIR" -type f \
  '(' -perm -111 -o -name '*.so*' -o -name '*.cmxs' -o -name '*.node' ')' \
  -exec sh -ec \
  'read -n4 hdr <"$1"   # check for elf header
  if [ "$hdr" != "$(printf \x7ELF)" ]; then
    exit 0
  fi
  debugfile="$DESTDIR$PREFIX/lib/debug/$(basename "$1")"
  mkdir -p "$(dirname "$debugfile")"
  objcopy --only-keep-debug "$1" "$debugfile"
  chmod 644 "$debugfile"
  strip --remove-section=.comment --remove-section=.note --strip-unneeded "$1"
  objcopy --add-gnu-debuglink "$debugfile" "$1"' - {} ';'
 
4 15-08-20 14:53:34 [45/662/662] [glib] Elapsed time for build 00:00:53
4 15-08-20 14:53:34 [45/662/662] [glib] Starting artifact creation 
4 15-08-20 14:53:34 [45/662/662] [glib] splitting chunk 
4 15-08-20 14:53:40 [45/662/662] [glib] Now cached 7247560 bytes as glib.67ed042fdcce5d1b650d7710b20a57d5f5e03fdfbdcc1cbc2bac9cc86934f815
4 15-08-20 14:53:40 [45/662/662] [glib] Elapsed time for artifact creation 00:00:06
4 15-08-20 14:53:41 [45/662/662] [glib] Cleaned up /src/tmp/tmp7NC56K
4 15-08-20 14:53:41 [45/662/662] [glib] Elapsed time for assembly 00:01:00
4 15-08-20 14:53:41 [45/662/662] [gobject-introspection] Installing glib.67ed042fdcce5d1b650d7710b20a57d5f5e03fdfbdcc1cbc2bac9cc86934f815 
4 15-08-20 14:53:41 [45/662/662] [glib] loaded metadata for glib
4 15-08-20 14:53:41 [45/662/662] [core] loaded metadata for core
4 15-08-20 14:53:41 [46/662/662] [gobject-introspection] Starting build 
4 15-08-20 14:53:42 [46/662/662] [gobject-introspection] Git checkout upstream:gobject-introspection in /src/tmp/tmphs_D_F/gobject-introspection.build 
4 15-08-20 14:53:42 [46/662/662] [gobject-introspection] Upstream version c0243e11 GOBJECT_INTROSPECTION_1_44_0 (GOBJECT_INTROSPECTION_1_44_0 + 0 commits) 
4 15-08-20 14:53:42 [46/662/662] [gobject-introspection] Autodetected build system is autotools
4 15-08-20 14:53:42 [46/662/662] [gobject-introspection] Logging build commands to /src/artifacts/gobject-introspection.98b585db3369dd78c43af31a661b0b547f6b5dcac9d920b5aaed97bfed5ea47e.build-log.4 
4 15-08-20 14:53:42 [46/662/662] [gobject-introspection] Running configure-commands
4 15-08-20 14:53:42 [46/662/662] [gobject-introspection] Running command:
export NOCONFIGURE=1
if [ -e autogen ]; then ./autogen
elif [ -e autogen.sh ]; then ./autogen.sh
elif [ ! -e ./configure ]; then autoreconf -ivf
fi
./configure --prefix="$PREFIX"
 
4 15-08-20 14:53:53 [46/662/662] [gobject-introspection] Running build-commands
4 15-08-20 14:53:53 [46/662/662] [gobject-introspection] Running command:
make 
3 15-08-20 14:53:54 [70/662/662] [findutils] Running configure-commands
3 15-08-20 14:53:54 [70/662/662] [findutils] Running command:
export NOCONFIGURE=1
if [ -e autogen ]; then ./autogen
elif [ -e autogen.sh ]; then ./autogen.sh
elif [ ! -e ./configure ]; then autoreconf -ivf
fi
./configure --prefix="$PREFIX"
 
4 15-08-20 14:54:07 [46/662/662] [gobject-introspection] Running install-commands
4 15-08-20 14:54:07 [46/662/662] [gobject-introspection] Running command:
make DESTDIR="$DESTDIR" install 
4 15-08-20 14:54:08 [46/662/662] [gobject-introspection] Running strip-commands
4 15-08-20 14:54:08 [46/662/662] [gobject-introspection] Running command:
find "$DESTDIR" -type f \
  '(' -perm -111 -o -name '*.so*' -o -name '*.cmxs' -o -name '*.node' ')' \
  -exec sh -ec \
  'read -n4 hdr <"$1"   # check for elf header
  if [ "$hdr" != "$(printf \x7ELF)" ]; then
    exit 0
  fi
  debugfile="$DESTDIR$PREFIX/lib/debug/$(basename "$1")"
  mkdir -p "$(dirname "$debugfile")"
  objcopy --only-keep-debug "$1" "$debugfile"
  chmod 644 "$debugfile"
  strip --remove-section=.comment --remove-section=.note --strip-unneeded "$1"
  objcopy --add-gnu-debuglink "$debugfile" "$1"' - {} ';'
 
4 15-08-20 14:54:08 [46/662/662] [gobject-introspection] Elapsed time for build 00:00:26
4 15-08-20 14:54:08 [46/662/662] [gobject-introspection] Starting artifact creation 
4 15-08-20 14:54:08 [46/662/662] [gobject-introspection] splitting chunk 
4 15-08-20 14:54:12 [46/662/662] [gobject-introspection] Now cached 2688621 bytes as gobject-introspection.98b585db3369dd78c43af31a661b0b547f6b5dcac9d920b5aaed97bfed5ea47e
4 15-08-20 14:54:12 [46/662/662] [gobject-introspection] Elapsed time for artifact creation 00:00:03
4 15-08-20 14:54:12 [46/662/662] [gobject-introspection] Cleaned up /src/tmp/tmphs_D_F
4 15-08-20 14:54:12 [46/662/662] [gobject-introspection] Elapsed time for assembly 00:01:31
4 15-08-20 14:54:12 [46/662/662] [glib-common] Installing gobject-introspection.98b585db3369dd78c43af31a661b0b547f6b5dcac9d920b5aaed97bfed5ea47e 
4 15-08-20 14:54:12 [46/662/662] [gobject-introspection] loaded metadata for gobject-introspection
4 15-08-20 14:54:12 [46/662/662] [gnome-common] Starting assembly 
4 15-08-20 14:54:12 [46/662/662] [core] loaded metadata for core
4 15-08-20 14:54:12 [46/662/662] [gnome-common] Installing core.ff2bf428e04196e1f178b1d14eff9408a9ec0c298bbaf6872a6547da7efac9cf 
4 15-08-20 14:54:13 [47/662/662] [gnome-common] Starting build 
4 15-08-20 14:54:13 [47/662/662] [gnome-common] Git checkout upstream:gnome-common in /src/tmp/tmpJ7bCyA/gnome-common.build 
4 15-08-20 14:54:13 [47/662/662] [gnome-common] Upstream version 5d61b55e 3.14.0 (3.14.0 + 0 commits) 
4 15-08-20 14:54:13 [47/662/662] [gnome-common] Autodetected build system is autotools
4 15-08-20 14:54:13 [47/662/662] [gnome-common] Logging build commands to /src/artifacts/gnome-common.0b2714bf58ab8ff61b83b5f2816c5204ea588b0c9a6a01a23ff263bd3e95ebbb.build-log.4 
4 15-08-20 14:54:13 [47/662/662] [gnome-common] Running configure-commands
4 15-08-20 14:54:13 [47/662/662] [gnome-common] Running command:
export NOCONFIGURE=1
if [ -e autogen ]; then ./autogen
elif [ -e autogen.sh ]; then ./autogen.sh
elif [ ! -e ./configure ]; then autoreconf -ivf
fi
./configure --prefix="$PREFIX"
 
4 15-08-20 14:54:17 [47/662/662] [gnome-common] Running build-commands
4 15-08-20 14:54:17 [47/662/662] [gnome-common] Running command:
make 
4 15-08-20 14:54:17 [47/662/662] [gnome-common] Running install-commands
4 15-08-20 14:54:17 [47/662/662] [gnome-common] Running command:
make DESTDIR="$DESTDIR" install 
4 15-08-20 14:54:17 [47/662/662] [gnome-common] Running strip-commands
4 15-08-20 14:54:17 [47/662/662] [gnome-common] Running command:
find "$DESTDIR" -type f \
  '(' -perm -111 -o -name '*.so*' -o -name '*.cmxs' -o -name '*.node' ')' \
  -exec sh -ec \
  'read -n4 hdr <"$1"   # check for elf header
  if [ "$hdr" != "$(printf \x7ELF)" ]; then
    exit 0
  fi
  debugfile="$DESTDIR$PREFIX/lib/debug/$(basename "$1")"
  mkdir -p "$(dirname "$debugfile")"
  objcopy --only-keep-debug "$1" "$debugfile"
  chmod 644 "$debugfile"
  strip --remove-section=.comment --remove-section=.note --strip-unneeded "$1"
  objcopy --add-gnu-debuglink "$debugfile" "$1"' - {} ';'
 
4 15-08-20 14:54:17 [47/662/662] [gnome-common] Elapsed time for build 00:00:04
4 15-08-20 14:54:17 [47/662/662] [gnome-common] Starting artifact creation 
4 15-08-20 14:54:17 [47/662/662] [gnome-common] splitting chunk 
4 15-08-20 14:54:17 [47/662/662] [gnome-common] Now cached 12348 bytes as gnome-common.0b2714bf58ab8ff61b83b5f2816c5204ea588b0c9a6a01a23ff263bd3e95ebbb
4 15-08-20 14:54:17 [47/662/662] [gnome-common] Elapsed time for artifact creation 00:00:00
4 15-08-20 14:54:17 [47/662/662] [gnome-common] Cleaned up /src/tmp/tmpJ7bCyA
4 15-08-20 14:54:17 [47/662/662] [gnome-common] Elapsed time for assembly 00:00:05
4 15-08-20 14:54:17 [47/662/662] [glib-common] Installing gnome-common.0b2714bf58ab8ff61b83b5f2816c5204ea588b0c9a6a01a23ff263bd3e95ebbb 
4 15-08-20 14:54:17 [47/662/662] [gnome-common] loaded metadata for gnome-common
4 15-08-20 14:54:17 [47/662/662] [glib] loaded metadata for glib
4 15-08-20 14:54:17 [48/662/662] [glib-common] Starting build 
4 15-08-20 14:54:17 [48/662/662] [glib-common] Defined build system is manual
4 15-08-20 14:54:17 [48/662/662] [glib-common] Logging build commands to /src/artifacts/glib-common.8fcf5243d4a47abdde59ce9f8c4220eabe565fd7916c8e5160be84009a9f5a1c.build-log.4 
4 15-08-20 14:54:17 [48/662/662] [glib-common] Elapsed time for build 00:00:00
4 15-08-20 14:54:17 [48/662/662] [glib-common] Starting artifact creation 
4 15-08-20 14:54:17 [48/662/662] [glib-common] splitting stratum 
4 15-08-20 14:54:17 [48/662/662] [glib-common] Now cached 330 bytes as glib-common.8fcf5243d4a47abdde59ce9f8c4220eabe565fd7916c8e5160be84009a9f5a1c
4 15-08-20 14:54:17 [48/662/662] [glib-common] Elapsed time for artifact creation 00:00:00
4 15-08-20 14:54:18 [48/662/662] [glib-common] Cleaned up /src/tmp/tmpK6hjDv
4 15-08-20 14:54:18 [48/662/662] [glib-common] Elapsed time for assembly 00:01:39
4 15-08-20 14:54:18 [48/662/662] [harfbuzz] Installing glib-common.8fcf5243d4a47abdde59ce9f8c4220eabe565fd7916c8e5160be84009a9f5a1c 
4 15-08-20 14:54:18 [48/662/662] [glib-common] loaded metadata for strata/glib-common.morph
4 15-08-20 14:54:18 [48/662/662] [mesa-common] Starting assembly 
4 15-08-20 14:54:18 [48/662/662] [mesa] Starting assembly 
4 15-08-20 14:54:18 [48/662/662] [libdrm-common] Starting assembly 
4 15-08-20 14:54:18 [48/662/662] [drm] Starting assembly 
4 15-08-20 14:54:18 [48/662/662] [xorg-lib-libpciaccess] Starting assembly 
4 15-08-20 14:54:18 [48/662/662] [xorg-util-macros-common] loaded metadata for xorg-util-macros-common
4 15-08-20 14:54:18 [48/662/662] [xorg-lib-libpciaccess] Installing xorg-util-macros-common.4bf7b18484ae2232f1f9dff8736d32fd91764ce1ea620f2ec1e421a277dffd98 
4 15-08-20 14:54:19 [49/662/662] [xorg-lib-libpciaccess] Starting build 
4 15-08-20 14:54:19 [49/662/662] [xorg-lib-libpciaccess] Git checkout upstream:xorg-lib-libpciaccess in /src/tmp/tmppqfPPA/xorg-lib-libpciaccess.build 
4 15-08-20 14:54:19 [49/662/662] [xorg-lib-libpciaccess] Upstream version f99c2e41 libpciaccess-0.13.3 (libpciaccess-0.13.3 + 0 commits) 
4 15-08-20 14:54:19 [49/662/662] [xorg-lib-libpciaccess] Autodetected build system is autotools
4 15-08-20 14:54:19 [49/662/662] [xorg-lib-libpciaccess] Logging build commands to /src/artifacts/xorg-lib-libpciaccess.9c632d5eacbea0c8d2e31343abd8907640c8408d646ab94b1070643eff27c627.build-log.4 
4 15-08-20 14:54:19 [49/662/662] [xorg-lib-libpciaccess] Running configure-commands
4 15-08-20 14:54:19 [49/662/662] [xorg-lib-libpciaccess] Running command:
export NOCONFIGURE=1
if [ -e autogen ]; then ./autogen
elif [ -e autogen.sh ]; then ./autogen.sh
elif [ ! -e ./configure ]; then autoreconf -ivf
fi
./configure --prefix="$PREFIX"
 
3 15-08-20 14:54:26 [70/662/662] [findutils] Running build-commands
3 15-08-20 14:54:26 [70/662/662] [findutils] Running command:
make 
4 15-08-20 14:54:28 [49/662/662] [xorg-lib-libpciaccess] Running build-commands
4 15-08-20 14:54:28 [49/662/662] [xorg-lib-libpciaccess] Running command:
make 
4 15-08-20 14:54:29 [49/662/662] [xorg-lib-libpciaccess] Running install-commands
4 15-08-20 14:54:29 [49/662/662] [xorg-lib-libpciaccess] Running command:
make DESTDIR="$DESTDIR" install 
4 15-08-20 14:54:29 [49/662/662] [xorg-lib-libpciaccess] Running strip-commands
4 15-08-20 14:54:29 [49/662/662] [xorg-lib-libpciaccess] Running command:
find "$DESTDIR" -type f \
  '(' -perm -111 -o -name '*.so*' -o -name '*.cmxs' -o -name '*.node' ')' \
  -exec sh -ec \
  'read -n4 hdr <"$1"   # check for elf header
  if [ "$hdr" != "$(printf \x7ELF)" ]; then
    exit 0
  fi
  debugfile="$DESTDIR$PREFIX/lib/debug/$(basename "$1")"
  mkdir -p "$(dirname "$debugfile")"
  objcopy --only-keep-debug "$1" "$debugfile"
  chmod 644 "$debugfile"
  strip --remove-section=.comment --remove-section=.note --strip-unneeded "$1"
  objcopy --add-gnu-debuglink "$debugfile" "$1"' - {} ';'
 
4 15-08-20 14:54:29 [49/662/662] [xorg-lib-libpciaccess] Elapsed time for build 00:00:09
4 15-08-20 14:54:29 [49/662/662] [xorg-lib-libpciaccess] Starting artifact creation 
4 15-08-20 14:54:29 [49/662/662] [xorg-lib-libpciaccess] splitting chunk 
4 15-08-20 14:54:29 [49/662/662] [xorg-lib-libpciaccess] Now cached 129547 bytes as xorg-lib-libpciaccess.9c632d5eacbea0c8d2e31343abd8907640c8408d646ab94b1070643eff27c627
4 15-08-20 14:54:29 [49/662/662] [xorg-lib-libpciaccess] Elapsed time for artifact creation 00:00:00
4 15-08-20 14:54:29 [49/662/662] [xorg-lib-libpciaccess] Cleaned up /src/tmp/tmppqfPPA
4 15-08-20 14:54:29 [49/662/662] [xorg-lib-libpciaccess] Elapsed time for assembly 00:00:11
4 15-08-20 14:54:29 [49/662/662] [drm] Installing xorg-lib-libpciaccess.9c632d5eacbea0c8d2e31343abd8907640c8408d646ab94b1070643eff27c627 
4 15-08-20 14:54:29 [49/662/662] [xorg-lib-libpciaccess] loaded metadata for xorg-lib-libpciaccess
4 15-08-20 14:54:30 [49/662/662] [xorg-util-macros-common] loaded metadata for xorg-util-macros-common
4 15-08-20 14:54:30 [50/662/662] [drm] Starting build 
4 15-08-20 14:54:30 [50/662/662] [drm] Git checkout upstream:drm in /src/tmp/tmpfH1kwc/drm.build 
4 15-08-20 14:54:30 [50/662/662] [drm] Upstream version 5f7b6723 libdrm-2.4.60 (libdrm-2.4.60 + 0 commits) 
4 15-08-20 14:54:30 [50/662/662] [drm] Defined build system is autotools
4 15-08-20 14:54:30 [50/662/662] [drm] Logging build commands to /src/artifacts/drm.cb28decc3e36c3fa9f213e8d1f1c968cbfdd3c1f70952797f1a52685aa90b807.build-log.4 
4 15-08-20 14:54:30 [50/662/662] [drm] Running pre-configure-commands
4 15-08-20 14:54:30 [50/662/662] [drm] Running command:
sed -i '/NOUVEAU_GEM_DOMAIN_MAPPABLE  (1 << 3)/a#define NOUVEAU_GEM_DOMAIN_COHERENT  (1 << 4)' include/drm/nouveau_drm.h 
4 15-08-20 14:54:30 [50/662/662] [drm] Running command:
sed -i '/info->domain |= NOUVEAU_GEM_DOMAIN_MAPPABLE;/a\
    if (bo->flags & NOUVEAU_BO_COHERENT)\
        info->domain |= NOUVEAU_GEM_DOMAIN_COHERENT;' nouveau/abi16.c
 
4 15-08-20 14:54:30 [50/662/662] [drm] Running command:
sed -i '/NOUVEAU_BO_NOSNOOP 0x20000000/a#define NOUVEAU_BO_COHERENT 0x10000000' nouveau/nouveau.h 
4 15-08-20 14:54:30 [50/662/662] [drm] Running configure-commands
4 15-08-20 14:54:30 [50/662/662] [drm] Running command:
NOCONFIGURE=1 ./autogen.sh 
3 15-08-20 14:54:31 [70/662/662] [findutils] Running install-commands
3 15-08-20 14:54:31 [70/662/662] [findutils] Running command:
make DESTDIR="$DESTDIR" install 
3 15-08-20 14:54:32 [70/662/662] [findutils] Running strip-commands
3 15-08-20 14:54:32 [70/662/662] [findutils] Running command:
find "$DESTDIR" -type f \
  '(' -perm -111 -o -name '*.so*' -o -name '*.cmxs' -o -name '*.node' ')' \
  -exec sh -ec \
  'read -n4 hdr <"$1"   # check for elf header
  if [ "$hdr" != "$(printf \x7ELF)" ]; then
    exit 0
  fi
  debugfile="$DESTDIR$PREFIX/lib/debug/$(basename "$1")"
  mkdir -p "$(dirname "$debugfile")"
  objcopy --only-keep-debug "$1" "$debugfile"
  chmod 644 "$debugfile"
  strip --remove-section=.comment --remove-section=.note --strip-unneeded "$1"
  objcopy --add-gnu-debuglink "$debugfile" "$1"' - {} ';'
 
3 15-08-20 14:54:32 [70/662/662] [findutils] Elapsed time for build 00:01:20
3 15-08-20 14:54:32 [70/662/662] [findutils] Starting artifact creation 
3 15-08-20 14:54:32 [70/662/662] [findutils] splitting chunk 
3 15-08-20 14:54:33 [70/662/662] [findutils] Now cached 1438379 bytes as findutils.ef06309e7716ab8e05100b8dc86118a0def5e8fe658bce05b8de452e61c40b86
3 15-08-20 14:54:33 [70/662/662] [findutils] Elapsed time for artifact creation 00:00:01
3 15-08-20 14:54:34 [70/662/662] [findutils] Cleaned up /src/tmp/tmp2B3qOj
3 15-08-20 14:54:34 [70/662/662] [findutils] Elapsed time for assembly 00:01:22
3 15-08-20 14:54:34 [70/662/662] [coreutils-common] Installing findutils.ef06309e7716ab8e05100b8dc86118a0def5e8fe658bce05b8de452e61c40b86 
3 15-08-20 14:54:34 [70/662/662] [findutils] loaded metadata for strata/coreutils-common/findutils.morph
3 15-08-20 14:54:34 [70/662/662] [coreutils] loaded metadata for coreutils
3 15-08-20 14:54:34 [70/662/662] [sed] Starting assembly 
3 15-08-20 14:54:34 [70/662/662] [coreutils] loaded metadata for coreutils
3 15-08-20 14:54:34 [70/662/662] [sed] Installing coreutils.59ecc1111fe0becf4876613c6b0f300bf74ca9206e1d285a8564fc1f62bc93c7 
3 15-08-20 14:54:35 [70/662/662] [core] loaded metadata for core
3 15-08-20 14:54:35 [71/662/662] [sed] Starting build 
3 15-08-20 14:54:35 [71/662/662] [sed] Git checkout upstream:sed in /src/tmp/tmpMRwGZI/sed.build 
3 15-08-20 14:54:35 [71/662/662] [sed] Upstream version ed4b1d7c v4.2.2-64-ged4b1d7 (v4.2.2 + 64 commits) 
3 15-08-20 14:54:35 [71/662/662] [sed] Git submodules 
3 15-08-20 14:54:36 [71/662/662] [sed] Git checkout upstream:gnulib in /src/tmp/tmpMRwGZI/sed.build/gnulib 
3 15-08-20 14:54:36 [71/662/662] [sed] Upstream version aecd3878 v0.1-311-gaecd387 (v0.1 + 311 commits) 
3 15-08-20 14:54:36 [71/662/662] [sed] Defined build system is autotools
3 15-08-20 14:54:36 [71/662/662] [sed] Logging build commands to /src/artifacts/sed.9e95de84d2de20be702bc581eae7ae62175c5d6bec4b1a8d92bcab732c6c5664.build-log.3 
3 15-08-20 14:54:36 [71/662/662] [sed] Running pre-configure-commands
3 15-08-20 14:54:36 [71/662/662] [sed] Running command:
sed -i -e '/^buildreq="/,/^"/{/rsync/d}' bootstrap.conf 
3 15-08-20 14:54:36 [71/662/662] [sed] Running command:
./bootstrap --skip-po --no-git --gnulib-srcdir=gnulib 
4 15-08-20 14:54:37 [50/662/662] [drm] Running command:
./configure --prefix="$PREFIX" --enable-tegra-experimental-api --enable-freedreno-experimental-api 
4 15-08-20 14:54:41 [50/662/662] [drm] Running build-commands
4 15-08-20 14:54:41 [50/662/662] [drm] Running command:
make 
4 15-08-20 14:54:47 [50/662/662] [drm] Running install-commands
4 15-08-20 14:54:47 [50/662/662] [drm] Running command:
make DESTDIR="$DESTDIR" install 
4 15-08-20 14:54:49 [50/662/662] [drm] Running strip-commands
4 15-08-20 14:54:49 [50/662/662] [drm] Running command:
find "$DESTDIR" -type f \
  '(' -perm -111 -o -name '*.so*' -o -name '*.cmxs' -o -name '*.node' ')' \
  -exec sh -ec \
  'read -n4 hdr <"$1"   # check for elf header
  if [ "$hdr" != "$(printf \x7ELF)" ]; then
    exit 0
  fi
  debugfile="$DESTDIR$PREFIX/lib/debug/$(basename "$1")"
  mkdir -p "$(dirname "$debugfile")"
  objcopy --only-keep-debug "$1" "$debugfile"
  chmod 644 "$debugfile"
  strip --remove-section=.comment --remove-section=.note --strip-unneeded "$1"
  objcopy --add-gnu-debuglink "$debugfile" "$1"' - {} ';'
 
4 15-08-20 14:54:49 [50/662/662] [drm] Elapsed time for build 00:00:18
4 15-08-20 14:54:49 [50/662/662] [drm] Starting artifact creation 
4 15-08-20 14:54:49 [50/662/662] [drm] splitting chunk 
4 15-08-20 14:54:49 [50/662/662] [drm] Now cached 415825 bytes as drm.cb28decc3e36c3fa9f213e8d1f1c968cbfdd3c1f70952797f1a52685aa90b807
4 15-08-20 14:54:49 [50/662/662] [drm] Elapsed time for artifact creation 00:00:00
4 15-08-20 14:54:49 [50/662/662] [drm] Cleaned up /src/tmp/tmpfH1kwc
4 15-08-20 14:54:49 [50/662/662] [drm] Elapsed time for assembly 00:00:31
4 15-08-20 14:54:49 [50/662/662] [libdrm-common] Installing drm.cb28decc3e36c3fa9f213e8d1f1c968cbfdd3c1f70952797f1a52685aa90b807 
4 15-08-20 14:54:49 [50/662/662] [drm] loaded metadata for strata/libdrm-common/drm.morph
4 15-08-20 14:54:50 [50/662/662] [xorg-lib-libpciaccess] loaded metadata for xorg-lib-libpciaccess
4 15-08-20 14:54:50 [51/662/662] [libdrm-common] Starting build 
4 15-08-20 14:54:50 [51/662/662] [libdrm-common] Defined build system is manual
4 15-08-20 14:54:50 [51/662/662] [libdrm-common] Logging build commands to /src/artifacts/libdrm-common.9394614dfd93e08e72c763dc87e933431c475d1bd9fb8252c5dde690fe22b353.build-log.4 
4 15-08-20 14:54:50 [51/662/662] [libdrm-common] Elapsed time for build 00:00:00
4 15-08-20 14:54:50 [51/662/662] [libdrm-common] Starting artifact creation 
4 15-08-20 14:54:50 [51/662/662] [libdrm-common] splitting stratum 
4 15-08-20 14:54:50 [51/662/662] [libdrm-common] Now cached 283 bytes as libdrm-common.9394614dfd93e08e72c763dc87e933431c475d1bd9fb8252c5dde690fe22b353
4 15-08-20 14:54:50 [51/662/662] [libdrm-common] Elapsed time for artifact creation 00:00:00
4 15-08-20 14:54:50 [51/662/662] [libdrm-common] Cleaned up /src/tmp/tmphTrYK0
4 15-08-20 14:54:50 [51/662/662] [libdrm-common] Elapsed time for assembly 00:00:32
4 15-08-20 14:54:50 [51/662/662] [mesa] Installing libdrm-common.9394614dfd93e08e72c763dc87e933431c475d1bd9fb8252c5dde690fe22b353 
4 15-08-20 14:54:50 [51/662/662] [libdrm-common] loaded metadata for strata/libdrm-common.morph
4 15-08-20 14:54:51 [51/662/662] [python-core] loaded metadata for python-core
4 15-08-20 14:54:51 [51/662/662] [mesa] Installing python-core.261eee184c937af51171a7c719d79a2edd0ec39c0b6469ff39385909fc9dfcd2 
4 15-08-20 14:54:51 [51/662/662] [python-core] loaded metadata for strata/python-core.morph
4 15-08-20 14:54:51 [51/662/662] [python-setuptools] loaded metadata for strata/core/python-setuptools.morph
4 15-08-20 14:54:51 [51/662/662] [mako] loaded metadata for mako
4 15-08-20 14:54:51 [51/662/662] [pip] loaded metadata for pip
4 15-08-20 14:54:51 [51/662/662] [pbr] loaded metadata for pbr
4 15-08-20 14:54:51 [51/662/662] [python-requests] loaded metadata for python-requests
4 15-08-20 14:54:51 [51/662/662] [six] loaded metadata for six
4 15-08-20 14:54:51 [51/662/662] [pyyaml] loaded metadata for strata/python-core/pyyaml.morph
4 15-08-20 14:54:51 [51/662/662] [python-lxml] loaded metadata for python-lxml
4 15-08-20 14:54:51 [51/662/662] [python-markdown] loaded metadata for python-markdown
4 15-08-20 14:54:51 [51/662/662] [foundation] Starting assembly 
4 15-08-20 14:54:51 [51/662/662] [pciutils] Starting assembly 
4 15-08-20 14:54:51 [51/662/662] [coreutils-common] Starting assembly 
4 15-08-20 14:54:51 [51/662/662] [coreutils] loaded metadata for coreutils
4 15-08-20 14:54:51 [51/662/662] [coreutils-common] Installing coreutils.59ecc1111fe0becf4876613c6b0f300bf74ca9206e1d285a8564fc1f62bc93c7 
4 15-08-20 14:54:51 [51/662/662] [coreutils] loaded metadata for strata/coreutils-common/coreutils.morph
4 15-08-20 14:54:52 [51/662/662] [findutils] loaded metadata for findutils
4 15-08-20 14:54:52 [51/662/662] [coreutils-common] Installing findutils.ef06309e7716ab8e05100b8dc86118a0def5e8fe658bce05b8de452e61c40b86 
4 15-08-20 14:54:52 [51/662/662] [findutils] loaded metadata for strata/coreutils-common/findutils.morph
4 15-08-20 14:54:52 [51/662/662] [tar] Starting assembly 
4 15-08-20 14:54:52 [51/662/662] [core] loaded metadata for core
4 15-08-20 14:54:52 [51/662/662] [tar] Installing core.ff2bf428e04196e1f178b1d14eff9408a9ec0c298bbaf6872a6547da7efac9cf 
4 15-08-20 14:54:52 [51/662/662] [coreutils] loaded metadata for coreutils
4 15-08-20 14:54:52 [51/662/662] [tar] Installing coreutils.59ecc1111fe0becf4876613c6b0f300bf74ca9206e1d285a8564fc1f62bc93c7 
4 15-08-20 14:54:52 [52/662/662] [tar] Starting build 
4 15-08-20 14:54:52 [52/662/662] [tar] Git checkout upstream:tar in /src/tmp/tmpcBqih6/tar.build 
4 15-08-20 14:54:53 [52/662/662] [tar] Upstream version 9a58d148 release_1_28-1-g9a58d14 (release_1_28 + 1 commits) 
4 15-08-20 14:54:53 [52/662/662] [tar] Git submodules 
4 15-08-20 14:54:53 [52/662/662] [tar] Try fetching tarball git___git_baserock_org_delta_paxutils.tar 
4 15-08-20 14:54:55 [52/662/662] [tar] Git repo is mirrored at /src/gits/git___git_baserock_org_delta_paxutils
4 15-08-20 14:54:55 [52/662/662] [tar] Git checkout upstream:paxutils in /src/tmp/tmpcBqih6/tar.build/paxutils 
4 15-08-20 14:54:55 [52/662/662] [tar] Upstream version 45af1632 (No tag found) 
4 15-08-20 14:54:56 [52/662/662] [tar] Git checkout upstream:gnulib in /src/tmp/tmpcBqih6/tar.build/gnulib 
4 15-08-20 14:54:56 [52/662/662] [tar] Upstream version 46d015f9 v0.1-262-g46d015f (v0.1 + 262 commits) 
4 15-08-20 14:54:56 [52/662/662] [tar] Defined build system is autotools
4 15-08-20 14:54:56 [52/662/662] [tar] Logging build commands to /src/artifacts/tar.b443773f9c390aea1a974ffeb1834152f5172f164972f957efb657e944aab6b1.build-log.4 
4 15-08-20 14:54:56 [52/662/662] [tar] Running pre-configure-commands
4 15-08-20 14:54:56 [52/662/662] [tar] Running command:
rm .gitmodules 
4 15-08-20 14:54:56 [52/662/662] [tar] Running command:
bash bootstrap --skip-po --gnulib-srcdir="$(pwd)/gnulib" --paxutils-srcdir="$(pwd)/paxutils" 
3 15-08-20 14:55:01 [71/662/662] [sed] Running configure-commands
3 15-08-20 14:55:01 [71/662/662] [sed] Running command:
./configure --prefix="$PREFIX" --disable-gcc-warnings 
3 15-08-20 14:55:18 [71/662/662] [sed] Running build-commands
3 15-08-20 14:55:18 [71/662/662] [sed] Running command:
make 
3 15-08-20 14:55:20 [71/662/662] [sed] Running install-commands
3 15-08-20 14:55:20 [71/662/662] [sed] Running command:
make DESTDIR="$DESTDIR" install 
3 15-08-20 14:55:20 [71/662/662] [sed] Running post-install-commands
3 15-08-20 14:55:20 [71/662/662] [sed] Running command:
mkdir -p "$DESTDIR"/bin/ 
3 15-08-20 14:55:20 [71/662/662] [sed] Running command:
ln -sf ../usr/bin/sed "$DESTDIR"/bin/ 
3 15-08-20 14:55:20 [71/662/662] [sed] Running strip-commands
3 15-08-20 14:55:20 [71/662/662] [sed] Running command:
find "$DESTDIR" -type f \
  '(' -perm -111 -o -name '*.so*' -o -name '*.cmxs' -o -name '*.node' ')' \
  -exec sh -ec \
  'read -n4 hdr <"$1"   # check for elf header
  if [ "$hdr" != "$(printf \x7ELF)" ]; then
    exit 0
  fi
  debugfile="$DESTDIR$PREFIX/lib/debug/$(basename "$1")"
  mkdir -p "$(dirname "$debugfile")"
  objcopy --only-keep-debug "$1" "$debugfile"
  chmod 644 "$debugfile"
  strip --remove-section=.comment --remove-section=.note --strip-unneeded "$1"
  objcopy --add-gnu-debuglink "$debugfile" "$1"' - {} ';'
 
3 15-08-20 14:55:20 [71/662/662] [sed] Elapsed time for build 00:00:45
3 15-08-20 14:55:20 [71/662/662] [sed] Starting artifact creation 
3 15-08-20 14:55:20 [71/662/662] [sed] splitting chunk 
3 15-08-20 14:55:21 [71/662/662] [sed] Now cached 148523 bytes as sed.9e95de84d2de20be702bc581eae7ae62175c5d6bec4b1a8d92bcab732c6c5664
3 15-08-20 14:55:21 [71/662/662] [sed] Elapsed time for artifact creation 00:00:00
3 15-08-20 14:55:21 [71/662/662] [sed] Cleaned up /src/tmp/tmpMRwGZI
3 15-08-20 14:55:21 [71/662/662] [sed] Elapsed time for assembly 00:00:47
3 15-08-20 14:55:21 [71/662/662] [coreutils-common] Installing sed.9e95de84d2de20be702bc581eae7ae62175c5d6bec4b1a8d92bcab732c6c5664 
3 15-08-20 14:55:21 [71/662/662] [sed] loaded metadata for strata/coreutils-common/sed.morph
3 15-08-20 14:55:21 [71/662/662] [tar] Starting assembly 
3 15-08-20 14:55:21 [71/662/662] [coreutils] loaded metadata for coreutils
3 15-08-20 14:55:21 [71/662/662] [tar] Installing coreutils.59ecc1111fe0becf4876613c6b0f300bf74ca9206e1d285a8564fc1f62bc93c7 
3 15-08-20 14:55:22 [71/662/662] [core] loaded metadata for core
3 15-08-20 14:55:22 [72/662/662] [tar] Starting build 
3 15-08-20 14:55:22 [72/662/662] [tar] Git checkout upstream:tar in /src/tmp/tmpb2q1GY/tar.build 
3 15-08-20 14:55:22 [72/662/662] [tar] Upstream version 9a58d148 release_1_28-1-g9a58d14 (release_1_28 + 1 commits) 
3 15-08-20 14:55:22 [72/662/662] [tar] Git submodules 
3 15-08-20 14:55:22 [72/662/662] [tar] Git checkout upstream:paxutils in /src/tmp/tmpb2q1GY/tar.build/paxutils 
3 15-08-20 14:55:22 [72/662/662] [tar] Upstream version 45af1632 (No tag found) 
3 15-08-20 14:55:23 [72/662/662] [tar] Git checkout upstream:gnulib in /src/tmp/tmpb2q1GY/tar.build/gnulib 
3 15-08-20 14:55:23 [72/662/662] [tar] Upstream version 46d015f9 v0.1-262-g46d015f (v0.1 + 262 commits) 
3 15-08-20 14:55:23 [72/662/662] [tar] Defined build system is autotools
3 15-08-20 14:55:23 [72/662/662] [tar] Logging build commands to /src/artifacts/tar.b443773f9c390aea1a974ffeb1834152f5172f164972f957efb657e944aab6b1.build-log.3 
3 15-08-20 14:55:23 [72/662/662] [tar] Running pre-configure-commands
3 15-08-20 14:55:23 [72/662/662] [tar] Running command:
rm .gitmodules 
3 15-08-20 14:55:23 [72/662/662] [tar] Running command:
bash bootstrap --skip-po --gnulib-srcdir="$(pwd)/gnulib" --paxutils-srcdir="$(pwd)/paxutils" 
4 15-08-20 14:55:26 [52/662/662] [tar] Running configure-commands
4 15-08-20 14:55:26 [52/662/662] [tar] Running command:
`# [1]` env FORCE_UNSAFE_CONFIGURE=1          \
        ./configure --prefix="$PREFIX"        \
`# [2]` --disable-gcc-warnings                \
`# [3]` --bindir=/bin
 
3 15-08-20 14:55:54 [72/662/662] [tar] Running configure-commands
3 15-08-20 14:55:54 [72/662/662] [tar] Running command:
`# [1]` env FORCE_UNSAFE_CONFIGURE=1          \
        ./configure --prefix="$PREFIX"        \
`# [2]` --disable-gcc-warnings                \
`# [3]` --bindir=/bin
 
4 15-08-20 14:55:56 [52/662/662] [tar] Running build-commands
4 15-08-20 14:55:56 [52/662/662] [tar] Running command:
make 
4 15-08-20 14:56:03 [52/662/662] [tar] Running install-commands
4 15-08-20 14:56:03 [52/662/662] [tar] Running command:
make DESTDIR="$DESTDIR" install 
4 15-08-20 14:56:03 [52/662/662] [tar] Running strip-commands
4 15-08-20 14:56:03 [52/662/662] [tar] Running command:
find "$DESTDIR" -type f \
  '(' -perm -111 -o -name '*.so*' -o -name '*.cmxs' -o -name '*.node' ')' \
  -exec sh -ec \
  'read -n4 hdr <"$1"   # check for elf header
  if [ "$hdr" != "$(printf \x7ELF)" ]; then
    exit 0
  fi
  debugfile="$DESTDIR$PREFIX/lib/debug/$(basename "$1")"
  mkdir -p "$(dirname "$debugfile")"
  objcopy --only-keep-debug "$1" "$debugfile"
  chmod 644 "$debugfile"
  strip --remove-section=.comment --remove-section=.note --strip-unneeded "$1"
  objcopy --add-gnu-debuglink "$debugfile" "$1"' - {} ';'
 
4 15-08-20 14:56:03 [52/662/662] [tar] Elapsed time for build 00:01:10
4 15-08-20 14:56:03 [52/662/662] [tar] Starting artifact creation 
4 15-08-20 14:56:03 [52/662/662] [tar] splitting chunk 
4 15-08-20 14:56:04 [52/662/662] [tar] Now cached 909928 bytes as tar.b443773f9c390aea1a974ffeb1834152f5172f164972f957efb657e944aab6b1
4 15-08-20 14:56:04 [52/662/662] [tar] Elapsed time for artifact creation 00:00:00
4 15-08-20 14:56:05 [52/662/662] [tar] Cleaned up /src/tmp/tmpcBqih6
4 15-08-20 14:56:05 [52/662/662] [tar] Elapsed time for assembly 00:01:12
4 15-08-20 14:56:05 [52/662/662] [coreutils-common] Installing tar.b443773f9c390aea1a974ffeb1834152f5172f164972f957efb657e944aab6b1 
4 15-08-20 14:56:05 [52/662/662] [tar] loaded metadata for strata/coreutils-common/tar.morph
4 15-08-20 14:56:05 [52/662/662] [diff] loaded metadata for diff
4 15-08-20 14:56:05 [52/662/662] [coreutils-common] Installing diff.efd76a79cc437868e7248afe36cb4ddf5eac38a7b1197405cf4a873143017a48 
4 15-08-20 14:56:05 [52/662/662] [diff] loaded metadata for strata/coreutils-common/diff.morph
4 15-08-20 14:56:05 [52/662/662] [sed] loaded metadata for sed
4 15-08-20 14:56:05 [52/662/662] [coreutils-common] Installing sed.9e95de84d2de20be702bc581eae7ae62175c5d6bec4b1a8d92bcab732c6c5664 
4 15-08-20 14:56:05 [52/662/662] [sed] loaded metadata for strata/coreutils-common/sed.morph
4 15-08-20 14:56:05 [53/662/662] [coreutils-common] Starting build 
4 15-08-20 14:56:05 [53/662/662] [coreutils-common] Defined build system is manual
4 15-08-20 14:56:05 [53/662/662] [coreutils-common] Logging build commands to /src/artifacts/coreutils-common.dc6b0d69a633f34292460a4c4dcd2d5d254f1d25ef4ec7976d1f69e104c30592.build-log.4 
4 15-08-20 14:56:05 [53/662/662] [coreutils-common] Elapsed time for build 00:00:00
4 15-08-20 14:56:05 [53/662/662] [coreutils-common] Starting artifact creation 
4 15-08-20 14:56:05 [53/662/662] [coreutils-common] splitting stratum 
4 15-08-20 14:56:05 [53/662/662] [coreutils-common] Now cached 335 bytes as coreutils-common.dc6b0d69a633f34292460a4c4dcd2d5d254f1d25ef4ec7976d1f69e104c30592
4 15-08-20 14:56:05 [53/662/662] [coreutils-common] Elapsed time for artifact creation 00:00:00
4 15-08-20 14:56:05 [53/662/662] [coreutils-common] Cleaned up /src/tmp/tmpqNrabu
4 15-08-20 14:56:05 [53/662/662] [coreutils-common] Elapsed time for assembly 00:01:13
4 15-08-20 14:56:05 [53/662/662] [pciutils] Installing coreutils-common.dc6b0d69a633f34292460a4c4dcd2d5d254f1d25ef4ec7976d1f69e104c30592 
4 15-08-20 14:56:05 [53/662/662] [coreutils-common] loaded metadata for strata/coreutils-common.morph
4 15-08-20 14:56:05 [54/662/662] [pciutils] Starting build 
4 15-08-20 14:56:06 [54/662/662] [pciutils] Git checkout upstream:pciutils in /src/tmp/tmpNi1e34/pciutils.build 
4 15-08-20 14:56:06 [54/662/662] [pciutils] Upstream version bae04bd0 v3.1.9-6-gbae04bd (v3.1.9 + 6 commits) 
4 15-08-20 14:56:06 [54/662/662] [pciutils] Defined build system is manual
4 15-08-20 14:56:06 [54/662/662] [pciutils] Logging build commands to /src/artifacts/pciutils.d9aaa388911239cf9f63dcce44f371d25ab4e76ed250adad7c294905d0693717.build-log.4 
4 15-08-20 14:56:06 [54/662/662] [pciutils] Running configure-commands
4 15-08-20 14:56:06 [54/662/662] [pciutils] Running command:
make PREFIX="$PREFIX" ZLIB=no lib/config.mk 
4 15-08-20 14:56:06 [54/662/662] [pciutils] Running command:
echo PREFIX="$PREFIX" >>lib/config.mk 
4 15-08-20 14:56:06 [54/662/662] [pciutils] Running command:
echo MANDIR="$PREFIX/share/man" >>lib/config.mk 
4 15-08-20 14:56:06 [54/662/662] [pciutils] Running build-commands
4 15-08-20 14:56:06 [54/662/662] [pciutils] Running command:
make PREFIX="$PREFIX" 
4 15-08-20 14:56:06 [54/662/662] [pciutils] Running install-commands
4 15-08-20 14:56:06 [54/662/662] [pciutils] Running command:
make PREFIX="$PREFIX" DESTDIR="$DESTDIR" install 
4 15-08-20 14:56:06 [54/662/662] [pciutils] Running command:
make PREFIX="$PREFIX" DESTDIR="$DESTDIR" install-lib 
4 15-08-20 14:56:06 [54/662/662] [pciutils] Elapsed time for build 00:00:01
4 15-08-20 14:56:06 [54/662/662] [pciutils] Starting artifact creation 
4 15-08-20 14:56:06 [54/662/662] [pciutils] splitting chunk 
4 15-08-20 14:56:07 [54/662/662] [pciutils] Now cached 311578 bytes as pciutils.d9aaa388911239cf9f63dcce44f371d25ab4e76ed250adad7c294905d0693717
4 15-08-20 14:56:07 [54/662/662] [pciutils] Elapsed time for artifact creation 00:00:00
4 15-08-20 14:56:07 [54/662/662] [pciutils] Cleaned up /src/tmp/tmpNi1e34
4 15-08-20 14:56:07 [54/662/662] [pciutils] Elapsed time for assembly 00:01:15
4 15-08-20 14:56:07 [54/662/662] [foundation] Installing pciutils.d9aaa388911239cf9f63dcce44f371d25ab4e76ed250adad7c294905d0693717 
4 15-08-20 14:56:07 [54/662/662] [pciutils] loaded metadata for strata/foundation/pciutils.morph
4 15-08-20 14:56:08 [54/662/662] [fuse] Starting assembly 
4 15-08-20 14:56:08 [54/662/662] [coreutils-common] loaded metadata for coreutils-common
4 15-08-20 14:56:08 [54/662/662] [fuse] Installing coreutils-common.dc6b0d69a633f34292460a4c4dcd2d5d254f1d25ef4ec7976d1f69e104c30592 
4 15-08-20 14:56:08 [55/662/662] [fuse] Starting build 
4 15-08-20 14:56:08 [55/662/662] [fuse] Git checkout upstream:fuse in /src/tmp/tmpnylJGK/fuse.build 
4 15-08-20 14:56:08 [55/662/662] [fuse] Upstream version d69e627e fuse_2_9_3-7-gd69e627 (fuse_2_9_3 + 7 commits) 
4 15-08-20 14:56:08 [55/662/662] [fuse] Defined build system is autotools
4 15-08-20 14:56:08 [55/662/662] [fuse] Logging build commands to /src/artifacts/fuse.1c3ccb8db97ac85ec23a7b09a908c013c32dfcba102cf10d27fd01b87fe59f9d.build-log.4 
4 15-08-20 14:56:08 [55/662/662] [fuse] Running pre-configure-commands
4 15-08-20 14:56:08 [55/662/662] [fuse] Running command:
./makeconf.sh 
4 15-08-20 14:56:15 [55/662/662] [fuse] Running configure-commands
4 15-08-20 14:56:15 [55/662/662] [fuse] Running command:
export NOCONFIGURE=1
if [ -e autogen ]; then ./autogen
elif [ -e autogen.sh ]; then ./autogen.sh
elif [ ! -e ./configure ]; then autoreconf -ivf
fi
./configure --prefix="$PREFIX"
 
4 15-08-20 14:56:17 [55/662/662] [fuse] Running build-commands
4 15-08-20 14:56:17 [55/662/662] [fuse] Running command:
make 
4 15-08-20 14:56:21 [55/662/662] [fuse] Running install-commands
4 15-08-20 14:56:21 [55/662/662] [fuse] Running command:
make DESTDIR="$DESTDIR" install 
4 15-08-20 14:56:21 [55/662/662] [fuse] Running strip-commands
4 15-08-20 14:56:21 [55/662/662] [fuse] Running command:
find "$DESTDIR" -type f \
  '(' -perm -111 -o -name '*.so*' -o -name '*.cmxs' -o -name '*.node' ')' \
  -exec sh -ec \
  'read -n4 hdr <"$1"   # check for elf header
  if [ "$hdr" != "$(printf \x7ELF)" ]; then
    exit 0
  fi
  debugfile="$DESTDIR$PREFIX/lib/debug/$(basename "$1")"
  mkdir -p "$(dirname "$debugfile")"
  objcopy --only-keep-debug "$1" "$debugfile"
  chmod 644 "$debugfile"
  strip --remove-section=.comment --remove-section=.note --strip-unneeded "$1"
  objcopy --add-gnu-debuglink "$debugfile" "$1"' - {} ';'
 
3 15-08-20 14:56:23 [72/662/662] [tar] Running build-commands
3 15-08-20 14:56:23 [72/662/662] [tar] Running command:
make 
4 15-08-20 14:56:21 [55/662/662] [fuse] Elapsed time for build 00:00:13
4 15-08-20 14:56:21 [55/662/662] [fuse] Starting artifact creation 
4 15-08-20 14:56:21 [55/662/662] [fuse] splitting chunk 
4 15-08-20 14:56:23 [55/662/662] [fuse] Now cached 757217 bytes as fuse.1c3ccb8db97ac85ec23a7b09a908c013c32dfcba102cf10d27fd01b87fe59f9d
4 15-08-20 14:56:23 [55/662/662] [fuse] Elapsed time for artifact creation 00:00:01
4 15-08-20 14:56:23 [55/662/662] [fuse] Cleaned up /src/tmp/tmpnylJGK
4 15-08-20 14:56:23 [55/662/662] [fuse] Elapsed time for assembly 00:00:15
4 15-08-20 14:56:23 [55/662/662] [foundation] Installing fuse.1c3ccb8db97ac85ec23a7b09a908c013c32dfcba102cf10d27fd01b87fe59f9d 
4 15-08-20 14:56:23 [55/662/662] [fuse] loaded metadata for strata/foundation/fuse.morph
4 15-08-20 14:56:23 [55/662/662] [libgpg-error] Starting assembly 
4 15-08-20 14:56:23 [55/662/662] [coreutils-common] loaded metadata for coreutils-common
4 15-08-20 14:56:23 [55/662/662] [libgpg-error] Installing coreutils-common.dc6b0d69a633f34292460a4c4dcd2d5d254f1d25ef4ec7976d1f69e104c30592 
4 15-08-20 14:56:24 [56/662/662] [libgpg-error] Starting build 
4 15-08-20 14:56:24 [56/662/662] [libgpg-error] Git checkout upstream:libgpg-error in /src/tmp/tmpttpqlZ/libgpg-error.build 
4 15-08-20 14:56:24 [56/662/662] [libgpg-error] Upstream version d77c33ae libgpg-error-1.19 (libgpg-error-1.19 + 0 commits) 
4 15-08-20 14:56:24 [56/662/662] [libgpg-error] Defined build system is autotools
4 15-08-20 14:56:24 [56/662/662] [libgpg-error] Logging build commands to /src/artifacts/libgpg-error.64220bce7b16d41a84b64ea07fc28887abe7756dac339805f0f38b567bee17e7.build-log.4 
4 15-08-20 14:56:24 [56/662/662] [libgpg-error] Running pre-configure-commands
4 15-08-20 14:56:24 [56/662/662] [libgpg-error] Running command:
autoreconf -fi 
3 15-08-20 14:56:29 [72/662/662] [tar] Running install-commands
3 15-08-20 14:56:29 [72/662/662] [tar] Running command:
make DESTDIR="$DESTDIR" install 
3 15-08-20 14:56:30 [72/662/662] [tar] Running strip-commands
3 15-08-20 14:56:30 [72/662/662] [tar] Running command:
find "$DESTDIR" -type f \
  '(' -perm -111 -o -name '*.so*' -o -name '*.cmxs' -o -name '*.node' ')' \
  -exec sh -ec \
  'read -n4 hdr <"$1"   # check for elf header
  if [ "$hdr" != "$(printf \x7ELF)" ]; then
    exit 0
  fi
  debugfile="$DESTDIR$PREFIX/lib/debug/$(basename "$1")"
  mkdir -p "$(dirname "$debugfile")"
  objcopy --only-keep-debug "$1" "$debugfile"
  chmod 644 "$debugfile"
  strip --remove-section=.comment --remove-section=.note --strip-unneeded "$1"
  objcopy --add-gnu-debuglink "$debugfile" "$1"' - {} ';'
 
3 15-08-20 14:56:30 [72/662/662] [tar] Elapsed time for build 00:01:08
3 15-08-20 14:56:30 [72/662/662] [tar] Starting artifact creation 
3 15-08-20 14:56:30 [72/662/662] [tar] splitting chunk 
3 15-08-20 14:56:30 [72/662/662] [tar] Bah! I could have cached tar.b443773f9c390aea1a974ffeb1834152f5172f164972f957efb657e944aab6b1
3 15-08-20 14:56:30 [72/662/662] [tar] Elapsed time for artifact creation 00:00:00
3 15-08-20 14:56:30 [72/662/662] [tar] Cleaned up /src/tmp/tmpb2q1GY
3 15-08-20 14:56:30 [72/662/662] [tar] Elapsed time for assembly 00:01:09
3 15-08-20 14:56:30 [72/662/662] [coreutils-common] Installing tar.b443773f9c390aea1a974ffeb1834152f5172f164972f957efb657e944aab6b1 
3 15-08-20 14:56:30 [72/662/662] [tar] loaded metadata for strata/coreutils-common/tar.morph
3 15-08-20 14:56:30 [73/662/662] [coreutils-common] Starting build 
3 15-08-20 14:56:30 [73/662/662] [coreutils-common] Defined build system is manual
3 15-08-20 14:56:30 [73/662/662] [coreutils-common] Logging build commands to /src/artifacts/coreutils-common.dc6b0d69a633f34292460a4c4dcd2d5d254f1d25ef4ec7976d1f69e104c30592.build-log.3 
3 15-08-20 14:56:30 [73/662/662] [coreutils-common] Elapsed time for build 00:00:00
3 15-08-20 14:56:30 [73/662/662] [coreutils-common] Starting artifact creation 
3 15-08-20 14:56:30 [73/662/662] [coreutils-common] splitting stratum 
3 15-08-20 14:56:30 [73/662/662] [coreutils-common] Bah! I could have cached coreutils-common.dc6b0d69a633f34292460a4c4dcd2d5d254f1d25ef4ec7976d1f69e104c30592
3 15-08-20 14:56:30 [73/662/662] [coreutils-common] Elapsed time for artifact creation 00:00:00
3 15-08-20 14:56:31 [73/662/662] [coreutils-common] Cleaned up /src/tmp/tmp34jLch
3 15-08-20 14:56:31 [73/662/662] [coreutils-common] Elapsed time for assembly 00:06:30
3 15-08-20 14:56:31 [73/662/662] [libusb] Installing coreutils-common.dc6b0d69a633f34292460a4c4dcd2d5d254f1d25ef4ec7976d1f69e104c30592 
3 15-08-20 14:56:31 [73/662/662] [coreutils-common] loaded metadata for strata/coreutils-common.morph
3 15-08-20 14:56:31 [73/662/662] [systemd] Starting assembly 
3 15-08-20 14:56:31 [73/662/662] [kmod] Starting assembly 
3 15-08-20 14:56:31 [73/662/662] [coreutils-common] loaded metadata for coreutils-common
3 15-08-20 14:56:31 [73/662/662] [kmod] Installing coreutils-common.dc6b0d69a633f34292460a4c4dcd2d5d254f1d25ef4ec7976d1f69e104c30592 
3 15-08-20 14:56:32 [74/662/662] [kmod] Starting build 
3 15-08-20 14:56:32 [74/662/662] [kmod] Git checkout upstream:kmod in /src/tmp/tmpfDJCou/kmod.build 
3 15-08-20 14:56:32 [74/662/662] [kmod] Upstream version ae58de0f v18 (v18 + 0 commits) 
3 15-08-20 14:56:32 [74/662/662] [kmod] Defined build system is manual
3 15-08-20 14:56:32 [74/662/662] [kmod] Logging build commands to /src/artifacts/kmod.f23268e92e49332b4aec73bc6d4c1c102b2104c219ec931edfb280b38fa93c12.build-log.3 
3 15-08-20 14:56:32 [74/662/662] [kmod] Running configure-commands
3 15-08-20 14:56:32 [74/662/662] [kmod] Running command:
rm -rf libkmod/docs 
3 15-08-20 14:56:32 [74/662/662] [kmod] Running command:
sed -i -e'/SUBDIRS/{s/\S*doc\S*//;s/\S*man\S*//}' Makefile.am 
3 15-08-20 14:56:32 [74/662/662] [kmod] Running command:
sed -i -e'/AC_CONFIG_FILES(\[/,/])/{/docs/d}' configure.ac 
3 15-08-20 14:56:32 [74/662/662] [kmod] Running command:
autoreconf -fiv 
4 15-08-20 14:56:33 [56/662/662] [libgpg-error] Running configure-commands
4 15-08-20 14:56:33 [56/662/662] [libgpg-error] Running command:
./configure --prefix="$PREFIX" --disable-doc 
4 15-08-20 14:56:37 [56/662/662] [libgpg-error] Running build-commands
4 15-08-20 14:56:37 [56/662/662] [libgpg-error] Running command:
make 
4 15-08-20 14:56:38 [56/662/662] [libgpg-error] Running install-commands
4 15-08-20 14:56:38 [56/662/662] [libgpg-error] Running command:
make DESTDIR="$DESTDIR" install 
4 15-08-20 14:56:39 [56/662/662] [libgpg-error] Running strip-commands
4 15-08-20 14:56:39 [56/662/662] [libgpg-error] Running command:
find "$DESTDIR" -type f \
  '(' -perm -111 -o -name '*.so*' -o -name '*.cmxs' -o -name '*.node' ')' \
  -exec sh -ec \
  'read -n4 hdr <"$1"   # check for elf header
  if [ "$hdr" != "$(printf \x7ELF)" ]; then
    exit 0
  fi
  debugfile="$DESTDIR$PREFIX/lib/debug/$(basename "$1")"
  mkdir -p "$(dirname "$debugfile")"
  objcopy --only-keep-debug "$1" "$debugfile"
  chmod 644 "$debugfile"
  strip --remove-section=.comment --remove-section=.note --strip-unneeded "$1"
  objcopy --add-gnu-debuglink "$debugfile" "$1"' - {} ';'
 
3 15-08-20 14:56:39 [74/662/662] [kmod] Running command:
./configure --prefix="$PREFIX" --bindir="$PREFIX"/bin \
            --libdir="$PREFIX"/lib --sysconfdir=/etc \
            --without-xz --with-zlib \
            --disable-manpages --enable-python
 
4 15-08-20 14:56:39 [56/662/662] [libgpg-error] Elapsed time for build 00:00:15
4 15-08-20 14:56:39 [56/662/662] [libgpg-error] Starting artifact creation 
4 15-08-20 14:56:39 [56/662/662] [libgpg-error] splitting chunk 
4 15-08-20 14:56:39 [56/662/662] [libgpg-error] Now cached 256505 bytes as libgpg-error.64220bce7b16d41a84b64ea07fc28887abe7756dac339805f0f38b567bee17e7
4 15-08-20 14:56:39 [56/662/662] [libgpg-error] Elapsed time for artifact creation 00:00:00
4 15-08-20 14:56:39 [56/662/662] [libgpg-error] Cleaned up /src/tmp/tmpttpqlZ
4 15-08-20 14:56:39 [56/662/662] [libgpg-error] Elapsed time for assembly 00:00:16
4 15-08-20 14:56:39 [56/662/662] [foundation] Installing libgpg-error.64220bce7b16d41a84b64ea07fc28887abe7756dac339805f0f38b567bee17e7 
4 15-08-20 14:56:39 [56/662/662] [libgpg-error] loaded metadata for strata/foundation/libgpg-error.morph
4 15-08-20 14:56:39 [56/662/662] [lzo] Starting assembly 
4 15-08-20 14:56:39 [56/662/662] [coreutils-common] loaded metadata for coreutils-common
4 15-08-20 14:56:39 [56/662/662] [lzo] Installing coreutils-common.dc6b0d69a633f34292460a4c4dcd2d5d254f1d25ef4ec7976d1f69e104c30592 
4 15-08-20 14:56:40 [57/662/662] [lzo] Starting build 
4 15-08-20 14:56:40 [57/662/662] [lzo] Git checkout upstream:lzo in /src/tmp/tmp1a3Bec/lzo.build 
4 15-08-20 14:56:40 [57/662/662] [lzo] Upstream version 5cca83e4 lzo-2.08 (lzo-2.08 + 0 commits) 
4 15-08-20 14:56:40 [57/662/662] [lzo] Defined build system is autotools
4 15-08-20 14:56:40 [57/662/662] [lzo] Logging build commands to /src/artifacts/lzo.0f9a62b2cdb2bfff8c9e05e2dc9437f317429282154bb9a4f0e20e5861ceab6d.build-log.4 
4 15-08-20 14:56:40 [57/662/662] [lzo] Running configure-commands
4 15-08-20 14:56:40 [57/662/662] [lzo] Running command:
./configure --enable-shared=yes --prefix="$PREFIX" 
3 15-08-20 14:56:43 [74/662/662] [kmod] Running build-commands
3 15-08-20 14:56:43 [74/662/662] [kmod] Running command:
make 
3 15-08-20 14:56:45 [74/662/662] [kmod] Running install-commands
3 15-08-20 14:56:45 [74/662/662] [kmod] Running command:
make DESTDIR="$DESTDIR" pkgconfigdir="$PREFIX"/lib/pkgconfig install 
3 15-08-20 14:56:46 [74/662/662] [kmod] Running command:
if [ -h /sbin ]; then
  for app in modprobe lsmod rmmod insmod modinfo depmod; do
    ln -sf kmod "$DESTDIR$PREFIX/bin/$app"
  done
else
  install -d "$DESTDIR"/sbin
  for app in modprobe lsmod rmmod insmod modinfo depmod; do
    ln -sf ../"$PREFIX"/bin/kmod "$DESTDIR/sbin/$app"
  done
fi
 
4 15-08-20 14:56:46 [57/662/662] [lzo] Running build-commands
4 15-08-20 14:56:46 [57/662/662] [lzo] Running command:
make 
3 15-08-20 14:56:46 [74/662/662] [kmod] Elapsed time for build 00:00:14
3 15-08-20 14:56:46 [74/662/662] [kmod] Starting artifact creation 
3 15-08-20 14:56:46 [74/662/662] [kmod] splitting chunk 
3 15-08-20 14:56:47 [74/662/662] [kmod] Now cached 592759 bytes as kmod.f23268e92e49332b4aec73bc6d4c1c102b2104c219ec931edfb280b38fa93c12
3 15-08-20 14:56:47 [74/662/662] [kmod] Elapsed time for artifact creation 00:00:00
3 15-08-20 14:56:47 [74/662/662] [kmod] Cleaned up /src/tmp/tmpfDJCou
3 15-08-20 14:56:47 [74/662/662] [kmod] Elapsed time for assembly 00:00:16
3 15-08-20 14:56:47 [74/662/662] [systemd] Installing kmod.f23268e92e49332b4aec73bc6d4c1c102b2104c219ec931edfb280b38fa93c12 
3 15-08-20 14:56:47 [74/662/662] [kmod] loaded metadata for strata/foundation/kmod.morph
3 15-08-20 14:56:48 [74/662/662] [libgcrypt] Starting assembly 
3 15-08-20 14:56:48 [74/662/662] [coreutils-common] loaded metadata for coreutils-common
3 15-08-20 14:56:48 [74/662/662] [libgcrypt] Installing coreutils-common.dc6b0d69a633f34292460a4c4dcd2d5d254f1d25ef4ec7976d1f69e104c30592 
3 15-08-20 14:56:49 [74/662/662] [libgpg-error] loaded metadata for libgpg-error
3 15-08-20 14:56:49 [74/662/662] [libgcrypt] Installing libgpg-error.64220bce7b16d41a84b64ea07fc28887abe7756dac339805f0f38b567bee17e7 
3 15-08-20 14:56:49 [74/662/662] [libgpg-error] loaded metadata for strata/foundation/libgpg-error.morph
3 15-08-20 14:56:49 [75/662/662] [libgcrypt] Starting build 
3 15-08-20 14:56:49 [75/662/662] [libgcrypt] Git checkout upstream:libgcrypt in /src/tmp/tmpE_lOmi/libgcrypt.build 
3 15-08-20 14:56:49 [75/662/662] [libgcrypt] Upstream version 412eed47 libgcrypt-1.5.3-2-g412eed4 (libgcrypt-1.5.3 + 2 commits) 
3 15-08-20 14:56:49 [75/662/662] [libgcrypt] Autodetected build system is autotools
3 15-08-20 14:56:49 [75/662/662] [libgcrypt] Logging build commands to /src/artifacts/libgcrypt.bb440b5feffc55c18268e648cf173e4b450325c0d3ccd6dd877eb4b8ce5d5939.build-log.3 
3 15-08-20 14:56:49 [75/662/662] [libgcrypt] Running configure-commands
3 15-08-20 14:56:49 [75/662/662] [libgcrypt] Running command:
export NOCONFIGURE=1
if [ -e autogen ]; then ./autogen
elif [ -e autogen.sh ]; then ./autogen.sh
elif [ ! -e ./configure ]; then autoreconf -ivf
fi
./configure --prefix="$PREFIX"
 
4 15-08-20 14:56:49 [57/662/662] [lzo] Running install-commands
4 15-08-20 14:56:49 [57/662/662] [lzo] Running command:
make DESTDIR="$DESTDIR" install 
4 15-08-20 14:56:49 [57/662/662] [lzo] Running strip-commands
4 15-08-20 14:56:49 [57/662/662] [lzo] Running command:
find "$DESTDIR" -type f \
  '(' -perm -111 -o -name '*.so*' -o -name '*.cmxs' -o -name '*.node' ')' \
  -exec sh -ec \
  'read -n4 hdr <"$1"   # check for elf header
  if [ "$hdr" != "$(printf \x7ELF)" ]; then
    exit 0
  fi
  debugfile="$DESTDIR$PREFIX/lib/debug/$(basename "$1")"
  mkdir -p "$(dirname "$debugfile")"
  objcopy --only-keep-debug "$1" "$debugfile"
  chmod 644 "$debugfile"
  strip --remove-section=.comment --remove-section=.note --strip-unneeded "$1"
  objcopy --add-gnu-debuglink "$debugfile" "$1"' - {} ';'
 
4 15-08-20 14:56:49 [57/662/662] [lzo] Elapsed time for build 00:00:09
4 15-08-20 14:56:49 [57/662/662] [lzo] Starting artifact creation 
4 15-08-20 14:56:49 [57/662/662] [lzo] splitting chunk 
4 15-08-20 14:56:50 [57/662/662] [lzo] Now cached 468710 bytes as lzo.0f9a62b2cdb2bfff8c9e05e2dc9437f317429282154bb9a4f0e20e5861ceab6d
4 15-08-20 14:56:50 [57/662/662] [lzo] Elapsed time for artifact creation 00:00:00
4 15-08-20 14:56:51 [57/662/662] [lzo] Cleaned up /src/tmp/tmp1a3Bec
4 15-08-20 14:56:51 [57/662/662] [lzo] Elapsed time for assembly 00:00:11
4 15-08-20 14:56:51 [57/662/662] [foundation] Installing lzo.0f9a62b2cdb2bfff8c9e05e2dc9437f317429282154bb9a4f0e20e5861ceab6d 
4 15-08-20 14:56:51 [57/662/662] [lzo] loaded metadata for strata/foundation/lzo.morph
4 15-08-20 14:56:51 [57/662/662] [usbutils] Starting assembly 
4 15-08-20 14:56:51 [57/662/662] [coreutils-common] loaded metadata for coreutils-common
4 15-08-20 14:56:51 [57/662/662] [usbutils] Installing coreutils-common.dc6b0d69a633f34292460a4c4dcd2d5d254f1d25ef4ec7976d1f69e104c30592 
4 15-08-20 14:56:51 [57/662/662] [libusb] Starting assembly 
4 15-08-20 14:56:51 [57/662/662] [systemd] Starting assembly 
4 15-08-20 14:56:51 [57/662/662] [libgcrypt] Starting assembly 
4 15-08-20 14:56:51 [57/662/662] [coreutils-common] loaded metadata for coreutils-common
4 15-08-20 14:56:51 [57/662/662] [libgcrypt] Installing coreutils-common.dc6b0d69a633f34292460a4c4dcd2d5d254f1d25ef4ec7976d1f69e104c30592 
4 15-08-20 14:56:52 [57/662/662] [libgpg-error] loaded metadata for libgpg-error
4 15-08-20 14:56:52 [57/662/662] [libgcrypt] Installing libgpg-error.64220bce7b16d41a84b64ea07fc28887abe7756dac339805f0f38b567bee17e7 
4 15-08-20 14:56:52 [58/662/662] [libgcrypt] Starting build 
4 15-08-20 14:56:52 [58/662/662] [libgcrypt] Git checkout upstream:libgcrypt in /src/tmp/tmp2n4mwS/libgcrypt.build 
4 15-08-20 14:56:52 [58/662/662] [libgcrypt] Upstream version 412eed47 libgcrypt-1.5.3-2-g412eed4 (libgcrypt-1.5.3 + 2 commits) 
4 15-08-20 14:56:52 [58/662/662] [libgcrypt] Autodetected build system is autotools
4 15-08-20 14:56:52 [58/662/662] [libgcrypt] Logging build commands to /src/artifacts/libgcrypt.bb440b5feffc55c18268e648cf173e4b450325c0d3ccd6dd877eb4b8ce5d5939.build-log.4 
4 15-08-20 14:56:52 [58/662/662] [libgcrypt] Running configure-commands
4 15-08-20 14:56:52 [58/662/662] [libgcrypt] Running command:
export NOCONFIGURE=1
if [ -e autogen ]; then ./autogen
elif [ -e autogen.sh ]; then ./autogen.sh
elif [ ! -e ./configure ]; then autoreconf -ivf
fi
./configure --prefix="$PREFIX"
 
3 15-08-20 14:57:01 [75/662/662] [libgcrypt] Running build-commands
3 15-08-20 14:57:01 [75/662/662] [libgcrypt] Running command:
make 
4 15-08-20 14:57:05 [58/662/662] [libgcrypt] Running build-commands
4 15-08-20 14:57:05 [58/662/662] [libgcrypt] Running command:
make 
3 15-08-20 14:57:05 [75/662/662] [libgcrypt] Running install-commands
3 15-08-20 14:57:05 [75/662/662] [libgcrypt] Running command:
make DESTDIR="$DESTDIR" install 
3 15-08-20 14:57:05 [75/662/662] [libgcrypt] Running strip-commands
3 15-08-20 14:57:05 [75/662/662] [libgcrypt] Running command:
find "$DESTDIR" -type f \
  '(' -perm -111 -o -name '*.so*' -o -name '*.cmxs' -o -name '*.node' ')' \
  -exec sh -ec \
  'read -n4 hdr <"$1"   # check for elf header
  if [ "$hdr" != "$(printf \x7ELF)" ]; then
    exit 0
  fi
  debugfile="$DESTDIR$PREFIX/lib/debug/$(basename "$1")"
  mkdir -p "$(dirname "$debugfile")"
  objcopy --only-keep-debug "$1" "$debugfile"
  chmod 644 "$debugfile"
  strip --remove-section=.comment --remove-section=.note --strip-unneeded "$1"
  objcopy --add-gnu-debuglink "$debugfile" "$1"' - {} ';'
 
3 15-08-20 14:57:06 [75/662/662] [libgcrypt] Elapsed time for build 00:00:16
3 15-08-20 14:57:06 [75/662/662] [libgcrypt] Starting artifact creation 
3 15-08-20 14:57:06 [75/662/662] [libgcrypt] splitting chunk 
3 15-08-20 14:57:06 [75/662/662] [libgcrypt] Now cached 825757 bytes as libgcrypt.bb440b5feffc55c18268e648cf173e4b450325c0d3ccd6dd877eb4b8ce5d5939
3 15-08-20 14:57:06 [75/662/662] [libgcrypt] Elapsed time for artifact creation 00:00:00
3 15-08-20 14:57:07 [75/662/662] [libgcrypt] Cleaned up /src/tmp/tmpE_lOmi
3 15-08-20 14:57:07 [75/662/662] [libgcrypt] Elapsed time for assembly 00:00:18
3 15-08-20 14:57:07 [75/662/662] [systemd] Installing libgcrypt.bb440b5feffc55c18268e648cf173e4b450325c0d3ccd6dd877eb4b8ce5d5939 
3 15-08-20 14:57:07 [75/662/662] [libgcrypt] loaded metadata for libgcrypt
3 15-08-20 14:57:07 [75/662/662] [dbus-pre] Starting assembly 
3 15-08-20 14:57:07 [75/662/662] [coreutils-common] loaded metadata for coreutils-common
3 15-08-20 14:57:07 [75/662/662] [dbus-pre] Installing coreutils-common.dc6b0d69a633f34292460a4c4dcd2d5d254f1d25ef4ec7976d1f69e104c30592 
3 15-08-20 14:57:07 [76/662/662] [dbus-pre] Starting build 
3 15-08-20 14:57:07 [76/662/662] [dbus-pre] Git checkout upstream:dbus in /src/tmp/tmpGPvEMV/dbus-pre.build 
3 15-08-20 14:57:07 [76/662/662] [dbus-pre] Upstream version 92a2d95a dbus-1.9.16-1-g92a2d95 (dbus-1.9.16 + 1 commits) 
3 15-08-20 14:57:07 [76/662/662] [dbus-pre] Defined build system is autotools
3 15-08-20 14:57:07 [76/662/662] [dbus-pre] Logging build commands to /src/artifacts/dbus-pre.a5ff7eadfe393cf52a336811a0863aad514dec6061a4742dcc1d08c9e6904796.build-log.3 
3 15-08-20 14:57:07 [76/662/662] [dbus-pre] Running configure-commands
3 15-08-20 14:57:07 [76/662/662] [dbus-pre] Running command:
sh autogen.sh --no-configure 
4 15-08-20 14:57:09 [58/662/662] [libgcrypt] Running install-commands
4 15-08-20 14:57:09 [58/662/662] [libgcrypt] Running command:
make DESTDIR="$DESTDIR" install 
4 15-08-20 14:57:09 [58/662/662] [libgcrypt] Running strip-commands
4 15-08-20 14:57:09 [58/662/662] [libgcrypt] Running command:
find "$DESTDIR" -type f \
  '(' -perm -111 -o -name '*.so*' -o -name '*.cmxs' -o -name '*.node' ')' \
  -exec sh -ec \
  'read -n4 hdr <"$1"   # check for elf header
  if [ "$hdr" != "$(printf \x7ELF)" ]; then
    exit 0
  fi
  debugfile="$DESTDIR$PREFIX/lib/debug/$(basename "$1")"
  mkdir -p "$(dirname "$debugfile")"
  objcopy --only-keep-debug "$1" "$debugfile"
  chmod 644 "$debugfile"
  strip --remove-section=.comment --remove-section=.note --strip-unneeded "$1"
  objcopy --add-gnu-debuglink "$debugfile" "$1"' - {} ';'
 
4 15-08-20 14:57:09 [58/662/662] [libgcrypt] Elapsed time for build 00:00:17
4 15-08-20 14:57:09 [58/662/662] [libgcrypt] Starting artifact creation 
4 15-08-20 14:57:09 [58/662/662] [libgcrypt] splitting chunk 
4 15-08-20 14:57:09 [58/662/662] [libgcrypt] Bah! I could have cached libgcrypt.bb440b5feffc55c18268e648cf173e4b450325c0d3ccd6dd877eb4b8ce5d5939
4 15-08-20 14:57:09 [58/662/662] [libgcrypt] Elapsed time for artifact creation 00:00:00
4 15-08-20 14:57:10 [58/662/662] [libgcrypt] Cleaned up /src/tmp/tmp2n4mwS
4 15-08-20 14:57:10 [58/662/662] [libgcrypt] Elapsed time for assembly 00:00:18
4 15-08-20 14:57:10 [58/662/662] [systemd] Installing libgcrypt.bb440b5feffc55c18268e648cf173e4b450325c0d3ccd6dd877eb4b8ce5d5939 
4 15-08-20 14:57:10 [58/662/662] [libgcrypt] loaded metadata for libgcrypt
4 15-08-20 14:57:10 [58/662/662] [dbus-pre] Starting assembly 
4 15-08-20 14:57:10 [58/662/662] [coreutils-common] loaded metadata for coreutils-common
4 15-08-20 14:57:10 [58/662/662] [dbus-pre] Installing coreutils-common.dc6b0d69a633f34292460a4c4dcd2d5d254f1d25ef4ec7976d1f69e104c30592 
4 15-08-20 14:57:11 [59/662/662] [dbus-pre] Starting build 
4 15-08-20 14:57:11 [59/662/662] [dbus-pre] Git checkout upstream:dbus in /src/tmp/tmpnXBnhO/dbus-pre.build 
4 15-08-20 14:57:11 [59/662/662] [dbus-pre] Upstream version 92a2d95a dbus-1.9.16-1-g92a2d95 (dbus-1.9.16 + 1 commits) 
4 15-08-20 14:57:11 [59/662/662] [dbus-pre] Defined build system is autotools
4 15-08-20 14:57:11 [59/662/662] [dbus-pre] Logging build commands to /src/artifacts/dbus-pre.a5ff7eadfe393cf52a336811a0863aad514dec6061a4742dcc1d08c9e6904796.build-log.4 
4 15-08-20 14:57:11 [59/662/662] [dbus-pre] Running configure-commands
4 15-08-20 14:57:11 [59/662/662] [dbus-pre] Running command:
sh autogen.sh --no-configure 
3 15-08-20 14:57:12 [76/662/662] [dbus-pre] Running command:
./configure --prefix="$PREFIX" --localstatedir=/var --sysconfdir=/etc --disable-systemd 
4 15-08-20 14:57:16 [59/662/662] [dbus-pre] Running command:
./configure --prefix="$PREFIX" --localstatedir=/var --sysconfdir=/etc --disable-systemd 
3 15-08-20 14:57:20 [76/662/662] [dbus-pre] Running build-commands
3 15-08-20 14:57:20 [76/662/662] [dbus-pre] Running command:
make XMLTO_OUTPUT= 
4 15-08-20 14:57:23 [59/662/662] [dbus-pre] Running build-commands
4 15-08-20 14:57:23 [59/662/662] [dbus-pre] Running command:
make XMLTO_OUTPUT= 
3 15-08-20 14:57:25 [76/662/662] [dbus-pre] Running install-commands
3 15-08-20 14:57:25 [76/662/662] [dbus-pre] Running command:
make XMLTO_OUTPUT= DESTDIR="$DESTDIR" install 
3 15-08-20 14:57:25 [76/662/662] [dbus-pre] Running strip-commands
3 15-08-20 14:57:25 [76/662/662] [dbus-pre] Running command:
find "$DESTDIR" -type f \
  '(' -perm -111 -o -name '*.so*' -o -name '*.cmxs' -o -name '*.node' ')' \
  -exec sh -ec \
  'read -n4 hdr <"$1"   # check for elf header
  if [ "$hdr" != "$(printf \x7ELF)" ]; then
    exit 0
  fi
  debugfile="$DESTDIR$PREFIX/lib/debug/$(basename "$1")"
  mkdir -p "$(dirname "$debugfile")"
  objcopy --only-keep-debug "$1" "$debugfile"
  chmod 644 "$debugfile"
  strip --remove-section=.comment --remove-section=.note --strip-unneeded "$1"
  objcopy --add-gnu-debuglink "$debugfile" "$1"' - {} ';'
 
4 15-08-20 14:57:28 [59/662/662] [dbus-pre] Running install-commands
4 15-08-20 14:57:28 [59/662/662] [dbus-pre] Running command:
make XMLTO_OUTPUT= DESTDIR="$DESTDIR" install 
4 15-08-20 14:57:29 [59/662/662] [dbus-pre] Running strip-commands
4 15-08-20 14:57:29 [59/662/662] [dbus-pre] Running command:
find "$DESTDIR" -type f \
  '(' -perm -111 -o -name '*.so*' -o -name '*.cmxs' -o -name '*.node' ')' \
  -exec sh -ec \
  'read -n4 hdr <"$1"   # check for elf header
  if [ "$hdr" != "$(printf \x7ELF)" ]; then
    exit 0
  fi
  debugfile="$DESTDIR$PREFIX/lib/debug/$(basename "$1")"
  mkdir -p "$(dirname "$debugfile")"
  objcopy --only-keep-debug "$1" "$debugfile"
  chmod 644 "$debugfile"
  strip --remove-section=.comment --remove-section=.note --strip-unneeded "$1"
  objcopy --add-gnu-debuglink "$debugfile" "$1"' - {} ';'
 
3 15-08-20 14:57:25 [76/662/662] [dbus-pre] Elapsed time for build 00:00:18
3 15-08-20 14:57:25 [76/662/662] [dbus-pre] Starting artifact creation 
3 15-08-20 14:57:25 [76/662/662] [dbus-pre] splitting chunk 
3 15-08-20 14:57:28 [76/662/662] [dbus-pre] Now cached 1687759 bytes as dbus-pre.a5ff7eadfe393cf52a336811a0863aad514dec6061a4742dcc1d08c9e6904796
3 15-08-20 14:57:28 [76/662/662] [dbus-pre] Elapsed time for artifact creation 00:00:02
3 15-08-20 14:57:28 [76/662/662] [dbus-pre] Cleaned up /src/tmp/tmpGPvEMV
3 15-08-20 14:57:28 [76/662/662] [dbus-pre] Elapsed time for assembly 00:00:21
3 15-08-20 14:57:28 [76/662/662] [systemd] Installing dbus-pre.a5ff7eadfe393cf52a336811a0863aad514dec6061a4742dcc1d08c9e6904796 
3 15-08-20 14:57:28 [76/662/662] [dbus-pre] loaded metadata for strata/foundation/dbus-pre.morph
3 15-08-20 14:57:28 [76/662/662] [coreutils-common] loaded metadata for coreutils-common
3 15-08-20 14:57:28 [77/662/662] [systemd] Starting build 
3 15-08-20 14:57:29 [77/662/662] [systemd] Git checkout upstream:systemd in /src/tmp/tmpCtOvEQ/systemd.build 
3 15-08-20 14:57:29 [77/662/662] [systemd] Upstream version dde8bb32 v220 (v220 + 0 commits) 
3 15-08-20 14:57:29 [77/662/662] [systemd] Defined build system is autotools
3 15-08-20 14:57:29 [77/662/662] [systemd] Logging build commands to /src/artifacts/systemd.89a5cffbe118d47c92e138c5db9fbc52c971f1e65186d9e149ab4686ebc6bd97.build-log.3 
3 15-08-20 14:57:29 [77/662/662] [systemd] Running pre-configure-commands
3 15-08-20 14:57:29 [77/662/662] [systemd] Running command:
cat >> units/user@.service.m4.in <<EOF
KillSignal=SIGCONT
ExecStop=/bin/kill -TERM \$MAINPID
EOF
 
3 15-08-20 14:57:29 [77/662/662] [systemd] Running configure-commands
3 15-08-20 14:57:29 [77/662/662] [systemd] Running command:
sh autogen.sh 
4 15-08-20 14:57:29 [59/662/662] [dbus-pre] Elapsed time for build 00:00:18
4 15-08-20 14:57:29 [59/662/662] [dbus-pre] Starting artifact creation 
4 15-08-20 14:57:29 [59/662/662] [dbus-pre] splitting chunk 
4 15-08-20 14:57:29 [59/662/662] [dbus-pre] Bah! I could have cached dbus-pre.a5ff7eadfe393cf52a336811a0863aad514dec6061a4742dcc1d08c9e6904796
4 15-08-20 14:57:29 [59/662/662] [dbus-pre] Elapsed time for artifact creation 00:00:00
4 15-08-20 14:57:29 [59/662/662] [dbus-pre] Cleaned up /src/tmp/tmpnXBnhO
4 15-08-20 14:57:29 [59/662/662] [dbus-pre] Elapsed time for assembly 00:00:18
4 15-08-20 14:57:29 [59/662/662] [systemd] Installing dbus-pre.a5ff7eadfe393cf52a336811a0863aad514dec6061a4742dcc1d08c9e6904796 
4 15-08-20 14:57:29 [59/662/662] [dbus-pre] loaded metadata for strata/foundation/dbus-pre.morph
4 15-08-20 14:57:29 [59/662/662] [coreutils-common] loaded metadata for coreutils-common
4 15-08-20 14:57:29 [59/662/662] [kmod] loaded metadata for kmod
4 15-08-20 14:57:29 [59/662/662] [systemd] Installing kmod.f23268e92e49332b4aec73bc6d4c1c102b2104c219ec931edfb280b38fa93c12 
4 15-08-20 14:57:29 [59/662/662] [kmod] loaded metadata for strata/foundation/kmod.morph
4 15-08-20 14:57:29 [60/662/662] [systemd] Starting build 
4 15-08-20 14:57:30 [60/662/662] [systemd] Git checkout upstream:systemd in /src/tmp/tmpXsJNvD/systemd.build 
4 15-08-20 14:57:30 [60/662/662] [systemd] Upstream version dde8bb32 v220 (v220 + 0 commits) 
4 15-08-20 14:57:30 [60/662/662] [systemd] Defined build system is autotools
4 15-08-20 14:57:30 [60/662/662] [systemd] Logging build commands to /src/artifacts/systemd.89a5cffbe118d47c92e138c5db9fbc52c971f1e65186d9e149ab4686ebc6bd97.build-log.4 
4 15-08-20 14:57:30 [60/662/662] [systemd] Running pre-configure-commands
4 15-08-20 14:57:30 [60/662/662] [systemd] Running command:
cat >> units/user@.service.m4.in <<EOF
KillSignal=SIGCONT
ExecStop=/bin/kill -TERM \$MAINPID
EOF
 
4 15-08-20 14:57:30 [60/662/662] [systemd] Running configure-commands
4 15-08-20 14:57:30 [60/662/662] [systemd] Running command:
sh autogen.sh 
3 15-08-20 14:57:39 [77/662/662] [systemd] Running command:
KILL=/bin/kill ./configure --prefix="$PREFIX" --enable-xz --disable-manpages \
    --disable-gudev \
    --disable-tests --sysconfdir=/etc --localstatedir=/var \
    --libdir="$PREFIX/lib" --libexecdir="$PREFIX/libexec" \
    --with-rootprefix= --with-rootlibdir=/lib
 
4 15-08-20 14:57:40 [60/662/662] [systemd] Running command:
KILL=/bin/kill ./configure --prefix="$PREFIX" --enable-xz --disable-manpages \
    --disable-gudev \
    --disable-tests --sysconfdir=/etc --localstatedir=/var \
    --libdir="$PREFIX/lib" --libexecdir="$PREFIX/libexec" \
    --with-rootprefix= --with-rootlibdir=/lib
 
3 15-08-20 14:57:48 [77/662/662] [systemd] Running build-commands
3 15-08-20 14:57:48 [77/662/662] [systemd] Running command:
make 
4 15-08-20 14:57:49 [60/662/662] [systemd] Running build-commands
4 15-08-20 14:57:49 [60/662/662] [systemd] Running command:
make 
3 15-08-20 14:59:34 [77/662/662] [systemd] Running install-commands
3 15-08-20 14:59:34 [77/662/662] [systemd] Running command:
make DESTDIR="$DESTDIR" install 
4 15-08-20 14:59:35 [60/662/662] [systemd] Running install-commands
4 15-08-20 14:59:35 [60/662/662] [systemd] Running command:
make DESTDIR="$DESTDIR" install 
3 15-08-20 14:59:37 [77/662/662] [systemd] Running command:
mkdir -p "$DESTDIR"/sbin 
3 15-08-20 14:59:37 [77/662/662] [systemd] Running command:
ln -s /lib/systemd/systemd "$DESTDIR"/sbin/init 
3 15-08-20 14:59:37 [77/662/662] [systemd] Running command:
for f in telinit runlevel shutdown poweroff reboot halt; do ln -s /bin/systemctl "$DESTDIR/sbin/$f"; done 
3 15-08-20 14:59:37 [77/662/662] [systemd] Running command:
sed -e 's|@sushell@|/bin/sh|g' units/debug-shell.service.in >"$DESTDIR/etc/systemd/system/debug-shell.service" 
3 15-08-20 14:59:38 [77/662/662] [systemd] Running command:
sed -r -e '/Options=/s/,?strictatime//' "$DESTDIR/lib/systemd/system/tmp.mount" >"$DESTDIR/etc/systemd/system/tmp.mount" 
3 15-08-20 14:59:38 [77/662/662] [systemd] Running command:
touch "$DESTDIR/etc/machine-id" 
3 15-08-20 14:59:38 [77/662/662] [systemd] Running post-install-commands
3 15-08-20 14:59:38 [77/662/662] [systemd] Running command:
cat > "$DESTDIR/etc/systemd/network/10-dhcp.network" << "EOF"
[Match]
Name=e*

[Network]
DHCP=yes
EOF
 
3 15-08-20 14:59:38 [77/662/662] [systemd] Running command:
cp -a "$DESTDIR/$PREFIX"/share/factory/etc/pam.d/* "$DESTDIR/etc/pam.d" 
3 15-08-20 14:59:38 [77/662/662] [systemd] Running command:
echo 'auth     requisite  pam_deny.so' >> "$DESTDIR"/etc/pam.d/system-auth 
3 15-08-20 14:59:38 [77/662/662] [systemd] Running strip-commands
3 15-08-20 14:59:38 [77/662/662] [systemd] Running command:
find "$DESTDIR" -type f \
  '(' -perm -111 -o -name '*.so*' -o -name '*.cmxs' -o -name '*.node' ')' \
  -exec sh -ec \
  'read -n4 hdr <"$1"   # check for elf header
  if [ "$hdr" != "$(printf \x7ELF)" ]; then
    exit 0
  fi
  debugfile="$DESTDIR$PREFIX/lib/debug/$(basename "$1")"
  mkdir -p "$(dirname "$debugfile")"
  objcopy --only-keep-debug "$1" "$debugfile"
  chmod 644 "$debugfile"
  strip --remove-section=.comment --remove-section=.note --strip-unneeded "$1"
  objcopy --add-gnu-debuglink "$debugfile" "$1"' - {} ';'
 
4 15-08-20 14:59:38 [60/662/662] [systemd] Running command:
mkdir -p "$DESTDIR"/sbin 
4 15-08-20 14:59:38 [60/662/662] [systemd] Running command:
ln -s /lib/systemd/systemd "$DESTDIR"/sbin/init 
4 15-08-20 14:59:38 [60/662/662] [systemd] Running command:
for f in telinit runlevel shutdown poweroff reboot halt; do ln -s /bin/systemctl "$DESTDIR/sbin/$f"; done 
4 15-08-20 14:59:38 [60/662/662] [systemd] Running command:
sed -e 's|@sushell@|/bin/sh|g' units/debug-shell.service.in >"$DESTDIR/etc/systemd/system/debug-shell.service" 
4 15-08-20 14:59:38 [60/662/662] [systemd] Running command:
sed -r -e '/Options=/s/,?strictatime//' "$DESTDIR/lib/systemd/system/tmp.mount" >"$DESTDIR/etc/systemd/system/tmp.mount" 
4 15-08-20 14:59:39 [60/662/662] [systemd] Running command:
touch "$DESTDIR/etc/machine-id" 
4 15-08-20 14:59:39 [60/662/662] [systemd] Running post-install-commands
4 15-08-20 14:59:39 [60/662/662] [systemd] Running command:
cat > "$DESTDIR/etc/systemd/network/10-dhcp.network" << "EOF"
[Match]
Name=e*

[Network]
DHCP=yes
EOF
 
4 15-08-20 14:59:39 [60/662/662] [systemd] Running command:
cp -a "$DESTDIR/$PREFIX"/share/factory/etc/pam.d/* "$DESTDIR/etc/pam.d" 
4 15-08-20 14:59:39 [60/662/662] [systemd] Running command:
echo 'auth     requisite  pam_deny.so' >> "$DESTDIR"/etc/pam.d/system-auth 
4 15-08-20 14:59:39 [60/662/662] [systemd] Running strip-commands
4 15-08-20 14:59:39 [60/662/662] [systemd] Running command:
find "$DESTDIR" -type f \
  '(' -perm -111 -o -name '*.so*' -o -name '*.cmxs' -o -name '*.node' ')' \
  -exec sh -ec \
  'read -n4 hdr <"$1"   # check for elf header
  if [ "$hdr" != "$(printf \x7ELF)" ]; then
    exit 0
  fi
  debugfile="$DESTDIR$PREFIX/lib/debug/$(basename "$1")"
  mkdir -p "$(dirname "$debugfile")"
  objcopy --only-keep-debug "$1" "$debugfile"
  chmod 644 "$debugfile"
  strip --remove-section=.comment --remove-section=.note --strip-unneeded "$1"
  objcopy --add-gnu-debuglink "$debugfile" "$1"' - {} ';'
 
3 15-08-20 14:59:38 [77/662/662] [systemd] Elapsed time for build 00:02:09
3 15-08-20 14:59:38 [77/662/662] [systemd] Starting artifact creation 
3 15-08-20 14:59:38 [77/662/662] [systemd] splitting chunk 
3 15-08-20 15:00:12 [77/662/662] [systemd] Now cached 36394315 bytes as systemd.89a5cffbe118d47c92e138c5db9fbc52c971f1e65186d9e149ab4686ebc6bd97
3 15-08-20 15:00:12 [77/662/662] [systemd] Elapsed time for artifact creation 00:00:33
3 15-08-20 15:00:12 [77/662/662] [systemd] Cleaned up /src/tmp/tmpCtOvEQ
3 15-08-20 15:00:12 [77/662/662] [systemd] Elapsed time for assembly 00:03:40
3 15-08-20 15:00:12 [77/662/662] [libusb] Installing systemd.89a5cffbe118d47c92e138c5db9fbc52c971f1e65186d9e149ab4686ebc6bd97 
3 15-08-20 15:00:12 [77/662/662] [systemd] loaded metadata for strata/foundation/systemd.morph
3 15-08-20 15:00:13 [78/662/662] [libusb] Starting build 
3 15-08-20 15:00:13 [78/662/662] [libusb] Git checkout upstream:libusb in /src/tmp/tmpLr2gVT/libusb.build 
3 15-08-20 15:00:13 [78/662/662] [libusb] Upstream version e11525c6 v1.0.19 (v1.0.19 + 0 commits) 
3 15-08-20 15:00:13 [78/662/662] [libusb] Autodetected build system is autotools
3 15-08-20 15:00:13 [78/662/662] [libusb] Logging build commands to /src/artifacts/libusb.199b28a66f9dba60cc1d618fee0b0fcba17a9f7d41f0cbf14ae0dc4c209f488b.build-log.3 
3 15-08-20 15:00:13 [78/662/662] [libusb] Running configure-commands
3 15-08-20 15:00:13 [78/662/662] [libusb] Running command:
export NOCONFIGURE=1
if [ -e autogen ]; then ./autogen
elif [ -e autogen.sh ]; then ./autogen.sh
elif [ ! -e ./configure ]; then autoreconf -ivf
fi
./configure --prefix="$PREFIX"
 
4 15-08-20 14:59:39 [60/662/662] [systemd] Elapsed time for build 00:02:09
4 15-08-20 14:59:39 [60/662/662] [systemd] Starting artifact creation 
4 15-08-20 14:59:39 [60/662/662] [systemd] splitting chunk 
4 15-08-20 15:00:12 [60/662/662] [systemd] Bah! I raced and rebuilt systemd.89a5cffbe118d47c92e138c5db9fbc52c971f1e65186d9e149ab4686ebc6bd97
4 15-08-20 15:00:12 [60/662/662] [systemd] Elapsed time for artifact creation 00:00:33
4 15-08-20 15:00:13 [60/662/662] [systemd] Cleaned up /src/tmp/tmpXsJNvD
4 15-08-20 15:00:13 [60/662/662] [systemd] Elapsed time for assembly 00:03:21
4 15-08-20 15:00:13 [60/662/662] [libusb] Installing systemd.89a5cffbe118d47c92e138c5db9fbc52c971f1e65186d9e149ab4686ebc6bd97 
4 15-08-20 15:00:13 [60/662/662] [systemd] loaded metadata for strata/foundation/systemd.morph
4 15-08-20 15:00:13 [60/662/662] [coreutils-common] loaded metadata for coreutils-common
4 15-08-20 15:00:13 [61/662/662] [libusb] Starting build 
4 15-08-20 15:00:13 [61/662/662] [libusb] Git checkout upstream:libusb in /src/tmp/tmpnIeEeM/libusb.build 
4 15-08-20 15:00:14 [61/662/662] [libusb] Upstream version e11525c6 v1.0.19 (v1.0.19 + 0 commits) 
4 15-08-20 15:00:14 [61/662/662] [libusb] Autodetected build system is autotools
4 15-08-20 15:00:14 [61/662/662] [libusb] Logging build commands to /src/artifacts/libusb.199b28a66f9dba60cc1d618fee0b0fcba17a9f7d41f0cbf14ae0dc4c209f488b.build-log.4 
4 15-08-20 15:00:14 [61/662/662] [libusb] Running configure-commands
4 15-08-20 15:00:14 [61/662/662] [libusb] Running command:
export NOCONFIGURE=1
if [ -e autogen ]; then ./autogen
elif [ -e autogen.sh ]; then ./autogen.sh
elif [ ! -e ./configure ]; then autoreconf -ivf
fi
./configure --prefix="$PREFIX"
 
3 15-08-20 15:00:19 [78/662/662] [libusb] Running build-commands
3 15-08-20 15:00:19 [78/662/662] [libusb] Running command:
make 
4 15-08-20 15:00:19 [61/662/662] [libusb] Running build-commands
4 15-08-20 15:00:19 [61/662/662] [libusb] Running command:
make 
3 15-08-20 15:00:20 [78/662/662] [libusb] Running install-commands
3 15-08-20 15:00:20 [78/662/662] [libusb] Running command:
make DESTDIR="$DESTDIR" install 
3 15-08-20 15:00:20 [78/662/662] [libusb] Running strip-commands
3 15-08-20 15:00:20 [78/662/662] [libusb] Running command:
find "$DESTDIR" -type f \
  '(' -perm -111 -o -name '*.so*' -o -name '*.cmxs' -o -name '*.node' ')' \
  -exec sh -ec \
  'read -n4 hdr <"$1"   # check for elf header
  if [ "$hdr" != "$(printf \x7ELF)" ]; then
    exit 0
  fi
  debugfile="$DESTDIR$PREFIX/lib/debug/$(basename "$1")"
  mkdir -p "$(dirname "$debugfile")"
  objcopy --only-keep-debug "$1" "$debugfile"
  chmod 644 "$debugfile"
  strip --remove-section=.comment --remove-section=.note --strip-unneeded "$1"
  objcopy --add-gnu-debuglink "$debugfile" "$1"' - {} ';'
 
4 15-08-20 15:00:21 [61/662/662] [libusb] Running install-commands
4 15-08-20 15:00:21 [61/662/662] [libusb] Running command:
make DESTDIR="$DESTDIR" install 
4 15-08-20 15:00:21 [61/662/662] [libusb] Running strip-commands
4 15-08-20 15:00:21 [61/662/662] [libusb] Running command:
find "$DESTDIR" -type f \
  '(' -perm -111 -o -name '*.so*' -o -name '*.cmxs' -o -name '*.node' ')' \
  -exec sh -ec \
  'read -n4 hdr <"$1"   # check for elf header
  if [ "$hdr" != "$(printf \x7ELF)" ]; then
    exit 0
  fi
  debugfile="$DESTDIR$PREFIX/lib/debug/$(basename "$1")"
  mkdir -p "$(dirname "$debugfile")"
  objcopy --only-keep-debug "$1" "$debugfile"
  chmod 644 "$debugfile"
  strip --remove-section=.comment --remove-section=.note --strip-unneeded "$1"
  objcopy --add-gnu-debuglink "$debugfile" "$1"' - {} ';'
 
4 15-08-20 15:00:21 [61/662/662] [libusb] Elapsed time for build 00:00:07
4 15-08-20 15:00:21 [61/662/662] [libusb] Starting artifact creation 
4 15-08-20 15:00:21 [61/662/662] [libusb] splitting chunk 
4 15-08-20 15:00:21 [61/662/662] [libusb] Bah! I raced and rebuilt libusb.199b28a66f9dba60cc1d618fee0b0fcba17a9f7d41f0cbf14ae0dc4c209f488b
4 15-08-20 15:00:21 [61/662/662] [libusb] Elapsed time for artifact creation 00:00:00
4 15-08-20 15:00:22 [61/662/662] [libusb] Cleaned up /src/tmp/tmpnIeEeM
4 15-08-20 15:00:22 [61/662/662] [libusb] Elapsed time for assembly 00:03:30
4 15-08-20 15:00:22 [61/662/662] [usbutils] Installing libusb.199b28a66f9dba60cc1d618fee0b0fcba17a9f7d41f0cbf14ae0dc4c209f488b 
4 15-08-20 15:00:22 [61/662/662] [libusb] loaded metadata for libusb
4 15-08-20 15:00:22 [62/662/662] [usbutils] Starting build 
4 15-08-20 15:00:22 [62/662/662] [usbutils] Git checkout upstream:usbutils in /src/tmp/tmp8IkK4F/usbutils.build 
4 15-08-20 15:00:22 [62/662/662] [usbutils] Upstream version c37f146e v007-21-gc37f146 (v007 + 21 commits) 
4 15-08-20 15:00:22 [62/662/662] [usbutils] Git submodules 
4 15-08-20 15:00:22 [62/662/662] [usbutils] Try fetching tarball git___git_baserock_org_delta_usbhid_dump.tar 
4 15-08-20 15:00:22 [62/662/662] [usbutils] Try git clone from git://git.baserock.org/delta/usbhid-dump


4 15-08-20 15:00:22 [62/662/662] [usbutils] ERROR: failed to clone upstream:usbhid-dump


4 15-08-20 15:00:22 [62/662/662] [usbutils] Elapsed time for build 00:00:00
4 15-08-20 15:00:22 [62/662/662] [usbutils] Elapsed time for assembly 00:03:31
4 15-08-20 15:00:22 [62/662/662] [foundation] Elapsed time for assembly 00:05:31
4 15-08-20 15:00:22 [62/662/662] [mesa] Elapsed time for assembly 00:06:03
4 15-08-20 15:00:22 [62/662/662] [mesa-common] Elapsed time for assembly 00:06:03
4 15-08-20 15:00:22 [62/662/662] [harfbuzz] Elapsed time for assembly 00:07:44
4 15-08-20 15:00:22 [62/662/662] [graphics-common] Elapsed time for assembly 00:07:44
4 15-08-20 15:00:22 [62/662/662] [genivi-baseline-system-x86_64-generic] Elapsed time for assembly 00:54:16
4 15-08-20 15:00:22 [62/662/662] [ci] Elapsed time for assembly 00:54:16
4 15-08-20 15:00:22 [62/662/662] [TOTAL] Elapsed time 02:01:15
3 15-08-20 15:00:20 [78/662/662] [libusb] Elapsed time for build 00:00:07
3 15-08-20 15:00:20 [78/662/662] [libusb] Starting artifact creation 
3 15-08-20 15:00:20 [78/662/662] [libusb] splitting chunk 
3 15-08-20 15:00:21 [78/662/662] [libusb] Now cached 311071 bytes as libusb.199b28a66f9dba60cc1d618fee0b0fcba17a9f7d41f0cbf14ae0dc4c209f488b
3 15-08-20 15:00:21 [78/662/662] [libusb] Elapsed time for artifact creation 00:00:00
3 15-08-20 15:00:21 [78/662/662] [libusb] Cleaned up /src/tmp/tmpLr2gVT
3 15-08-20 15:00:21 [78/662/662] [libusb] Elapsed time for assembly 00:10:20
3 15-08-20 15:00:21 [78/662/662] [usbutils] Installing libusb.199b28a66f9dba60cc1d618fee0b0fcba17a9f7d41f0cbf14ae0dc4c209f488b 
3 15-08-20 15:00:21 [78/662/662] [libusb] loaded metadata for libusb
3 15-08-20 15:00:22 [78/662/662] [coreutils-common] loaded metadata for coreutils-common
3 15-08-20 15:00:22 [79/662/662] [usbutils] Starting build 
3 15-08-20 15:00:22 [79/662/662] [usbutils] Git checkout upstream:usbutils in /src/tmp/tmp_4RTnE/usbutils.build 
3 15-08-20 15:00:22 [79/662/662] [usbutils] Upstream version c37f146e v007-21-gc37f146 (v007 + 21 commits) 
3 15-08-20 15:00:22 [79/662/662] [usbutils] Git submodules 
3 15-08-20 15:00:22 [79/662/662] [usbutils] Try fetching tarball git___git_baserock_org_delta_usbhid_dump.tar 
3 15-08-20 15:00:24 [79/662/662] [usbutils] Git repo is mirrored at /src/gits/git___git_baserock_org_delta_usbhid_dump
3 15-08-20 15:00:24 [79/662/662] [usbutils] Git checkout upstream:usbhid-dump in /src/tmp/tmp_4RTnE/usbutils.build/usbhid-dump 
3 15-08-20 15:00:24 [79/662/662] [usbutils] Upstream version 81eab80f 1.3 (1.3 + 0 commits) 
3 15-08-20 15:00:24 [79/662/662] [usbutils] Autodetected build system is autotools
3 15-08-20 15:00:24 [79/662/662] [usbutils] Logging build commands to /src/artifacts/usbutils.2201d15df99461270ff18f8091e4a59dd6ff33e45291bd5df5eedf48974d5107.build-log.3 
3 15-08-20 15:00:24 [79/662/662] [usbutils] Running configure-commands
3 15-08-20 15:00:24 [79/662/662] [usbutils] Running command:
export NOCONFIGURE=1
if [ -e autogen ]; then ./autogen
elif [ -e autogen.sh ]; then ./autogen.sh
elif [ ! -e ./configure ]; then autoreconf -ivf
fi
./configure --prefix="$PREFIX"
 
3 15-08-20 15:00:41 [79/662/662] [usbutils] Running build-commands
3 15-08-20 15:00:41 [79/662/662] [usbutils] Running command:
make 
3 15-08-20 15:00:43 [79/662/662] [usbutils] Running install-commands
3 15-08-20 15:00:43 [79/662/662] [usbutils] Running command:
make DESTDIR="$DESTDIR" install 
3 15-08-20 15:00:43 [79/662/662] [usbutils] Running strip-commands
3 15-08-20 15:00:43 [79/662/662] [usbutils] Running command:
find "$DESTDIR" -type f \
  '(' -perm -111 -o -name '*.so*' -o -name '*.cmxs' -o -name '*.node' ')' \
  -exec sh -ec \
  'read -n4 hdr <"$1"   # check for elf header
  if [ "$hdr" != "$(printf \x7ELF)" ]; then
    exit 0
  fi
  debugfile="$DESTDIR$PREFIX/lib/debug/$(basename "$1")"
  mkdir -p "$(dirname "$debugfile")"
  objcopy --only-keep-debug "$1" "$debugfile"
  chmod 644 "$debugfile"
  strip --remove-section=.comment --remove-section=.note --strip-unneeded "$1"
  objcopy --add-gnu-debuglink "$debugfile" "$1"' - {} ';'
 
3 15-08-20 15:00:43 [79/662/662] [usbutils] Elapsed time for build 00:00:21
3 15-08-20 15:00:43 [79/662/662] [usbutils] Starting artifact creation 
3 15-08-20 15:00:43 [79/662/662] [usbutils] splitting chunk 
3 15-08-20 15:00:43 [79/662/662] [usbutils] Now cached 116371 bytes as usbutils.2201d15df99461270ff18f8091e4a59dd6ff33e45291bd5df5eedf48974d5107
3 15-08-20 15:00:43 [79/662/662] [usbutils] Elapsed time for artifact creation 00:00:00
3 15-08-20 15:00:43 [79/662/662] [usbutils] Cleaned up /src/tmp/tmp_4RTnE
3 15-08-20 15:00:43 [79/662/662] [usbutils] Elapsed time for assembly 00:10:43
3 15-08-20 15:00:43 [79/662/662] [foundation] Installing usbutils.2201d15df99461270ff18f8091e4a59dd6ff33e45291bd5df5eedf48974d5107 
3 15-08-20 15:00:43 [79/662/662] [usbutils] loaded metadata for usbutils
3 15-08-20 15:00:44 [79/662/662] [systemd] loaded metadata for systemd
3 15-08-20 15:00:44 [79/662/662] [lzo] loaded metadata for lzo
3 15-08-20 15:00:44 [79/662/662] [foundation] Installing lzo.0f9a62b2cdb2bfff8c9e05e2dc9437f317429282154bb9a4f0e20e5861ceab6d 
3 15-08-20 15:00:44 [79/662/662] [lzo] loaded metadata for strata/foundation/lzo.morph
3 15-08-20 15:00:44 [79/662/662] [libusb] loaded metadata for libusb
3 15-08-20 15:00:44 [79/662/662] [libgcrypt] loaded metadata for libgcrypt
3 15-08-20 15:00:44 [79/662/662] [libgpg-error] loaded metadata for libgpg-error
3 15-08-20 15:00:44 [79/662/662] [tbdiff] Starting assembly 
3 15-08-20 15:00:44 [79/662/662] [coreutils-common] loaded metadata for coreutils-common
3 15-08-20 15:00:44 [79/662/662] [tbdiff] Installing coreutils-common.dc6b0d69a633f34292460a4c4dcd2d5d254f1d25ef4ec7976d1f69e104c30592 
3 15-08-20 15:00:45 [80/662/662] [tbdiff] Starting build 
3 15-08-20 15:00:45 [80/662/662] [tbdiff] Git checkout baserock:baserock/tbdiff in /src/tmp/tmp2VHTyz/tbdiff.build 
3 15-08-20 15:00:45 [80/662/662] [tbdiff] Upstream version 235e95c3 (No tag found) 
3 15-08-20 15:00:45 [80/662/662] [tbdiff] Defined build system is autotools
3 15-08-20 15:00:45 [80/662/662] [tbdiff] Logging build commands to /src/artifacts/tbdiff.fe505e5054f6f30645cb4d59a74fca1a50c5e04bfa0744a2d34610e027d7667b.build-log.3 
3 15-08-20 15:00:45 [80/662/662] [tbdiff] Running configure-commands
3 15-08-20 15:00:45 [80/662/662] [tbdiff] Running command:
export NOCONFIGURE=1
if [ -e autogen ]; then ./autogen
elif [ -e autogen.sh ]; then ./autogen.sh
elif [ ! -e ./configure ]; then autoreconf -ivf
fi
./configure --prefix="$PREFIX"
 
3 15-08-20 15:00:54 [80/662/662] [tbdiff] Running build-commands
3 15-08-20 15:00:54 [80/662/662] [tbdiff] Running command:
make 
3 15-08-20 15:00:55 [80/662/662] [tbdiff] Running install-commands
3 15-08-20 15:00:55 [80/662/662] [tbdiff] Running command:
make DESTDIR="$DESTDIR" install 
3 15-08-20 15:00:55 [80/662/662] [tbdiff] Running strip-commands
3 15-08-20 15:00:55 [80/662/662] [tbdiff] Running command:
find "$DESTDIR" -type f \
  '(' -perm -111 -o -name '*.so*' -o -name '*.cmxs' -o -name '*.node' ')' \
  -exec sh -ec \
  'read -n4 hdr <"$1"   # check for elf header
  if [ "$hdr" != "$(printf \x7ELF)" ]; then
    exit 0
  fi
  debugfile="$DESTDIR$PREFIX/lib/debug/$(basename "$1")"
  mkdir -p "$(dirname "$debugfile")"
  objcopy --only-keep-debug "$1" "$debugfile"
  chmod 644 "$debugfile"
  strip --remove-section=.comment --remove-section=.note --strip-unneeded "$1"
  objcopy --add-gnu-debuglink "$debugfile" "$1"' - {} ';'
 
3 15-08-20 15:00:55 [80/662/662] [tbdiff] Elapsed time for build 00:00:10
3 15-08-20 15:00:55 [80/662/662] [tbdiff] Starting artifact creation 
3 15-08-20 15:00:55 [80/662/662] [tbdiff] splitting chunk 
3 15-08-20 15:00:55 [80/662/662] [tbdiff] Now cached 85948 bytes as tbdiff.fe505e5054f6f30645cb4d59a74fca1a50c5e04bfa0744a2d34610e027d7667b
3 15-08-20 15:00:55 [80/662/662] [tbdiff] Elapsed time for artifact creation 00:00:00
3 15-08-20 15:00:55 [80/662/662] [tbdiff] Cleaned up /src/tmp/tmp2VHTyz
3 15-08-20 15:00:55 [80/662/662] [tbdiff] Elapsed time for assembly 00:00:11
3 15-08-20 15:00:55 [80/662/662] [foundation] Installing tbdiff.fe505e5054f6f30645cb4d59a74fca1a50c5e04bfa0744a2d34610e027d7667b 
3 15-08-20 15:00:55 [80/662/662] [tbdiff] loaded metadata for strata/foundation/tbdiff.morph
3 15-08-20 15:00:56 [80/662/662] [groff] Starting assembly 
3 15-08-20 15:00:56 [80/662/662] [coreutils-common] loaded metadata for coreutils-common
3 15-08-20 15:00:56 [80/662/662] [groff] Installing coreutils-common.dc6b0d69a633f34292460a4c4dcd2d5d254f1d25ef4ec7976d1f69e104c30592 
3 15-08-20 15:00:56 [81/662/662] [groff] Starting build 
3 15-08-20 15:00:56 [81/662/662] [groff] Git checkout upstream:groff-git in /src/tmp/tmpUOPQZN/groff.build 
3 15-08-20 15:00:56 [81/662/662] [groff] Upstream version 16305a24 1.22.3 (1.22.3 + 0 commits) 
3 15-08-20 15:00:56 [81/662/662] [groff] Defined build system is manual
3 15-08-20 15:00:56 [81/662/662] [groff] Logging build commands to /src/artifacts/groff.373d845880dc9a897f542f97a7dcad208229a545e1095f25d2f3be88cb7efeee.build-log.3 
3 15-08-20 15:00:56 [81/662/662] [groff] Running configure-commands
3 15-08-20 15:00:56 [81/662/662] [groff] Running command:
PAGE=A4 ./configure --prefix="$PREFIX" 
3 15-08-20 15:01:02 [81/662/662] [groff] Running build-commands
3 15-08-20 15:01:02 [81/662/662] [groff] Running command:
touch doc/gnu.eps 
3 15-08-20 15:01:02 [81/662/662] [groff] Running command:
make 
3 15-08-20 15:02:00 [81/662/662] [groff] Running install-commands
3 15-08-20 15:02:00 [81/662/662] [groff] Running command:
make DESTDIR="$DESTDIR" install 
3 15-08-20 15:02:03 [81/662/662] [groff] Running command:
ln -s eqn "$DESTDIR$PREFIX/bin/geqn" 
3 15-08-20 15:02:03 [81/662/662] [groff] Running command:
ln -s tbl "$DESTDIR$PREFIX/bin/gtbl" 
3 15-08-20 15:02:03 [81/662/662] [groff] Elapsed time for build 00:01:06
3 15-08-20 15:02:03 [81/662/662] [groff] Starting artifact creation 
3 15-08-20 15:02:03 [81/662/662] [groff] splitting chunk 
3 15-08-20 15:02:08 [81/662/662] [groff] Now cached 6757787 bytes as groff.373d845880dc9a897f542f97a7dcad208229a545e1095f25d2f3be88cb7efeee
3 15-08-20 15:02:08 [81/662/662] [groff] Elapsed time for artifact creation 00:00:05
3 15-08-20 15:02:09 [81/662/662] [groff] Cleaned up /src/tmp/tmpUOPQZN
3 15-08-20 15:02:09 [81/662/662] [groff] Elapsed time for assembly 00:01:13
3 15-08-20 15:02:09 [81/662/662] [foundation] Installing groff.373d845880dc9a897f542f97a7dcad208229a545e1095f25d2f3be88cb7efeee 
3 15-08-20 15:02:09 [81/662/662] [groff] loaded metadata for strata/foundation/groff.morph
3 15-08-20 15:02:09 [81/662/662] [pciutils] loaded metadata for pciutils
3 15-08-20 15:02:09 [81/662/662] [foundation] Installing pciutils.d9aaa388911239cf9f63dcce44f371d25ab4e76ed250adad7c294905d0693717 
3 15-08-20 15:02:09 [81/662/662] [pciutils] loaded metadata for strata/foundation/pciutils.morph
3 15-08-20 15:02:09 [81/662/662] [dbus] Starting assembly 
3 15-08-20 15:02:09 [81/662/662] [coreutils-common] loaded metadata for coreutils-common
3 15-08-20 15:02:09 [81/662/662] [dbus] Installing coreutils-common.dc6b0d69a633f34292460a4c4dcd2d5d254f1d25ef4ec7976d1f69e104c30592 
3 15-08-20 15:02:10 [81/662/662] [systemd] loaded metadata for systemd
3 15-08-20 15:02:10 [81/662/662] [dbus] Installing systemd.89a5cffbe118d47c92e138c5db9fbc52c971f1e65186d9e149ab4686ebc6bd97 
3 15-08-20 15:02:10 [82/662/662] [dbus] Starting build 
3 15-08-20 15:02:10 [82/662/662] [dbus] Git checkout upstream:dbus in /src/tmp/tmpkKy0MG/dbus.build 
3 15-08-20 15:02:10 [82/662/662] [dbus] Upstream version 92a2d95a dbus-1.9.16-1-g92a2d95 (dbus-1.9.16 + 1 commits) 
3 15-08-20 15:02:10 [82/662/662] [dbus] Defined build system is autotools
3 15-08-20 15:02:10 [82/662/662] [dbus] Logging build commands to /src/artifacts/dbus.4e2a4baad71dd64402f1b7dcd3d051fdfb9878f93daed9f7c7207e9ad734dd92.build-log.3 
3 15-08-20 15:02:10 [82/662/662] [dbus] Running configure-commands
3 15-08-20 15:02:10 [82/662/662] [dbus] Running command:
sh autogen.sh --no-configure 
3 15-08-20 15:02:15 [82/662/662] [dbus] Running command:
./configure --prefix="$PREFIX" --localstatedir=/var --sysconfdir=/etc --enable-user-session 
3 15-08-20 15:02:22 [82/662/662] [dbus] Running build-commands
3 15-08-20 15:02:22 [82/662/662] [dbus] Running command:
make XMLTO_OUTPUT= 
3 15-08-20 15:02:28 [82/662/662] [dbus] Running install-commands
3 15-08-20 15:02:28 [82/662/662] [dbus] Running command:
make XMLTO_OUTPUT= DESTDIR="$DESTDIR" install 
3 15-08-20 15:02:28 [82/662/662] [dbus] Running strip-commands
3 15-08-20 15:02:28 [82/662/662] [dbus] Running command:
find "$DESTDIR" -type f \
  '(' -perm -111 -o -name '*.so*' -o -name '*.cmxs' -o -name '*.node' ')' \
  -exec sh -ec \
  'read -n4 hdr <"$1"   # check for elf header
  if [ "$hdr" != "$(printf \x7ELF)" ]; then
    exit 0
  fi
  debugfile="$DESTDIR$PREFIX/lib/debug/$(basename "$1")"
  mkdir -p "$(dirname "$debugfile")"
  objcopy --only-keep-debug "$1" "$debugfile"
  chmod 644 "$debugfile"
  strip --remove-section=.comment --remove-section=.note --strip-unneeded "$1"
  objcopy --add-gnu-debuglink "$debugfile" "$1"' - {} ';'
 
3 15-08-20 15:02:28 [82/662/662] [dbus] Elapsed time for build 00:00:18
3 15-08-20 15:02:28 [82/662/662] [dbus] Starting artifact creation 
3 15-08-20 15:02:28 [82/662/662] [dbus] splitting chunk 
3 15-08-20 15:02:31 [82/662/662] [dbus] Now cached 1694165 bytes as dbus.4e2a4baad71dd64402f1b7dcd3d051fdfb9878f93daed9f7c7207e9ad734dd92
3 15-08-20 15:02:31 [82/662/662] [dbus] Elapsed time for artifact creation 00:00:02
3 15-08-20 15:02:31 [82/662/662] [dbus] Cleaned up /src/tmp/tmpkKy0MG
3 15-08-20 15:02:31 [82/662/662] [dbus] Elapsed time for assembly 00:00:22
3 15-08-20 15:02:31 [82/662/662] [foundation] Installing dbus.4e2a4baad71dd64402f1b7dcd3d051fdfb9878f93daed9f7c7207e9ad734dd92 
3 15-08-20 15:02:31 [82/662/662] [dbus] loaded metadata for strata/foundation/dbus.morph
3 15-08-20 15:02:31 [82/662/662] [dbus-pre] loaded metadata for dbus-pre
3 15-08-20 15:02:31 [82/662/662] [btrfs-progs] Starting assembly 
3 15-08-20 15:02:31 [82/662/662] [coreutils-common] loaded metadata for coreutils-common
3 15-08-20 15:02:31 [82/662/662] [btrfs-progs] Installing coreutils-common.dc6b0d69a633f34292460a4c4dcd2d5d254f1d25ef4ec7976d1f69e104c30592 
3 15-08-20 15:02:32 [82/662/662] [lzo] loaded metadata for lzo
3 15-08-20 15:02:32 [82/662/662] [btrfs-progs] Installing lzo.0f9a62b2cdb2bfff8c9e05e2dc9437f317429282154bb9a4f0e20e5861ceab6d 
3 15-08-20 15:02:32 [83/662/662] [btrfs-progs] Starting build 
3 15-08-20 15:02:32 [83/662/662] [btrfs-progs] Git checkout upstream:btrfs-progs in /src/tmp/tmpljx26u/btrfs-progs.build 
3 15-08-20 15:02:32 [83/662/662] [btrfs-progs] Upstream version 19a806f5 v4.0 (v4.0 + 0 commits) 
3 15-08-20 15:02:32 [83/662/662] [btrfs-progs] Defined build system is autotools
3 15-08-20 15:02:32 [83/662/662] [btrfs-progs] Logging build commands to /src/artifacts/btrfs-progs.6b8d967113024da582a13f16a060751f5bbe9967d4350c9d9dc2c2f38b0a004b.build-log.3 
3 15-08-20 15:02:32 [83/662/662] [btrfs-progs] Running pre-configure-commands
3 15-08-20 15:02:32 [83/662/662] [btrfs-progs] Running command:
./autogen.sh 
3 15-08-20 15:02:33 [83/662/662] [btrfs-progs] Running configure-commands
3 15-08-20 15:02:33 [83/662/662] [btrfs-progs] Running command:
export CFLAGS="-O2 $CFLAGS"; ./configure --prefix="$PREFIX" --disable-documentation 
3 15-08-20 15:02:35 [83/662/662] [btrfs-progs] Running build-commands
3 15-08-20 15:02:35 [83/662/662] [btrfs-progs] Running command:
make 
3 15-08-20 15:02:38 [83/662/662] [btrfs-progs] Running install-commands
3 15-08-20 15:02:38 [83/662/662] [btrfs-progs] Running command:
make DESTDIR="$DESTDIR" install 
3 15-08-20 15:02:38 [83/662/662] [btrfs-progs] Running strip-commands
3 15-08-20 15:02:38 [83/662/662] [btrfs-progs] Running command:
find "$DESTDIR" -type f \
  '(' -perm -111 -o -name '*.so*' -o -name '*.cmxs' -o -name '*.node' ')' \
  -exec sh -ec \
  'read -n4 hdr <"$1"   # check for elf header
  if [ "$hdr" != "$(printf \x7ELF)" ]; then
    exit 0
  fi
  debugfile="$DESTDIR$PREFIX/lib/debug/$(basename "$1")"
  mkdir -p "$(dirname "$debugfile")"
  objcopy --only-keep-debug "$1" "$debugfile"
  chmod 644 "$debugfile"
  strip --remove-section=.comment --remove-section=.note --strip-unneeded "$1"
  objcopy --add-gnu-debuglink "$debugfile" "$1"' - {} ';'
 
3 15-08-20 15:02:38 [83/662/662] [btrfs-progs] Elapsed time for build 00:00:05
3 15-08-20 15:02:38 [83/662/662] [btrfs-progs] Starting artifact creation 
3 15-08-20 15:02:38 [83/662/662] [btrfs-progs] splitting chunk 
3 15-08-20 15:02:39 [83/662/662] [btrfs-progs] Now cached 1960419 bytes as btrfs-progs.6b8d967113024da582a13f16a060751f5bbe9967d4350c9d9dc2c2f38b0a004b
3 15-08-20 15:02:39 [83/662/662] [btrfs-progs] Elapsed time for artifact creation 00:00:01
3 15-08-20 15:02:39 [83/662/662] [btrfs-progs] Cleaned up /src/tmp/tmpljx26u
3 15-08-20 15:02:39 [83/662/662] [btrfs-progs] Elapsed time for assembly 00:00:08
3 15-08-20 15:02:39 [83/662/662] [foundation] Installing btrfs-progs.6b8d967113024da582a13f16a060751f5bbe9967d4350c9d9dc2c2f38b0a004b 
3 15-08-20 15:02:40 [83/662/662] [btrfs-progs] loaded metadata for strata/foundation/btrfs-progs.morph
3 15-08-20 15:02:40 [83/662/662] [rsync] Starting assembly 
3 15-08-20 15:02:40 [83/662/662] [coreutils-common] loaded metadata for coreutils-common
3 15-08-20 15:02:40 [83/662/662] [rsync] Installing coreutils-common.dc6b0d69a633f34292460a4c4dcd2d5d254f1d25ef4ec7976d1f69e104c30592 
3 15-08-20 15:02:40 [84/662/662] [rsync] Starting build 
3 15-08-20 15:02:40 [84/662/662] [rsync] Git checkout upstream:rsync in /src/tmp/tmpORVhC0/rsync.build 
3 15-08-20 15:02:40 [84/662/662] [rsync] Upstream version 7cb0de63 v3.1.1 (v3.1.1 + 0 commits) 
3 15-08-20 15:02:40 [84/662/662] [rsync] Defined build system is autotools
3 15-08-20 15:02:40 [84/662/662] [rsync] Logging build commands to /src/artifacts/rsync.a36cd4b1eef18a9d1afbd264921050478d67fd5ea9ea6832c5c0fedb2a4f9660.build-log.3 
3 15-08-20 15:02:40 [84/662/662] [rsync] Running configure-commands
3 15-08-20 15:02:40 [84/662/662] [rsync] Running command:
export NOCONFIGURE=1
if [ -e autogen ]; then ./autogen
elif [ -e autogen.sh ]; then ./autogen.sh
elif [ ! -e ./configure ]; then autoreconf -ivf
fi
./configure --prefix="$PREFIX"
 
3 15-08-20 15:02:50 [84/662/662] [rsync] Running build-commands
3 15-08-20 15:02:50 [84/662/662] [rsync] Running command:
make proto 
3 15-08-20 15:02:50 [84/662/662] [rsync] Running command:
make 
3 15-08-20 15:02:52 [84/662/662] [rsync] Running install-commands
3 15-08-20 15:02:52 [84/662/662] [rsync] Running command:
make install 
3 15-08-20 15:02:52 [84/662/662] [rsync] Running command:
install -D -m 644 packaging/systemd/rsync.service "$DESTDIR$PREFIX"/lib/systemd/system/rsync.service 
3 15-08-20 15:02:52 [84/662/662] [rsync] Running strip-commands
3 15-08-20 15:02:52 [84/662/662] [rsync] Running command:
find "$DESTDIR" -type f \
  '(' -perm -111 -o -name '*.so*' -o -name '*.cmxs' -o -name '*.node' ')' \
  -exec sh -ec \
  'read -n4 hdr <"$1"   # check for elf header
  if [ "$hdr" != "$(printf \x7ELF)" ]; then
    exit 0
  fi
  debugfile="$DESTDIR$PREFIX/lib/debug/$(basename "$1")"
  mkdir -p "$(dirname "$debugfile")"
  objcopy --only-keep-debug "$1" "$debugfile"
  chmod 644 "$debugfile"
  strip --remove-section=.comment --remove-section=.note --strip-unneeded "$1"
  objcopy --add-gnu-debuglink "$debugfile" "$1"' - {} ';'
 
3 15-08-20 15:02:52 [84/662/662] [rsync] Elapsed time for build 00:00:11
3 15-08-20 15:02:52 [84/662/662] [rsync] Starting artifact creation 
3 15-08-20 15:02:52 [84/662/662] [rsync] splitting chunk 
3 15-08-20 15:02:53 [84/662/662] [rsync] Now cached 630607 bytes as rsync.a36cd4b1eef18a9d1afbd264921050478d67fd5ea9ea6832c5c0fedb2a4f9660
3 15-08-20 15:02:53 [84/662/662] [rsync] Elapsed time for artifact creation 00:00:00
3 15-08-20 15:02:53 [84/662/662] [rsync] Cleaned up /src/tmp/tmpORVhC0
3 15-08-20 15:02:53 [84/662/662] [rsync] Elapsed time for assembly 00:00:13
3 15-08-20 15:02:53 [84/662/662] [foundation] Installing rsync.a36cd4b1eef18a9d1afbd264921050478d67fd5ea9ea6832c5c0fedb2a4f9660 
3 15-08-20 15:02:53 [84/662/662] [rsync] loaded metadata for strata/foundation/rsync.morph
3 15-08-20 15:02:53 [84/662/662] [openssh] Starting assembly 
3 15-08-20 15:02:53 [84/662/662] [coreutils-common] loaded metadata for coreutils-common
3 15-08-20 15:02:53 [84/662/662] [openssh] Installing coreutils-common.dc6b0d69a633f34292460a4c4dcd2d5d254f1d25ef4ec7976d1f69e104c30592 
3 15-08-20 15:02:54 [84/662/662] [groff] loaded metadata for groff
3 15-08-20 15:02:54 [84/662/662] [openssh] Installing groff.373d845880dc9a897f542f97a7dcad208229a545e1095f25d2f3be88cb7efeee 
3 15-08-20 15:02:54 [85/662/662] [openssh] Starting build 
3 15-08-20 15:02:54 [85/662/662] [openssh] Git checkout upstream:openssh-git in /src/tmp/tmpfhqMLR/openssh.build 
3 15-08-20 15:02:54 [85/662/662] [openssh] Upstream version 782fe9e7 V_6_7_P1-2-g782fe9e (V_6_7_P1 + 2 commits) 
3 15-08-20 15:02:54 [85/662/662] [openssh] Defined build system is manual
3 15-08-20 15:02:54 [85/662/662] [openssh] Logging build commands to /src/artifacts/openssh.f838036da292e497aa23e8e1e614e6bf16774a6adae920991e688d640e33ef5a.build-log.3 
3 15-08-20 15:02:54 [85/662/662] [openssh] Running configure-commands
3 15-08-20 15:02:54 [85/662/662] [openssh] Running command:
autoreconf -if 
3 15-08-20 15:02:56 [85/662/662] [openssh] Running command:
OPENSSL_SEEDS_ITSELF=yes ./configure \
    --prefix="$PREFIX" --sysconfdir=/etc/ssh \
    --datadir="$PREFIX/share/sshd" \
    --libexecdir="$PREFIX/lib/openssh" \
    --with-privsep-path=/var/lib/sshd
 
3 15-08-20 15:03:15 [85/662/662] [openssh] Running build-commands
3 15-08-20 15:03:15 [85/662/662] [openssh] Running command:
make 
3 15-08-20 15:03:18 [85/662/662] [openssh] Running command:
sed -e "s|@prefix@|$PREFIX|g" \
    -e 's|@STARTUP_SCRIPT_SHELL@|/bin/sh|g' \
    -e 's|@sysconfdir@|/etc/ssh|g' \
    -e 's|@COMMENT_OUT_ECC@||g' \
    sshd-keygen.in >sshd-keygen
 
3 15-08-20 15:03:18 [85/662/662] [openssh] Running command:
sed -e "s|@prefix@|$PREFIX|g" opensshd.service.in >opensshd.service 
3 15-08-20 15:03:18 [85/662/662] [openssh] Running install-commands
3 15-08-20 15:03:18 [85/662/662] [openssh] Running command:
make DESTDIR="$DESTDIR" install 
3 15-08-20 15:03:19 [85/662/662] [openssh] Running command:
mkdir -p "$DESTDIR/$PREFIX/sbin" 
3 15-08-20 15:03:19 [85/662/662] [openssh] Running command:
chmod go= "$DESTDIR"/var/lib/sshd 
3 15-08-20 15:03:19 [85/662/662] [openssh] Running command:
install -m 744 sshd-keygen "$DESTDIR/$PREFIX/sbin/sshd-keygen" 
3 15-08-20 15:03:19 [85/662/662] [openssh] Running command:
install -m 755 contrib/ssh-copy-id "$DESTDIR/$PREFIX/bin/ssh-copy-id" 
3 15-08-20 15:03:19 [85/662/662] [openssh] Running command:
mkdir -p "$DESTDIR/lib/systemd/system/multi-user.target.wants" 
3 15-08-20 15:03:19 [85/662/662] [openssh] Running command:
install -m 644 opensshd.service "$DESTDIR/lib/systemd/system/opensshd.service" 
3 15-08-20 15:03:19 [85/662/662] [openssh] Running command:
ln -s ../opensshd.service "$DESTDIR/lib/systemd/system/multi-user.target.wants/opensshd.service" 
3 15-08-20 15:03:19 [85/662/662] [openssh] Elapsed time for build 00:00:25
3 15-08-20 15:03:19 [85/662/662] [openssh] Starting artifact creation 
3 15-08-20 15:03:19 [85/662/662] [openssh] splitting chunk 
3 15-08-20 15:03:21 [85/662/662] [openssh] Now cached 1813278 bytes as openssh.f838036da292e497aa23e8e1e614e6bf16774a6adae920991e688d640e33ef5a
3 15-08-20 15:03:21 [85/662/662] [openssh] Elapsed time for artifact creation 00:00:01
3 15-08-20 15:03:21 [85/662/662] [openssh] Cleaned up /src/tmp/tmpfhqMLR
3 15-08-20 15:03:21 [85/662/662] [openssh] Elapsed time for assembly 00:00:28
3 15-08-20 15:03:21 [85/662/662] [foundation] Installing openssh.f838036da292e497aa23e8e1e614e6bf16774a6adae920991e688d640e33ef5a 
3 15-08-20 15:03:21 [85/662/662] [openssh] loaded metadata for strata/foundation/openssh.morph
3 15-08-20 15:03:21 [85/662/662] [bash-completion] Starting assembly 
3 15-08-20 15:03:21 [85/662/662] [coreutils-common] loaded metadata for coreutils-common
3 15-08-20 15:03:21 [85/662/662] [bash-completion] Installing coreutils-common.dc6b0d69a633f34292460a4c4dcd2d5d254f1d25ef4ec7976d1f69e104c30592 
3 15-08-20 15:03:22 [86/662/662] [bash-completion] Starting build 
3 15-08-20 15:03:22 [86/662/662] [bash-completion] Git checkout upstream:bash-completion in /src/tmp/tmp2vD5ZV/bash-completion.build 
3 15-08-20 15:03:22 [86/662/662] [bash-completion] Upstream version 3085c7e1 2.1 (2.1 + 0 commits) 
3 15-08-20 15:03:22 [86/662/662] [bash-completion] Autodetected build system is autotools
3 15-08-20 15:03:22 [86/662/662] [bash-completion] Logging build commands to /src/artifacts/bash-completion.9a9993dfa9a2d73febf41f329dbd2452c627f3bc0870edee256e6f2dd4d8362b.build-log.3 
3 15-08-20 15:03:22 [86/662/662] [bash-completion] Running configure-commands
3 15-08-20 15:03:22 [86/662/662] [bash-completion] Running command:
export NOCONFIGURE=1
if [ -e autogen ]; then ./autogen
elif [ -e autogen.sh ]; then ./autogen.sh
elif [ ! -e ./configure ]; then autoreconf -ivf
fi
./configure --prefix="$PREFIX"
 
3 15-08-20 15:03:26 [86/662/662] [bash-completion] Running build-commands
3 15-08-20 15:03:26 [86/662/662] [bash-completion] Running command:
make 
3 15-08-20 15:03:26 [86/662/662] [bash-completion] Running install-commands
3 15-08-20 15:03:26 [86/662/662] [bash-completion] Running command:
make DESTDIR="$DESTDIR" install 
3 15-08-20 15:03:27 [86/662/662] [bash-completion] Running strip-commands
3 15-08-20 15:03:27 [86/662/662] [bash-completion] Running command:
find "$DESTDIR" -type f \
  '(' -perm -111 -o -name '*.so*' -o -name '*.cmxs' -o -name '*.node' ')' \
  -exec sh -ec \
  'read -n4 hdr <"$1"   # check for elf header
  if [ "$hdr" != "$(printf \x7ELF)" ]; then
    exit 0
  fi
  debugfile="$DESTDIR$PREFIX/lib/debug/$(basename "$1")"
  mkdir -p "$(dirname "$debugfile")"
  objcopy --only-keep-debug "$1" "$debugfile"
  chmod 644 "$debugfile"
  strip --remove-section=.comment --remove-section=.note --strip-unneeded "$1"
  objcopy --add-gnu-debuglink "$debugfile" "$1"' - {} ';'
 
3 15-08-20 15:03:27 [86/662/662] [bash-completion] Elapsed time for build 00:00:05
3 15-08-20 15:03:27 [86/662/662] [bash-completion] Starting artifact creation 
3 15-08-20 15:03:27 [86/662/662] [bash-completion] splitting chunk 
3 15-08-20 15:03:27 [86/662/662] [bash-completion] Now cached 155895 bytes as bash-completion.9a9993dfa9a2d73febf41f329dbd2452c627f3bc0870edee256e6f2dd4d8362b
3 15-08-20 15:03:27 [86/662/662] [bash-completion] Elapsed time for artifact creation 00:00:00
3 15-08-20 15:03:27 [86/662/662] [bash-completion] Cleaned up /src/tmp/tmp2vD5ZV
3 15-08-20 15:03:27 [86/662/662] [bash-completion] Elapsed time for assembly 00:00:06
3 15-08-20 15:03:27 [86/662/662] [foundation] Installing bash-completion.9a9993dfa9a2d73febf41f329dbd2452c627f3bc0870edee256e6f2dd4d8362b 
3 15-08-20 15:03:28 [86/662/662] [bash-completion] loaded metadata for bash-completion
3 15-08-20 15:03:28 [86/662/662] [fuse] loaded metadata for fuse
3 15-08-20 15:03:28 [86/662/662] [foundation] Installing fuse.1c3ccb8db97ac85ec23a7b09a908c013c32dfcba102cf10d27fd01b87fe59f9d 
3 15-08-20 15:03:28 [86/662/662] [fuse] loaded metadata for strata/foundation/fuse.morph
3 15-08-20 15:03:28 [86/662/662] [time-zone-database] Starting assembly 
3 15-08-20 15:03:28 [86/662/662] [coreutils-common] loaded metadata for coreutils-common
3 15-08-20 15:03:28 [86/662/662] [time-zone-database] Installing coreutils-common.dc6b0d69a633f34292460a4c4dcd2d5d254f1d25ef4ec7976d1f69e104c30592 
3 15-08-20 15:03:28 [87/662/662] [time-zone-database] Starting build 
3 15-08-20 15:03:28 [87/662/662] [time-zone-database] Git checkout upstream:tz in /src/tmp/tmpx4TKXk/time-zone-database.build 
3 15-08-20 15:03:28 [87/662/662] [time-zone-database] Upstream version a0782484 2015a (2015a + 0 commits) 
3 15-08-20 15:03:28 [87/662/662] [time-zone-database] Defined build system is manual
3 15-08-20 15:03:28 [87/662/662] [time-zone-database] Logging build commands to /src/artifacts/time-zone-database.91b5bb9375cea9e0f310a10eda9bf7a864968c4131f2635d56660dd315544a00.build-log.3 
3 15-08-20 15:03:28 [87/662/662] [time-zone-database] Running install-commands
3 15-08-20 15:03:28 [87/662/662] [time-zone-database] Running command:
make TOPDIR="$PREFIX" ETCDIR="$PREFIX/bin" TZDIR="$PREFIX/share/zoneinfo" DESTDIR="$DESTDIR" install 
3 15-08-20 15:03:29 [87/662/662] [time-zone-database] Elapsed time for build 00:00:00
3 15-08-20 15:03:29 [87/662/662] [time-zone-database] Starting artifact creation 
3 15-08-20 15:03:29 [87/662/662] [time-zone-database] splitting chunk 
3 15-08-20 15:03:30 [87/662/662] [time-zone-database] Now cached 407390 bytes as time-zone-database.91b5bb9375cea9e0f310a10eda9bf7a864968c4131f2635d56660dd315544a00
3 15-08-20 15:03:30 [87/662/662] [time-zone-database] Elapsed time for artifact creation 00:00:00
3 15-08-20 15:03:30 [87/662/662] [time-zone-database] Cleaned up /src/tmp/tmpx4TKXk
3 15-08-20 15:03:30 [87/662/662] [time-zone-database] Elapsed time for assembly 00:00:02
3 15-08-20 15:03:30 [87/662/662] [foundation] Installing time-zone-database.91b5bb9375cea9e0f310a10eda9bf7a864968c4131f2635d56660dd315544a00 
3 15-08-20 15:03:30 [87/662/662] [time-zone-database] loaded metadata for strata/foundation/time-zone-database.morph
3 15-08-20 15:03:30 [87/662/662] [kmod] loaded metadata for kmod
3 15-08-20 15:03:30 [88/662/662] [foundation] Starting build 
3 15-08-20 15:03:30 [88/662/662] [foundation] Defined build system is manual
3 15-08-20 15:03:30 [88/662/662] [foundation] Logging build commands to /src/artifacts/foundation.5666f4ec3a65337a6140ea4cf9af8375143ffed67bee31ebd543d01893dd7007.build-log.3 
3 15-08-20 15:03:30 [88/662/662] [foundation] Elapsed time for build 00:00:00
3 15-08-20 15:03:30 [88/662/662] [foundation] Starting artifact creation 
3 15-08-20 15:03:30 [88/662/662] [foundation] splitting stratum 
3 15-08-20 15:03:30 [88/662/662] [foundation] Now cached 638 bytes as foundation.5666f4ec3a65337a6140ea4cf9af8375143ffed67bee31ebd543d01893dd7007
3 15-08-20 15:03:30 [88/662/662] [foundation] Elapsed time for artifact creation 00:00:00
3 15-08-20 15:03:31 [88/662/662] [foundation] Cleaned up /src/tmp/tmp5QSacN
3 15-08-20 15:03:31 [88/662/662] [foundation] Elapsed time for assembly 00:13:30
3 15-08-20 15:03:31 [88/662/662] [oslo-i18n] Installing foundation.5666f4ec3a65337a6140ea4cf9af8375143ffed67bee31ebd543d01893dd7007 
3 15-08-20 15:03:31 [88/662/662] [foundation] loaded metadata for strata/foundation.morph
3 15-08-20 15:03:31 [88/662/662] [babel] Starting assembly 
3 15-08-20 15:03:31 [88/662/662] [python-common] loaded metadata for python-common
3 15-08-20 15:03:31 [88/662/662] [babel] Installing python-common.70f2fdbdecbc202c93d5d643a804d1db4b129215f47450cd27f12af5eb63d8f0 
3 15-08-20 15:03:32 [88/662/662] [foundation] loaded metadata for foundation
3 15-08-20 15:03:32 [88/662/662] [babel] Installing foundation.5666f4ec3a65337a6140ea4cf9af8375143ffed67bee31ebd543d01893dd7007 
3 15-08-20 15:03:32 [88/662/662] [pytz] Starting assembly 
3 15-08-20 15:03:32 [88/662/662] [foundation] loaded metadata for foundation
3 15-08-20 15:03:32 [88/662/662] [pytz] Installing foundation.5666f4ec3a65337a6140ea4cf9af8375143ffed67bee31ebd543d01893dd7007 
3 15-08-20 15:03:33 [88/662/662] [python-common] loaded metadata for python-common
3 15-08-20 15:03:33 [88/662/662] [pytz] Installing python-common.70f2fdbdecbc202c93d5d643a804d1db4b129215f47450cd27f12af5eb63d8f0 
3 15-08-20 15:03:33 [89/662/662] [pytz] Starting build 
3 15-08-20 15:03:33 [89/662/662] [pytz] Git checkout upstream:pytz-tarball in /src/tmp/tmpNer60j/pytz.build 
3 15-08-20 15:03:33 [89/662/662] [pytz] Upstream version c414cb80 pytz-2014.10 (pytz-2014.10 + 0 commits) 
3 15-08-20 15:03:33 [89/662/662] [pytz] Autodetected build system is python-distutils
3 15-08-20 15:03:33 [89/662/662] [pytz] Logging build commands to /src/artifacts/pytz.66285ace8ac6a0248482f77ab73dbced0afeeb21bdbf11994ae2c73ba74c3e75.build-log.3 
3 15-08-20 15:03:33 [89/662/662] [pytz] Running build-commands
3 15-08-20 15:03:33 [89/662/662] [pytz] Running command:
python setup.py build 
3 15-08-20 15:03:34 [89/662/662] [pytz] Running install-commands
3 15-08-20 15:03:34 [89/662/662] [pytz] Running command:
python setup.py install --prefix "$PREFIX" --root "$DESTDIR" 
3 15-08-20 15:03:34 [89/662/662] [pytz] Running strip-commands
3 15-08-20 15:03:34 [89/662/662] [pytz] Running command:
find "$DESTDIR" -type f \
  '(' -perm -111 -o -name '*.so*' -o -name '*.cmxs' -o -name '*.node' ')' \
  -exec sh -ec \
  'read -n4 hdr <"$1"   # check for elf header
  if [ "$hdr" != "$(printf \x7ELF)" ]; then
    exit 0
  fi
  debugfile="$DESTDIR$PREFIX/lib/debug/$(basename "$1")"
  mkdir -p "$(dirname "$debugfile")"
  objcopy --only-keep-debug "$1" "$debugfile"
  chmod 644 "$debugfile"
  strip --remove-section=.comment --remove-section=.note --strip-unneeded "$1"
  objcopy --add-gnu-debuglink "$debugfile" "$1"' - {} ';'
 
3 15-08-20 15:03:34 [89/662/662] [pytz] Elapsed time for build 00:00:01
3 15-08-20 15:03:34 [89/662/662] [pytz] Starting artifact creation 
3 15-08-20 15:03:34 [89/662/662] [pytz] splitting chunk 
3 15-08-20 15:03:35 [89/662/662] [pytz] Now cached 272724 bytes as pytz.66285ace8ac6a0248482f77ab73dbced0afeeb21bdbf11994ae2c73ba74c3e75
3 15-08-20 15:03:35 [89/662/662] [pytz] Elapsed time for artifact creation 00:00:00
3 15-08-20 15:03:35 [89/662/662] [pytz] Cleaned up /src/tmp/tmpNer60j
3 15-08-20 15:03:35 [89/662/662] [pytz] Elapsed time for assembly 00:00:02
3 15-08-20 15:03:35 [89/662/662] [babel] Installing pytz.66285ace8ac6a0248482f77ab73dbced0afeeb21bdbf11994ae2c73ba74c3e75 
3 15-08-20 15:03:35 [89/662/662] [pytz] loaded metadata for pytz
3 15-08-20 15:03:35 [90/662/662] [babel] Starting build 
3 15-08-20 15:03:35 [90/662/662] [babel] Git checkout upstream:babel in /src/tmp/tmppJN03t/babel.build 
3 15-08-20 15:03:35 [90/662/662] [babel] Upstream version 1891d93b 1.3-52-g1891d93 (1.3 + 52 commits) 
3 15-08-20 15:03:35 [90/662/662] [babel] Defined build system is python-distutils
3 15-08-20 15:03:35 [90/662/662] [babel] Logging build commands to /src/artifacts/babel.ade8308012cf2bbc7154f95ee4ef546fb4fbdafa26b394c31745841bf279e1cf.build-log.3 
3 15-08-20 15:03:35 [90/662/662] [babel] Running pre-build-commands
3 15-08-20 15:03:35 [90/662/662] [babel] Running command:
python setup.py import_cldr 
3 15-08-20 15:03:43 [90/662/662] [babel] Running build-commands
3 15-08-20 15:03:43 [90/662/662] [babel] Running command:
python setup.py build 
3 15-08-20 15:03:43 [90/662/662] [babel] Running install-commands
3 15-08-20 15:03:43 [90/662/662] [babel] Running command:
python setup.py install --prefix "$PREFIX" --root "$DESTDIR" 
3 15-08-20 15:03:43 [90/662/662] [babel] Running strip-commands
3 15-08-20 15:03:43 [90/662/662] [babel] Running command:
find "$DESTDIR" -type f \
  '(' -perm -111 -o -name '*.so*' -o -name '*.cmxs' -o -name '*.node' ')' \
  -exec sh -ec \
  'read -n4 hdr <"$1"   # check for elf header
  if [ "$hdr" != "$(printf \x7ELF)" ]; then
    exit 0
  fi
  debugfile="$DESTDIR$PREFIX/lib/debug/$(basename "$1")"
  mkdir -p "$(dirname "$debugfile")"
  objcopy --only-keep-debug "$1" "$debugfile"
  chmod 644 "$debugfile"
  strip --remove-section=.comment --remove-section=.note --strip-unneeded "$1"
  objcopy --add-gnu-debuglink "$debugfile" "$1"' - {} ';'
 
3 15-08-20 15:03:43 [90/662/662] [babel] Elapsed time for build 00:00:08
3 15-08-20 15:03:43 [90/662/662] [babel] Starting artifact creation 
3 15-08-20 15:03:43 [90/662/662] [babel] splitting chunk 
3 15-08-20 15:03:45 [90/662/662] [babel] Now cached 3360108 bytes as babel.ade8308012cf2bbc7154f95ee4ef546fb4fbdafa26b394c31745841bf279e1cf
3 15-08-20 15:03:45 [90/662/662] [babel] Elapsed time for artifact creation 00:00:02
3 15-08-20 15:03:46 [90/662/662] [babel] Cleaned up /src/tmp/tmppJN03t
3 15-08-20 15:03:46 [90/662/662] [babel] Elapsed time for assembly 00:00:14
3 15-08-20 15:03:46 [90/662/662] [oslo-i18n] Installing babel.ade8308012cf2bbc7154f95ee4ef546fb4fbdafa26b394c31745841bf279e1cf 
3 15-08-20 15:03:46 [90/662/662] [babel] loaded metadata for strata/openstack-common/babel.morph
3 15-08-20 15:03:46 [90/662/662] [python-common] loaded metadata for python-common
3 15-08-20 15:03:46 [91/662/662] [oslo-i18n] Starting build 
3 15-08-20 15:03:46 [91/662/662] [oslo-i18n] Git checkout upstream:openstack/oslo-i18n in /src/tmp/tmpTQulP8/oslo-i18n.build 
3 15-08-20 15:03:46 [91/662/662] [oslo-i18n] Upstream version b0faab7b 1.5.0 (1.5.0 + 0 commits) 
3 15-08-20 15:03:46 [91/662/662] [oslo-i18n] Autodetected build system is python-distutils
3 15-08-20 15:03:46 [91/662/662] [oslo-i18n] Logging build commands to /src/artifacts/oslo-i18n.5d90131c2ffab11989cb5f3073ac8faeac6ee1973b3824166c86c003b0090a2c.build-log.3 
3 15-08-20 15:03:46 [91/662/662] [oslo-i18n] Running build-commands
3 15-08-20 15:03:46 [91/662/662] [oslo-i18n] Running command:
python setup.py build 
3 15-08-20 15:03:47 [91/662/662] [oslo-i18n] Running install-commands
3 15-08-20 15:03:47 [91/662/662] [oslo-i18n] Running command:
python setup.py install --prefix "$PREFIX" --root "$DESTDIR" 
3 15-08-20 15:03:47 [91/662/662] [oslo-i18n] Running strip-commands
3 15-08-20 15:03:47 [91/662/662] [oslo-i18n] Running command:
find "$DESTDIR" -type f \
  '(' -perm -111 -o -name '*.so*' -o -name '*.cmxs' -o -name '*.node' ')' \
  -exec sh -ec \
  'read -n4 hdr <"$1"   # check for elf header
  if [ "$hdr" != "$(printf \x7ELF)" ]; then
    exit 0
  fi
  debugfile="$DESTDIR$PREFIX/lib/debug/$(basename "$1")"
  mkdir -p "$(dirname "$debugfile")"
  objcopy --only-keep-debug "$1" "$debugfile"
  chmod 644 "$debugfile"
  strip --remove-section=.comment --remove-section=.note --strip-unneeded "$1"
  objcopy --add-gnu-debuglink "$debugfile" "$1"' - {} ';'
 
3 15-08-20 15:03:47 [91/662/662] [oslo-i18n] Elapsed time for build 00:00:00
3 15-08-20 15:03:47 [91/662/662] [oslo-i18n] Starting artifact creation 
3 15-08-20 15:03:47 [91/662/662] [oslo-i18n] splitting chunk 
3 15-08-20 15:03:47 [91/662/662] [oslo-i18n] Now cached 35121 bytes as oslo-i18n.5d90131c2ffab11989cb5f3073ac8faeac6ee1973b3824166c86c003b0090a2c
3 15-08-20 15:03:47 [91/662/662] [oslo-i18n] Elapsed time for artifact creation 00:00:00
3 15-08-20 15:03:48 [91/662/662] [oslo-i18n] Cleaned up /src/tmp/tmpTQulP8
3 15-08-20 15:03:48 [91/662/662] [oslo-i18n] Elapsed time for assembly 00:13:47
3 15-08-20 15:03:48 [91/662/662] [openstack-common] Installing oslo-i18n.5d90131c2ffab11989cb5f3073ac8faeac6ee1973b3824166c86c003b0090a2c 
3 15-08-20 15:03:48 [91/662/662] [oslo-i18n] loaded metadata for oslo-i18n
3 15-08-20 15:03:48 [91/662/662] [pyiso8601] Starting assembly 
3 15-08-20 15:03:48 [91/662/662] [python-common] loaded metadata for python-common
3 15-08-20 15:03:48 [91/662/662] [pyiso8601] Installing python-common.70f2fdbdecbc202c93d5d643a804d1db4b129215f47450cd27f12af5eb63d8f0 
3 15-08-20 15:03:49 [91/662/662] [foundation] loaded metadata for foundation
3 15-08-20 15:03:49 [91/662/662] [pyiso8601] Installing foundation.5666f4ec3a65337a6140ea4cf9af8375143ffed67bee31ebd543d01893dd7007 
3 15-08-20 15:03:49 [92/662/662] [pyiso8601] Starting build 
3 15-08-20 15:03:49 [92/662/662] [pyiso8601] Git checkout upstream:pyiso8601 in /src/tmp/tmpk_XiE7/pyiso8601.build 
3 15-08-20 15:03:49 [92/662/662] [pyiso8601] Upstream version 9eb87a9b 0.1.10 (0.1.10 + 0 commits) 
3 15-08-20 15:03:49 [92/662/662] [pyiso8601] Autodetected build system is python-distutils
3 15-08-20 15:03:49 [92/662/662] [pyiso8601] Logging build commands to /src/artifacts/pyiso8601.5b87475568ba2cbddd9f0d44fa29017617c3bfccbed7bc90128e4d89ffcab5e6.build-log.3 
3 15-08-20 15:03:49 [92/662/662] [pyiso8601] Running build-commands
3 15-08-20 15:03:49 [92/662/662] [pyiso8601] Running command:
python setup.py build 
3 15-08-20 15:03:50 [92/662/662] [pyiso8601] Running install-commands
3 15-08-20 15:03:50 [92/662/662] [pyiso8601] Running command:
python setup.py install --prefix "$PREFIX" --root "$DESTDIR" 
3 15-08-20 15:03:50 [92/662/662] [pyiso8601] Running strip-commands
3 15-08-20 15:03:50 [92/662/662] [pyiso8601] Running command:
find "$DESTDIR" -type f \
  '(' -perm -111 -o -name '*.so*' -o -name '*.cmxs' -o -name '*.node' ')' \
  -exec sh -ec \
  'read -n4 hdr <"$1"   # check for elf header
  if [ "$hdr" != "$(printf \x7ELF)" ]; then
    exit 0
  fi
  debugfile="$DESTDIR$PREFIX/lib/debug/$(basename "$1")"
  mkdir -p "$(dirname "$debugfile")"
  objcopy --only-keep-debug "$1" "$debugfile"
  chmod 644 "$debugfile"
  strip --remove-section=.comment --remove-section=.note --strip-unneeded "$1"
  objcopy --add-gnu-debuglink "$debugfile" "$1"' - {} ';'
 
3 15-08-20 15:03:50 [92/662/662] [pyiso8601] Elapsed time for build 00:00:00
3 15-08-20 15:03:50 [92/662/662] [pyiso8601] Starting artifact creation 
3 15-08-20 15:03:50 [92/662/662] [pyiso8601] splitting chunk 
3 15-08-20 15:03:50 [92/662/662] [pyiso8601] Now cached 11241 bytes as pyiso8601.5b87475568ba2cbddd9f0d44fa29017617c3bfccbed7bc90128e4d89ffcab5e6
3 15-08-20 15:03:50 [92/662/662] [pyiso8601] Elapsed time for artifact creation 00:00:00
3 15-08-20 15:03:50 [92/662/662] [pyiso8601] Cleaned up /src/tmp/tmpk_XiE7
3 15-08-20 15:03:50 [92/662/662] [pyiso8601] Elapsed time for assembly 00:00:01
3 15-08-20 15:03:50 [92/662/662] [openstack-common] Installing pyiso8601.5b87475568ba2cbddd9f0d44fa29017617c3bfccbed7bc90128e4d89ffcab5e6 
3 15-08-20 15:03:50 [92/662/662] [pyiso8601] loaded metadata for pyiso8601
3 15-08-20 15:03:50 [92/662/662] [babel] loaded metadata for babel
3 15-08-20 15:03:50 [92/662/662] [enum34] Starting assembly 
3 15-08-20 15:03:50 [92/662/662] [foundation] loaded metadata for foundation
3 15-08-20 15:03:50 [92/662/662] [enum34] Installing foundation.5666f4ec3a65337a6140ea4cf9af8375143ffed67bee31ebd543d01893dd7007 
3 15-08-20 15:03:51 [92/662/662] [python-common] loaded metadata for python-common
3 15-08-20 15:03:51 [92/662/662] [enum34] Installing python-common.70f2fdbdecbc202c93d5d643a804d1db4b129215f47450cd27f12af5eb63d8f0 
3 15-08-20 15:03:51 [93/662/662] [enum34] Starting build 
3 15-08-20 15:03:51 [93/662/662] [enum34] Git checkout upstream:python-packages/enum34.git in /src/tmp/tmpGHe6OC/enum34.build 
3 15-08-20 15:03:51 [93/662/662] [enum34] Upstream version f1fa1787 enum34-1.0 (enum34-1.0 + 0 commits) 
3 15-08-20 15:03:51 [93/662/662] [enum34] Autodetected build system is python-distutils
3 15-08-20 15:03:51 [93/662/662] [enum34] Logging build commands to /src/artifacts/enum34.98e5ab95afe9271a366e3b676e58e5ab43afe4341d9896a5da25cf1b154dfe5d.build-log.3 
3 15-08-20 15:03:51 [93/662/662] [enum34] Running build-commands
3 15-08-20 15:03:51 [93/662/662] [enum34] Running command:
python setup.py build 
3 15-08-20 15:03:51 [93/662/662] [enum34] Running install-commands
3 15-08-20 15:03:51 [93/662/662] [enum34] Running command:
python setup.py install --prefix "$PREFIX" --root "$DESTDIR" 
3 15-08-20 15:03:51 [93/662/662] [enum34] Running strip-commands
3 15-08-20 15:03:51 [93/662/662] [enum34] Running command:
find "$DESTDIR" -type f \
  '(' -perm -111 -o -name '*.so*' -o -name '*.cmxs' -o -name '*.node' ')' \
  -exec sh -ec \
  'read -n4 hdr <"$1"   # check for elf header
  if [ "$hdr" != "$(printf \x7ELF)" ]; then
    exit 0
  fi
  debugfile="$DESTDIR$PREFIX/lib/debug/$(basename "$1")"
  mkdir -p "$(dirname "$debugfile")"
  objcopy --only-keep-debug "$1" "$debugfile"
  chmod 644 "$debugfile"
  strip --remove-section=.comment --remove-section=.note --strip-unneeded "$1"
  objcopy --add-gnu-debuglink "$debugfile" "$1"' - {} ';'
 
3 15-08-20 15:03:51 [93/662/662] [enum34] Elapsed time for build 00:00:00
3 15-08-20 15:03:51 [93/662/662] [enum34] Starting artifact creation 
3 15-08-20 15:03:51 [93/662/662] [enum34] splitting chunk 
3 15-08-20 15:03:52 [93/662/662] [enum34] Now cached 56375 bytes as enum34.98e5ab95afe9271a366e3b676e58e5ab43afe4341d9896a5da25cf1b154dfe5d
3 15-08-20 15:03:52 [93/662/662] [enum34] Elapsed time for artifact creation 00:00:00
3 15-08-20 15:03:52 [93/662/662] [enum34] Cleaned up /src/tmp/tmpGHe6OC
3 15-08-20 15:03:52 [93/662/662] [enum34] Elapsed time for assembly 00:00:01
3 15-08-20 15:03:52 [93/662/662] [openstack-common] Installing enum34.98e5ab95afe9271a366e3b676e58e5ab43afe4341d9896a5da25cf1b154dfe5d 
3 15-08-20 15:03:52 [93/662/662] [enum34] loaded metadata for enum34
3 15-08-20 15:03:52 [93/662/662] [pycparser] Starting assembly 
3 15-08-20 15:03:52 [93/662/662] [foundation] loaded metadata for foundation
3 15-08-20 15:03:52 [93/662/662] [pycparser] Installing foundation.5666f4ec3a65337a6140ea4cf9af8375143ffed67bee31ebd543d01893dd7007 
3 15-08-20 15:03:53 [93/662/662] [python-common] loaded metadata for python-common
3 15-08-20 15:03:53 [93/662/662] [pycparser] Installing python-common.70f2fdbdecbc202c93d5d643a804d1db4b129215f47450cd27f12af5eb63d8f0 
3 15-08-20 15:03:53 [94/662/662] [pycparser] Starting build 
3 15-08-20 15:03:53 [94/662/662] [pycparser] Git checkout upstream:python-packages/pycparser in /src/tmp/tmpvoFFQQ/pycparser.build 
3 15-08-20 15:03:53 [94/662/662] [pycparser] Upstream version c9266706 release_v2.10-49-gc926670 (release_v2.10 + 49 commits) 
3 15-08-20 15:03:53 [94/662/662] [pycparser] Autodetected build system is python-distutils
3 15-08-20 15:03:53 [94/662/662] [pycparser] Logging build commands to /src/artifacts/pycparser.8155283f282a8d30b4152e5c609f1ffb417cd3f7c0365a1923c83e09a34460e0.build-log.3 
3 15-08-20 15:03:53 [94/662/662] [pycparser] Running build-commands
3 15-08-20 15:03:53 [94/662/662] [pycparser] Running command:
python setup.py build 
3 15-08-20 15:03:53 [94/662/662] [pycparser] Running install-commands
3 15-08-20 15:03:53 [94/662/662] [pycparser] Running command:
python setup.py install --prefix "$PREFIX" --root "$DESTDIR" 
3 15-08-20 15:03:54 [94/662/662] [pycparser] Running strip-commands
3 15-08-20 15:03:54 [94/662/662] [pycparser] Running command:
find "$DESTDIR" -type f \
  '(' -perm -111 -o -name '*.so*' -o -name '*.cmxs' -o -name '*.node' ')' \
  -exec sh -ec \
  'read -n4 hdr <"$1"   # check for elf header
  if [ "$hdr" != "$(printf \x7ELF)" ]; then
    exit 0
  fi
  debugfile="$DESTDIR$PREFIX/lib/debug/$(basename "$1")"
  mkdir -p "$(dirname "$debugfile")"
  objcopy --only-keep-debug "$1" "$debugfile"
  chmod 644 "$debugfile"
  strip --remove-section=.comment --remove-section=.note --strip-unneeded "$1"
  objcopy --add-gnu-debuglink "$debugfile" "$1"' - {} ';'
 
3 15-08-20 15:03:54 [94/662/662] [pycparser] Elapsed time for build 00:00:01
3 15-08-20 15:03:54 [94/662/662] [pycparser] Starting artifact creation 
3 15-08-20 15:03:54 [94/662/662] [pycparser] splitting chunk 
3 15-08-20 15:03:54 [94/662/662] [pycparser] Now cached 184223 bytes as pycparser.8155283f282a8d30b4152e5c609f1ffb417cd3f7c0365a1923c83e09a34460e0
3 15-08-20 15:03:54 [94/662/662] [pycparser] Elapsed time for artifact creation 00:00:00
3 15-08-20 15:03:55 [94/662/662] [pycparser] Cleaned up /src/tmp/tmpvoFFQQ
3 15-08-20 15:03:55 [94/662/662] [pycparser] Elapsed time for assembly 00:00:02
3 15-08-20 15:03:55 [94/662/662] [openstack-common] Installing pycparser.8155283f282a8d30b4152e5c609f1ffb417cd3f7c0365a1923c83e09a34460e0 
3 15-08-20 15:03:55 [94/662/662] [pycparser] loaded metadata for pycparser
3 15-08-20 15:03:55 [94/662/662] [futures] Starting assembly 
3 15-08-20 15:03:55 [94/662/662] [python-common] loaded metadata for python-common
3 15-08-20 15:03:55 [94/662/662] [futures] Installing python-common.70f2fdbdecbc202c93d5d643a804d1db4b129215f47450cd27f12af5eb63d8f0 
3 15-08-20 15:03:55 [94/662/662] [foundation] loaded metadata for foundation
3 15-08-20 15:03:55 [94/662/662] [futures] Installing foundation.5666f4ec3a65337a6140ea4cf9af8375143ffed67bee31ebd543d01893dd7007 
3 15-08-20 15:03:55 [95/662/662] [futures] Starting build 
3 15-08-20 15:03:55 [95/662/662] [futures] Git checkout upstream:python-packages/futures in /src/tmp/tmp7yz3Ib/futures.build 
3 15-08-20 15:03:55 [95/662/662] [futures] Upstream version 4f7ceedb 2.2.0 (2.2.0 + 0 commits) 
3 15-08-20 15:03:55 [95/662/662] [futures] Autodetected build system is python-distutils
3 15-08-20 15:03:55 [95/662/662] [futures] Logging build commands to /src/artifacts/futures.b5229274f816873058d1a8da33bb71cff28716522d32afd8472fb5455d1fe0be.build-log.3 
3 15-08-20 15:03:55 [95/662/662] [futures] Running build-commands
3 15-08-20 15:03:55 [95/662/662] [futures] Running command:
python setup.py build 
3 15-08-20 15:03:56 [95/662/662] [futures] Running install-commands
3 15-08-20 15:03:56 [95/662/662] [futures] Running command:
python setup.py install --prefix "$PREFIX" --root "$DESTDIR" 
3 15-08-20 15:03:56 [95/662/662] [futures] Running strip-commands
3 15-08-20 15:03:56 [95/662/662] [futures] Running command:
find "$DESTDIR" -type f \
  '(' -perm -111 -o -name '*.so*' -o -name '*.cmxs' -o -name '*.node' ')' \
  -exec sh -ec \
  'read -n4 hdr <"$1"   # check for elf header
  if [ "$hdr" != "$(printf \x7ELF)" ]; then
    exit 0
  fi
  debugfile="$DESTDIR$PREFIX/lib/debug/$(basename "$1")"
  mkdir -p "$(dirname "$debugfile")"
  objcopy --only-keep-debug "$1" "$debugfile"
  chmod 644 "$debugfile"
  strip --remove-section=.comment --remove-section=.note --strip-unneeded "$1"
  objcopy --add-gnu-debuglink "$debugfile" "$1"' - {} ';'
 
3 15-08-20 15:03:56 [95/662/662] [futures] Elapsed time for build 00:00:00
3 15-08-20 15:03:56 [95/662/662] [futures] Starting artifact creation 
3 15-08-20 15:03:56 [95/662/662] [futures] splitting chunk 
3 15-08-20 15:03:56 [95/662/662] [futures] Now cached 23262 bytes as futures.b5229274f816873058d1a8da33bb71cff28716522d32afd8472fb5455d1fe0be
3 15-08-20 15:03:56 [95/662/662] [futures] Elapsed time for artifact creation 00:00:00
3 15-08-20 15:03:57 [95/662/662] [futures] Cleaned up /src/tmp/tmp7yz3Ib
3 15-08-20 15:03:57 [95/662/662] [futures] Elapsed time for assembly 00:00:01
3 15-08-20 15:03:57 [95/662/662] [openstack-common] Installing futures.b5229274f816873058d1a8da33bb71cff28716522d32afd8472fb5455d1fe0be 
3 15-08-20 15:03:57 [95/662/662] [futures] loaded metadata for futures
3 15-08-20 15:03:57 [95/662/662] [greenlet] Starting assembly 
3 15-08-20 15:03:57 [95/662/662] [foundation] loaded metadata for foundation
3 15-08-20 15:03:57 [95/662/662] [greenlet] Installing foundation.5666f4ec3a65337a6140ea4cf9af8375143ffed67bee31ebd543d01893dd7007 
3 15-08-20 15:03:57 [95/662/662] [python-common] loaded metadata for python-common
3 15-08-20 15:03:57 [95/662/662] [greenlet] Installing python-common.70f2fdbdecbc202c93d5d643a804d1db4b129215f47450cd27f12af5eb63d8f0 
3 15-08-20 15:03:57 [96/662/662] [greenlet] Starting build 
3 15-08-20 15:03:57 [96/662/662] [greenlet] Git checkout upstream:python-packages/greenlet in /src/tmp/tmpVSglye/greenlet.build 
3 15-08-20 15:03:57 [96/662/662] [greenlet] Upstream version 42b65a7b 0.4.5 (0.4.5 + 0 commits) 
3 15-08-20 15:03:57 [96/662/662] [greenlet] Autodetected build system is python-distutils
3 15-08-20 15:03:57 [96/662/662] [greenlet] Logging build commands to /src/artifacts/greenlet.49471e16a68378b521ea783e9cfe9f62f438cbbb2049c876caad4f6be3b16c5d.build-log.3 
3 15-08-20 15:03:57 [96/662/662] [greenlet] Running build-commands
3 15-08-20 15:03:57 [96/662/662] [greenlet] Running command:
python setup.py build 
3 15-08-20 15:03:58 [96/662/662] [greenlet] Running install-commands
3 15-08-20 15:03:58 [96/662/662] [greenlet] Running command:
python setup.py install --prefix "$PREFIX" --root "$DESTDIR" 
3 15-08-20 15:03:58 [96/662/662] [greenlet] Running strip-commands
3 15-08-20 15:03:58 [96/662/662] [greenlet] Running command:
find "$DESTDIR" -type f \
  '(' -perm -111 -o -name '*.so*' -o -name '*.cmxs' -o -name '*.node' ')' \
  -exec sh -ec \
  'read -n4 hdr <"$1"   # check for elf header
  if [ "$hdr" != "$(printf \x7ELF)" ]; then
    exit 0
  fi
  debugfile="$DESTDIR$PREFIX/lib/debug/$(basename "$1")"
  mkdir -p "$(dirname "$debugfile")"
  objcopy --only-keep-debug "$1" "$debugfile"
  chmod 644 "$debugfile"
  strip --remove-section=.comment --remove-section=.note --strip-unneeded "$1"
  objcopy --add-gnu-debuglink "$debugfile" "$1"' - {} ';'
 
3 15-08-20 15:03:58 [96/662/662] [greenlet] Elapsed time for build 00:00:00
3 15-08-20 15:03:58 [96/662/662] [greenlet] Starting artifact creation 
3 15-08-20 15:03:58 [96/662/662] [greenlet] splitting chunk 
3 15-08-20 15:03:58 [96/662/662] [greenlet] Now cached 36610 bytes as greenlet.49471e16a68378b521ea783e9cfe9f62f438cbbb2049c876caad4f6be3b16c5d
3 15-08-20 15:03:58 [96/662/662] [greenlet] Elapsed time for artifact creation 00:00:00
3 15-08-20 15:03:59 [96/662/662] [greenlet] Cleaned up /src/tmp/tmpVSglye
3 15-08-20 15:03:59 [96/662/662] [greenlet] Elapsed time for assembly 00:00:02
3 15-08-20 15:03:59 [96/662/662] [openstack-common] Installing greenlet.49471e16a68378b521ea783e9cfe9f62f438cbbb2049c876caad4f6be3b16c5d 
3 15-08-20 15:03:59 [96/662/662] [greenlet] loaded metadata for greenlet
3 15-08-20 15:03:59 [96/662/662] [stevedore] Starting assembly 
3 15-08-20 15:03:59 [96/662/662] [python-common] loaded metadata for python-common
3 15-08-20 15:03:59 [96/662/662] [stevedore] Installing python-common.70f2fdbdecbc202c93d5d643a804d1db4b129215f47450cd27f12af5eb63d8f0 
3 15-08-20 15:03:59 [96/662/662] [foundation] loaded metadata for foundation
3 15-08-20 15:03:59 [96/662/662] [stevedore] Installing foundation.5666f4ec3a65337a6140ea4cf9af8375143ffed67bee31ebd543d01893dd7007 
3 15-08-20 15:03:59 [97/662/662] [stevedore] Starting build 
3 15-08-20 15:03:59 [97/662/662] [stevedore] Git checkout upstream:openstack/stevedore in /src/tmp/tmpcOEUmF/stevedore.build 
3 15-08-20 15:03:59 [97/662/662] [stevedore] Upstream version 218e95d5 1.3.0 (1.3.0 + 0 commits) 
3 15-08-20 15:03:59 [97/662/662] [stevedore] Autodetected build system is python-distutils
3 15-08-20 15:03:59 [97/662/662] [stevedore] Logging build commands to /src/artifacts/stevedore.850ff91ec5db4a1eeb8ebb58dafc4a7d5bd0c348fec89f819c2844f360c38c6e.build-log.3 
3 15-08-20 15:03:59 [97/662/662] [stevedore] Running build-commands
3 15-08-20 15:03:59 [97/662/662] [stevedore] Running command:
python setup.py build 
3 15-08-20 15:04:00 [97/662/662] [stevedore] Running install-commands
3 15-08-20 15:04:00 [97/662/662] [stevedore] Running command:
python setup.py install --prefix "$PREFIX" --root "$DESTDIR" 
3 15-08-20 15:04:00 [97/662/662] [stevedore] Running strip-commands
3 15-08-20 15:04:00 [97/662/662] [stevedore] Running command:
find "$DESTDIR" -type f \
  '(' -perm -111 -o -name '*.so*' -o -name '*.cmxs' -o -name '*.node' ')' \
  -exec sh -ec \
  'read -n4 hdr <"$1"   # check for elf header
  if [ "$hdr" != "$(printf \x7ELF)" ]; then
    exit 0
  fi
  debugfile="$DESTDIR$PREFIX/lib/debug/$(basename "$1")"
  mkdir -p "$(dirname "$debugfile")"
  objcopy --only-keep-debug "$1" "$debugfile"
  chmod 644 "$debugfile"
  strip --remove-section=.comment --remove-section=.note --strip-unneeded "$1"
  objcopy --add-gnu-debuglink "$debugfile" "$1"' - {} ';'
 
3 15-08-20 15:04:00 [97/662/662] [stevedore] Elapsed time for build 00:00:00
3 15-08-20 15:04:00 [97/662/662] [stevedore] Starting artifact creation 
3 15-08-20 15:04:00 [97/662/662] [stevedore] splitting chunk 
3 15-08-20 15:04:00 [97/662/662] [stevedore] Now cached 32405 bytes as stevedore.850ff91ec5db4a1eeb8ebb58dafc4a7d5bd0c348fec89f819c2844f360c38c6e
3 15-08-20 15:04:00 [97/662/662] [stevedore] Elapsed time for artifact creation 00:00:00
3 15-08-20 15:04:01 [97/662/662] [stevedore] Cleaned up /src/tmp/tmpcOEUmF
3 15-08-20 15:04:01 [97/662/662] [stevedore] Elapsed time for assembly 00:00:02
3 15-08-20 15:04:01 [97/662/662] [openstack-common] Installing stevedore.850ff91ec5db4a1eeb8ebb58dafc4a7d5bd0c348fec89f819c2844f360c38c6e 
3 15-08-20 15:04:01 [97/662/662] [stevedore] loaded metadata for stevedore
3 15-08-20 15:04:01 [97/662/662] [oslo-serialization] Starting assembly 
3 15-08-20 15:04:01 [97/662/662] [python-common] loaded metadata for python-common
3 15-08-20 15:04:01 [97/662/662] [oslo-serialization] Installing python-common.70f2fdbdecbc202c93d5d643a804d1db4b129215f47450cd27f12af5eb63d8f0 
3 15-08-20 15:04:01 [97/662/662] [foundation] loaded metadata for foundation
3 15-08-20 15:04:01 [97/662/662] [oslo-serialization] Installing foundation.5666f4ec3a65337a6140ea4cf9af8375143ffed67bee31ebd543d01893dd7007 
3 15-08-20 15:04:01 [98/662/662] [oslo-serialization] Starting build 
3 15-08-20 15:04:01 [98/662/662] [oslo-serialization] Git checkout upstream:openstack/oslo-serialization.git in /src/tmp/tmp0fYLSH/oslo-serialization.build 
3 15-08-20 15:04:02 [98/662/662] [oslo-serialization] Upstream version 7bfd5dec 1.4.0 (1.4.0 + 0 commits) 
3 15-08-20 15:04:02 [98/662/662] [oslo-serialization] Autodetected build system is python-distutils
3 15-08-20 15:04:02 [98/662/662] [oslo-serialization] Logging build commands to /src/artifacts/oslo-serialization.b7b538bb4e98d35cefe95ca4f0bbae6430a81a695e5535e924dedf5e41671568.build-log.3 
3 15-08-20 15:04:02 [98/662/662] [oslo-serialization] Running build-commands
3 15-08-20 15:04:02 [98/662/662] [oslo-serialization] Running command:
python setup.py build 
3 15-08-20 15:04:02 [98/662/662] [oslo-serialization] Running install-commands
3 15-08-20 15:04:02 [98/662/662] [oslo-serialization] Running command:
python setup.py install --prefix "$PREFIX" --root "$DESTDIR" 
3 15-08-20 15:04:02 [98/662/662] [oslo-serialization] Running strip-commands
3 15-08-20 15:04:02 [98/662/662] [oslo-serialization] Running command:
find "$DESTDIR" -type f \
  '(' -perm -111 -o -name '*.so*' -o -name '*.cmxs' -o -name '*.node' ')' \
  -exec sh -ec \
  'read -n4 hdr <"$1"   # check for elf header
  if [ "$hdr" != "$(printf \x7ELF)" ]; then
    exit 0
  fi
  debugfile="$DESTDIR$PREFIX/lib/debug/$(basename "$1")"
  mkdir -p "$(dirname "$debugfile")"
  objcopy --only-keep-debug "$1" "$debugfile"
  chmod 644 "$debugfile"
  strip --remove-section=.comment --remove-section=.note --strip-unneeded "$1"
  objcopy --add-gnu-debuglink "$debugfile" "$1"' - {} ';'
 
3 15-08-20 15:04:02 [98/662/662] [oslo-serialization] Elapsed time for build 00:00:00
3 15-08-20 15:04:02 [98/662/662] [oslo-serialization] Starting artifact creation 
3 15-08-20 15:04:02 [98/662/662] [oslo-serialization] splitting chunk 
3 15-08-20 15:04:02 [98/662/662] [oslo-serialization] Now cached 15961 bytes as oslo-serialization.b7b538bb4e98d35cefe95ca4f0bbae6430a81a695e5535e924dedf5e41671568
3 15-08-20 15:04:02 [98/662/662] [oslo-serialization] Elapsed time for artifact creation 00:00:00
3 15-08-20 15:04:03 [98/662/662] [oslo-serialization] Cleaned up /src/tmp/tmp0fYLSH
3 15-08-20 15:04:03 [98/662/662] [oslo-serialization] Elapsed time for assembly 00:00:02
3 15-08-20 15:04:03 [98/662/662] [openstack-common] Installing oslo-serialization.b7b538bb4e98d35cefe95ca4f0bbae6430a81a695e5535e924dedf5e41671568 
3 15-08-20 15:04:03 [98/662/662] [oslo-serialization] loaded metadata for oslo-serialization
3 15-08-20 15:04:03 [98/662/662] [simplejson] Starting assembly 
3 15-08-20 15:04:03 [98/662/662] [python-common] loaded metadata for python-common
3 15-08-20 15:04:03 [98/662/662] [simplejson] Installing python-common.70f2fdbdecbc202c93d5d643a804d1db4b129215f47450cd27f12af5eb63d8f0 
3 15-08-20 15:04:03 [98/662/662] [foundation] loaded metadata for foundation
3 15-08-20 15:04:03 [98/662/662] [simplejson] Installing foundation.5666f4ec3a65337a6140ea4cf9af8375143ffed67bee31ebd543d01893dd7007 
3 15-08-20 15:04:04 [99/662/662] [simplejson] Starting build 
3 15-08-20 15:04:04 [99/662/662] [simplejson] Git checkout upstream:simplejson in /src/tmp/tmpeJOJba/simplejson.build 
3 15-08-20 15:04:04 [99/662/662] [simplejson] Upstream version 54d5ff15 v3.6.4 (v3.6.4 + 0 commits) 
3 15-08-20 15:04:04 [99/662/662] [simplejson] Autodetected build system is python-distutils
3 15-08-20 15:04:04 [99/662/662] [simplejson] Logging build commands to /src/artifacts/simplejson.b69423ddda71916f2fa12a0e353647c67f7b7e25bd504d82c8a045ee7bba9edc.build-log.3 
3 15-08-20 15:04:04 [99/662/662] [simplejson] Running build-commands
3 15-08-20 15:04:04 [99/662/662] [simplejson] Running command:
python setup.py build 
3 15-08-20 15:04:05 [99/662/662] [simplejson] Running install-commands
3 15-08-20 15:04:05 [99/662/662] [simplejson] Running command:
python setup.py install --prefix "$PREFIX" --root "$DESTDIR" 
3 15-08-20 15:04:05 [99/662/662] [simplejson] Running strip-commands
3 15-08-20 15:04:05 [99/662/662] [simplejson] Running command:
find "$DESTDIR" -type f \
  '(' -perm -111 -o -name '*.so*' -o -name '*.cmxs' -o -name '*.node' ')' \
  -exec sh -ec \
  'read -n4 hdr <"$1"   # check for elf header
  if [ "$hdr" != "$(printf \x7ELF)" ]; then
    exit 0
  fi
  debugfile="$DESTDIR$PREFIX/lib/debug/$(basename "$1")"
  mkdir -p "$(dirname "$debugfile")"
  objcopy --only-keep-debug "$1" "$debugfile"
  chmod 644 "$debugfile"
  strip --remove-section=.comment --remove-section=.note --strip-unneeded "$1"
  objcopy --add-gnu-debuglink "$debugfile" "$1"' - {} ';'
 
3 15-08-20 15:04:05 [99/662/662] [simplejson] Elapsed time for build 00:00:01
3 15-08-20 15:04:05 [99/662/662] [simplejson] Starting artifact creation 
3 15-08-20 15:04:05 [99/662/662] [simplejson] splitting chunk 
3 15-08-20 15:04:06 [99/662/662] [simplejson] Now cached 137488 bytes as simplejson.b69423ddda71916f2fa12a0e353647c67f7b7e25bd504d82c8a045ee7bba9edc
3 15-08-20 15:04:06 [99/662/662] [simplejson] Elapsed time for artifact creation 00:00:00
3 15-08-20 15:04:06 [99/662/662] [simplejson] Cleaned up /src/tmp/tmpeJOJba
3 15-08-20 15:04:06 [99/662/662] [simplejson] Elapsed time for assembly 00:00:03
3 15-08-20 15:04:06 [99/662/662] [openstack-common] Installing simplejson.b69423ddda71916f2fa12a0e353647c67f7b7e25bd504d82c8a045ee7bba9edc 
3 15-08-20 15:04:06 [99/662/662] [simplejson] loaded metadata for simplejson
3 15-08-20 15:04:06 [99/662/662] [pyasn1] Starting assembly 
3 15-08-20 15:04:06 [99/662/662] [foundation] loaded metadata for foundation
3 15-08-20 15:04:06 [99/662/662] [pyasn1] Installing foundation.5666f4ec3a65337a6140ea4cf9af8375143ffed67bee31ebd543d01893dd7007 
3 15-08-20 15:04:07 [99/662/662] [python-common] loaded metadata for python-common
3 15-08-20 15:04:07 [99/662/662] [pyasn1] Installing python-common.70f2fdbdecbc202c93d5d643a804d1db4b129215f47450cd27f12af5eb63d8f0 
3 15-08-20 15:04:07 [100/662/662] [pyasn1] Starting build 
3 15-08-20 15:04:07 [100/662/662] [pyasn1] Git checkout upstream:python-packages/pyasn1 in /src/tmp/tmp5nhB2H/pyasn1.build 
3 15-08-20 15:04:07 [100/662/662] [pyasn1] Upstream version fa8e66c5 release_0_1_7_tag (release_0_1_7_tag + 0 commits) 
3 15-08-20 15:04:07 [100/662/662] [pyasn1] Autodetected build system is python-distutils
3 15-08-20 15:04:07 [100/662/662] [pyasn1] Logging build commands to /src/artifacts/pyasn1.9db3e9bbc1337f630dc9ef0c8f7a3a9e6408d314d106332f66bc09149bdfdaae.build-log.3 
3 15-08-20 15:04:07 [100/662/662] [pyasn1] Running build-commands
3 15-08-20 15:04:07 [100/662/662] [pyasn1] Running command:
python setup.py build 
3 15-08-20 15:04:07 [100/662/662] [pyasn1] Running install-commands
3 15-08-20 15:04:07 [100/662/662] [pyasn1] Running command:
python setup.py install --prefix "$PREFIX" --root "$DESTDIR" 
3 15-08-20 15:04:07 [100/662/662] [pyasn1] Running strip-commands
3 15-08-20 15:04:07 [100/662/662] [pyasn1] Running command:
find "$DESTDIR" -type f \
  '(' -perm -111 -o -name '*.so*' -o -name '*.cmxs' -o -name '*.node' ')' \
  -exec sh -ec \
  'read -n4 hdr <"$1"   # check for elf header
  if [ "$hdr" != "$(printf \x7ELF)" ]; then
    exit 0
  fi
  debugfile="$DESTDIR$PREFIX/lib/debug/$(basename "$1")"
  mkdir -p "$(dirname "$debugfile")"
  objcopy --only-keep-debug "$1" "$debugfile"
  chmod 644 "$debugfile"
  strip --remove-section=.comment --remove-section=.note --strip-unneeded "$1"
  objcopy --add-gnu-debuglink "$debugfile" "$1"' - {} ';'
 
3 15-08-20 15:04:07 [100/662/662] [pyasn1] Elapsed time for build 00:00:00
3 15-08-20 15:04:07 [100/662/662] [pyasn1] Starting artifact creation 
3 15-08-20 15:04:07 [100/662/662] [pyasn1] splitting chunk 
3 15-08-20 15:04:07 [100/662/662] [pyasn1] Now cached 63752 bytes as pyasn1.9db3e9bbc1337f630dc9ef0c8f7a3a9e6408d314d106332f66bc09149bdfdaae
3 15-08-20 15:04:07 [100/662/662] [pyasn1] Elapsed time for artifact creation 00:00:00
3 15-08-20 15:04:08 [100/662/662] [pyasn1] Cleaned up /src/tmp/tmp5nhB2H
3 15-08-20 15:04:08 [100/662/662] [pyasn1] Elapsed time for assembly 00:00:01
3 15-08-20 15:04:08 [100/662/662] [openstack-common] Installing pyasn1.9db3e9bbc1337f630dc9ef0c8f7a3a9e6408d314d106332f66bc09149bdfdaae 
3 15-08-20 15:04:08 [100/662/662] [pyasn1] loaded metadata for pyasn1
3 15-08-20 15:04:08 [100/662/662] [pyopenssl] Starting assembly 
3 15-08-20 15:04:08 [100/662/662] [python-common] loaded metadata for python-common
3 15-08-20 15:04:08 [100/662/662] [pyopenssl] Installing python-common.70f2fdbdecbc202c93d5d643a804d1db4b129215f47450cd27f12af5eb63d8f0 
3 15-08-20 15:04:09 [100/662/662] [foundation] loaded metadata for foundation
3 15-08-20 15:04:09 [100/662/662] [pyopenssl] Installing foundation.5666f4ec3a65337a6140ea4cf9af8375143ffed67bee31ebd543d01893dd7007 
3 15-08-20 15:04:09 [101/662/662] [pyopenssl] Starting build 
3 15-08-20 15:04:09 [101/662/662] [pyopenssl] Git checkout upstream:python-packages/pyopenssl in /src/tmp/tmpfn2ybr/pyopenssl.build 
3 15-08-20 15:04:09 [101/662/662] [pyopenssl] Upstream version 0146d447 0.14 (0.14 + 0 commits) 
3 15-08-20 15:04:09 [101/662/662] [pyopenssl] Autodetected build system is python-distutils
3 15-08-20 15:04:09 [101/662/662] [pyopenssl] Logging build commands to /src/artifacts/pyopenssl.706037c23024a5e74061f1d42dbd5f8dd83a5cb4de89b5224e294972c2fde112.build-log.3 
3 15-08-20 15:04:09 [101/662/662] [pyopenssl] Running build-commands
3 15-08-20 15:04:09 [101/662/662] [pyopenssl] Running command:
python setup.py build 
3 15-08-20 15:04:09 [101/662/662] [pyopenssl] Running install-commands
3 15-08-20 15:04:09 [101/662/662] [pyopenssl] Running command:
python setup.py install --prefix "$PREFIX" --root "$DESTDIR" 
3 15-08-20 15:04:09 [101/662/662] [pyopenssl] Running strip-commands
3 15-08-20 15:04:09 [101/662/662] [pyopenssl] Running command:
find "$DESTDIR" -type f \
  '(' -perm -111 -o -name '*.so*' -o -name '*.cmxs' -o -name '*.node' ')' \
  -exec sh -ec \
  'read -n4 hdr <"$1"   # check for elf header
  if [ "$hdr" != "$(printf \x7ELF)" ]; then
    exit 0
  fi
  debugfile="$DESTDIR$PREFIX/lib/debug/$(basename "$1")"
  mkdir -p "$(dirname "$debugfile")"
  objcopy --only-keep-debug "$1" "$debugfile"
  chmod 644 "$debugfile"
  strip --remove-section=.comment --remove-section=.note --strip-unneeded "$1"
  objcopy --add-gnu-debuglink "$debugfile" "$1"' - {} ';'
 
3 15-08-20 15:04:09 [101/662/662] [pyopenssl] Elapsed time for build 00:00:00
3 15-08-20 15:04:09 [101/662/662] [pyopenssl] Starting artifact creation 
3 15-08-20 15:04:09 [101/662/662] [pyopenssl] splitting chunk 
3 15-08-20 15:04:10 [101/662/662] [pyopenssl] Now cached 178875 bytes as pyopenssl.706037c23024a5e74061f1d42dbd5f8dd83a5cb4de89b5224e294972c2fde112
3 15-08-20 15:04:10 [101/662/662] [pyopenssl] Elapsed time for artifact creation 00:00:00
3 15-08-20 15:04:10 [101/662/662] [pyopenssl] Cleaned up /src/tmp/tmpfn2ybr
3 15-08-20 15:04:10 [101/662/662] [pyopenssl] Elapsed time for assembly 00:00:02
3 15-08-20 15:04:10 [101/662/662] [openstack-common] Installing pyopenssl.706037c23024a5e74061f1d42dbd5f8dd83a5cb4de89b5224e294972c2fde112 
3 15-08-20 15:04:10 [101/662/662] [pyopenssl] loaded metadata for pyopenssl
3 15-08-20 15:04:10 [101/662/662] [oslo-utils] Starting assembly 
3 15-08-20 15:04:10 [101/662/662] [pyiso8601] loaded metadata for pyiso8601
3 15-08-20 15:04:10 [101/662/662] [oslo-utils] Installing pyiso8601.5b87475568ba2cbddd9f0d44fa29017617c3bfccbed7bc90128e4d89ffcab5e6 
3 15-08-20 15:04:11 [101/662/662] [oslo-i18n] loaded metadata for oslo-i18n
3 15-08-20 15:04:11 [101/662/662] [oslo-utils] Installing oslo-i18n.5d90131c2ffab11989cb5f3073ac8faeac6ee1973b3824166c86c003b0090a2c 
3 15-08-20 15:04:11 [101/662/662] [foundation] loaded metadata for foundation
3 15-08-20 15:04:11 [101/662/662] [netaddr] Starting assembly 
3 15-08-20 15:04:11 [101/662/662] [python-common] loaded metadata for python-common
3 15-08-20 15:04:11 [101/662/662] [netaddr] Installing python-common.70f2fdbdecbc202c93d5d643a804d1db4b129215f47450cd27f12af5eb63d8f0 
3 15-08-20 15:04:11 [101/662/662] [foundation] loaded metadata for foundation
3 15-08-20 15:04:11 [101/662/662] [netaddr] Installing foundation.5666f4ec3a65337a6140ea4cf9af8375143ffed67bee31ebd543d01893dd7007 
3 15-08-20 15:04:11 [102/662/662] [netaddr] Starting build 
3 15-08-20 15:04:12 [102/662/662] [netaddr] Git checkout upstream:netaddr in /src/tmp/tmpfdKSOU/netaddr.build 
3 15-08-20 15:04:12 [102/662/662] [netaddr] Upstream version bbb31ed5 release-0.7.12 (release-0.7.12 + 0 commits) 
3 15-08-20 15:04:12 [102/662/662] [netaddr] Autodetected build system is python-distutils
3 15-08-20 15:04:12 [102/662/662] [netaddr] Logging build commands to /src/artifacts/netaddr.2eee7f40c7bc711931465ebbb5e016d2c72df1d4bfe76148e3b01b9cd636a1a0.build-log.3 
3 15-08-20 15:04:12 [102/662/662] [netaddr] Running build-commands
3 15-08-20 15:04:12 [102/662/662] [netaddr] Running command:
python setup.py build 
3 15-08-20 15:04:12 [102/662/662] [netaddr] Running install-commands
3 15-08-20 15:04:12 [102/662/662] [netaddr] Running command:
python setup.py install --prefix "$PREFIX" --root "$DESTDIR" 
3 15-08-20 15:04:12 [102/662/662] [netaddr] Running strip-commands
3 15-08-20 15:04:12 [102/662/662] [netaddr] Running command:
find "$DESTDIR" -type f \
  '(' -perm -111 -o -name '*.so*' -o -name '*.cmxs' -o -name '*.node' ')' \
  -exec sh -ec \
  'read -n4 hdr <"$1"   # check for elf header
  if [ "$hdr" != "$(printf \x7ELF)" ]; then
    exit 0
  fi
  debugfile="$DESTDIR$PREFIX/lib/debug/$(basename "$1")"
  mkdir -p "$(dirname "$debugfile")"
  objcopy --only-keep-debug "$1" "$debugfile"
  chmod 644 "$debugfile"
  strip --remove-section=.comment --remove-section=.note --strip-unneeded "$1"
  objcopy --add-gnu-debuglink "$debugfile" "$1"' - {} ';'
 
3 15-08-20 15:04:12 [102/662/662] [netaddr] Elapsed time for build 00:00:00
3 15-08-20 15:04:12 [102/662/662] [netaddr] Starting artifact creation 
3 15-08-20 15:04:12 [102/662/662] [netaddr] splitting chunk 
3 15-08-20 15:04:13 [102/662/662] [netaddr] Now cached 1483671 bytes as netaddr.2eee7f40c7bc711931465ebbb5e016d2c72df1d4bfe76148e3b01b9cd636a1a0
3 15-08-20 15:04:13 [102/662/662] [netaddr] Elapsed time for artifact creation 00:00:00
3 15-08-20 15:04:13 [102/662/662] [netaddr] Cleaned up /src/tmp/tmpfdKSOU
3 15-08-20 15:04:13 [102/662/662] [netaddr] Elapsed time for assembly 00:00:02
3 15-08-20 15:04:13 [102/662/662] [oslo-utils] Installing netaddr.2eee7f40c7bc711931465ebbb5e016d2c72df1d4bfe76148e3b01b9cd636a1a0 
3 15-08-20 15:04:13 [102/662/662] [netaddr] loaded metadata for netaddr
3 15-08-20 15:04:13 [102/662/662] [netifaces] Starting assembly 
3 15-08-20 15:04:13 [102/662/662] [foundation] loaded metadata for foundation
3 15-08-20 15:04:13 [102/662/662] [netifaces] Installing foundation.5666f4ec3a65337a6140ea4cf9af8375143ffed67bee31ebd543d01893dd7007 
3 15-08-20 15:04:14 [102/662/662] [python-common] loaded metadata for python-common
3 15-08-20 15:04:14 [102/662/662] [netifaces] Installing python-common.70f2fdbdecbc202c93d5d643a804d1db4b129215f47450cd27f12af5eb63d8f0 
3 15-08-20 15:04:14 [103/662/662] [netifaces] Starting build 
3 15-08-20 15:04:14 [103/662/662] [netifaces] Git checkout upstream:python-packages/netifaces in /src/tmp/tmplEc7iq/netifaces.build 
3 15-08-20 15:04:14 [103/662/662] [netifaces] Upstream version 885b200b release_0_10_4 (release_0_10_4 + 0 commits) 
3 15-08-20 15:04:14 [103/662/662] [netifaces] Autodetected build system is python-distutils
3 15-08-20 15:04:14 [103/662/662] [netifaces] Logging build commands to /src/artifacts/netifaces.ee987f9cb55819ca2c8cb2477307adfb811a0517115ca1f1ca87d9bb55ed0c07.build-log.3 
3 15-08-20 15:04:14 [103/662/662] [netifaces] Running build-commands
3 15-08-20 15:04:14 [103/662/662] [netifaces] Running command:
python setup.py build 
3 15-08-20 15:04:16 [103/662/662] [netifaces] Running install-commands
3 15-08-20 15:04:16 [103/662/662] [netifaces] Running command:
python setup.py install --prefix "$PREFIX" --root "$DESTDIR" 
3 15-08-20 15:04:16 [103/662/662] [netifaces] Running strip-commands
3 15-08-20 15:04:16 [103/662/662] [netifaces] Running command:
find "$DESTDIR" -type f \
  '(' -perm -111 -o -name '*.so*' -o -name '*.cmxs' -o -name '*.node' ')' \
  -exec sh -ec \
  'read -n4 hdr <"$1"   # check for elf header
  if [ "$hdr" != "$(printf \x7ELF)" ]; then
    exit 0
  fi
  debugfile="$DESTDIR$PREFIX/lib/debug/$(basename "$1")"
  mkdir -p "$(dirname "$debugfile")"
  objcopy --only-keep-debug "$1" "$debugfile"
  chmod 644 "$debugfile"
  strip --remove-section=.comment --remove-section=.note --strip-unneeded "$1"
  objcopy --add-gnu-debuglink "$debugfile" "$1"' - {} ';'
 
3 15-08-20 15:04:16 [103/662/662] [netifaces] Elapsed time for build 00:00:02
3 15-08-20 15:04:16 [103/662/662] [netifaces] Starting artifact creation 
3 15-08-20 15:04:16 [103/662/662] [netifaces] splitting chunk 
3 15-08-20 15:04:16 [103/662/662] [netifaces] Now cached 28474 bytes as netifaces.ee987f9cb55819ca2c8cb2477307adfb811a0517115ca1f1ca87d9bb55ed0c07
3 15-08-20 15:04:16 [103/662/662] [netifaces] Elapsed time for artifact creation 00:00:00
3 15-08-20 15:04:17 [103/662/662] [netifaces] Cleaned up /src/tmp/tmplEc7iq
3 15-08-20 15:04:17 [103/662/662] [netifaces] Elapsed time for assembly 00:00:03
3 15-08-20 15:04:17 [103/662/662] [oslo-utils] Installing netifaces.ee987f9cb55819ca2c8cb2477307adfb811a0517115ca1f1ca87d9bb55ed0c07 
3 15-08-20 15:04:17 [103/662/662] [netifaces] loaded metadata for netifaces
3 15-08-20 15:04:17 [103/662/662] [python-common] loaded metadata for python-common
3 15-08-20 15:04:17 [103/662/662] [babel] loaded metadata for babel
3 15-08-20 15:04:17 [104/662/662] [oslo-utils] Starting build 
3 15-08-20 15:04:17 [104/662/662] [oslo-utils] Git checkout upstream:openstack/oslo-utils in /src/tmp/tmpxuxgpM/oslo-utils.build 
3 15-08-20 15:04:17 [104/662/662] [oslo-utils] Upstream version 91dc782c 1.4.0 (1.4.0 + 0 commits) 
3 15-08-20 15:04:17 [104/662/662] [oslo-utils] Autodetected build system is python-distutils
3 15-08-20 15:04:17 [104/662/662] [oslo-utils] Logging build commands to /src/artifacts/oslo-utils.ef5fab34842a1053f737adb3afa13b235b48edc6125887d733f80e5237a73202.build-log.3 
3 15-08-20 15:04:17 [104/662/662] [oslo-utils] Running build-commands
3 15-08-20 15:04:17 [104/662/662] [oslo-utils] Running command:
python setup.py build 
3 15-08-20 15:04:17 [104/662/662] [oslo-utils] Running install-commands
3 15-08-20 15:04:17 [104/662/662] [oslo-utils] Running command:
python setup.py install --prefix "$PREFIX" --root "$DESTDIR" 
3 15-08-20 15:04:18 [104/662/662] [oslo-utils] Running strip-commands
3 15-08-20 15:04:18 [104/662/662] [oslo-utils] Running command:
find "$DESTDIR" -type f \
  '(' -perm -111 -o -name '*.so*' -o -name '*.cmxs' -o -name '*.node' ')' \
  -exec sh -ec \
  'read -n4 hdr <"$1"   # check for elf header
  if [ "$hdr" != "$(printf \x7ELF)" ]; then
    exit 0
  fi
  debugfile="$DESTDIR$PREFIX/lib/debug/$(basename "$1")"
  mkdir -p "$(dirname "$debugfile")"
  objcopy --only-keep-debug "$1" "$debugfile"
  chmod 644 "$debugfile"
  strip --remove-section=.comment --remove-section=.note --strip-unneeded "$1"
  objcopy --add-gnu-debuglink "$debugfile" "$1"' - {} ';'
 
3 15-08-20 15:04:18 [104/662/662] [oslo-utils] Elapsed time for build 00:00:00
3 15-08-20 15:04:18 [104/662/662] [oslo-utils] Starting artifact creation 
3 15-08-20 15:04:18 [104/662/662] [oslo-utils] splitting chunk 
3 15-08-20 15:04:18 [104/662/662] [oslo-utils] Now cached 72825 bytes as oslo-utils.ef5fab34842a1053f737adb3afa13b235b48edc6125887d733f80e5237a73202
3 15-08-20 15:04:18 [104/662/662] [oslo-utils] Elapsed time for artifact creation 00:00:00
3 15-08-20 15:04:18 [104/662/662] [oslo-utils] Cleaned up /src/tmp/tmpxuxgpM
3 15-08-20 15:04:18 [104/662/662] [oslo-utils] Elapsed time for assembly 00:00:08
3 15-08-20 15:04:18 [104/662/662] [openstack-common] Installing oslo-utils.ef5fab34842a1053f737adb3afa13b235b48edc6125887d733f80e5237a73202 
3 15-08-20 15:04:18 [104/662/662] [oslo-utils] loaded metadata for oslo-utils
3 15-08-20 15:04:18 [104/662/662] [jsonschema] Starting assembly 
3 15-08-20 15:04:18 [104/662/662] [python-common] loaded metadata for python-common
3 15-08-20 15:04:18 [104/662/662] [jsonschema] Installing python-common.70f2fdbdecbc202c93d5d643a804d1db4b129215f47450cd27f12af5eb63d8f0 
3 15-08-20 15:04:19 [104/662/662] [foundation] loaded metadata for foundation
3 15-08-20 15:04:19 [104/662/662] [jsonschema] Installing foundation.5666f4ec3a65337a6140ea4cf9af8375143ffed67bee31ebd543d01893dd7007 
3 15-08-20 15:04:19 [105/662/662] [jsonschema] Starting build 
3 15-08-20 15:04:19 [105/662/662] [jsonschema] Git checkout upstream:jsonschema in /src/tmp/tmpo2uCoL/jsonschema.build 
3 15-08-20 15:04:19 [105/662/662] [jsonschema] Upstream version 35b60f39 v2.3.0 (v2.3.0 + 0 commits) 
3 15-08-20 15:04:19 [105/662/662] [jsonschema] Autodetected build system is python-distutils
3 15-08-20 15:04:19 [105/662/662] [jsonschema] Logging build commands to /src/artifacts/jsonschema.4ca663f0fece5ce0d5761bacdec9ccf2e0dc96b225f4d4ae56e362216db06682.build-log.3 
3 15-08-20 15:04:19 [105/662/662] [jsonschema] Running build-commands
3 15-08-20 15:04:19 [105/662/662] [jsonschema] Running command:
python setup.py build 
3 15-08-20 15:04:20 [105/662/662] [jsonschema] Running install-commands
3 15-08-20 15:04:20 [105/662/662] [jsonschema] Running command:
python setup.py install --prefix "$PREFIX" --root "$DESTDIR" 
3 15-08-20 15:04:20 [105/662/662] [jsonschema] Running strip-commands
3 15-08-20 15:04:20 [105/662/662] [jsonschema] Running command:
find "$DESTDIR" -type f \
  '(' -perm -111 -o -name '*.so*' -o -name '*.cmxs' -o -name '*.node' ')' \
  -exec sh -ec \
  'read -n4 hdr <"$1"   # check for elf header
  if [ "$hdr" != "$(printf \x7ELF)" ]; then
    exit 0
  fi
  debugfile="$DESTDIR$PREFIX/lib/debug/$(basename "$1")"
  mkdir -p "$(dirname "$debugfile")"
  objcopy --only-keep-debug "$1" "$debugfile"
  chmod 644 "$debugfile"
  strip --remove-section=.comment --remove-section=.note --strip-unneeded "$1"
  objcopy --add-gnu-debuglink "$debugfile" "$1"' - {} ';'
 
3 15-08-20 15:04:20 [105/662/662] [jsonschema] Elapsed time for build 00:00:00
3 15-08-20 15:04:20 [105/662/662] [jsonschema] Starting artifact creation 
3 15-08-20 15:04:20 [105/662/662] [jsonschema] splitting chunk 
3 15-08-20 15:04:20 [105/662/662] [jsonschema] Now cached 56390 bytes as jsonschema.4ca663f0fece5ce0d5761bacdec9ccf2e0dc96b225f4d4ae56e362216db06682
3 15-08-20 15:04:20 [105/662/662] [jsonschema] Elapsed time for artifact creation 00:00:00
3 15-08-20 15:04:20 [105/662/662] [jsonschema] Cleaned up /src/tmp/tmpo2uCoL
3 15-08-20 15:04:20 [105/662/662] [jsonschema] Elapsed time for assembly 00:00:01
3 15-08-20 15:04:20 [105/662/662] [openstack-common] Installing jsonschema.4ca663f0fece5ce0d5761bacdec9ccf2e0dc96b225f4d4ae56e362216db06682 
3 15-08-20 15:04:20 [105/662/662] [jsonschema] loaded metadata for jsonschema
3 15-08-20 15:04:20 [105/662/662] [cffi] Starting assembly 
3 15-08-20 15:04:20 [105/662/662] [python-common] loaded metadata for python-common
3 15-08-20 15:04:20 [105/662/662] [cffi] Installing python-common.70f2fdbdecbc202c93d5d643a804d1db4b129215f47450cd27f12af5eb63d8f0 
3 15-08-20 15:04:21 [105/662/662] [foundation] loaded metadata for foundation
3 15-08-20 15:04:21 [105/662/662] [cffi] Installing foundation.5666f4ec3a65337a6140ea4cf9af8375143ffed67bee31ebd543d01893dd7007 
3 15-08-20 15:04:21 [105/662/662] [pycparser] loaded metadata for pycparser
3 15-08-20 15:04:21 [105/662/662] [cffi] Installing pycparser.8155283f282a8d30b4152e5c609f1ffb417cd3f7c0365a1923c83e09a34460e0 
3 15-08-20 15:04:21 [106/662/662] [cffi] Starting build 
3 15-08-20 15:04:21 [106/662/662] [cffi] Git checkout upstream:python-packages/cffi in /src/tmp/tmp0vUgRJ/cffi.build 
3 15-08-20 15:04:21 [106/662/662] [cffi] Upstream version fc53b530 (No tag found) 
3 15-08-20 15:04:21 [106/662/662] [cffi] Autodetected build system is python-distutils
3 15-08-20 15:04:21 [106/662/662] [cffi] Logging build commands to /src/artifacts/cffi.116980c7ac18b49d3be99db4e61480e0bad671f3bc3a77db42d6370ae76cbd92.build-log.3 
3 15-08-20 15:04:21 [106/662/662] [cffi] Running build-commands
3 15-08-20 15:04:21 [106/662/662] [cffi] Running command:
python setup.py build 
3 15-08-20 15:04:23 [106/662/662] [cffi] Running install-commands
3 15-08-20 15:04:23 [106/662/662] [cffi] Running command:
python setup.py install --prefix "$PREFIX" --root "$DESTDIR" 
3 15-08-20 15:04:24 [106/662/662] [cffi] Running strip-commands
3 15-08-20 15:04:24 [106/662/662] [cffi] Running command:
find "$DESTDIR" -type f \
  '(' -perm -111 -o -name '*.so*' -o -name '*.cmxs' -o -name '*.node' ')' \
  -exec sh -ec \
  'read -n4 hdr <"$1"   # check for elf header
  if [ "$hdr" != "$(printf \x7ELF)" ]; then
    exit 0
  fi
  debugfile="$DESTDIR$PREFIX/lib/debug/$(basename "$1")"
  mkdir -p "$(dirname "$debugfile")"
  objcopy --only-keep-debug "$1" "$debugfile"
  chmod 644 "$debugfile"
  strip --remove-section=.comment --remove-section=.note --strip-unneeded "$1"
  objcopy --add-gnu-debuglink "$debugfile" "$1"' - {} ';'
 
3 15-08-20 15:04:24 [106/662/662] [cffi] Elapsed time for build 00:00:02
3 15-08-20 15:04:24 [106/662/662] [cffi] Starting artifact creation 
3 15-08-20 15:04:24 [106/662/662] [cffi] splitting chunk 
3 15-08-20 15:04:24 [106/662/662] [cffi] Now cached 227168 bytes as cffi.116980c7ac18b49d3be99db4e61480e0bad671f3bc3a77db42d6370ae76cbd92
3 15-08-20 15:04:24 [106/662/662] [cffi] Elapsed time for artifact creation 00:00:00
3 15-08-20 15:04:24 [106/662/662] [cffi] Cleaned up /src/tmp/tmp0vUgRJ
3 15-08-20 15:04:24 [106/662/662] [cffi] Elapsed time for assembly 00:00:03
3 15-08-20 15:04:24 [106/662/662] [openstack-common] Installing cffi.116980c7ac18b49d3be99db4e61480e0bad671f3bc3a77db42d6370ae76cbd92 
3 15-08-20 15:04:24 [106/662/662] [cffi] loaded metadata for cffi
3 15-08-20 15:04:24 [106/662/662] [pytz] loaded metadata for pytz
3 15-08-20 15:04:24 [106/662/662] [netifaces] loaded metadata for netifaces
3 15-08-20 15:04:24 [106/662/662] [pastedeploy] Starting assembly 
3 15-08-20 15:04:24 [106/662/662] [foundation] loaded metadata for foundation
3 15-08-20 15:04:24 [106/662/662] [pastedeploy] Installing foundation.5666f4ec3a65337a6140ea4cf9af8375143ffed67bee31ebd543d01893dd7007 
3 15-08-20 15:04:25 [106/662/662] [python-common] loaded metadata for python-common
3 15-08-20 15:04:25 [106/662/662] [pastedeploy] Installing python-common.70f2fdbdecbc202c93d5d643a804d1db4b129215f47450cd27f12af5eb63d8f0 
3 15-08-20 15:04:25 [107/662/662] [pastedeploy] Starting build 
3 15-08-20 15:04:25 [107/662/662] [pastedeploy] Git checkout upstream:python-packages/pastedeploy in /src/tmp/tmp4tUX8r/pastedeploy.build 
3 15-08-20 15:04:25 [107/662/662] [pastedeploy] Upstream version 5ad87be6 1.5.2 (1.5.2 + 0 commits) 
3 15-08-20 15:04:25 [107/662/662] [pastedeploy] Autodetected build system is python-distutils
3 15-08-20 15:04:25 [107/662/662] [pastedeploy] Logging build commands to /src/artifacts/pastedeploy.35ba2157ef0d9ca60b8efee25045282cb288a264d6793c5b78108a0e339bf4a8.build-log.3 
3 15-08-20 15:04:25 [107/662/662] [pastedeploy] Running build-commands
3 15-08-20 15:04:25 [107/662/662] [pastedeploy] Running command:
python setup.py build 
3 15-08-20 15:04:26 [107/662/662] [pastedeploy] Running install-commands
3 15-08-20 15:04:26 [107/662/662] [pastedeploy] Running command:
python setup.py install --prefix "$PREFIX" --root "$DESTDIR" 
3 15-08-20 15:04:26 [107/662/662] [pastedeploy] Running strip-commands
3 15-08-20 15:04:26 [107/662/662] [pastedeploy] Running command:
find "$DESTDIR" -type f \
  '(' -perm -111 -o -name '*.so*' -o -name '*.cmxs' -o -name '*.node' ')' \
  -exec sh -ec \
  'read -n4 hdr <"$1"   # check for elf header
  if [ "$hdr" != "$(printf \x7ELF)" ]; then
    exit 0
  fi
  debugfile="$DESTDIR$PREFIX/lib/debug/$(basename "$1")"
  mkdir -p "$(dirname "$debugfile")"
  objcopy --only-keep-debug "$1" "$debugfile"
  chmod 644 "$debugfile"
  strip --remove-section=.comment --remove-section=.note --strip-unneeded "$1"
  objcopy --add-gnu-debuglink "$debugfile" "$1"' - {} ';'
 
3 15-08-20 15:04:26 [107/662/662] [pastedeploy] Elapsed time for build 00:00:00
3 15-08-20 15:04:26 [107/662/662] [pastedeploy] Starting artifact creation 
3 15-08-20 15:04:26 [107/662/662] [pastedeploy] splitting chunk 
3 15-08-20 15:04:26 [107/662/662] [pastedeploy] Now cached 26198 bytes as pastedeploy.35ba2157ef0d9ca60b8efee25045282cb288a264d6793c5b78108a0e339bf4a8
3 15-08-20 15:04:26 [107/662/662] [pastedeploy] Elapsed time for artifact creation 00:00:00
3 15-08-20 15:04:26 [107/662/662] [pastedeploy] Cleaned up /src/tmp/tmp4tUX8r
3 15-08-20 15:04:26 [107/662/662] [pastedeploy] Elapsed time for assembly 00:00:01
3 15-08-20 15:04:26 [107/662/662] [openstack-common] Installing pastedeploy.35ba2157ef0d9ca60b8efee25045282cb288a264d6793c5b78108a0e339bf4a8 
3 15-08-20 15:04:26 [107/662/662] [pastedeploy] loaded metadata for pastedeploy
3 15-08-20 15:04:26 [107/662/662] [cryptography] Starting assembly 
3 15-08-20 15:04:26 [107/662/662] [cffi] loaded metadata for cffi
3 15-08-20 15:04:26 [107/662/662] [cryptography] Installing cffi.116980c7ac18b49d3be99db4e61480e0bad671f3bc3a77db42d6370ae76cbd92 
3 15-08-20 15:04:27 [107/662/662] [pyasn1] loaded metadata for pyasn1
3 15-08-20 15:04:27 [107/662/662] [cryptography] Installing pyasn1.9db3e9bbc1337f630dc9ef0c8f7a3a9e6408d314d106332f66bc09149bdfdaae 
3 15-08-20 15:04:27 [107/662/662] [foundation] loaded metadata for foundation
3 15-08-20 15:04:27 [107/662/662] [enum34] loaded metadata for enum34
3 15-08-20 15:04:27 [107/662/662] [cryptography] Installing enum34.98e5ab95afe9271a366e3b676e58e5ab43afe4341d9896a5da25cf1b154dfe5d 
3 15-08-20 15:04:27 [107/662/662] [python-common] loaded metadata for python-common
3 15-08-20 15:04:27 [108/662/662] [cryptography] Starting build 
3 15-08-20 15:04:28 [108/662/662] [cryptography] Git checkout upstream:python-packages/cryptography in /src/tmp/tmpIEc4Ob/cryptography.build 
3 15-08-20 15:04:28 [108/662/662] [cryptography] Upstream version 9ac7d551 0.7.2 (0.7.2 + 0 commits) 
3 15-08-20 15:04:28 [108/662/662] [cryptography] Autodetected build system is python-distutils
3 15-08-20 15:04:28 [108/662/662] [cryptography] Logging build commands to /src/artifacts/cryptography.0fb4b855919d64b3dfc1951f0a9f1bfe2d67e769a2f65e6243cdf61af50f0942.build-log.3 
3 15-08-20 15:04:28 [108/662/662] [cryptography] Running build-commands
3 15-08-20 15:04:28 [108/662/662] [cryptography] Running command:
python setup.py build 
3 15-08-20 15:04:41 [108/662/662] [cryptography] Running install-commands
3 15-08-20 15:04:41 [108/662/662] [cryptography] Running command:
python setup.py install --prefix "$PREFIX" --root "$DESTDIR" 
3 15-08-20 15:04:53 [108/662/662] [cryptography] Running strip-commands
3 15-08-20 15:04:53 [108/662/662] [cryptography] Running command:
find "$DESTDIR" -type f \
  '(' -perm -111 -o -name '*.so*' -o -name '*.cmxs' -o -name '*.node' ')' \
  -exec sh -ec \
  'read -n4 hdr <"$1"   # check for elf header
  if [ "$hdr" != "$(printf \x7ELF)" ]; then
    exit 0
  fi
  debugfile="$DESTDIR$PREFIX/lib/debug/$(basename "$1")"
  mkdir -p "$(dirname "$debugfile")"
  objcopy --only-keep-debug "$1" "$debugfile"
  chmod 644 "$debugfile"
  strip --remove-section=.comment --remove-section=.note --strip-unneeded "$1"
  objcopy --add-gnu-debuglink "$debugfile" "$1"' - {} ';'
 
3 15-08-20 15:04:53 [108/662/662] [cryptography] Elapsed time for build 00:00:26
3 15-08-20 15:04:53 [108/662/662] [cryptography] Starting artifact creation 
3 15-08-20 15:04:53 [108/662/662] [cryptography] splitting chunk 
3 15-08-20 15:04:54 [108/662/662] [cryptography] Now cached 768779 bytes as cryptography.0fb4b855919d64b3dfc1951f0a9f1bfe2d67e769a2f65e6243cdf61af50f0942
3 15-08-20 15:04:54 [108/662/662] [cryptography] Elapsed time for artifact creation 00:00:00
3 15-08-20 15:04:55 [108/662/662] [cryptography] Cleaned up /src/tmp/tmpIEc4Ob
3 15-08-20 15:04:55 [108/662/662] [cryptography] Elapsed time for assembly 00:00:28
3 15-08-20 15:04:55 [108/662/662] [openstack-common] Installing cryptography.0fb4b855919d64b3dfc1951f0a9f1bfe2d67e769a2f65e6243cdf61af50f0942 
3 15-08-20 15:04:55 [108/662/662] [cryptography] loaded metadata for cryptography
3 15-08-20 15:04:55 [108/662/662] [netaddr] loaded metadata for netaddr
3 15-08-20 15:04:55 [108/662/662] [eventlet] Starting assembly 
3 15-08-20 15:04:55 [108/662/662] [python-common] loaded metadata for python-common
3 15-08-20 15:04:55 [108/662/662] [eventlet] Installing python-common.70f2fdbdecbc202c93d5d643a804d1db4b129215f47450cd27f12af5eb63d8f0 
3 15-08-20 15:04:55 [108/662/662] [greenlet] loaded metadata for greenlet
3 15-08-20 15:04:55 [108/662/662] [eventlet] Installing greenlet.49471e16a68378b521ea783e9cfe9f62f438cbbb2049c876caad4f6be3b16c5d 
3 15-08-20 15:04:56 [108/662/662] [foundation] loaded metadata for foundation
3 15-08-20 15:04:56 [109/662/662] [eventlet] Starting build 
3 15-08-20 15:04:56 [109/662/662] [eventlet] Git checkout upstream:python-packages/eventlet in /src/tmp/tmpuvVV7G/eventlet.build 
3 15-08-20 15:04:56 [109/662/662] [eventlet] Upstream version bc0a59f8 v0.17.3 (v0.17.3 + 0 commits) 
3 15-08-20 15:04:56 [109/662/662] [eventlet] Autodetected build system is python-distutils
3 15-08-20 15:04:56 [109/662/662] [eventlet] Logging build commands to /src/artifacts/eventlet.2dc22b2548ec5819d3f3f5d724c121c336ce97532754b33a3aeb302b3db1a3fa.build-log.3 
3 15-08-20 15:04:56 [109/662/662] [eventlet] Running build-commands
3 15-08-20 15:04:56 [109/662/662] [eventlet] Running command:
python setup.py build 
3 15-08-20 15:04:56 [109/662/662] [eventlet] Running install-commands
3 15-08-20 15:04:56 [109/662/662] [eventlet] Running command:
python setup.py install --prefix "$PREFIX" --root "$DESTDIR" 
3 15-08-20 15:04:56 [109/662/662] [eventlet] Running strip-commands
3 15-08-20 15:04:56 [109/662/662] [eventlet] Running command:
find "$DESTDIR" -type f \
  '(' -perm -111 -o -name '*.so*' -o -name '*.cmxs' -o -name '*.node' ')' \
  -exec sh -ec \
  'read -n4 hdr <"$1"   # check for elf header
  if [ "$hdr" != "$(printf \x7ELF)" ]; then
    exit 0
  fi
  debugfile="$DESTDIR$PREFIX/lib/debug/$(basename "$1")"
  mkdir -p "$(dirname "$debugfile")"
  objcopy --only-keep-debug "$1" "$debugfile"
  chmod 644 "$debugfile"
  strip --remove-section=.comment --remove-section=.note --strip-unneeded "$1"
  objcopy --add-gnu-debuglink "$debugfile" "$1"' - {} ';'
 
3 15-08-20 15:04:56 [109/662/662] [eventlet] Elapsed time for build 00:00:00
3 15-08-20 15:04:56 [109/662/662] [eventlet] Starting artifact creation 
3 15-08-20 15:04:56 [109/662/662] [eventlet] splitting chunk 
3 15-08-20 15:04:57 [109/662/662] [eventlet] Now cached 221817 bytes as eventlet.2dc22b2548ec5819d3f3f5d724c121c336ce97532754b33a3aeb302b3db1a3fa
3 15-08-20 15:04:57 [109/662/662] [eventlet] Elapsed time for artifact creation 00:00:00
3 15-08-20 15:04:57 [109/662/662] [eventlet] Cleaned up /src/tmp/tmpuvVV7G
3 15-08-20 15:04:57 [109/662/662] [eventlet] Elapsed time for assembly 00:00:02
3 15-08-20 15:04:57 [109/662/662] [openstack-common] Installing eventlet.2dc22b2548ec5819d3f3f5d724c121c336ce97532754b33a3aeb302b3db1a3fa 
3 15-08-20 15:04:57 [109/662/662] [eventlet] loaded metadata for eventlet
3 15-08-20 15:04:57 [109/662/662] [oslo-config] Starting assembly 
3 15-08-20 15:04:57 [109/662/662] [netaddr] loaded metadata for netaddr
3 15-08-20 15:04:57 [109/662/662] [oslo-config] Installing netaddr.2eee7f40c7bc711931465ebbb5e016d2c72df1d4bfe76148e3b01b9cd636a1a0 
3 15-08-20 15:04:58 [109/662/662] [python-common] loaded metadata for python-common
3 15-08-20 15:04:58 [109/662/662] [foundation] loaded metadata for foundation
3 15-08-20 15:04:58 [109/662/662] [stevedore] loaded metadata for stevedore
3 15-08-20 15:04:58 [109/662/662] [oslo-config] Installing stevedore.850ff91ec5db4a1eeb8ebb58dafc4a7d5bd0c348fec89f819c2844f360c38c6e 
3 15-08-20 15:04:58 [110/662/662] [oslo-config] Starting build 
3 15-08-20 15:04:58 [110/662/662] [oslo-config] Git checkout upstream:openstack/oslo-config in /src/tmp/tmpVpLRbp/oslo-config.build 
3 15-08-20 15:04:58 [110/662/662] [oslo-config] Upstream version 3c51838c 1.9.3 (1.9.3 + 0 commits) 
3 15-08-20 15:04:58 [110/662/662] [oslo-config] Autodetected build system is python-distutils
3 15-08-20 15:04:58 [110/662/662] [oslo-config] Logging build commands to /src/artifacts/oslo-config.dfe7c14a06a0b4963d042c2da741113511fc0a9931c68c7f846aa6b5d7d872ed.build-log.3 
3 15-08-20 15:04:58 [110/662/662] [oslo-config] Running build-commands
3 15-08-20 15:04:58 [110/662/662] [oslo-config] Running command:
python setup.py build 
3 15-08-20 15:04:58 [110/662/662] [oslo-config] Running install-commands
3 15-08-20 15:04:58 [110/662/662] [oslo-config] Running command:
python setup.py install --prefix "$PREFIX" --root "$DESTDIR" 
3 15-08-20 15:04:59 [110/662/662] [oslo-config] Running strip-commands
3 15-08-20 15:04:59 [110/662/662] [oslo-config] Running command:
find "$DESTDIR" -type f \
  '(' -perm -111 -o -name '*.so*' -o -name '*.cmxs' -o -name '*.node' ')' \
  -exec sh -ec \
  'read -n4 hdr <"$1"   # check for elf header
  if [ "$hdr" != "$(printf \x7ELF)" ]; then
    exit 0
  fi
  debugfile="$DESTDIR$PREFIX/lib/debug/$(basename "$1")"
  mkdir -p "$(dirname "$debugfile")"
  objcopy --only-keep-debug "$1" "$debugfile"
  chmod 644 "$debugfile"
  strip --remove-section=.comment --remove-section=.note --strip-unneeded "$1"
  objcopy --add-gnu-debuglink "$debugfile" "$1"' - {} ';'
 
3 15-08-20 15:04:59 [110/662/662] [oslo-config] Elapsed time for build 00:00:00
3 15-08-20 15:04:59 [110/662/662] [oslo-config] Starting artifact creation 
3 15-08-20 15:04:59 [110/662/662] [oslo-config] splitting chunk 
3 15-08-20 15:04:59 [110/662/662] [oslo-config] Now cached 134202 bytes as oslo-config.dfe7c14a06a0b4963d042c2da741113511fc0a9931c68c7f846aa6b5d7d872ed
3 15-08-20 15:04:59 [110/662/662] [oslo-config] Elapsed time for artifact creation 00:00:00
3 15-08-20 15:04:59 [110/662/662] [oslo-config] Cleaned up /src/tmp/tmpVpLRbp
3 15-08-20 15:04:59 [110/662/662] [oslo-config] Elapsed time for assembly 00:00:02
3 15-08-20 15:04:59 [110/662/662] [openstack-common] Installing oslo-config.dfe7c14a06a0b4963d042c2da741113511fc0a9931c68c7f846aa6b5d7d872ed 
3 15-08-20 15:04:59 [110/662/662] [oslo-config] loaded metadata for oslo-config
3 15-08-20 15:04:59 [111/662/662] [openstack-common] Starting build 
3 15-08-20 15:04:59 [111/662/662] [openstack-common] Defined build system is manual
3 15-08-20 15:04:59 [111/662/662] [openstack-common] Logging build commands to /src/artifacts/openstack-common.b0a6b61d2145f58386f2034eb08fca37a322e7b75bc403e571869e0598a49911.build-log.3 
3 15-08-20 15:04:59 [111/662/662] [openstack-common] Elapsed time for build 00:00:00
3 15-08-20 15:04:59 [111/662/662] [openstack-common] Starting artifact creation 
3 15-08-20 15:04:59 [111/662/662] [openstack-common] splitting stratum 
3 15-08-20 15:04:59 [111/662/662] [openstack-common] Now cached 731 bytes as openstack-common.b0a6b61d2145f58386f2034eb08fca37a322e7b75bc403e571869e0598a49911
3 15-08-20 15:04:59 [111/662/662] [openstack-common] Elapsed time for artifact creation 00:00:00
3 15-08-20 15:05:00 [111/662/662] [openstack-common] Cleaned up /src/tmp/tmpz8Nv4E
3 15-08-20 15:05:00 [111/662/662] [openstack-common] Elapsed time for assembly 00:14:59
3 15-08-20 15:05:00 [111/662/662] [devel-system-x86_64-generic] Installing openstack-common.b0a6b61d2145f58386f2034eb08fca37a322e7b75bc403e571869e0598a49911 
3 15-08-20 15:05:00 [111/662/662] [openstack-common] loaded metadata for strata/openstack-common.morph
3 15-08-20 15:05:00 [111/662/662] [foundation] loaded metadata for foundation
3 15-08-20 15:05:00 [111/662/662] [devel-system-x86_64-generic] Installing foundation.5666f4ec3a65337a6140ea4cf9af8375143ffed67bee31ebd543d01893dd7007 
3 15-08-20 15:05:00 [111/662/662] [python-wsgi] Starting assembly 
3 15-08-20 15:05:00 [111/662/662] [flup] Starting assembly 
3 15-08-20 15:05:00 [111/662/662] [python-core] loaded metadata for python-core
3 15-08-20 15:05:00 [111/662/662] [flup] Installing python-core.261eee184c937af51171a7c719d79a2edd0ec39c0b6469ff39385909fc9dfcd2 
3 15-08-20 15:05:01 [112/662/662] [flup] Starting build 
3 15-08-20 15:05:01 [112/662/662] [flup] Git checkout upstream:flup in /src/tmp/tmpFy1eRk/flup.build 
3 15-08-20 15:05:01 [112/662/662] [flup] Upstream version 0f97c5e0 1.0.2-1-g0f97c5e (1.0.2 + 1 commits) 
3 15-08-20 15:05:01 [112/662/662] [flup] Autodetected build system is python-distutils
3 15-08-20 15:05:01 [112/662/662] [flup] Logging build commands to /src/artifacts/flup.e819097c9f3b1250d739bc937f17d00c6e88aa9a69bcf5382ebfc5634f90c0a2.build-log.3 
3 15-08-20 15:05:01 [112/662/662] [flup] Running build-commands
3 15-08-20 15:05:01 [112/662/662] [flup] Running command:
python setup.py build 
3 15-08-20 15:05:01 [112/662/662] [flup] Running install-commands
3 15-08-20 15:05:01 [112/662/662] [flup] Running command:
python setup.py install --prefix "$PREFIX" --root "$DESTDIR" 
3 15-08-20 15:05:02 [112/662/662] [flup] Running strip-commands
3 15-08-20 15:05:02 [112/662/662] [flup] Running command:
find "$DESTDIR" -type f \
  '(' -perm -111 -o -name '*.so*' -o -name '*.cmxs' -o -name '*.node' ')' \
  -exec sh -ec \
  'read -n4 hdr <"$1"   # check for elf header
  if [ "$hdr" != "$(printf \x7ELF)" ]; then
    exit 0
  fi
  debugfile="$DESTDIR$PREFIX/lib/debug/$(basename "$1")"
  mkdir -p "$(dirname "$debugfile")"
  objcopy --only-keep-debug "$1" "$debugfile"
  chmod 644 "$debugfile"
  strip --remove-section=.comment --remove-section=.note --strip-unneeded "$1"
  objcopy --add-gnu-debuglink "$debugfile" "$1"' - {} ';'
 
3 15-08-20 15:05:02 [112/662/662] [flup] Elapsed time for build 00:00:00
3 15-08-20 15:05:02 [112/662/662] [flup] Starting artifact creation 
3 15-08-20 15:05:02 [112/662/662] [flup] splitting chunk 
3 15-08-20 15:05:02 [112/662/662] [flup] Now cached 96637 bytes as flup.e819097c9f3b1250d739bc937f17d00c6e88aa9a69bcf5382ebfc5634f90c0a2
3 15-08-20 15:05:02 [112/662/662] [flup] Elapsed time for artifact creation 00:00:00
3 15-08-20 15:05:02 [112/662/662] [flup] Cleaned up /src/tmp/tmpFy1eRk
3 15-08-20 15:05:02 [112/662/662] [flup] Elapsed time for assembly 00:00:01
3 15-08-20 15:05:02 [112/662/662] [python-wsgi] Installing flup.e819097c9f3b1250d739bc937f17d00c6e88aa9a69bcf5382ebfc5634f90c0a2 
3 15-08-20 15:05:02 [112/662/662] [flup] loaded metadata for flup
3 15-08-20 15:05:03 [112/662/662] [bottle] Starting assembly 
3 15-08-20 15:05:03 [112/662/662] [python-core] loaded metadata for python-core
3 15-08-20 15:05:03 [112/662/662] [bottle] Installing python-core.261eee184c937af51171a7c719d79a2edd0ec39c0b6469ff39385909fc9dfcd2 
3 15-08-20 15:05:03 [113/662/662] [bottle] Starting build 
3 15-08-20 15:05:04 [113/662/662] [bottle] Git checkout upstream:bottle in /src/tmp/tmpfGcgzu/bottle.build 
3 15-08-20 15:05:04 [113/662/662] [bottle] Upstream version 5238c615 0.7.1rc-699-g5238c61 (0.7.1rc + 699 commits) 
3 15-08-20 15:05:04 [113/662/662] [bottle] Autodetected build system is python-distutils
3 15-08-20 15:05:04 [113/662/662] [bottle] Logging build commands to /src/artifacts/bottle.78a1e36c3564086c763829d9d2838b6117065d91d960c71a882e0d3152adb5f7.build-log.3 
3 15-08-20 15:05:04 [113/662/662] [bottle] Running build-commands
3 15-08-20 15:05:04 [113/662/662] [bottle] Running command:
python setup.py build 
3 15-08-20 15:05:04 [113/662/662] [bottle] Running install-commands
3 15-08-20 15:05:04 [113/662/662] [bottle] Running command:
python setup.py install --prefix "$PREFIX" --root "$DESTDIR" 
3 15-08-20 15:05:04 [113/662/662] [bottle] Running strip-commands
3 15-08-20 15:05:04 [113/662/662] [bottle] Running command:
find "$DESTDIR" -type f \
  '(' -perm -111 -o -name '*.so*' -o -name '*.cmxs' -o -name '*.node' ')' \
  -exec sh -ec \
  'read -n4 hdr <"$1"   # check for elf header
  if [ "$hdr" != "$(printf \x7ELF)" ]; then
    exit 0
  fi
  debugfile="$DESTDIR$PREFIX/lib/debug/$(basename "$1")"
  mkdir -p "$(dirname "$debugfile")"
  objcopy --only-keep-debug "$1" "$debugfile"
  chmod 644 "$debugfile"
  strip --remove-section=.comment --remove-section=.note --strip-unneeded "$1"
  objcopy --add-gnu-debuglink "$debugfile" "$1"' - {} ';'
 
3 15-08-20 15:05:04 [113/662/662] [bottle] Elapsed time for build 00:00:00
3 15-08-20 15:05:04 [113/662/662] [bottle] Starting artifact creation 
3 15-08-20 15:05:04 [113/662/662] [bottle] splitting chunk 
3 15-08-20 15:05:04 [113/662/662] [bottle] Now cached 126427 bytes as bottle.78a1e36c3564086c763829d9d2838b6117065d91d960c71a882e0d3152adb5f7
3 15-08-20 15:05:04 [113/662/662] [bottle] Elapsed time for artifact creation 00:00:00
3 15-08-20 15:05:04 [113/662/662] [bottle] Cleaned up /src/tmp/tmpfGcgzu
3 15-08-20 15:05:04 [113/662/662] [bottle] Elapsed time for assembly 00:00:01
3 15-08-20 15:05:04 [113/662/662] [python-wsgi] Installing bottle.78a1e36c3564086c763829d9d2838b6117065d91d960c71a882e0d3152adb5f7 
3 15-08-20 15:05:04 [113/662/662] [bottle] loaded metadata for bottle
3 15-08-20 15:05:04 [114/662/662] [python-wsgi] Starting build 
3 15-08-20 15:05:04 [114/662/662] [python-wsgi] Defined build system is manual
3 15-08-20 15:05:04 [114/662/662] [python-wsgi] Logging build commands to /src/artifacts/python-wsgi.992b5be4871dad909183cce0963f0998e90406cf61ce75e6588bfe1562beacc1.build-log.3 
3 15-08-20 15:05:04 [114/662/662] [python-wsgi] Elapsed time for build 00:00:00
3 15-08-20 15:05:04 [114/662/662] [python-wsgi] Starting artifact creation 
3 15-08-20 15:05:04 [114/662/662] [python-wsgi] splitting stratum 
3 15-08-20 15:05:04 [114/662/662] [python-wsgi] Now cached 271 bytes as python-wsgi.992b5be4871dad909183cce0963f0998e90406cf61ce75e6588bfe1562beacc1
3 15-08-20 15:05:04 [114/662/662] [python-wsgi] Elapsed time for artifact creation 00:00:00
3 15-08-20 15:05:05 [114/662/662] [python-wsgi] Cleaned up /src/tmp/tmpXnd2Wq
3 15-08-20 15:05:05 [114/662/662] [python-wsgi] Elapsed time for assembly 00:00:04
3 15-08-20 15:05:05 [114/662/662] [devel-system-x86_64-generic] Installing python-wsgi.992b5be4871dad909183cce0963f0998e90406cf61ce75e6588bfe1562beacc1 
3 15-08-20 15:05:05 [114/662/662] [python-wsgi] loaded metadata for strata/python-wsgi.morph
3 15-08-20 15:05:05 [114/662/662] [devtools] Starting assembly 
3 15-08-20 15:05:05 [114/662/662] [nano] Starting assembly 
3 15-08-20 15:05:05 [114/662/662] [python-core] loaded metadata for python-core
3 15-08-20 15:05:05 [114/662/662] [nano] Installing python-core.261eee184c937af51171a7c719d79a2edd0ec39c0b6469ff39385909fc9dfcd2 
3 15-08-20 15:05:05 [114/662/662] [core] loaded metadata for core
3 15-08-20 15:05:05 [115/662/662] [nano] Starting build 
3 15-08-20 15:05:05 [115/662/662] [nano] Git checkout upstream:nano-tarball in /src/tmp/tmpUbFZfx/nano.build 
3 15-08-20 15:05:06 [115/662/662] [nano] Upstream version fb040ea3 nano-2.4.0 (nano-2.4.0 + 0 commits) 
3 15-08-20 15:05:06 [115/662/662] [nano] Defined build system is autotools
3 15-08-20 15:05:06 [115/662/662] [nano] Logging build commands to /src/artifacts/nano.a64a81941ee22a67d10150dcda122dbe3aad58f72ab5a9433b35a7e03447596e.build-log.3 
3 15-08-20 15:05:06 [115/662/662] [nano] Running configure-commands
3 15-08-20 15:05:06 [115/662/662] [nano] Running command:
./configure --prefix="$PREFIX" --sysconfdir=/etc 
3 15-08-20 15:05:09 [115/662/662] [nano] Running build-commands
3 15-08-20 15:05:09 [115/662/662] [nano] Running command:
make 
3 15-08-20 15:05:10 [115/662/662] [nano] Running install-commands
3 15-08-20 15:05:10 [115/662/662] [nano] Running command:
make DESTDIR="$DESTDIR" install 
3 15-08-20 15:05:10 [115/662/662] [nano] Running post-install-commands
3 15-08-20 15:05:10 [115/662/662] [nano] Running command:
cat <<EOF >> nanorc
set smooth
include /usr/share/nano/c.nanorc
include /usr/share/nano/patch.nanorc
include /usr/share/nano/python.nanorc
include /usr/share/nano/sh.nanorc
EOF
 
3 15-08-20 15:05:10 [115/662/662] [nano] Running command:
mkdir -p "$DESTDIR"/etc 
3 15-08-20 15:05:10 [115/662/662] [nano] Running command:
install -m 644 nanorc "$DESTDIR"/etc/nanorc 
3 15-08-20 15:05:10 [115/662/662] [nano] Running strip-commands
3 15-08-20 15:05:10 [115/662/662] [nano] Running command:
find "$DESTDIR" -type f \
  '(' -perm -111 -o -name '*.so*' -o -name '*.cmxs' -o -name '*.node' ')' \
  -exec sh -ec \
  'read -n4 hdr <"$1"   # check for elf header
  if [ "$hdr" != "$(printf \x7ELF)" ]; then
    exit 0
  fi
  debugfile="$DESTDIR$PREFIX/lib/debug/$(basename "$1")"
  mkdir -p "$(dirname "$debugfile")"
  objcopy --only-keep-debug "$1" "$debugfile"
  chmod 644 "$debugfile"
  strip --remove-section=.comment --remove-section=.note --strip-unneeded "$1"
  objcopy --add-gnu-debuglink "$debugfile" "$1"' - {} ';'
 
3 15-08-20 15:05:11 [115/662/662] [nano] Elapsed time for build 00:00:05
3 15-08-20 15:05:11 [115/662/662] [nano] Starting artifact creation 
3 15-08-20 15:05:11 [115/662/662] [nano] splitting chunk 
3 15-08-20 15:05:11 [115/662/662] [nano] Now cached 846532 bytes as nano.a64a81941ee22a67d10150dcda122dbe3aad58f72ab5a9433b35a7e03447596e
3 15-08-20 15:05:11 [115/662/662] [nano] Elapsed time for artifact creation 00:00:00
3 15-08-20 15:05:11 [115/662/662] [nano] Cleaned up /src/tmp/tmpUbFZfx
3 15-08-20 15:05:11 [115/662/662] [nano] Elapsed time for assembly 00:00:06
3 15-08-20 15:05:11 [115/662/662] [devtools] Installing nano.a64a81941ee22a67d10150dcda122dbe3aad58f72ab5a9433b35a7e03447596e 
3 15-08-20 15:05:11 [115/662/662] [nano] loaded metadata for strata/devtools/nano.morph
3 15-08-20 15:05:12 [115/662/662] [wget] Starting assembly 
3 15-08-20 15:05:12 [115/662/662] [core] loaded metadata for core
3 15-08-20 15:05:12 [115/662/662] [wget] Installing core.ff2bf428e04196e1f178b1d14eff9408a9ec0c298bbaf6872a6547da7efac9cf 
3 15-08-20 15:05:13 [115/662/662] [python-core] loaded metadata for python-core
3 15-08-20 15:05:13 [115/662/662] [wget] Installing python-core.261eee184c937af51171a7c719d79a2edd0ec39c0b6469ff39385909fc9dfcd2 
3 15-08-20 15:05:13 [116/662/662] [wget] Starting build 
3 15-08-20 15:05:13 [116/662/662] [wget] Git checkout upstream:wget in /src/tmp/tmpjz8uXX/wget.build 
3 15-08-20 15:05:13 [116/662/662] [wget] Upstream version 71d79f4f v1.16.3-1-g71d79f4 (v1.16.3 + 1 commits) 
3 15-08-20 15:05:13 [116/662/662] [wget] Git submodules 
3 15-08-20 15:05:14 [116/662/662] [wget] Git checkout upstream:gnulib in /src/tmp/tmpjz8uXX/wget.build/gnulib 
3 15-08-20 15:05:14 [116/662/662] [wget] Upstream version ecc5d3e1 v0.1-397-gecc5d3e (v0.1 + 397 commits) 
3 15-08-20 15:05:14 [116/662/662] [wget] Defined build system is autotools
3 15-08-20 15:05:14 [116/662/662] [wget] Logging build commands to /src/artifacts/wget.231ba77a6cce4584c14339d19b08df7fc65664b9d04ee0f56bd963f453d44286.build-log.3 
3 15-08-20 15:05:14 [116/662/662] [wget] Running pre-configure-commands
3 15-08-20 15:05:14 [116/662/662] [wget] Running command:
sed -i '/^buildreq="/,/"/ { /^rsync.*/ d }' bootstrap.conf 
3 15-08-20 15:05:14 [116/662/662] [wget] Running command:
./bootstrap --no-bootstrap-sync --skip-po 
3 15-08-20 15:05:43 [116/662/662] [wget] Running configure-commands
3 15-08-20 15:05:43 [116/662/662] [wget] Running command:
./configure --prefix="$PREFIX" --with-ssl=openssl 
3 15-08-20 15:06:07 [116/662/662] [wget] Running build-commands
3 15-08-20 15:06:07 [116/662/662] [wget] Running command:
make 
3 15-08-20 15:06:09 [116/662/662] [wget] Running install-commands
3 15-08-20 15:06:09 [116/662/662] [wget] Running command:
make DESTDIR="$DESTDIR" install 
3 15-08-20 15:06:10 [116/662/662] [wget] Running strip-commands
3 15-08-20 15:06:10 [116/662/662] [wget] Running command:
find "$DESTDIR" -type f \
  '(' -perm -111 -o -name '*.so*' -o -name '*.cmxs' -o -name '*.node' ')' \
  -exec sh -ec \
  'read -n4 hdr <"$1"   # check for elf header
  if [ "$hdr" != "$(printf \x7ELF)" ]; then
    exit 0
  fi
  debugfile="$DESTDIR$PREFIX/lib/debug/$(basename "$1")"
  mkdir -p "$(dirname "$debugfile")"
  objcopy --only-keep-debug "$1" "$debugfile"
  chmod 644 "$debugfile"
  strip --remove-section=.comment --remove-section=.note --strip-unneeded "$1"
  objcopy --add-gnu-debuglink "$debugfile" "$1"' - {} ';'
 
3 15-08-20 15:06:10 [116/662/662] [wget] Elapsed time for build 00:00:57
3 15-08-20 15:06:10 [116/662/662] [wget] Starting artifact creation 
3 15-08-20 15:06:10 [116/662/662] [wget] splitting chunk 
3 15-08-20 15:06:10 [116/662/662] [wget] Now cached 289203 bytes as wget.231ba77a6cce4584c14339d19b08df7fc65664b9d04ee0f56bd963f453d44286
3 15-08-20 15:06:10 [116/662/662] [wget] Elapsed time for artifact creation 00:00:00
3 15-08-20 15:06:10 [116/662/662] [wget] Cleaned up /src/tmp/tmpjz8uXX
3 15-08-20 15:06:10 [116/662/662] [wget] Elapsed time for assembly 00:00:58
3 15-08-20 15:06:10 [116/662/662] [devtools] Installing wget.231ba77a6cce4584c14339d19b08df7fc65664b9d04ee0f56bd963f453d44286 
3 15-08-20 15:06:10 [116/662/662] [wget] loaded metadata for strata/devtools/wget.morph
3 15-08-20 15:06:10 [116/662/662] [pv] Starting assembly 
3 15-08-20 15:06:10 [116/662/662] [python-core] loaded metadata for python-core
3 15-08-20 15:06:10 [116/662/662] [pv] Installing python-core.261eee184c937af51171a7c719d79a2edd0ec39c0b6469ff39385909fc9dfcd2 
3 15-08-20 15:06:11 [116/662/662] [core] loaded metadata for core
3 15-08-20 15:06:11 [117/662/662] [pv] Starting build 
3 15-08-20 15:06:11 [117/662/662] [pv] Git checkout upstream:pv in /src/tmp/tmpbev27a/pv.build 
3 15-08-20 15:06:11 [117/662/662] [pv] Upstream version d6ce7cfe pv-1.3.4 (pv-1.3.4 + 0 commits) 
3 15-08-20 15:06:11 [117/662/662] [pv] Autodetected build system is autotools
3 15-08-20 15:06:11 [117/662/662] [pv] Logging build commands to /src/artifacts/pv.e79e934b316588d67a5a87c25c668259fbf50e750203faf545a46c1673929b30.build-log.3 
3 15-08-20 15:06:11 [117/662/662] [pv] Running configure-commands
3 15-08-20 15:06:11 [117/662/662] [pv] Running command:
export NOCONFIGURE=1
if [ -e autogen ]; then ./autogen
elif [ -e autogen.sh ]; then ./autogen.sh
elif [ ! -e ./configure ]; then autoreconf -ivf
fi
./configure --prefix="$PREFIX"
 
3 15-08-20 15:06:13 [117/662/662] [pv] Running build-commands
3 15-08-20 15:06:13 [117/662/662] [pv] Running command:
make 
3 15-08-20 15:06:13 [117/662/662] [pv] Running install-commands
3 15-08-20 15:06:13 [117/662/662] [pv] Running command:
make DESTDIR="$DESTDIR" install 
3 15-08-20 15:06:14 [117/662/662] [pv] Running strip-commands
3 15-08-20 15:06:14 [117/662/662] [pv] Running command:
find "$DESTDIR" -type f \
  '(' -perm -111 -o -name '*.so*' -o -name '*.cmxs' -o -name '*.node' ')' \
  -exec sh -ec \
  'read -n4 hdr <"$1"   # check for elf header
  if [ "$hdr" != "$(printf \x7ELF)" ]; then
    exit 0
  fi
  debugfile="$DESTDIR$PREFIX/lib/debug/$(basename "$1")"
  mkdir -p "$(dirname "$debugfile")"
  objcopy --only-keep-debug "$1" "$debugfile"
  chmod 644 "$debugfile"
  strip --remove-section=.comment --remove-section=.note --strip-unneeded "$1"
  objcopy --add-gnu-debuglink "$debugfile" "$1"' - {} ';'
 
3 15-08-20 15:06:14 [117/662/662] [pv] Elapsed time for build 00:00:02
3 15-08-20 15:06:14 [117/662/662] [pv] Starting artifact creation 
3 15-08-20 15:06:14 [117/662/662] [pv] splitting chunk 
3 15-08-20 15:06:14 [117/662/662] [pv] Now cached 30262 bytes as pv.e79e934b316588d67a5a87c25c668259fbf50e750203faf545a46c1673929b30
3 15-08-20 15:06:14 [117/662/662] [pv] Elapsed time for artifact creation 00:00:00
3 15-08-20 15:06:14 [117/662/662] [pv] Cleaned up /src/tmp/tmpbev27a
3 15-08-20 15:06:14 [117/662/662] [pv] Elapsed time for assembly 00:00:03
3 15-08-20 15:06:14 [117/662/662] [devtools] Installing pv.e79e934b316588d67a5a87c25c668259fbf50e750203faf545a46c1673929b30 
3 15-08-20 15:06:14 [117/662/662] [pv] loaded metadata for pv
3 15-08-20 15:06:14 [117/662/662] [less] Starting assembly 
3 15-08-20 15:06:14 [117/662/662] [python-core] loaded metadata for python-core
3 15-08-20 15:06:14 [117/662/662] [less] Installing python-core.261eee184c937af51171a7c719d79a2edd0ec39c0b6469ff39385909fc9dfcd2 
3 15-08-20 15:06:15 [117/662/662] [core] loaded metadata for core
3 15-08-20 15:06:15 [118/662/662] [less] Starting build 
3 15-08-20 15:06:15 [118/662/662] [less] Git checkout upstream:less in /src/tmp/tmp1Tui9X/less.build 
3 15-08-20 15:06:15 [118/662/662] [less] Upstream version 09a405d8 less-451 (less-451 + 0 commits) 
3 15-08-20 15:06:15 [118/662/662] [less] Autodetected build system is autotools
3 15-08-20 15:06:15 [118/662/662] [less] Logging build commands to /src/artifacts/less.7de58c498b8fa6bb28dccaeada838ba6a780049ae20ee3424db5d51204a71c55.build-log.3 
3 15-08-20 15:06:15 [118/662/662] [less] Running configure-commands
3 15-08-20 15:06:15 [118/662/662] [less] Running command:
export NOCONFIGURE=1
if [ -e autogen ]; then ./autogen
elif [ -e autogen.sh ]; then ./autogen.sh
elif [ ! -e ./configure ]; then autoreconf -ivf
fi
./configure --prefix="$PREFIX"
 
3 15-08-20 15:06:18 [118/662/662] [less] Running build-commands
3 15-08-20 15:06:18 [118/662/662] [less] Running command:
make 
3 15-08-20 15:06:18 [118/662/662] [less] Running install-commands
3 15-08-20 15:06:18 [118/662/662] [less] Running command:
make DESTDIR="$DESTDIR" install 
3 15-08-20 15:06:18 [118/662/662] [less] Running strip-commands
3 15-08-20 15:06:18 [118/662/662] [less] Running command:
find "$DESTDIR" -type f \
  '(' -perm -111 -o -name '*.so*' -o -name '*.cmxs' -o -name '*.node' ')' \
  -exec sh -ec \
  'read -n4 hdr <"$1"   # check for elf header
  if [ "$hdr" != "$(printf \x7ELF)" ]; then
    exit 0
  fi
  debugfile="$DESTDIR$PREFIX/lib/debug/$(basename "$1")"
  mkdir -p "$(dirname "$debugfile")"
  objcopy --only-keep-debug "$1" "$debugfile"
  chmod 644 "$debugfile"
  strip --remove-section=.comment --remove-section=.note --strip-unneeded "$1"
  objcopy --add-gnu-debuglink "$debugfile" "$1"' - {} ';'
 
3 15-08-20 15:06:18 [118/662/662] [less] Elapsed time for build 00:00:03
3 15-08-20 15:06:18 [118/662/662] [less] Starting artifact creation 
3 15-08-20 15:06:18 [118/662/662] [less] splitting chunk 
3 15-08-20 15:06:19 [118/662/662] [less] Now cached 237409 bytes as less.7de58c498b8fa6bb28dccaeada838ba6a780049ae20ee3424db5d51204a71c55
3 15-08-20 15:06:19 [118/662/662] [less] Elapsed time for artifact creation 00:00:00
3 15-08-20 15:06:19 [118/662/662] [less] Cleaned up /src/tmp/tmp1Tui9X
3 15-08-20 15:06:19 [118/662/662] [less] Elapsed time for assembly 00:00:05
3 15-08-20 15:06:19 [118/662/662] [devtools] Installing less.7de58c498b8fa6bb28dccaeada838ba6a780049ae20ee3424db5d51204a71c55 
3 15-08-20 15:06:19 [118/662/662] [less] loaded metadata for less
3 15-08-20 15:06:19 [118/662/662] [vim] Starting assembly 
3 15-08-20 15:06:19 [118/662/662] [python-core] loaded metadata for python-core
3 15-08-20 15:06:19 [118/662/662] [vim] Installing python-core.261eee184c937af51171a7c719d79a2edd0ec39c0b6469ff39385909fc9dfcd2 
3 15-08-20 15:06:20 [118/662/662] [core] loaded metadata for core
3 15-08-20 15:06:20 [119/662/662] [vim] Starting build 
3 15-08-20 15:06:21 [119/662/662] [vim] Git checkout upstream:vim in /src/tmp/tmpXVrEy2/vim.build 
3 15-08-20 15:06:21 [119/662/662] [vim] Upstream version 07c2c067 v7-3-401-6-g07c2c06 (v7-3-401 + 6 commits) 
3 15-08-20 15:06:21 [119/662/662] [vim] Defined build system is autotools
3 15-08-20 15:06:21 [119/662/662] [vim] Logging build commands to /src/artifacts/vim.7528eeef67de81a0d352aa6f04ff15d1cd3153dd085780b88b26b887d57e3d8e.build-log.3 
3 15-08-20 15:06:21 [119/662/662] [vim] Running configure-commands
3 15-08-20 15:06:21 [119/662/662] [vim] Running command:
echo '#define SYS_VIMRC_FILE "/etc/vimrc"' >>src/feature.h 
3 15-08-20 15:06:21 [119/662/662] [vim] Running command:
./configure --prefix="$PREFIX" --enable-multibyte 
3 15-08-20 15:06:28 [119/662/662] [vim] Running build-commands
3 15-08-20 15:06:28 [119/662/662] [vim] Running command:
make 
3 15-08-20 15:06:35 [119/662/662] [vim] Running install-commands
3 15-08-20 15:06:35 [119/662/662] [vim] Running command:
make DESTDIR="$DESTDIR" install 
3 15-08-20 15:06:35 [119/662/662] [vim] Running command:
mkdir -p "$DESTDIR"/etc 
3 15-08-20 15:06:35 [119/662/662] [vim] Running command:
install -m 644 runtime/vimrc_example.vim "$DESTDIR"/etc/vimrc 
3 15-08-20 15:06:35 [119/662/662] [vim] Running strip-commands
3 15-08-20 15:06:35 [119/662/662] [vim] Running command:
find "$DESTDIR" -type f \
  '(' -perm -111 -o -name '*.so*' -o -name '*.cmxs' -o -name '*.node' ')' \
  -exec sh -ec \
  'read -n4 hdr <"$1"   # check for elf header
  if [ "$hdr" != "$(printf \x7ELF)" ]; then
    exit 0
  fi
  debugfile="$DESTDIR$PREFIX/lib/debug/$(basename "$1")"
  mkdir -p "$(dirname "$debugfile")"
  objcopy --only-keep-debug "$1" "$debugfile"
  chmod 644 "$debugfile"
  strip --remove-section=.comment --remove-section=.note --strip-unneeded "$1"
  objcopy --add-gnu-debuglink "$debugfile" "$1"' - {} ';'
 
3 15-08-20 15:06:36 [119/662/662] [vim] Elapsed time for build 00:00:15
3 15-08-20 15:06:36 [119/662/662] [vim] Starting artifact creation 
3 15-08-20 15:06:36 [119/662/662] [vim] splitting chunk 
3 15-08-20 15:06:39 [119/662/662] [vim] Now cached 8549582 bytes as vim.7528eeef67de81a0d352aa6f04ff15d1cd3153dd085780b88b26b887d57e3d8e
3 15-08-20 15:06:39 [119/662/662] [vim] Elapsed time for artifact creation 00:00:03
3 15-08-20 15:06:40 [119/662/662] [vim] Cleaned up /src/tmp/tmpXVrEy2
3 15-08-20 15:06:40 [119/662/662] [vim] Elapsed time for assembly 00:00:20
3 15-08-20 15:06:40 [119/662/662] [devtools] Installing vim.7528eeef67de81a0d352aa6f04ff15d1cd3153dd085780b88b26b887d57e3d8e 
3 15-08-20 15:06:40 [119/662/662] [vim] loaded metadata for strata/devtools/vim.morph
3 15-08-20 15:06:40 [119/662/662] [screen] Starting assembly 
3 15-08-20 15:06:40 [119/662/662] [core] loaded metadata for core
3 15-08-20 15:06:40 [119/662/662] [screen] Installing core.ff2bf428e04196e1f178b1d14eff9408a9ec0c298bbaf6872a6547da7efac9cf 
3 15-08-20 15:06:41 [119/662/662] [python-core] loaded metadata for python-core
3 15-08-20 15:06:41 [119/662/662] [screen] Installing python-core.261eee184c937af51171a7c719d79a2edd0ec39c0b6469ff39385909fc9dfcd2 
3 15-08-20 15:06:41 [120/662/662] [screen] Starting build 
3 15-08-20 15:06:41 [120/662/662] [screen] Git checkout upstream:screen in /src/tmp/tmpyJD83v/screen.build 
3 15-08-20 15:06:41 [120/662/662] [screen] Upstream version 7dd4a9e5 (No tag found) 
3 15-08-20 15:06:41 [120/662/662] [screen] Defined build system is manual
3 15-08-20 15:06:41 [120/662/662] [screen] Logging build commands to /src/artifacts/screen.055a4010d28226dbebd04321a6ecb7758e9a4414023ce9a3b130fb86b87c38c8.build-log.3 
3 15-08-20 15:06:41 [120/662/662] [screen] Running configure-commands
3 15-08-20 15:06:41 [120/662/662] [screen] Running command:
cd ./src && sh autogen.sh 
3 15-08-20 15:06:43 [120/662/662] [screen] Running command:
cd ./src && ./configure --prefix="$PREFIX" 
3 15-08-20 15:06:48 [120/662/662] [screen] Running build-commands
3 15-08-20 15:06:48 [120/662/662] [screen] Running command:
cd ./src && make 
3 15-08-20 15:06:59 [120/662/662] [screen] Running install-commands
3 15-08-20 15:06:59 [120/662/662] [screen] Running command:
cd ./src && make DESTDIR="$DESTDIR" install 
3 15-08-20 15:07:01 [120/662/662] [screen] Elapsed time for build 00:00:20
3 15-08-20 15:07:01 [120/662/662] [screen] Starting artifact creation 
3 15-08-20 15:07:01 [120/662/662] [screen] splitting chunk 
3 15-08-20 15:07:02 [120/662/662] [screen] Now cached 957681 bytes as screen.055a4010d28226dbebd04321a6ecb7758e9a4414023ce9a3b130fb86b87c38c8
3 15-08-20 15:07:02 [120/662/662] [screen] Elapsed time for artifact creation 00:00:00
3 15-08-20 15:07:02 [120/662/662] [screen] Cleaned up /src/tmp/tmpyJD83v
3 15-08-20 15:07:02 [120/662/662] [screen] Elapsed time for assembly 00:00:22
3 15-08-20 15:07:02 [120/662/662] [devtools] Installing screen.055a4010d28226dbebd04321a6ecb7758e9a4414023ce9a3b130fb86b87c38c8 
3 15-08-20 15:07:02 [120/662/662] [screen] loaded metadata for strata/devtools/screen.morph
3 15-08-20 15:07:02 [120/662/662] [git-review] Starting assembly 
3 15-08-20 15:07:02 [120/662/662] [python-core] loaded metadata for python-core
3 15-08-20 15:07:02 [120/662/662] [git-review] Installing python-core.261eee184c937af51171a7c719d79a2edd0ec39c0b6469ff39385909fc9dfcd2 
3 15-08-20 15:07:03 [120/662/662] [core] loaded metadata for core
3 15-08-20 15:07:03 [121/662/662] [git-review] Starting build 
3 15-08-20 15:07:03 [121/662/662] [git-review] Git checkout upstream:git-review in /src/tmp/tmp3_4rTO/git-review.build 
3 15-08-20 15:07:03 [121/662/662] [git-review] Upstream version 79262a52 1.24-51-g79262a5 (1.24 + 51 commits) 
3 15-08-20 15:07:03 [121/662/662] [git-review] Autodetected build system is python-distutils
3 15-08-20 15:07:03 [121/662/662] [git-review] Logging build commands to /src/artifacts/git-review.b7b3a90ff3a880a8757868fc2f0b7b39d6f80aa1aaab2a1aae3ffd031aa41e45.build-log.3 
3 15-08-20 15:07:03 [121/662/662] [git-review] Running build-commands
3 15-08-20 15:07:03 [121/662/662] [git-review] Running command:
python setup.py build 
3 15-08-20 15:07:04 [121/662/662] [git-review] Running install-commands
3 15-08-20 15:07:04 [121/662/662] [git-review] Running command:
python setup.py install --prefix "$PREFIX" --root "$DESTDIR" 
3 15-08-20 15:07:04 [121/662/662] [git-review] Running strip-commands
3 15-08-20 15:07:04 [121/662/662] [git-review] Running command:
find "$DESTDIR" -type f \
  '(' -perm -111 -o -name '*.so*' -o -name '*.cmxs' -o -name '*.node' ')' \
  -exec sh -ec \
  'read -n4 hdr <"$1"   # check for elf header
  if [ "$hdr" != "$(printf \x7ELF)" ]; then
    exit 0
  fi
  debugfile="$DESTDIR$PREFIX/lib/debug/$(basename "$1")"
  mkdir -p "$(dirname "$debugfile")"
  objcopy --only-keep-debug "$1" "$debugfile"
  chmod 644 "$debugfile"
  strip --remove-section=.comment --remove-section=.note --strip-unneeded "$1"
  objcopy --add-gnu-debuglink "$debugfile" "$1"' - {} ';'
 
3 15-08-20 15:07:04 [121/662/662] [git-review] Elapsed time for build 00:00:00
3 15-08-20 15:07:04 [121/662/662] [git-review] Starting artifact creation 
3 15-08-20 15:07:04 [121/662/662] [git-review] splitting chunk 
3 15-08-20 15:07:04 [121/662/662] [git-review] Now cached 57368 bytes as git-review.b7b3a90ff3a880a8757868fc2f0b7b39d6f80aa1aaab2a1aae3ffd031aa41e45
3 15-08-20 15:07:04 [121/662/662] [git-review] Elapsed time for artifact creation 00:00:00
3 15-08-20 15:07:04 [121/662/662] [git-review] Cleaned up /src/tmp/tmp3_4rTO
3 15-08-20 15:07:04 [121/662/662] [git-review] Elapsed time for assembly 00:00:01
3 15-08-20 15:07:04 [121/662/662] [devtools] Installing git-review.b7b3a90ff3a880a8757868fc2f0b7b39d6f80aa1aaab2a1aae3ffd031aa41e45 
3 15-08-20 15:07:04 [121/662/662] [git-review] loaded metadata for git-review
3 15-08-20 15:07:04 [122/662/662] [devtools] Starting build 
3 15-08-20 15:07:04 [122/662/662] [devtools] Defined build system is manual
3 15-08-20 15:07:04 [122/662/662] [devtools] Logging build commands to /src/artifacts/devtools.ed2b666b2460f2ed48869a39a0f33f1d5c87e7ba6794947b06b8fab963b6d6c1.build-log.3 
3 15-08-20 15:07:04 [122/662/662] [devtools] Elapsed time for build 00:00:00
3 15-08-20 15:07:04 [122/662/662] [devtools] Starting artifact creation 
3 15-08-20 15:07:04 [122/662/662] [devtools] splitting stratum 
3 15-08-20 15:07:04 [122/662/662] [devtools] Now cached 374 bytes as devtools.ed2b666b2460f2ed48869a39a0f33f1d5c87e7ba6794947b06b8fab963b6d6c1
3 15-08-20 15:07:04 [122/662/662] [devtools] Elapsed time for artifact creation 00:00:00
3 15-08-20 15:07:04 [122/662/662] [devtools] Cleaned up /src/tmp/tmpzytsus
3 15-08-20 15:07:04 [122/662/662] [devtools] Elapsed time for assembly 00:01:59
3 15-08-20 15:07:04 [122/662/662] [devel-system-x86_64-generic] Installing devtools.ed2b666b2460f2ed48869a39a0f33f1d5c87e7ba6794947b06b8fab963b6d6c1 
3 15-08-20 15:07:04 [122/662/662] [devtools] loaded metadata for strata/devtools.morph
3 15-08-20 15:07:05 [122/662/662] [cloudinit-support] Starting assembly 
3 15-08-20 15:07:05 [122/662/662] [python-cheetah] Starting assembly 
3 15-08-20 15:07:05 [122/662/662] [python-core] loaded metadata for python-core
3 15-08-20 15:07:05 [122/662/662] [python-cheetah] Installing python-core.261eee184c937af51171a7c719d79a2edd0ec39c0b6469ff39385909fc9dfcd2 
3 15-08-20 15:07:05 [122/662/662] [foundation] loaded metadata for foundation
3 15-08-20 15:07:05 [122/662/662] [python-cheetah] Installing foundation.5666f4ec3a65337a6140ea4cf9af8375143ffed67bee31ebd543d01893dd7007 
3 15-08-20 15:07:05 [122/662/662] [build-essential] loaded metadata for build-essential
3 15-08-20 15:07:05 [122/662/662] [python-common] loaded metadata for python-common
3 15-08-20 15:07:05 [122/662/662] [python-cheetah] Installing python-common.70f2fdbdecbc202c93d5d643a804d1db4b129215f47450cd27f12af5eb63d8f0 
3 15-08-20 15:07:05 [123/662/662] [python-cheetah] Starting build 
3 15-08-20 15:07:05 [123/662/662] [python-cheetah] Git checkout upstream:python-cheetah in /src/tmp/tmpDJinCf/python-cheetah.build 
3 15-08-20 15:07:06 [123/662/662] [python-cheetah] Upstream version 831aa6b9 v2.4.2-22-g831aa6b (v2.4.2 + 22 commits) 
3 15-08-20 15:07:06 [123/662/662] [python-cheetah] Autodetected build system is python-distutils
3 15-08-20 15:07:06 [123/662/662] [python-cheetah] Logging build commands to /src/artifacts/python-cheetah.b111107224b2e76c22530b475e53b29d76c64f155496d59c8404324f8193f379.build-log.3 
3 15-08-20 15:07:06 [123/662/662] [python-cheetah] Running build-commands
3 15-08-20 15:07:06 [123/662/662] [python-cheetah] Running command:
python setup.py build 
3 15-08-20 15:07:06 [123/662/662] [python-cheetah] Running install-commands
3 15-08-20 15:07:06 [123/662/662] [python-cheetah] Running command:
python setup.py install --prefix "$PREFIX" --root "$DESTDIR" 
3 15-08-20 15:07:07 [123/662/662] [python-cheetah] Running strip-commands
3 15-08-20 15:07:07 [123/662/662] [python-cheetah] Running command:
find "$DESTDIR" -type f \
  '(' -perm -111 -o -name '*.so*' -o -name '*.cmxs' -o -name '*.node' ')' \
  -exec sh -ec \
  'read -n4 hdr <"$1"   # check for elf header
  if [ "$hdr" != "$(printf \x7ELF)" ]; then
    exit 0
  fi
  debugfile="$DESTDIR$PREFIX/lib/debug/$(basename "$1")"
  mkdir -p "$(dirname "$debugfile")"
  objcopy --only-keep-debug "$1" "$debugfile"
  chmod 644 "$debugfile"
  strip --remove-section=.comment --remove-section=.note --strip-unneeded "$1"
  objcopy --add-gnu-debuglink "$debugfile" "$1"' - {} ';'
 
3 15-08-20 15:07:07 [123/662/662] [python-cheetah] Elapsed time for build 00:00:01
3 15-08-20 15:07:07 [123/662/662] [python-cheetah] Starting artifact creation 
3 15-08-20 15:07:07 [123/662/662] [python-cheetah] splitting chunk 
3 15-08-20 15:07:07 [123/662/662] [python-cheetah] Now cached 355190 bytes as python-cheetah.b111107224b2e76c22530b475e53b29d76c64f155496d59c8404324f8193f379
3 15-08-20 15:07:07 [123/662/662] [python-cheetah] Elapsed time for artifact creation 00:00:00
3 15-08-20 15:07:07 [123/662/662] [python-cheetah] Cleaned up /src/tmp/tmpDJinCf
3 15-08-20 15:07:07 [123/662/662] [python-cheetah] Elapsed time for assembly 00:00:02
3 15-08-20 15:07:07 [123/662/662] [cloudinit-support] Installing python-cheetah.b111107224b2e76c22530b475e53b29d76c64f155496d59c8404324f8193f379 
3 15-08-20 15:07:07 [123/662/662] [python-cheetah] loaded metadata for python-cheetah
3 15-08-20 15:07:08 [123/662/662] [cloud-init] Starting assembly 
3 15-08-20 15:07:08 [123/662/662] [python-core] loaded metadata for python-core
3 15-08-20 15:07:08 [123/662/662] [cloud-init] Installing python-core.261eee184c937af51171a7c719d79a2edd0ec39c0b6469ff39385909fc9dfcd2 
3 15-08-20 15:07:09 [123/662/662] [build-essential] loaded metadata for build-essential
3 15-08-20 15:07:09 [123/662/662] [foundation] loaded metadata for foundation
3 15-08-20 15:07:09 [123/662/662] [cloud-init] Installing foundation.5666f4ec3a65337a6140ea4cf9af8375143ffed67bee31ebd543d01893dd7007 
3 15-08-20 15:07:09 [123/662/662] [python-common] loaded metadata for python-common
3 15-08-20 15:07:09 [123/662/662] [cloud-init] Installing python-common.70f2fdbdecbc202c93d5d643a804d1db4b129215f47450cd27f12af5eb63d8f0 
3 15-08-20 15:07:09 [123/662/662] [python-cheetah] loaded metadata for python-cheetah
3 15-08-20 15:07:09 [123/662/662] [cloud-init] Installing python-cheetah.b111107224b2e76c22530b475e53b29d76c64f155496d59c8404324f8193f379 
3 15-08-20 15:07:09 [124/662/662] [cloud-init] Starting build 
3 15-08-20 15:07:09 [124/662/662] [cloud-init] Git checkout upstream:cloud-init in /src/tmp/tmpKJsyMY/cloud-init.build 
3 15-08-20 15:07:09 [124/662/662] [cloud-init] Upstream version 130d51ac 0.7.3-18-g130d51a (0.7.3 + 18 commits) 
3 15-08-20 15:07:09 [124/662/662] [cloud-init] Defined build system is python-distutils
3 15-08-20 15:07:09 [124/662/662] [cloud-init] Logging build commands to /src/artifacts/cloud-init.6d6fb93d9bc882a3f8c50c1c295ce9aab1f6a4a4953d1a5129bb8173907904ae.build-log.3 
3 15-08-20 15:07:09 [124/662/662] [cloud-init] Running build-commands
3 15-08-20 15:07:09 [124/662/662] [cloud-init] Running command:
python setup.py build 
3 15-08-20 15:07:10 [124/662/662] [cloud-init] Running install-commands
3 15-08-20 15:07:10 [124/662/662] [cloud-init] Running command:
python setup.py install --prefix "$PREFIX" --root "$DESTDIR" 
3 15-08-20 15:07:10 [124/662/662] [cloud-init] Running post-install-commands
3 15-08-20 15:07:10 [124/662/662] [cloud-init] Running command:
mkdir -p "$DESTDIR"/lib/systemd/system 
3 15-08-20 15:07:10 [124/662/662] [cloud-init] Running command:
cp systemd/* "$DESTDIR"/lib/systemd/system/ 
3 15-08-20 15:07:10 [124/662/662] [cloud-init] Running strip-commands
3 15-08-20 15:07:10 [124/662/662] [cloud-init] Running command:
find "$DESTDIR" -type f \
  '(' -perm -111 -o -name '*.so*' -o -name '*.cmxs' -o -name '*.node' ')' \
  -exec sh -ec \
  'read -n4 hdr <"$1"   # check for elf header
  if [ "$hdr" != "$(printf \x7ELF)" ]; then
    exit 0
  fi
  debugfile="$DESTDIR$PREFIX/lib/debug/$(basename "$1")"
  mkdir -p "$(dirname "$debugfile")"
  objcopy --only-keep-debug "$1" "$debugfile"
  chmod 644 "$debugfile"
  strip --remove-section=.comment --remove-section=.note --strip-unneeded "$1"
  objcopy --add-gnu-debuglink "$debugfile" "$1"' - {} ';'
 
3 15-08-20 15:07:10 [124/662/662] [cloud-init] Elapsed time for build 00:00:01
3 15-08-20 15:07:10 [124/662/662] [cloud-init] Starting artifact creation 
3 15-08-20 15:07:10 [124/662/662] [cloud-init] splitting chunk 
3 15-08-20 15:07:11 [124/662/662] [cloud-init] Now cached 443279 bytes as cloud-init.6d6fb93d9bc882a3f8c50c1c295ce9aab1f6a4a4953d1a5129bb8173907904ae
3 15-08-20 15:07:11 [124/662/662] [cloud-init] Elapsed time for artifact creation 00:00:00
3 15-08-20 15:07:11 [124/662/662] [cloud-init] Cleaned up /src/tmp/tmpKJsyMY
3 15-08-20 15:07:11 [124/662/662] [cloud-init] Elapsed time for assembly 00:00:02
3 15-08-20 15:07:11 [124/662/662] [cloudinit-support] Installing cloud-init.6d6fb93d9bc882a3f8c50c1c295ce9aab1f6a4a4953d1a5129bb8173907904ae 
3 15-08-20 15:07:11 [124/662/662] [cloud-init] loaded metadata for strata/cloudinit-support/cloud-init.morph
3 15-08-20 15:07:11 [125/662/662] [cloudinit-support] Starting build 
3 15-08-20 15:07:11 [125/662/662] [cloudinit-support] Defined build system is manual
3 15-08-20 15:07:11 [125/662/662] [cloudinit-support] Logging build commands to /src/artifacts/cloudinit-support.16c7583bf65c3ba34d359ec862d12eb93484f2cedb0be8bebff6bc306ed87d8b.build-log.3 
3 15-08-20 15:07:11 [125/662/662] [cloudinit-support] Elapsed time for build 00:00:00
3 15-08-20 15:07:11 [125/662/662] [cloudinit-support] Starting artifact creation 
3 15-08-20 15:07:11 [125/662/662] [cloudinit-support] splitting stratum 
3 15-08-20 15:07:11 [125/662/662] [cloudinit-support] Now cached 282 bytes as cloudinit-support.16c7583bf65c3ba34d359ec862d12eb93484f2cedb0be8bebff6bc306ed87d8b
3 15-08-20 15:07:11 [125/662/662] [cloudinit-support] Elapsed time for artifact creation 00:00:00
3 15-08-20 15:07:11 [125/662/662] [cloudinit-support] Cleaned up /src/tmp/tmphkbH6C
3 15-08-20 15:07:11 [125/662/662] [cloudinit-support] Elapsed time for assembly 00:00:06
3 15-08-20 15:07:11 [125/662/662] [devel-system-x86_64-generic] Installing cloudinit-support.16c7583bf65c3ba34d359ec862d12eb93484f2cedb0be8bebff6bc306ed87d8b 
3 15-08-20 15:07:11 [125/662/662] [cloudinit-support] loaded metadata for strata/cloudinit-support.morph
3 15-08-20 15:07:11 [125/662/662] [swift] Starting assembly 
3 15-08-20 15:07:11 [125/662/662] [pyeclib] Starting assembly 
3 15-08-20 15:07:11 [125/662/662] [liberasurecode] Starting assembly 
3 15-08-20 15:07:12 [125/662/662] [openstack-common] loaded metadata for openstack-common
3 15-08-20 15:07:12 [125/662/662] [liberasurecode] Installing openstack-common.b0a6b61d2145f58386f2034eb08fca37a322e7b75bc403e571869e0598a49911 
3 15-08-20 15:07:12 [126/662/662] [liberasurecode] Starting build 
3 15-08-20 15:07:12 [126/662/662] [liberasurecode] Git checkout upstream:liberasurecode in /src/tmp/tmpyZx94f/liberasurecode.build 
3 15-08-20 15:07:12 [126/662/662] [liberasurecode] Upstream version a3802467 v1.0.7 (v1.0.7 + 0 commits) 
3 15-08-20 15:07:12 [126/662/662] [liberasurecode] Defined build system is autotools
3 15-08-20 15:07:12 [126/662/662] [liberasurecode] Logging build commands to /src/artifacts/liberasurecode.510364b9d69ca374b53de5393dc0addfbad29dc48f66fca6a178012301c34576.build-log.3 
3 15-08-20 15:07:12 [126/662/662] [liberasurecode] Running pre-configure-commands
3 15-08-20 15:07:12 [126/662/662] [liberasurecode] Running command:
autoreconf -ivf 
3 15-08-20 15:07:19 [126/662/662] [liberasurecode] Running configure-commands
3 15-08-20 15:07:19 [126/662/662] [liberasurecode] Running command:
export NOCONFIGURE=1
if [ -e autogen ]; then ./autogen
elif [ -e autogen.sh ]; then ./autogen.sh
elif [ ! -e ./configure ]; then autoreconf -ivf
fi
./configure --prefix="$PREFIX"
 
3 15-08-20 15:07:29 [126/662/662] [liberasurecode] Running build-commands
3 15-08-20 15:07:29 [126/662/662] [liberasurecode] Running command:
make 
3 15-08-20 15:07:31 [126/662/662] [liberasurecode] Running install-commands
3 15-08-20 15:07:31 [126/662/662] [liberasurecode] Running command:
make DESTDIR="$DESTDIR" install 
3 15-08-20 15:07:31 [126/662/662] [liberasurecode] Running strip-commands
3 15-08-20 15:07:31 [126/662/662] [liberasurecode] Running command:
find "$DESTDIR" -type f \
  '(' -perm -111 -o -name '*.so*' -o -name '*.cmxs' -o -name '*.node' ')' \
  -exec sh -ec \
  'read -n4 hdr <"$1"   # check for elf header
  if [ "$hdr" != "$(printf \x7ELF)" ]; then
    exit 0
  fi
  debugfile="$DESTDIR$PREFIX/lib/debug/$(basename "$1")"
  mkdir -p "$(dirname "$debugfile")"
  objcopy --only-keep-debug "$1" "$debugfile"
  chmod 644 "$debugfile"
  strip --remove-section=.comment --remove-section=.note --strip-unneeded "$1"
  objcopy --add-gnu-debuglink "$debugfile" "$1"' - {} ';'
 
3 15-08-20 15:07:31 [126/662/662] [liberasurecode] Elapsed time for build 00:00:19
3 15-08-20 15:07:31 [126/662/662] [liberasurecode] Starting artifact creation 
3 15-08-20 15:07:31 [126/662/662] [liberasurecode] splitting chunk 
3 15-08-20 15:07:32 [126/662/662] [liberasurecode] Now cached 230582 bytes as liberasurecode.510364b9d69ca374b53de5393dc0addfbad29dc48f66fca6a178012301c34576
3 15-08-20 15:07:32 [126/662/662] [liberasurecode] Elapsed time for artifact creation 00:00:00
3 15-08-20 15:07:32 [126/662/662] [liberasurecode] Cleaned up /src/tmp/tmpyZx94f
3 15-08-20 15:07:32 [126/662/662] [liberasurecode] Elapsed time for assembly 00:00:20
3 15-08-20 15:07:32 [126/662/662] [pyeclib] Installing liberasurecode.510364b9d69ca374b53de5393dc0addfbad29dc48f66fca6a178012301c34576 
3 15-08-20 15:07:32 [126/662/662] [liberasurecode] loaded metadata for strata/swift/liberasurecode.morph
3 15-08-20 15:07:33 [126/662/662] [openstack-common] loaded metadata for openstack-common
3 15-08-20 15:07:33 [126/662/662] [jerasure] Starting assembly 
3 15-08-20 15:07:33 [126/662/662] [gf-complete] Starting assembly 
3 15-08-20 15:07:33 [126/662/662] [openstack-common] loaded metadata for openstack-common
3 15-08-20 15:07:33 [126/662/662] [gf-complete] Installing openstack-common.b0a6b61d2145f58386f2034eb08fca37a322e7b75bc403e571869e0598a49911 
3 15-08-20 15:07:34 [127/662/662] [gf-complete] Starting build 
3 15-08-20 15:07:34 [127/662/662] [gf-complete] Git checkout upstream:gf-complete in /src/tmp/tmpDGlq47/gf-complete.build 
3 15-08-20 15:07:34 [127/662/662] [gf-complete] Upstream version 71544366 (No tag found) 
3 15-08-20 15:07:34 [127/662/662] [gf-complete] Defined build system is autotools
3 15-08-20 15:07:34 [127/662/662] [gf-complete] Logging build commands to /src/artifacts/gf-complete.929ff96dd5e98cd439ace62c02dee8272bb17a453bcbcf880e0b3630d040ad37.build-log.3 
3 15-08-20 15:07:34 [127/662/662] [gf-complete] Running pre-configure-commands
3 15-08-20 15:07:34 [127/662/662] [gf-complete] Running command:
./autogen.sh 
3 15-08-20 15:07:40 [127/662/662] [gf-complete] Running configure-commands
3 15-08-20 15:07:40 [127/662/662] [gf-complete] Running command:
cpu="$(echo $TARGET | cut -d '-' -f 1)"
case "$cpu" in
x86_64)
  SSE=
  ;;
*)
  # Disable SSE4 for any architecture which are not x86_64 bits
  # see more information about architecture which support SSE in
  # https://en.wikipedia.org/wiki/SSE4#Supporting_CPUs.
  SSE=--disable-sse
  ;;
esac
./configure --prefix="$PREFIX" "$SSE"
 
3 15-08-20 15:07:43 [127/662/662] [gf-complete] Running build-commands
3 15-08-20 15:07:43 [127/662/662] [gf-complete] Running command:
make 
3 15-08-20 15:07:47 [127/662/662] [gf-complete] Running install-commands
3 15-08-20 15:07:47 [127/662/662] [gf-complete] Running command:
make DESTDIR="$DESTDIR" install 
3 15-08-20 15:07:47 [127/662/662] [gf-complete] Running strip-commands
3 15-08-20 15:07:47 [127/662/662] [gf-complete] Running command:
find "$DESTDIR" -type f \
  '(' -perm -111 -o -name '*.so*' -o -name '*.cmxs' -o -name '*.node' ')' \
  -exec sh -ec \
  'read -n4 hdr <"$1"   # check for elf header
  if [ "$hdr" != "$(printf \x7ELF)" ]; then
    exit 0
  fi
  debugfile="$DESTDIR$PREFIX/lib/debug/$(basename "$1")"
  mkdir -p "$(dirname "$debugfile")"
  objcopy --only-keep-debug "$1" "$debugfile"
  chmod 644 "$debugfile"
  strip --remove-section=.comment --remove-section=.note --strip-unneeded "$1"
  objcopy --add-gnu-debuglink "$debugfile" "$1"' - {} ';'
 
3 15-08-20 15:07:47 [127/662/662] [gf-complete] Elapsed time for build 00:00:13
3 15-08-20 15:07:47 [127/662/662] [gf-complete] Starting artifact creation 
3 15-08-20 15:07:47 [127/662/662] [gf-complete] splitting chunk 
3 15-08-20 15:07:49 [127/662/662] [gf-complete] Now cached 888515 bytes as gf-complete.929ff96dd5e98cd439ace62c02dee8272bb17a453bcbcf880e0b3630d040ad37
3 15-08-20 15:07:49 [127/662/662] [gf-complete] Elapsed time for artifact creation 00:00:01
3 15-08-20 15:07:49 [127/662/662] [gf-complete] Cleaned up /src/tmp/tmpDGlq47
3 15-08-20 15:07:49 [127/662/662] [gf-complete] Elapsed time for assembly 00:00:16
3 15-08-20 15:07:49 [127/662/662] [jerasure] Installing gf-complete.929ff96dd5e98cd439ace62c02dee8272bb17a453bcbcf880e0b3630d040ad37 
3 15-08-20 15:07:49 [127/662/662] [gf-complete] loaded metadata for strata/swift/gf-complete.morph
3 15-08-20 15:07:50 [127/662/662] [openstack-common] loaded metadata for openstack-common
3 15-08-20 15:07:50 [128/662/662] [jerasure] Starting build 
3 15-08-20 15:07:50 [128/662/662] [jerasure] Git checkout upstream:jerasure in /src/tmp/tmpUnlsR_/jerasure.build 
3 15-08-20 15:07:50 [128/662/662] [jerasure] Upstream version ff703215 (No tag found) 
3 15-08-20 15:07:50 [128/662/662] [jerasure] Autodetected build system is autotools
3 15-08-20 15:07:50 [128/662/662] [jerasure] Logging build commands to /src/artifacts/jerasure.6592a33e6da3dc5f806d8952ef8f7ba746fbaf337d0f65d41db221540865a1c7.build-log.3 
3 15-08-20 15:07:50 [128/662/662] [jerasure] Running configure-commands
3 15-08-20 15:07:50 [128/662/662] [jerasure] Running command:
export NOCONFIGURE=1
if [ -e autogen ]; then ./autogen
elif [ -e autogen.sh ]; then ./autogen.sh
elif [ ! -e ./configure ]; then autoreconf -ivf
fi
./configure --prefix="$PREFIX"
 
3 15-08-20 15:07:59 [128/662/662] [jerasure] Running build-commands
3 15-08-20 15:07:59 [128/662/662] [jerasure] Running command:
make 
3 15-08-20 15:08:01 [128/662/662] [jerasure] Running install-commands
3 15-08-20 15:08:01 [128/662/662] [jerasure] Running command:
make DESTDIR="$DESTDIR" install 
3 15-08-20 15:08:01 [128/662/662] [jerasure] Running strip-commands
3 15-08-20 15:08:01 [128/662/662] [jerasure] Running command:
find "$DESTDIR" -type f \
  '(' -perm -111 -o -name '*.so*' -o -name '*.cmxs' -o -name '*.node' ')' \
  -exec sh -ec \
  'read -n4 hdr <"$1"   # check for elf header
  if [ "$hdr" != "$(printf \x7ELF)" ]; then
    exit 0
  fi
  debugfile="$DESTDIR$PREFIX/lib/debug/$(basename "$1")"
  mkdir -p "$(dirname "$debugfile")"
  objcopy --only-keep-debug "$1" "$debugfile"
  chmod 644 "$debugfile"
  strip --remove-section=.comment --remove-section=.note --strip-unneeded "$1"
  objcopy --add-gnu-debuglink "$debugfile" "$1"' - {} ';'
 
3 15-08-20 15:08:01 [128/662/662] [jerasure] Elapsed time for build 00:00:11
3 15-08-20 15:08:01 [128/662/662] [jerasure] Starting artifact creation 
3 15-08-20 15:08:01 [128/662/662] [jerasure] splitting chunk 
3 15-08-20 15:08:02 [128/662/662] [jerasure] Now cached 264218 bytes as jerasure.6592a33e6da3dc5f806d8952ef8f7ba746fbaf337d0f65d41db221540865a1c7
3 15-08-20 15:08:02 [128/662/662] [jerasure] Elapsed time for artifact creation 00:00:00
3 15-08-20 15:08:02 [128/662/662] [jerasure] Cleaned up /src/tmp/tmpUnlsR_
3 15-08-20 15:08:02 [128/662/662] [jerasure] Elapsed time for assembly 00:00:29
3 15-08-20 15:08:02 [128/662/662] [pyeclib] Installing jerasure.6592a33e6da3dc5f806d8952ef8f7ba746fbaf337d0f65d41db221540865a1c7 
3 15-08-20 15:08:02 [128/662/662] [jerasure] loaded metadata for jerasure
3 15-08-20 15:08:02 [128/662/662] [gf-complete] loaded metadata for gf-complete
3 15-08-20 15:08:02 [129/662/662] [pyeclib] Starting build 
3 15-08-20 15:08:02 [129/662/662] [pyeclib] Git checkout upstream:python-packages/pyeclib in /src/tmp/tmpxFV_dj/pyeclib.build 
3 15-08-20 15:08:02 [129/662/662] [pyeclib] Upstream version aa58aa88 v1.0.7 (v1.0.7 + 0 commits) 
3 15-08-20 15:08:02 [129/662/662] [pyeclib] Autodetected build system is python-distutils
3 15-08-20 15:08:02 [129/662/662] [pyeclib] Logging build commands to /src/artifacts/pyeclib.fbf72e5d905004bc8326be6357574503e00d48ac964c218a50b46def9bc955ee.build-log.3 
3 15-08-20 15:08:02 [129/662/662] [pyeclib] Running build-commands
3 15-08-20 15:08:02 [129/662/662] [pyeclib] Running command:
python setup.py build 
3 15-08-20 15:08:03 [129/662/662] [pyeclib] Running install-commands
3 15-08-20 15:08:03 [129/662/662] [pyeclib] Running command:
python setup.py install --prefix "$PREFIX" --root "$DESTDIR" 
3 15-08-20 15:08:03 [129/662/662] [pyeclib] Running strip-commands
3 15-08-20 15:08:03 [129/662/662] [pyeclib] Running command:
find "$DESTDIR" -type f \
  '(' -perm -111 -o -name '*.so*' -o -name '*.cmxs' -o -name '*.node' ')' \
  -exec sh -ec \
  'read -n4 hdr <"$1"   # check for elf header
  if [ "$hdr" != "$(printf \x7ELF)" ]; then
    exit 0
  fi
  debugfile="$DESTDIR$PREFIX/lib/debug/$(basename "$1")"
  mkdir -p "$(dirname "$debugfile")"
  objcopy --only-keep-debug "$1" "$debugfile"
  chmod 644 "$debugfile"
  strip --remove-section=.comment --remove-section=.note --strip-unneeded "$1"
  objcopy --add-gnu-debuglink "$debugfile" "$1"' - {} ';'
 
3 15-08-20 15:08:03 [129/662/662] [pyeclib] Elapsed time for build 00:00:01
3 15-08-20 15:08:03 [129/662/662] [pyeclib] Starting artifact creation 
3 15-08-20 15:08:03 [129/662/662] [pyeclib] splitting chunk 
3 15-08-20 15:08:03 [129/662/662] [pyeclib] Now cached 51235 bytes as pyeclib.fbf72e5d905004bc8326be6357574503e00d48ac964c218a50b46def9bc955ee
3 15-08-20 15:08:03 [129/662/662] [pyeclib] Elapsed time for artifact creation 00:00:00
3 15-08-20 15:08:04 [129/662/662] [pyeclib] Cleaned up /src/tmp/tmpxFV_dj
3 15-08-20 15:08:04 [129/662/662] [pyeclib] Elapsed time for assembly 00:00:52
3 15-08-20 15:08:04 [129/662/662] [swift] Installing pyeclib.fbf72e5d905004bc8326be6357574503e00d48ac964c218a50b46def9bc955ee 
3 15-08-20 15:08:04 [129/662/662] [pyeclib] loaded metadata for pyeclib
3 15-08-20 15:08:04 [129/662/662] [jerasure] loaded metadata for jerasure
3 15-08-20 15:08:04 [129/662/662] [xattr] Starting assembly 
3 15-08-20 15:08:05 [129/662/662] [openstack-common] loaded metadata for openstack-common
3 15-08-20 15:08:05 [129/662/662] [xattr] Installing openstack-common.b0a6b61d2145f58386f2034eb08fca37a322e7b75bc403e571869e0598a49911 
3 15-08-20 15:08:05 [130/662/662] [xattr] Starting build 
3 15-08-20 15:08:05 [130/662/662] [xattr] Git checkout upstream:python-packages/xattr in /src/tmp/tmpaBQS4C/xattr.build 
3 15-08-20 15:08:05 [130/662/662] [xattr] Upstream version dd10d44e v0.7.6 (v0.7.6 + 0 commits) 
3 15-08-20 15:08:05 [130/662/662] [xattr] Defined build system is manual
3 15-08-20 15:08:05 [130/662/662] [xattr] Logging build commands to /src/artifacts/xattr.9a5e23238cd4bb381c31666c6af256c2cde79240f85ec65a79b0cfcf3def499b.build-log.3 
3 15-08-20 15:08:05 [130/662/662] [xattr] Running configure-commands
3 15-08-20 15:08:05 [130/662/662] [xattr] Running command:
cp -r /usr/lib/python2.7/site-packages/cffi . 
3 15-08-20 15:08:05 [130/662/662] [xattr] Running build-commands
3 15-08-20 15:08:05 [130/662/662] [xattr] Running command:
python setup.py build 
3 15-08-20 15:08:06 [130/662/662] [xattr] Running install-commands
3 15-08-20 15:08:06 [130/662/662] [xattr] Running command:
python setup.py install --prefix "$PREFIX" --root "$DESTDIR" 
3 15-08-20 15:08:07 [130/662/662] [xattr] Elapsed time for build 00:00:01
3 15-08-20 15:08:07 [130/662/662] [xattr] Starting artifact creation 
3 15-08-20 15:08:07 [130/662/662] [xattr] splitting chunk 
3 15-08-20 15:08:07 [130/662/662] [xattr] Now cached 32990 bytes as xattr.9a5e23238cd4bb381c31666c6af256c2cde79240f85ec65a79b0cfcf3def499b
3 15-08-20 15:08:07 [130/662/662] [xattr] Elapsed time for artifact creation 00:00:00
3 15-08-20 15:08:07 [130/662/662] [xattr] Cleaned up /src/tmp/tmpaBQS4C
3 15-08-20 15:08:07 [130/662/662] [xattr] Elapsed time for assembly 00:00:02
3 15-08-20 15:08:07 [130/662/662] [swift] Installing xattr.9a5e23238cd4bb381c31666c6af256c2cde79240f85ec65a79b0cfcf3def499b 
3 15-08-20 15:08:07 [130/662/662] [xattr] loaded metadata for strata/swift/xattr.morph
3 15-08-20 15:08:07 [130/662/662] [dnspython] Starting assembly 
3 15-08-20 15:08:07 [130/662/662] [openstack-common] loaded metadata for openstack-common
3 15-08-20 15:08:07 [130/662/662] [dnspython] Installing openstack-common.b0a6b61d2145f58386f2034eb08fca37a322e7b75bc403e571869e0598a49911 
3 15-08-20 15:08:08 [131/662/662] [dnspython] Starting build 
3 15-08-20 15:08:08 [131/662/662] [dnspython] Git checkout upstream:python-packages/dnspython in /src/tmp/tmp6jhSm_/dnspython.build 
3 15-08-20 15:08:08 [131/662/662] [dnspython] Upstream version e1369c62 v1.12.0 (v1.12.0 + 0 commits) 
3 15-08-20 15:08:08 [131/662/662] [dnspython] Autodetected build system is python-distutils
3 15-08-20 15:08:08 [131/662/662] [dnspython] Logging build commands to /src/artifacts/dnspython.ccf0ce876731f22c53393025cd81f575007c53bd405b576c3501be8e436609f2.build-log.3 
3 15-08-20 15:08:08 [131/662/662] [dnspython] Running build-commands
3 15-08-20 15:08:08 [131/662/662] [dnspython] Running command:
python setup.py build 
3 15-08-20 15:08:08 [131/662/662] [dnspython] Running install-commands
3 15-08-20 15:08:08 [131/662/662] [dnspython] Running command:
python setup.py install --prefix "$PREFIX" --root "$DESTDIR" 
3 15-08-20 15:08:09 [131/662/662] [dnspython] Running strip-commands
3 15-08-20 15:08:09 [131/662/662] [dnspython] Running command:
find "$DESTDIR" -type f \
  '(' -perm -111 -o -name '*.so*' -o -name '*.cmxs' -o -name '*.node' ')' \
  -exec sh -ec \
  'read -n4 hdr <"$1"   # check for elf header
  if [ "$hdr" != "$(printf \x7ELF)" ]; then
    exit 0
  fi
  debugfile="$DESTDIR$PREFIX/lib/debug/$(basename "$1")"
  mkdir -p "$(dirname "$debugfile")"
  objcopy --only-keep-debug "$1" "$debugfile"
  chmod 644 "$debugfile"
  strip --remove-section=.comment --remove-section=.note --strip-unneeded "$1"
  objcopy --add-gnu-debuglink "$debugfile" "$1"' - {} ';'
 
3 15-08-20 15:08:09 [131/662/662] [dnspython] Elapsed time for build 00:00:00
3 15-08-20 15:08:09 [131/662/662] [dnspython] Starting artifact creation 
3 15-08-20 15:08:09 [131/662/662] [dnspython] splitting chunk 
3 15-08-20 15:08:09 [131/662/662] [dnspython] Now cached 208726 bytes as dnspython.ccf0ce876731f22c53393025cd81f575007c53bd405b576c3501be8e436609f2
3 15-08-20 15:08:09 [131/662/662] [dnspython] Elapsed time for artifact creation 00:00:00
3 15-08-20 15:08:09 [131/662/662] [dnspython] Cleaned up /src/tmp/tmp6jhSm_
3 15-08-20 15:08:09 [131/662/662] [dnspython] Elapsed time for assembly 00:00:02
3 15-08-20 15:08:09 [131/662/662] [swift] Installing dnspython.ccf0ce876731f22c53393025cd81f575007c53bd405b576c3501be8e436609f2 
3 15-08-20 15:08:09 [131/662/662] [dnspython] loaded metadata for dnspython
3 15-08-20 15:08:09 [131/662/662] [gf-complete] loaded metadata for gf-complete
3 15-08-20 15:08:09 [131/662/662] [swift] Starting assembly 
3 15-08-20 15:08:09 [131/662/662] [pyeclib] loaded metadata for pyeclib
3 15-08-20 15:08:09 [131/662/662] [swift] Installing pyeclib.fbf72e5d905004bc8326be6357574503e00d48ac964c218a50b46def9bc955ee 
3 15-08-20 15:08:10 [131/662/662] [dnspython] loaded metadata for dnspython
3 15-08-20 15:08:10 [131/662/662] [swift] Installing dnspython.ccf0ce876731f22c53393025cd81f575007c53bd405b576c3501be8e436609f2 
3 15-08-20 15:08:10 [131/662/662] [openstack-common] loaded metadata for openstack-common
3 15-08-20 15:08:10 [131/662/662] [xattr] loaded metadata for xattr
3 15-08-20 15:08:10 [131/662/662] [swift] Installing xattr.9a5e23238cd4bb381c31666c6af256c2cde79240f85ec65a79b0cfcf3def499b 
3 15-08-20 15:08:10 [132/662/662] [swift] Starting build 
3 15-08-20 15:08:10 [132/662/662] [swift] Git checkout upstream:openstack/swift in /src/tmp/tmpdbJp_F/swift.build 
3 15-08-20 15:08:10 [132/662/662] [swift] Upstream version f8dee761 2.3.0 (2.3.0 + 0 commits) 
3 15-08-20 15:08:10 [132/662/662] [swift] Autodetected build system is python-distutils
3 15-08-20 15:08:10 [132/662/662] [swift] Logging build commands to /src/artifacts/swift.3eb4c7d72033ff30590a342c0b2cf5ec6436a40b82713bc714090ed6d76d3d9c.build-log.3 
3 15-08-20 15:08:10 [132/662/662] [swift] Running build-commands
3 15-08-20 15:08:10 [132/662/662] [swift] Running command:
python setup.py build 
3 15-08-20 15:08:11 [132/662/662] [swift] Running install-commands
3 15-08-20 15:08:11 [132/662/662] [swift] Running command:
python setup.py install --prefix "$PREFIX" --root "$DESTDIR" 
3 15-08-20 15:08:12 [132/662/662] [swift] Running strip-commands
3 15-08-20 15:08:12 [132/662/662] [swift] Running command:
find "$DESTDIR" -type f \
  '(' -perm -111 -o -name '*.so*' -o -name '*.cmxs' -o -name '*.node' ')' \
  -exec sh -ec \
  'read -n4 hdr <"$1"   # check for elf header
  if [ "$hdr" != "$(printf \x7ELF)" ]; then
    exit 0
  fi
  debugfile="$DESTDIR$PREFIX/lib/debug/$(basename "$1")"
  mkdir -p "$(dirname "$debugfile")"
  objcopy --only-keep-debug "$1" "$debugfile"
  chmod 644 "$debugfile"
  strip --remove-section=.comment --remove-section=.note --strip-unneeded "$1"
  objcopy --add-gnu-debuglink "$debugfile" "$1"' - {} ';'
 
3 15-08-20 15:08:12 [132/662/662] [swift] Elapsed time for build 00:00:01
3 15-08-20 15:08:12 [132/662/662] [swift] Starting artifact creation 
3 15-08-20 15:08:12 [132/662/662] [swift] splitting chunk 
3 15-08-20 15:08:12 [132/662/662] [swift] Now cached 934579 bytes as swift.3eb4c7d72033ff30590a342c0b2cf5ec6436a40b82713bc714090ed6d76d3d9c
3 15-08-20 15:08:12 [132/662/662] [swift] Elapsed time for artifact creation 00:00:00
3 15-08-20 15:08:13 [132/662/662] [swift] Cleaned up /src/tmp/tmpdbJp_F
3 15-08-20 15:08:13 [132/662/662] [swift] Elapsed time for assembly 00:00:03
3 15-08-20 15:08:13 [132/662/662] [swift] Installing swift.3eb4c7d72033ff30590a342c0b2cf5ec6436a40b82713bc714090ed6d76d3d9c 
3 15-08-20 15:08:13 [132/662/662] [swift] loaded metadata for swift
3 15-08-20 15:08:13 [132/662/662] [liberasurecode] loaded metadata for liberasurecode
3 15-08-20 15:08:13 [133/662/662] [swift] Starting build 
3 15-08-20 15:08:13 [133/662/662] [swift] Defined build system is manual
3 15-08-20 15:08:13 [133/662/662] [swift] Logging build commands to /src/artifacts/swift.530fb43c00bf306e1ca833eb113f74d17ac25564c181c5a702042396df9682c4.build-log.3 
3 15-08-20 15:08:13 [133/662/662] [swift] Elapsed time for build 00:00:00
3 15-08-20 15:08:13 [133/662/662] [swift] Starting artifact creation 
3 15-08-20 15:08:13 [133/662/662] [swift] splitting stratum 
3 15-08-20 15:08:13 [133/662/662] [swift] Now cached 389 bytes as swift.530fb43c00bf306e1ca833eb113f74d17ac25564c181c5a702042396df9682c4
3 15-08-20 15:08:13 [133/662/662] [swift] Elapsed time for artifact creation 00:00:00
3 15-08-20 15:08:13 [133/662/662] [swift] Cleaned up /src/tmp/tmpRmlHGH
3 15-08-20 15:08:13 [133/662/662] [swift] Elapsed time for assembly 00:01:01
3 15-08-20 15:08:13 [133/662/662] [devel-system-x86_64-generic] Installing swift.530fb43c00bf306e1ca833eb113f74d17ac25564c181c5a702042396df9682c4 
3 15-08-20 15:08:13 [133/662/662] [swift] loaded metadata for strata/swift.morph
3 15-08-20 15:08:13 [133/662/662] [bsp-x86_64-generic] Starting assembly 
3 15-08-20 15:08:13 [133/662/662] [nasm] Starting assembly 
3 15-08-20 15:08:13 [133/662/662] [strata-docutils.morph] Starting assembly 
3 15-08-20 15:08:13 [133/662/662] [core] loaded metadata for core
3 15-08-20 15:08:13 [133/662/662] [strata-docutils.morph] Installing core.ff2bf428e04196e1f178b1d14eff9408a9ec0c298bbaf6872a6547da7efac9cf 
3 15-08-20 15:08:14 [133/662/662] [docbook-xsl] Starting assembly 
3 15-08-20 15:08:14 [133/662/662] [core] loaded metadata for core
3 15-08-20 15:08:14 [133/662/662] [docbook-xsl] Installing core.ff2bf428e04196e1f178b1d14eff9408a9ec0c298bbaf6872a6547da7efac9cf 
3 15-08-20 15:08:14 [133/662/662] [docbook-xml] Starting assembly 
3 15-08-20 15:08:14 [133/662/662] [xml-catalog] Starting assembly 
3 15-08-20 15:08:15 [133/662/662] [core] loaded metadata for core
3 15-08-20 15:08:15 [133/662/662] [xml-catalog] Installing core.ff2bf428e04196e1f178b1d14eff9408a9ec0c298bbaf6872a6547da7efac9cf 
3 15-08-20 15:08:15 [134/662/662] [xml-catalog] Starting build 
3 15-08-20 15:08:15 [134/662/662] [xml-catalog] Git checkout baserock:baserock/xml-catalog in /src/tmp/tmp8UNodD/xml-catalog.build 
3 15-08-20 15:08:15 [134/662/662] [xml-catalog] Upstream version 1d4a2abc (No tag found) 
3 15-08-20 15:08:15 [134/662/662] [xml-catalog] Defined build system is manual
3 15-08-20 15:08:15 [134/662/662] [xml-catalog] Logging build commands to /src/artifacts/xml-catalog.149fefa9b5d6c64eccb7408dc8b6c8354373a124c53d00c7389a092dd1497724.build-log.3 
3 15-08-20 15:08:15 [134/662/662] [xml-catalog] Running install-commands
3 15-08-20 15:08:15 [134/662/662] [xml-catalog] Running command:
make DESTDIR="$DESTDIR" install 
3 15-08-20 15:08:15 [134/662/662] [xml-catalog] Running post-install-commands
3 15-08-20 15:08:15 [134/662/662] [xml-catalog] Running command:
./post-install.sh 
3 15-08-20 15:08:15 [134/662/662] [xml-catalog] Elapsed time for build 00:00:00
3 15-08-20 15:08:15 [134/662/662] [xml-catalog] Starting artifact creation 
3 15-08-20 15:08:15 [134/662/662] [xml-catalog] splitting chunk 
3 15-08-20 15:08:15 [134/662/662] [xml-catalog] Now cached 20271 bytes as xml-catalog.149fefa9b5d6c64eccb7408dc8b6c8354373a124c53d00c7389a092dd1497724
3 15-08-20 15:08:15 [134/662/662] [xml-catalog] Elapsed time for artifact creation 00:00:00
3 15-08-20 15:08:16 [134/662/662] [xml-catalog] Cleaned up /src/tmp/tmp8UNodD
3 15-08-20 15:08:16 [134/662/662] [xml-catalog] Elapsed time for assembly 00:00:01
3 15-08-20 15:08:16 [134/662/662] [docbook-xml] Installing xml-catalog.149fefa9b5d6c64eccb7408dc8b6c8354373a124c53d00c7389a092dd1497724 
3 15-08-20 15:08:16 [134/662/662] [xml-catalog] loaded metadata for strata/docutils/xml-catalog.morph
3 15-08-20 15:08:16 [134/662/662] [core] loaded metadata for core
3 15-08-20 15:08:16 [135/662/662] [docbook-xml] Starting build 
3 15-08-20 15:08:16 [135/662/662] [docbook-xml] Git checkout upstream:docbook-xml in /src/tmp/tmpq4vF2S/docbook-xml.build 
3 15-08-20 15:08:16 [135/662/662] [docbook-xml] Upstream version c8f0ce32 docbook-xml-4.5 (docbook-xml-4.5 + 0 commits) 
3 15-08-20 15:08:16 [135/662/662] [docbook-xml] Defined build system is manual
3 15-08-20 15:08:16 [135/662/662] [docbook-xml] Logging build commands to /src/artifacts/docbook-xml.751d5ce77e3380bd8112d578421f3224bf57255b0cde1d676f433e550cdf6302.build-log.3 
3 15-08-20 15:08:16 [135/662/662] [docbook-xml] Running install-commands
3 15-08-20 15:08:16 [135/662/662] [docbook-xml] Running command:
install -v -d -m755 "$DESTDIR$PREFIX/share/xml/docbook/xml-dtd-4.5" 
3 15-08-20 15:08:16 [135/662/662] [docbook-xml] Running command:
install -v -d -m755 "$DESTDIR/etc/xml" 
3 15-08-20 15:08:16 [135/662/662] [docbook-xml] Running command:
cp -v -af docbook.cat *.dtd ent/ *.mod \
     "$DESTDIR$PREFIX/share/xml/docbook/xml-dtd-4.5"
 
3 15-08-20 15:08:16 [135/662/662] [docbook-xml] Running post-install-commands
3 15-08-20 15:08:16 [135/662/662] [docbook-xml] Running command:
# Create (or update) and populate the "$DESTDIR/etc/xml/docbook" catalog file
if [ ! -e /etc/xml/docbook ]; then
    xmlcatalog --noout --create "$DESTDIR/etc/xml/docbook"
else
    # Copy the existing catalog so we can update it
    cp /etc/xml/docbook "$DESTDIR/etc/xml/docbook"
fi
 
3 15-08-20 15:08:16 [135/662/662] [docbook-xml] Running command:
xmlcatalog --noout --add "public" \
 "-//OASIS//DTD DocBook XML V4.5//EN" \
 "http://www.oasis-open.org/docbook/xml/4.5/docbookx.dtd" \
 "$DESTDIR/etc/xml/docbook"
 
3 15-08-20 15:08:17 [135/662/662] [docbook-xml] Running command:
xmlcatalog --noout --add "public" \
 "-//OASIS//DTD DocBook XML CALS Table Model V4.5//EN" \
 "file:///usr/share/xml/docbook/xml-dtd-4.5/calstblx.dtd" \
 "$DESTDIR/etc/xml/docbook"
 
3 15-08-20 15:08:17 [135/662/662] [docbook-xml] Running command:
xmlcatalog --noout --add "public" \
 "-//OASIS//DTD XML Exchange Table Model 19990315//EN" \
 "file:///usr/share/xml/docbook/xml-dtd-4.5/soextblx.dtd" \
 "$DESTDIR/etc/xml/docbook"
 
3 15-08-20 15:08:17 [135/662/662] [docbook-xml] Running command:
xmlcatalog --noout --add "public" \
 "-//OASIS//ELEMENTS DocBook XML Information Pool V4.5//EN" \
 "file:///usr/share/xml/docbook/xml-dtd-4.5/dbpoolx.mod" \
 "$DESTDIR/etc/xml/docbook"
 
3 15-08-20 15:08:17 [135/662/662] [docbook-xml] Running command:
xmlcatalog --noout --add "public" \
 "-//OASIS//ELEMENTS DocBook XML Document Hierarchy V4.5//EN" \
 "file:///usr/share/xml/docbook/xml-dtd-4.5/dbhierx.mod" \
 "$DESTDIR/etc/xml/docbook"
 
3 15-08-20 15:08:17 [135/662/662] [docbook-xml] Running command:
xmlcatalog --noout --add "public" \
 "-//OASIS//ELEMENTS DocBook XML HTML Tables V4.5//EN" \
 "file:///usr/share/xml/docbook/xml-dtd-4.5/htmltblx.mod" \
 "$DESTDIR/etc/xml/docbook"
 
3 15-08-20 15:08:17 [135/662/662] [docbook-xml] Running command:
xmlcatalog --noout --add "public" \
 "-//OASIS//ENTITIES DocBook XML Notations V4.5//EN" \
 "file:///usr/share/xml/docbook/xml-dtd-4.5/dbnotnx.mod" \
 "$DESTDIR/etc/xml/docbook"
 
3 15-08-20 15:08:17 [135/662/662] [docbook-xml] Running command:
xmlcatalog --noout --add "public" \
 "-//OASIS//ENTITIES DocBook XML Character Entities V4.5//EN" \
 "file:///usr/share/xml/docbook/xml-dtd-4.5/dbcentx.mod" \
 "$DESTDIR/etc/xml/docbook"
 
3 15-08-20 15:08:17 [135/662/662] [docbook-xml] Running command:
xmlcatalog --noout --add "public" \
 "-//OASIS//ENTITIES DocBook XML Additional General Entities V4.5//EN" \ "file:///usr/share/xml/docbook/xml-dtd-4.5/dbgenent.mod" \
 "$DESTDIR/etc/xml/docbook"
 
3 15-08-20 15:08:17 [135/662/662] [docbook-xml] Running command:
xmlcatalog --noout --add "rewriteSystem" \
 "http://www.oasis-open.org/docbook/xml/4.5" \
 "file:///usr/share/xml/docbook/xml-dtd-4.5" \
 "$DESTDIR/etc/xml/docbook"
 
3 15-08-20 15:08:17 [135/662/662] [docbook-xml] Running command:
xmlcatalog --noout --add "rewriteURI" \
 "http://www.oasis-open.org/docbook/xml/4.5" \
 "file:///usr/share/xml/docbook/xml-dtd-4.5" \
 "$DESTDIR/etc/xml/docbook"
 
3 15-08-20 15:08:17 [135/662/662] [docbook-xml] Running command:
# Create (or update) and populate the "$DESTDIR/etc/xml/catalog" catalog file
if [ ! -e /etc/xml/catalog ]; then
    echo 'Creating new xml catalog'
    xmlcatalog --noout --create "$DESTDIR/etc/xml/catalog"
else
    # Copy the existing catalog so we can update it
    cp /etc/xml/catalog "$DESTDIR/etc/xml/catalog"
fi
 
3 15-08-20 15:08:17 [135/662/662] [docbook-xml] Running command:
xmlcatalog --noout --add "delegatePublic" \
 "-//OASIS//ENTITIES DocBook XML" \
 "file:///etc/xml/docbook" \
 "$DESTDIR/etc/xml/catalog"
 
3 15-08-20 15:08:17 [135/662/662] [docbook-xml] Running command:
xmlcatalog --noout --add "delegatePublic" \
 "-//OASIS//DTD DocBook XML" \
 "file:///etc/xml/docbook" \
 "$DESTDIR/etc/xml/catalog"
 
3 15-08-20 15:08:18 [135/662/662] [docbook-xml] Running command:
xmlcatalog --noout --add "delegateSystem" \
 "http://www.oasis-open.org/docbook/" \
 "file:///etc/xml/docbook" \
 "$DESTDIR/etc/xml/catalog"
 
3 15-08-20 15:08:18 [135/662/662] [docbook-xml] Running command:
xmlcatalog --noout --add "delegateURI" \
 "http://www.oasis-open.org/docbook/" \
 "file:///etc/xml/docbook" \
 "$DESTDIR/etc/xml/catalog"
 
3 15-08-20 15:08:18 [135/662/662] [docbook-xml] Elapsed time for build 00:00:01
3 15-08-20 15:08:18 [135/662/662] [docbook-xml] Starting artifact creation 
3 15-08-20 15:08:18 [135/662/662] [docbook-xml] splitting chunk 
3 15-08-20 15:08:18 [135/662/662] [docbook-xml] Now cached 77579 bytes as docbook-xml.751d5ce77e3380bd8112d578421f3224bf57255b0cde1d676f433e550cdf6302
3 15-08-20 15:08:18 [135/662/662] [docbook-xml] Elapsed time for artifact creation 00:00:00
3 15-08-20 15:08:18 [135/662/662] [docbook-xml] Cleaned up /src/tmp/tmpq4vF2S
3 15-08-20 15:08:18 [135/662/662] [docbook-xml] Elapsed time for assembly 00:00:03
3 15-08-20 15:08:18 [135/662/662] [docbook-xsl] Installing docbook-xml.751d5ce77e3380bd8112d578421f3224bf57255b0cde1d676f433e550cdf6302 
3 15-08-20 15:08:18 [135/662/662] [docbook-xml] loaded metadata for strata/docutils/docbook-xml.morph
3 15-08-20 15:08:18 [136/662/662] [docbook-xsl] Starting build 
3 15-08-20 15:08:18 [136/662/662] [docbook-xsl] Git checkout upstream:docbook-xsl in /src/tmp/tmpk4cZnk/docbook-xsl.build 
3 15-08-20 15:08:19 [136/662/662] [docbook-xsl] Upstream version 802da9dd docbook-xsl-1.78.1 (docbook-xsl-1.78.1 + 0 commits) 
3 15-08-20 15:08:19 [136/662/662] [docbook-xsl] Defined build system is manual
3 15-08-20 15:08:19 [136/662/662] [docbook-xsl] Logging build commands to /src/artifacts/docbook-xsl.112739a259e15ab9b1317dd92abbdeea177d57608bc8fefdffaf34f7e1d2f350.build-log.3 
3 15-08-20 15:08:19 [136/662/662] [docbook-xsl] Running install-commands
3 15-08-20 15:08:19 [136/662/662] [docbook-xsl] Running command:
install -v -m755 -d "$DESTDIR$PREFIX/share/xml/docbook/xsl-stylesheets-1.78.1" 
3 15-08-20 15:08:19 [136/662/662] [docbook-xsl] Running command:
cp -v -R VERSION common eclipse epub extensions fo highlighting html \
         htmlhelp images javahelp lib manpages params profiling \
         roundtrip slides template tests tools webhelp website \
         xhtml xhtml-1_1 \
         "$DESTDIR$PREFIX/share/xml/docbook/xsl-stylesheets-1.78.1"
 
3 15-08-20 15:08:19 [136/662/662] [docbook-xsl] Running command:
ln -s VERSION "$DESTDIR$PREFIX/share/xml/docbook/xsl-stylesheets-1.78.1/VERSION.xsl" 
3 15-08-20 15:08:19 [136/662/662] [docbook-xsl] Running command:
install -v -m644 -D README "$DESTDIR$PREFIX/share/doc/docbook-xsl-1.78.1/README.txt" 
3 15-08-20 15:08:19 [136/662/662] [docbook-xsl] Running command:
install -v -m644    RELEASE-NOTES* NEWS* \
                    "$DESTDIR$PREFIX/share/doc/docbook-xsl-1.78.1"
 
3 15-08-20 15:08:19 [136/662/662] [docbook-xsl] Running post-install-commands
3 15-08-20 15:08:19 [136/662/662] [docbook-xsl] Running command:
if [ ! -d "$DESTDIR/etc/xml" ]; then install -v -m755 -d "$DESTDIR/etc/xml"; fi 
3 15-08-20 15:08:19 [136/662/662] [docbook-xsl] Running command:
if [ ! -e /etc/xml/catalog ]; then
  echo "Creating new xml catalog"
  xmlcatalog --noout --create "$DESTDIR/etc/xml/catalog"
else
  cp /etc/xml/catalog "$DESTDIR/etc/xml/catalog"
fi
 
3 15-08-20 15:08:19 [136/662/662] [docbook-xsl] Running command:
xmlcatalog --noout --add "rewriteSystem" \
      "http://docbook.sourceforge.net/release/xsl/1.78.1" \
      "/usr/share/xml/docbook/xsl-stylesheets-1.78.1" \
  "$DESTDIR/etc/xml/catalog"
 
3 15-08-20 15:08:19 [136/662/662] [docbook-xsl] Running command:
xmlcatalog --noout --add "rewriteURI" \
      "http://docbook.sourceforge.net/release/xsl/1.78.1" \
      "/usr/share/xml/docbook/xsl-stylesheets-1.78.1" \
  "$DESTDIR/etc/xml/catalog"
 
3 15-08-20 15:08:19 [136/662/662] [docbook-xsl] Running command:
xmlcatalog --noout --add "rewriteSystem" \
       "http://docbook.sourceforge.net/release/xsl/current" \
       "/usr/share/xml/docbook/xsl-stylesheets-1.78.1" \
  "$DESTDIR/etc/xml/catalog"
 
3 15-08-20 15:08:19 [136/662/662] [docbook-xsl] Running command:
xmlcatalog --noout --add "rewriteURI" \
      "http://docbook.sourceforge.net/release/xsl/current" \
      "/usr/share/xml/docbook/xsl-stylesheets-1.78.1" \
  "$DESTDIR/etc/xml/catalog"
 
3 15-08-20 15:08:19 [136/662/662] [docbook-xsl] Elapsed time for build 00:00:01
3 15-08-20 15:08:19 [136/662/662] [docbook-xsl] Starting artifact creation 
3 15-08-20 15:08:19 [136/662/662] [docbook-xsl] splitting chunk 
3 15-08-20 15:08:22 [136/662/662] [docbook-xsl] Now cached 5598142 bytes as docbook-xsl.112739a259e15ab9b1317dd92abbdeea177d57608bc8fefdffaf34f7e1d2f350
3 15-08-20 15:08:22 [136/662/662] [docbook-xsl] Elapsed time for artifact creation 00:00:02
3 15-08-20 15:08:22 [136/662/662] [docbook-xsl] Cleaned up /src/tmp/tmpk4cZnk
3 15-08-20 15:08:22 [136/662/662] [docbook-xsl] Elapsed time for assembly 00:00:08
3 15-08-20 15:08:22 [136/662/662] [strata-docutils.morph] Installing docbook-xsl.112739a259e15ab9b1317dd92abbdeea177d57608bc8fefdffaf34f7e1d2f350 
3 15-08-20 15:08:22 [136/662/662] [docbook-xsl] loaded metadata for strata/docutils/docbook-xsl.morph
3 15-08-20 15:08:22 [136/662/662] [asciidoc] Starting assembly 
3 15-08-20 15:08:22 [136/662/662] [docbook-xml] loaded metadata for docbook-xml
3 15-08-20 15:08:22 [136/662/662] [asciidoc] Installing docbook-xml.751d5ce77e3380bd8112d578421f3224bf57255b0cde1d676f433e550cdf6302 
3 15-08-20 15:08:23 [136/662/662] [docbook-xsl] loaded metadata for docbook-xsl
3 15-08-20 15:08:23 [136/662/662] [asciidoc] Installing docbook-xsl.112739a259e15ab9b1317dd92abbdeea177d57608bc8fefdffaf34f7e1d2f350 
3 15-08-20 15:08:23 [136/662/662] [core] loaded metadata for core
3 15-08-20 15:08:23 [137/662/662] [asciidoc] Starting build 
3 15-08-20 15:08:23 [137/662/662] [asciidoc] Git checkout upstream:asciidoc in /src/tmp/tmpyFDD0K/asciidoc.build 
3 15-08-20 15:08:23 [137/662/662] [asciidoc] Upstream version d3a6df0c 8.6.9 (8.6.9 + 0 commits) 
3 15-08-20 15:08:23 [137/662/662] [asciidoc] Autodetected build system is autotools
3 15-08-20 15:08:23 [137/662/662] [asciidoc] Logging build commands to /src/artifacts/asciidoc.603be49e35cad0791cf8184b6980cf101fb9e41b558906c2a21e9feb9a1abb8f.build-log.3 
3 15-08-20 15:08:23 [137/662/662] [asciidoc] Running configure-commands
3 15-08-20 15:08:23 [137/662/662] [asciidoc] Running command:
export NOCONFIGURE=1
if [ -e autogen ]; then ./autogen
elif [ -e autogen.sh ]; then ./autogen.sh
elif [ ! -e ./configure ]; then autoreconf -ivf
fi
./configure --prefix="$PREFIX"
 
3 15-08-20 15:08:25 [137/662/662] [asciidoc] Running build-commands
3 15-08-20 15:08:25 [137/662/662] [asciidoc] Running command:
make 
3 15-08-20 15:08:27 [137/662/662] [asciidoc] Running install-commands
3 15-08-20 15:08:27 [137/662/662] [asciidoc] Running command:
make DESTDIR="$DESTDIR" install 
3 15-08-20 15:08:27 [137/662/662] [asciidoc] Running strip-commands
3 15-08-20 15:08:27 [137/662/662] [asciidoc] Running command:
find "$DESTDIR" -type f \
  '(' -perm -111 -o -name '*.so*' -o -name '*.cmxs' -o -name '*.node' ')' \
  -exec sh -ec \
  'read -n4 hdr <"$1"   # check for elf header
  if [ "$hdr" != "$(printf \x7ELF)" ]; then
    exit 0
  fi
  debugfile="$DESTDIR$PREFIX/lib/debug/$(basename "$1")"
  mkdir -p "$(dirname "$debugfile")"
  objcopy --only-keep-debug "$1" "$debugfile"
  chmod 644 "$debugfile"
  strip --remove-section=.comment --remove-section=.note --strip-unneeded "$1"
  objcopy --add-gnu-debuglink "$debugfile" "$1"' - {} ';'
 
3 15-08-20 15:08:28 [137/662/662] [asciidoc] Elapsed time for build 00:00:04
3 15-08-20 15:08:28 [137/662/662] [asciidoc] Starting artifact creation 
3 15-08-20 15:08:28 [137/662/662] [asciidoc] splitting chunk 
3 15-08-20 15:08:28 [137/662/662] [asciidoc] Now cached 202077 bytes as asciidoc.603be49e35cad0791cf8184b6980cf101fb9e41b558906c2a21e9feb9a1abb8f
3 15-08-20 15:08:28 [137/662/662] [asciidoc] Elapsed time for artifact creation 00:00:00
3 15-08-20 15:08:28 [137/662/662] [asciidoc] Cleaned up /src/tmp/tmpyFDD0K
3 15-08-20 15:08:28 [137/662/662] [asciidoc] Elapsed time for assembly 00:00:05
3 15-08-20 15:08:28 [137/662/662] [strata-docutils.morph] Installing asciidoc.603be49e35cad0791cf8184b6980cf101fb9e41b558906c2a21e9feb9a1abb8f 
3 15-08-20 15:08:28 [137/662/662] [asciidoc] loaded metadata for asciidoc
3 15-08-20 15:08:28 [137/662/662] [docbook-xml] loaded metadata for docbook-xml
3 15-08-20 15:08:28 [137/662/662] [xmlto] Starting assembly 
3 15-08-20 15:08:28 [137/662/662] [docbook-xsl] loaded metadata for docbook-xsl
3 15-08-20 15:08:28 [137/662/662] [xmlto] Installing docbook-xsl.112739a259e15ab9b1317dd92abbdeea177d57608bc8fefdffaf34f7e1d2f350 
3 15-08-20 15:08:29 [137/662/662] [docbook-xml] loaded metadata for docbook-xml
3 15-08-20 15:08:29 [137/662/662] [core] loaded metadata for core
3 15-08-20 15:08:29 [138/662/662] [xmlto] Starting build 
3 15-08-20 15:08:29 [138/662/662] [xmlto] Git checkout upstream:xmlto-tarball in /src/tmp/tmpJbheAZ/xmlto.build 
3 15-08-20 15:08:29 [138/662/662] [xmlto] Upstream version 6a590aba xmlto-0.0.26 (xmlto-0.0.26 + 0 commits) 
3 15-08-20 15:08:29 [138/662/662] [xmlto] Autodetected build system is autotools
3 15-08-20 15:08:29 [138/662/662] [xmlto] Logging build commands to /src/artifacts/xmlto.afa47c09433309a9d6bd9ff88cb8af688c489c7783675febc799263e3115becc.build-log.3 
3 15-08-20 15:08:29 [138/662/662] [xmlto] Running configure-commands
3 15-08-20 15:08:29 [138/662/662] [xmlto] Running command:
export NOCONFIGURE=1
if [ -e autogen ]; then ./autogen
elif [ -e autogen.sh ]; then ./autogen.sh
elif [ ! -e ./configure ]; then autoreconf -ivf
fi
./configure --prefix="$PREFIX"
 
3 15-08-20 15:08:30 [138/662/662] [xmlto] Running build-commands
3 15-08-20 15:08:30 [138/662/662] [xmlto] Running command:
make 
3 15-08-20 15:08:31 [138/662/662] [xmlto] Running install-commands
3 15-08-20 15:08:31 [138/662/662] [xmlto] Running command:
make DESTDIR="$DESTDIR" install 
3 15-08-20 15:08:31 [138/662/662] [xmlto] Running strip-commands
3 15-08-20 15:08:31 [138/662/662] [xmlto] Running command:
find "$DESTDIR" -type f \
  '(' -perm -111 -o -name '*.so*' -o -name '*.cmxs' -o -name '*.node' ')' \
  -exec sh -ec \
  'read -n4 hdr <"$1"   # check for elf header
  if [ "$hdr" != "$(printf \x7ELF)" ]; then
    exit 0
  fi
  debugfile="$DESTDIR$PREFIX/lib/debug/$(basename "$1")"
  mkdir -p "$(dirname "$debugfile")"
  objcopy --only-keep-debug "$1" "$debugfile"
  chmod 644 "$debugfile"
  strip --remove-section=.comment --remove-section=.note --strip-unneeded "$1"
  objcopy --add-gnu-debuglink "$debugfile" "$1"' - {} ';'
 
3 15-08-20 15:08:31 [138/662/662] [xmlto] Elapsed time for build 00:00:02
3 15-08-20 15:08:31 [138/662/662] [xmlto] Starting artifact creation 
3 15-08-20 15:08:31 [138/662/662] [xmlto] splitting chunk 
3 15-08-20 15:08:31 [138/662/662] [xmlto] Now cached 33780 bytes as xmlto.afa47c09433309a9d6bd9ff88cb8af688c489c7783675febc799263e3115becc
3 15-08-20 15:08:31 [138/662/662] [xmlto] Elapsed time for artifact creation 00:00:00
3 15-08-20 15:08:31 [138/662/662] [xmlto] Cleaned up /src/tmp/tmpJbheAZ
3 15-08-20 15:08:31 [138/662/662] [xmlto] Elapsed time for assembly 00:00:03
3 15-08-20 15:08:31 [138/662/662] [strata-docutils.morph] Installing xmlto.afa47c09433309a9d6bd9ff88cb8af688c489c7783675febc799263e3115becc 
3 15-08-20 15:08:31 [138/662/662] [xmlto] loaded metadata for xmlto
3 15-08-20 15:08:31 [138/662/662] [xml-catalog] loaded metadata for xml-catalog
3 15-08-20 15:08:31 [139/662/662] [strata-docutils.morph] Starting build 
3 15-08-20 15:08:31 [139/662/662] [strata-docutils.morph] Defined build system is manual
3 15-08-20 15:08:31 [139/662/662] [strata-docutils.morph] Logging build commands to /src/artifacts/strata-docutils.morph.3eb8760f5f86f24bf707d0bd86f03f5cfd60d36ffa2bd79969d760269459cf32.build-log.3 
3 15-08-20 15:08:31 [139/662/662] [strata-docutils.morph] Elapsed time for build 00:00:00
3 15-08-20 15:08:31 [139/662/662] [strata-docutils.morph] Starting artifact creation 
3 15-08-20 15:08:31 [139/662/662] [strata-docutils.morph] splitting stratum 
3 15-08-20 15:08:31 [139/662/662] [strata-docutils.morph] Now cached 346 bytes as strata-docutils.morph.3eb8760f5f86f24bf707d0bd86f03f5cfd60d36ffa2bd79969d760269459cf32
3 15-08-20 15:08:31 [139/662/662] [strata-docutils.morph] Elapsed time for artifact creation 00:00:00
3 15-08-20 15:08:31 [139/662/662] [strata-docutils.morph] Cleaned up /src/tmp/tmpbXbeQG
3 15-08-20 15:08:31 [139/662/662] [strata-docutils.morph] Elapsed time for assembly 00:00:18
3 15-08-20 15:08:31 [139/662/662] [nasm] Installing strata-docutils.morph.3eb8760f5f86f24bf707d0bd86f03f5cfd60d36ffa2bd79969d760269459cf32 
3 15-08-20 15:08:32 [139/662/662] [strata-docutils.morph] loaded metadata for strata/docutils.morph
3 15-08-20 15:08:32 [140/662/662] [nasm] Starting build 
3 15-08-20 15:08:32 [140/662/662] [nasm] Git checkout upstream:nasm in /src/tmp/tmp5r0lTu/nasm.build 
3 15-08-20 15:08:32 [140/662/662] [nasm] Upstream version 8fa0fe16 nasm-2.11.08-1-g8fa0fe1 (nasm-2.11.08 + 1 commits) 
3 15-08-20 15:08:32 [140/662/662] [nasm] Defined build system is autotools
3 15-08-20 15:08:32 [140/662/662] [nasm] Logging build commands to /src/artifacts/nasm.74bcbede016473bc87abc9bbabacf60343f4f2dcde28661d9052e47294f59c6c.build-log.3 
3 15-08-20 15:08:32 [140/662/662] [nasm] Running configure-commands
3 15-08-20 15:08:32 [140/662/662] [nasm] Running command:
export NOCONFIGURE=1
if [ -e autogen ]; then ./autogen
elif [ -e autogen.sh ]; then ./autogen.sh
elif [ ! -e ./configure ]; then autoreconf -ivf
fi
./configure --prefix="$PREFIX"
 
3 15-08-20 15:08:35 [140/662/662] [nasm] Running build-commands
3 15-08-20 15:08:35 [140/662/662] [nasm] Running command:
make 
3 15-08-20 15:08:38 [140/662/662] [nasm] Running install-commands
3 15-08-20 15:08:38 [140/662/662] [nasm] Running command:
make INSTALLROOT="$DESTDIR" install 
3 15-08-20 15:08:38 [140/662/662] [nasm] Running strip-commands
3 15-08-20 15:08:38 [140/662/662] [nasm] Running command:
find "$DESTDIR" -type f \
  '(' -perm -111 -o -name '*.so*' -o -name '*.cmxs' -o -name '*.node' ')' \
  -exec sh -ec \
  'read -n4 hdr <"$1"   # check for elf header
  if [ "$hdr" != "$(printf \x7ELF)" ]; then
    exit 0
  fi
  debugfile="$DESTDIR$PREFIX/lib/debug/$(basename "$1")"
  mkdir -p "$(dirname "$debugfile")"
  objcopy --only-keep-debug "$1" "$debugfile"
  chmod 644 "$debugfile"
  strip --remove-section=.comment --remove-section=.note --strip-unneeded "$1"
  objcopy --add-gnu-debuglink "$debugfile" "$1"' - {} ';'
 
3 15-08-20 15:08:38 [140/662/662] [nasm] Elapsed time for build 00:00:06
3 15-08-20 15:08:38 [140/662/662] [nasm] Starting artifact creation 
3 15-08-20 15:08:38 [140/662/662] [nasm] splitting chunk 
3 15-08-20 15:08:39 [140/662/662] [nasm] Now cached 878209 bytes as nasm.74bcbede016473bc87abc9bbabacf60343f4f2dcde28661d9052e47294f59c6c
3 15-08-20 15:08:39 [140/662/662] [nasm] Elapsed time for artifact creation 00:00:00
3 15-08-20 15:08:39 [140/662/662] [nasm] Cleaned up /src/tmp/tmp5r0lTu
3 15-08-20 15:08:39 [140/662/662] [nasm] Elapsed time for assembly 00:00:26
3 15-08-20 15:08:39 [140/662/662] [bsp-x86_64-generic] Installing nasm.74bcbede016473bc87abc9bbabacf60343f4f2dcde28661d9052e47294f59c6c 
3 15-08-20 15:08:39 [140/662/662] [nasm] loaded metadata for strata/bsp-x86_64-generic/nasm.morph
3 15-08-20 15:08:40 [140/662/662] [linux-x86-64-generic] Starting assembly 
3 15-08-20 15:08:40 [140/662/662] [strata-docutils.morph] loaded metadata for strata-docutils.morph
3 15-08-20 15:08:40 [140/662/662] [linux-x86-64-generic] Installing strata-docutils.morph.3eb8760f5f86f24bf707d0bd86f03f5cfd60d36ffa2bd79969d760269459cf32 
3 15-08-20 15:08:41 [141/662/662] [linux-x86-64-generic] Starting build 
3 15-08-20 15:08:50 [141/662/662] [linux-x86-64-generic] Git checkout upstream:linux in /src/tmp/tmp4dcW8k/linux-x86-64-generic.build 
3 15-08-20 15:08:50 [141/662/662] [linux-x86-64-generic] Upstream version 39a88044 v4.0 (v4.0 + 0 commits) 
3 15-08-20 15:08:51 [141/662/662] [linux-x86-64-generic] Defined build system is manual
3 15-08-20 15:08:51 [141/662/662] [linux-x86-64-generic] Logging build commands to /src/artifacts/linux-x86-64-generic.d634f2b285385ca1d2692e0ef3102503907e3334d9d5aecbdd85b332ed8405c6.build-log.3 
3 15-08-20 15:08:51 [141/662/662] [linux-x86-64-generic] Running configure-commands
3 15-08-20 15:08:51 [141/662/662] [linux-x86-64-generic] Running command:
make defconfig 
3 15-08-20 15:08:53 [141/662/662] [linux-x86-64-generic] Running command:
scripts/config -e PACKET 
3 15-08-20 15:08:53 [141/662/662] [linux-x86-64-generic] Running command:
scripts/config -e SATA_AHCI 
3 15-08-20 15:08:53 [141/662/662] [linux-x86-64-generic] Running command:
scripts/config -e ATA_GENERIC 
3 15-08-20 15:08:54 [141/662/662] [linux-x86-64-generic] Running command:
scripts/config -e HAVE_IDE 
3 15-08-20 15:08:54 [141/662/662] [linux-x86-64-generic] Running command:
scripts/config -d BLK_DEV_IDE_SATA 
3 15-08-20 15:08:54 [141/662/662] [linux-x86-64-generic] Running command:
scripts/config -e BTRFS_FS 
3 15-08-20 15:08:54 [141/662/662] [linux-x86-64-generic] Running command:
scripts/config -e BTRFS_FS_POSIX_ACL 
3 15-08-20 15:08:55 [141/662/662] [linux-x86-64-generic] Running command:
scripts/config -e DEVTMPFS 
3 15-08-20 15:08:55 [141/662/662] [linux-x86-64-generic] Running command:
scripts/config -e DEVTMPFS_MOUNT 
3 15-08-20 15:08:55 [141/662/662] [linux-x86-64-generic] Running command:
scripts/config -e CONFIG_FHANDLE 
3 15-08-20 15:08:55 [141/662/662] [linux-x86-64-generic] Running command:
scripts/config -e DEVPTS_MULTIPLE_INSTANCES 
3 15-08-20 15:08:55 [141/662/662] [linux-x86-64-generic] Running command:
scripts/config -e CGROUPS 
3 15-08-20 15:08:56 [141/662/662] [linux-x86-64-generic] Running command:
scripts/config -e AUTOFS4_FS 
3 15-08-20 15:08:56 [141/662/662] [linux-x86-64-generic] Running command:
scripts/config --set-str UEVENT_HELPER_PATH '' 
3 15-08-20 15:08:56 [141/662/662] [linux-x86-64-generic] Running command:
scripts/config -e EXT2_FS 
3 15-08-20 15:08:56 [141/662/662] [linux-x86-64-generic] Running command:
scripts/config -e EXT2_FS_XATTR 
3 15-08-20 15:08:56 [141/662/662] [linux-x86-64-generic] Running command:
scripts/config -e EXT2_FS_POSIX_ACL 
3 15-08-20 15:08:56 [141/662/662] [linux-x86-64-generic] Running command:
scripts/config -e EXT2_FS_SECURITY 
3 15-08-20 15:08:56 [141/662/662] [linux-x86-64-generic] Running command:
scripts/config -e EXT2_FS_XIP 
3 15-08-20 15:08:57 [141/662/662] [linux-x86-64-generic] Running command:
scripts/config -e EXT3_FS 
3 15-08-20 15:08:57 [141/662/662] [linux-x86-64-generic] Running command:
scripts/config -d EXT3_DEFAULTS_TO_ORDERED 
3 15-08-20 15:08:57 [141/662/662] [linux-x86-64-generic] Running command:
scripts/config -e EXT3_FS_XATTR 
3 15-08-20 15:08:57 [141/662/662] [linux-x86-64-generic] Running command:
scripts/config -e EXT3_FS_POSIX_ACL 
3 15-08-20 15:08:57 [141/662/662] [linux-x86-64-generic] Running command:
scripts/config -e EXT3_FS_SECURITY 
3 15-08-20 15:08:57 [141/662/662] [linux-x86-64-generic] Running command:
scripts/config -e EXT4_FS 
3 15-08-20 15:08:57 [141/662/662] [linux-x86-64-generic] Running command:
scripts/config -e EXT4_FS_XATTR 
3 15-08-20 15:08:57 [141/662/662] [linux-x86-64-generic] Running command:
scripts/config -e EXT4_FS_POSIX_ACL 
3 15-08-20 15:08:57 [141/662/662] [linux-x86-64-generic] Running command:
scripts/config -e EXT4_FS_SECURITY 
3 15-08-20 15:08:58 [141/662/662] [linux-x86-64-generic] Running command:
scripts/config -d EXT4_DEBUG 
3 15-08-20 15:08:58 [141/662/662] [linux-x86-64-generic] Running command:
scripts/config -e FUSE_FS 
3 15-08-20 15:08:58 [141/662/662] [linux-x86-64-generic] Running command:
scripts/config -e OVERLAY_FS 
3 15-08-20 15:08:58 [141/662/662] [linux-x86-64-generic] Running command:
scripts/config -e XFS_FS 
3 15-08-20 15:08:58 [141/662/662] [linux-x86-64-generic] Running command:
scripts/config -e LIBCRC32C 
3 15-08-20 15:08:59 [141/662/662] [linux-x86-64-generic] Running command:
scripts/config -d JBD_DEBUG 
3 15-08-20 15:08:59 [141/662/662] [linux-x86-64-generic] Running command:
scripts/config -d JBD2_DEBUG 
3 15-08-20 15:08:59 [141/662/662] [linux-x86-64-generic] Running command:
scripts/config -e BLK_DEV_LOOP 
3 15-08-20 15:08:59 [141/662/662] [linux-x86-64-generic] Running command:
scripts/config -d BLK_DEV_CRYPTOLOOP 
3 15-08-20 15:09:00 [141/662/662] [linux-x86-64-generic] Running command:
scripts/config -e CEPH_FS 
3 15-08-20 15:09:00 [141/662/662] [linux-x86-64-generic] Running command:
scripts/config --set-val BLK_DEV_LOOP_MIN_COUNT 8 
3 15-08-20 15:09:00 [141/662/662] [linux-x86-64-generic] Running command:
scripts/config -e DM_SNAPSHOT 
3 15-08-20 15:09:00 [141/662/662] [linux-x86-64-generic] Running command:
scripts/config -e VIRTIO 
3 15-08-20 15:09:01 [141/662/662] [linux-x86-64-generic] Running command:
scripts/config -e VIRTIO_RING 
3 15-08-20 15:09:01 [141/662/662] [linux-x86-64-generic] Running command:
scripts/config -e VIRTIO_PCI 
3 15-08-20 15:09:01 [141/662/662] [linux-x86-64-generic] Running command:
scripts/config -e VIRTIO_BALLOON 
3 15-08-20 15:09:01 [141/662/662] [linux-x86-64-generic] Running command:
scripts/config -e VIRTIO_BLK 
3 15-08-20 15:09:01 [141/662/662] [linux-x86-64-generic] Running command:
scripts/config -e VIRTIO_NET 
3 15-08-20 15:09:01 [141/662/662] [linux-x86-64-generic] Running command:
scripts/config -e VIRTIO_CONSOLE 
3 15-08-20 15:09:01 [141/662/662] [linux-x86-64-generic] Running command:
scripts/config -e HW_RANDOM_VIRTIO 
3 15-08-20 15:09:01 [141/662/662] [linux-x86-64-generic] Running command:
scripts/config -e 9P_FS 
3 15-08-20 15:09:01 [141/662/662] [linux-x86-64-generic] Running command:
scripts/config -e 9P_FSCACHE 
3 15-08-20 15:09:01 [141/662/662] [linux-x86-64-generic] Running command:
scripts/config -e 9P_FS_POSIX_ACL 
3 15-08-20 15:09:01 [141/662/662] [linux-x86-64-generic] Running command:
scripts/config -e NET_9P 
3 15-08-20 15:09:02 [141/662/662] [linux-x86-64-generic] Running command:
scripts/config -e NET_9P_VIRTIO 
3 15-08-20 15:09:02 [141/662/662] [linux-x86-64-generic] Running command:
scripts/config -e R8169 
3 15-08-20 15:09:02 [141/662/662] [linux-x86-64-generic] Running command:
scripts/config -e 8139TOO 
3 15-08-20 15:09:02 [141/662/662] [linux-x86-64-generic] Running command:
scripts/config -e 8139CP 
3 15-08-20 15:09:03 [141/662/662] [linux-x86-64-generic] Running command:
scripts/config -e ATL1 
3 15-08-20 15:09:03 [141/662/662] [linux-x86-64-generic] Running command:
scripts/config -e ATL1C 
3 15-08-20 15:09:03 [141/662/662] [linux-x86-64-generic] Running command:
scripts/config -e ATL1E 
3 15-08-20 15:09:03 [141/662/662] [linux-x86-64-generic] Running command:
scripts/config -e E100 
3 15-08-20 15:09:04 [141/662/662] [linux-x86-64-generic] Running command:
scripts/config -e E1000 
3 15-08-20 15:09:04 [141/662/662] [linux-x86-64-generic] Running command:
scripts/config -e E1000E 
3 15-08-20 15:09:04 [141/662/662] [linux-x86-64-generic] Running command:
scripts/config -e USB_USBNET 
3 15-08-20 15:09:04 [141/662/662] [linux-x86-64-generic] Running command:
scripts/config -e USB_NET_AX8817X 
3 15-08-20 15:09:05 [141/662/662] [linux-x86-64-generic] Running command:
scripts/config -e USB_NET_AX88179_178A 
3 15-08-20 15:09:05 [141/662/662] [linux-x86-64-generic] Running command:
scripts/config -e USB_NET_DM9601 
3 15-08-20 15:09:05 [141/662/662] [linux-x86-64-generic] Running command:
scripts/config -e IKCONFIG 
3 15-08-20 15:09:05 [141/662/662] [linux-x86-64-generic] Running command:
scripts/config -e IKCONFIG_PROC 
3 15-08-20 15:09:05 [141/662/662] [linux-x86-64-generic] Running command:
scripts/config -e SECCOMP 
3 15-08-20 15:09:05 [141/662/662] [linux-x86-64-generic] Running command:
scripts/config -d DEBUG_STACK_TRACE 
3 15-08-20 15:09:05 [141/662/662] [linux-x86-64-generic] Running command:
scripts/config -e NFSD 
3 15-08-20 15:09:05 [141/662/662] [linux-x86-64-generic] Running command:
scripts/config -e NFSD_V3 
3 15-08-20 15:09:06 [141/662/662] [linux-x86-64-generic] Running command:
scripts/config -e KVM 
3 15-08-20 15:09:06 [141/662/662] [linux-x86-64-generic] Running command:
scripts/config -e TUN 
3 15-08-20 15:09:06 [141/662/662] [linux-x86-64-generic] Running command:
scripts/config -e BRIDGE 
3 15-08-20 15:09:06 [141/662/662] [linux-x86-64-generic] Running command:
scripts/config -e VHOST_NET 
3 15-08-20 15:09:06 [141/662/662] [linux-x86-64-generic] Running command:
scripts/config -e NF_NAT 
3 15-08-20 15:09:06 [141/662/662] [linux-x86-64-generic] Running command:
scripts/config -e IP_NF_NAT 
3 15-08-20 15:09:06 [141/662/662] [linux-x86-64-generic] Running command:
scripts/config -e IP_NF_TARGET_MASQUERADE 
3 15-08-20 15:09:06 [141/662/662] [linux-x86-64-generic] Running command:
scripts/config -e FB_VESA 
3 15-08-20 15:09:06 [141/662/662] [linux-x86-64-generic] Running command:
scripts/config -e HOTPLUG_PCI 
3 15-08-20 15:09:07 [141/662/662] [linux-x86-64-generic] Running command:
scripts/config -e HOTPLUG_PCI_ACPI 
3 15-08-20 15:09:07 [141/662/662] [linux-x86-64-generic] Running command:
scripts/config -e VLAN_8021Q 
3 15-08-20 15:09:07 [141/662/662] [linux-x86-64-generic] Running command:
scripts/config -e BRIDGE_VLAN_FILTERING 
3 15-08-20 15:09:07 [141/662/662] [linux-x86-64-generic] Running command:
scripts/config -e BLK_DEV_NBD 
3 15-08-20 15:09:07 [141/662/662] [linux-x86-64-generic] Running command:
scripts/config -e BRIDGE_NF_EBTABLES 
3 15-08-20 15:09:07 [141/662/662] [linux-x86-64-generic] Running command:
scripts/config -e NETFILTER 
3 15-08-20 15:09:07 [141/662/662] [linux-x86-64-generic] Running command:
scripts/config -e NETFILTER_ADVANCED 
3 15-08-20 15:09:07 [141/662/662] [linux-x86-64-generic] Running command:
scripts/config -e NETFILTER_XT_MATCH_ADDRTYPE 
3 15-08-20 15:09:07 [141/662/662] [linux-x86-64-generic] Running command:
scripts/config -e OPENVSWITCH 
3 15-08-20 15:09:07 [141/662/662] [linux-x86-64-generic] Running command:
scripts/config -e OPENVSWITCH_VXLAN 
3 15-08-20 15:09:08 [141/662/662] [linux-x86-64-generic] Running command:
scripts/config -e CONFIG_OPENVSWITCH_GRE 
3 15-08-20 15:09:08 [141/662/662] [linux-x86-64-generic] Running command:
scripts/config -e NET_CLS_BASIC 
3 15-08-20 15:09:08 [141/662/662] [linux-x86-64-generic] Running command:
scripts/config -e NET_SCH_INGRESS 
3 15-08-20 15:09:08 [141/662/662] [linux-x86-64-generic] Running command:
scripts/config -e NET_ACT_POLICE 
3 15-08-20 15:09:08 [141/662/662] [linux-x86-64-generic] Running command:
scripts/config -e NET_IPGRE_DEMUX 
3 15-08-20 15:09:08 [141/662/662] [linux-x86-64-generic] Running command:
scripts/config -e NET_SCH_HTB 
3 15-08-20 15:09:08 [141/662/662] [linux-x86-64-generic] Running command:
scripts/config -e NET_SCH_HFSC 
3 15-08-20 15:09:08 [141/662/662] [linux-x86-64-generic] Running command:
scripts/config -e VXLAN 
3 15-08-20 15:09:08 [141/662/662] [linux-x86-64-generic] Running command:
scripts/config -e VETH 
3 15-08-20 15:09:08 [141/662/662] [linux-x86-64-generic] Running command:
scripts/config -e IP_NF_MATCH_AH 
3 15-08-20 15:09:09 [141/662/662] [linux-x86-64-generic] Running command:
scripts/config -e IP_NF_MATCH_ECN 
3 15-08-20 15:09:09 [141/662/662] [linux-x86-64-generic] Running command:
scripts/config -e IP_NF_MATCH_RPFILTER 
3 15-08-20 15:09:09 [141/662/662] [linux-x86-64-generic] Running command:
scripts/config -e IP_NF_MATCH_TTL 
3 15-08-20 15:09:09 [141/662/662] [linux-x86-64-generic] Running command:
scripts/config -e IP_NF_TARGET_SYNPROXY 
3 15-08-20 15:09:09 [141/662/662] [linux-x86-64-generic] Running command:
scripts/config -e IP_NF_TARGET_NETMAP 
3 15-08-20 15:09:09 [141/662/662] [linux-x86-64-generic] Running command:
scripts/config -e IP_NF_TARGET_REDIRECT 
3 15-08-20 15:09:09 [141/662/662] [linux-x86-64-generic] Running command:
scripts/config -e IP_NF_TARGET_CLUSTERIP 
3 15-08-20 15:09:09 [141/662/662] [linux-x86-64-generic] Running command:
scripts/config -e IP_NF_TARGET_ECN 
3 15-08-20 15:09:09 [141/662/662] [linux-x86-64-generic] Running command:
scripts/config -e IP_NF_TARGET_TTL 
3 15-08-20 15:09:09 [141/662/662] [linux-x86-64-generic] Running command:
scripts/config -e IP_NF_RAW 
3 15-08-20 15:09:10 [141/662/662] [linux-x86-64-generic] Running command:
scripts/config -e IP_NF_SECURITY 
3 15-08-20 15:09:10 [141/662/662] [linux-x86-64-generic] Running command:
scripts/config -e IP_NF_ARPTABLES 
3 15-08-20 15:09:10 [141/662/662] [linux-x86-64-generic] Running command:
scripts/config -e KVM_INTEL 
3 15-08-20 15:09:10 [141/662/662] [linux-x86-64-generic] Running command:
scripts/config -e NETFILTER_NETLINK_QUEUE 
3 15-08-20 15:09:10 [141/662/662] [linux-x86-64-generic] Running command:
scripts/config -e SCSI_NETLINK 
3 15-08-20 15:09:10 [141/662/662] [linux-x86-64-generic] Running command:
scripts/config -e NETFILTER_XT_TARGET_MARK 
3 15-08-20 15:09:10 [141/662/662] [linux-x86-64-generic] Running command:
scripts/config -e NETFILTER_XT_SET 
3 15-08-20 15:09:10 [141/662/662] [linux-x86-64-generic] Running command:
scripts/config -e IP_SET 
3 15-08-20 15:09:10 [141/662/662] [linux-x86-64-generic] Running command:
scripts/config -e IP_SET_BITMAP_IP 
3 15-08-20 15:09:11 [141/662/662] [linux-x86-64-generic] Running command:
scripts/config -e IP_SET_BITMAP_IPMAC 
3 15-08-20 15:09:11 [141/662/662] [linux-x86-64-generic] Running command:
scripts/config -e IP_SET_BITMAP_PORT 
3 15-08-20 15:09:11 [141/662/662] [linux-x86-64-generic] Running command:
scripts/config -e IP_SET_HASH_IP 
3 15-08-20 15:09:11 [141/662/662] [linux-x86-64-generic] Running command:
scripts/config -e IP_SET_HASH_IPMARK 
3 15-08-20 15:09:11 [141/662/662] [linux-x86-64-generic] Running command:
scripts/config -e IP_SET_HASH_IPPORT 
3 15-08-20 15:09:11 [141/662/662] [linux-x86-64-generic] Running command:
scripts/config -e IP_SET_HASH_IPPORTIP 
3 15-08-20 15:09:11 [141/662/662] [linux-x86-64-generic] Running command:
scripts/config -e IP_SET_HASH_IPPORTNET 
3 15-08-20 15:09:11 [141/662/662] [linux-x86-64-generic] Running command:
scripts/config -e IP_SET_HASH_MAC 
3 15-08-20 15:09:11 [141/662/662] [linux-x86-64-generic] Running command:
scripts/config -e IP_SET_HASH_NETPORTNET 
3 15-08-20 15:09:11 [141/662/662] [linux-x86-64-generic] Running command:
scripts/config -e IP_SET_HASH_NET 
3 15-08-20 15:09:11 [141/662/662] [linux-x86-64-generic] Running command:
scripts/config -e IP_SET_HASH_NETNET 
3 15-08-20 15:09:12 [141/662/662] [linux-x86-64-generic] Running command:
scripts/config -e IP_SET_HASH_NETPORT 
3 15-08-20 15:09:12 [141/662/662] [linux-x86-64-generic] Running command:
scripts/config -e IP_SET_HASH_NETIFACE 
3 15-08-20 15:09:12 [141/662/662] [linux-x86-64-generic] Running command:
scripts/config -e IP_SET_LIST_SET 
3 15-08-20 15:09:12 [141/662/662] [linux-x86-64-generic] Running command:
scripts/config -e NF_CONNTRACK_TIMEOUT 
3 15-08-20 15:09:12 [141/662/662] [linux-x86-64-generic] Running command:
scripts/config -e NF_CONNTRACK_TIMESTAMP 
3 15-08-20 15:09:12 [141/662/662] [linux-x86-64-generic] Running command:
scripts/config -e NF_CONNTRACK_EVENTS 
3 15-08-20 15:09:12 [141/662/662] [linux-x86-64-generic] Running command:
scripts/config -e NF_CONNTRACK_LABELS 
3 15-08-20 15:09:12 [141/662/662] [linux-x86-64-generic] Running command:
scripts/config -e NETFILTER_NETLINK_ACCT 
3 15-08-20 15:09:12 [141/662/662] [linux-x86-64-generic] Running command:
scripts/config -e NETFILTER_NETLINK_QUEUE_CT 
3 15-08-20 15:09:12 [141/662/662] [linux-x86-64-generic] Running command:
scripts/config -e NF_CT_PROTO_DCCP 
3 15-08-20 15:09:12 [141/662/662] [linux-x86-64-generic] Running command:
scripts/config -e NF_CT_PROTO_GRE 
3 15-08-20 15:09:12 [141/662/662] [linux-x86-64-generic] Running command:
scripts/config -e NF_CT_PROTO_SCTP 
3 15-08-20 15:09:12 [141/662/662] [linux-x86-64-generic] Running command:
scripts/config -e NF_CT_PROTO_UDPLITE 
3 15-08-20 15:09:13 [141/662/662] [linux-x86-64-generic] Running command:
scripts/config -e NF_CT_NETLINK_TIMEOUT 
3 15-08-20 15:09:13 [141/662/662] [linux-x86-64-generic] Running command:
scripts/config -e NF_CT_NETLINK_HELPER 
3 15-08-20 15:09:13 [141/662/662] [linux-x86-64-generic] Running command:
scripts/config -e NF_CONNTRACK_AMANDA 
3 15-08-20 15:09:13 [141/662/662] [linux-x86-64-generic] Running command:
scripts/config -e NF_CONNTRACK_H323 
3 15-08-20 15:09:13 [141/662/662] [linux-x86-64-generic] Running command:
scripts/config -e NF_CONNTRACK_BROADCAST 
3 15-08-20 15:09:13 [141/662/662] [linux-x86-64-generic] Running command:
scripts/config -e NF_CONNTRACK_NETBIOS_NS 
3 15-08-20 15:09:13 [141/662/662] [linux-x86-64-generic] Running command:
scripts/config -e NF_CONNTRACK_SNMP 
3 15-08-20 15:09:13 [141/662/662] [linux-x86-64-generic] Running command:
scripts/config -e NF_CONNTRACK_PPTP 
3 15-08-20 15:09:13 [141/662/662] [linux-x86-64-generic] Running command:
scripts/config -e NF_CONNTRACK_SANE 
3 15-08-20 15:09:13 [141/662/662] [linux-x86-64-generic] Running command:
scripts/config -e NF_CONNTRACK_TFTP 
3 15-08-20 15:09:13 [141/662/662] [linux-x86-64-generic] Running command:
scripts/config -e NF_LOG_COMMON 
3 15-08-20 15:09:13 [141/662/662] [linux-x86-64-generic] Running command:
scripts/config -e NF_NAT_PROTO_DCCP 
3 15-08-20 15:09:14 [141/662/662] [linux-x86-64-generic] Running command:
scripts/config -e NF_NAT_PROTO_UDPLITE 
3 15-08-20 15:09:14 [141/662/662] [linux-x86-64-generic] Running command:
scripts/config -e NF_NAT_PROTO_SCTP 
3 15-08-20 15:09:14 [141/662/662] [linux-x86-64-generic] Running command:
scripts/config -e NF_NAT_AMANDA 
3 15-08-20 15:09:14 [141/662/662] [linux-x86-64-generic] Running command:
scripts/config -e NF_NAT_TFTP 
3 15-08-20 15:09:14 [141/662/662] [linux-x86-64-generic] Running command:
scripts/config -e NF_TABLES 
3 15-08-20 15:09:14 [141/662/662] [linux-x86-64-generic] Running command:
scripts/config -e NF_TABLES_INET 
3 15-08-20 15:09:14 [141/662/662] [linux-x86-64-generic] Running command:
scripts/config -e NFT_COMPAT 
3 15-08-20 15:09:14 [141/662/662] [linux-x86-64-generic] Running command:
scripts/config -e NFT_EXTHDR 
3 15-08-20 15:09:14 [141/662/662] [linux-x86-64-generic] Running command:
scripts/config -e NFT_META 
3 15-08-20 15:09:14 [141/662/662] [linux-x86-64-generic] Running command:
scripts/config -e NFT_CT 
3 15-08-20 15:09:14 [141/662/662] [linux-x86-64-generic] Running command:
scripts/config -e NFT_LIMIT 
3 15-08-20 15:09:15 [141/662/662] [linux-x86-64-generic] Running command:
scripts/config -e NFT_NAT 
3 15-08-20 15:09:15 [141/662/662] [linux-x86-64-generic] Running command:
scripts/config -e NFT_QUEUE 
3 15-08-20 15:09:15 [141/662/662] [linux-x86-64-generic] Running command:
scripts/config -e NFT_REJECT 
3 15-08-20 15:09:15 [141/662/662] [linux-x86-64-generic] Running command:
scripts/config -e NFT_REJECT_INET 
3 15-08-20 15:09:15 [141/662/662] [linux-x86-64-generic] Running command:
scripts/config -e NFT_RBTREE 
3 15-08-20 15:09:15 [141/662/662] [linux-x86-64-generic] Running command:
scripts/config -e NFT_HASH 
3 15-08-20 15:09:15 [141/662/662] [linux-x86-64-generic] Running command:
scripts/config -e NFT_COUNTER 
3 15-08-20 15:09:15 [141/662/662] [linux-x86-64-generic] Running command:
scripts/config -e NFT_LOG 
3 15-08-20 15:09:15 [141/662/662] [linux-x86-64-generic] Running command:
scripts/config -e NFT_MASQ 
3 15-08-20 15:09:15 [141/662/662] [linux-x86-64-generic] Running command:
scripts/config -e NETFILTER_XT_CONNMARK 
3 15-08-20 15:09:15 [141/662/662] [linux-x86-64-generic] Running command:
scripts/config -e NETFILTER_XT_TARGET_AUDIT 
3 15-08-20 15:09:15 [141/662/662] [linux-x86-64-generic] Running command:
scripts/config -e NETFILTER_XT_TARGET_CHECKSUM 
3 15-08-20 15:09:16 [141/662/662] [linux-x86-64-generic] Running command:
scripts/config -e NETFILTER_XT_TARGET_CLASSIFY 
3 15-08-20 15:09:16 [141/662/662] [linux-x86-64-generic] Running command:
scripts/config -e NETFILTER_XT_TARGET_CT 
3 15-08-20 15:09:16 [141/662/662] [linux-x86-64-generic] Running command:
scripts/config -e NETFILTER_XT_TARGET_DSCP 
3 15-08-20 15:09:16 [141/662/662] [linux-x86-64-generic] Running command:
scripts/config -e NETFILTER_XT_TARGET_HMARK 
3 15-08-20 15:09:16 [141/662/662] [linux-x86-64-generic] Running command:
scripts/config -e NETFILTER_XT_TARGET_LED 
3 15-08-20 15:09:16 [141/662/662] [linux-x86-64-generic] Running command:
scripts/config -e NETFILTER_XT_TARGET_LOG 
3 15-08-20 15:09:16 [141/662/662] [linux-x86-64-generic] Running command:
scripts/config -e NETFILTER_XT_TARGET_NFQUEUE 
3 15-08-20 15:09:16 [141/662/662] [linux-x86-64-generic] Running command:
scripts/config -e NETFILTER_XT_TARGET_RATEEST 
3 15-08-20 15:09:16 [141/662/662] [linux-x86-64-generic] Running command:
scripts/config -e NETFILTER_XT_TARGET_TPROXY 
3 15-08-20 15:09:16 [141/662/662] [linux-x86-64-generic] Running command:
scripts/config -e NETFILTER_XT_TARGET_TCPOPTSTRIP 
3 15-08-20 15:09:16 [141/662/662] [linux-x86-64-generic] Running command:
scripts/config -e NETFILTER_XT_TARGET_TEE 
3 15-08-20 15:09:17 [141/662/662] [linux-x86-64-generic] Running command:
scripts/config -e NETFILTER_XT_TARGET_TRACE 
3 15-08-20 15:09:17 [141/662/662] [linux-x86-64-generic] Running command:
scripts/config -e NETFILTER_XT_TARGET_IDLETIMER 
3 15-08-20 15:09:17 [141/662/662] [linux-x86-64-generic] Running command:
scripts/config -e NETFILTER_XT_MATCH_BPF 
3 15-08-20 15:09:17 [141/662/662] [linux-x86-64-generic] Running command:
scripts/config -e NETFILTER_XT_MATCH_CLUSTER 
3 15-08-20 15:09:17 [141/662/662] [linux-x86-64-generic] Running command:
scripts/config -e NETFILTER_XT_MATCH_COMMENT 
3 15-08-20 15:09:17 [141/662/662] [linux-x86-64-generic] Running command:
scripts/config -e NETFILTER_XT_MATCH_CONNBYTES 
3 15-08-20 15:09:17 [141/662/662] [linux-x86-64-generic] Running command:
scripts/config -e NETFILTER_XT_MATCH_CONNLABEL 
3 15-08-20 15:09:17 [141/662/662] [linux-x86-64-generic] Running command:
scripts/config -e NETFILTER_XT_MATCH_CONNLIMIT 
3 15-08-20 15:09:17 [141/662/662] [linux-x86-64-generic] Running command:
scripts/config -e NETFILTER_XT_MATCH_CPU 
3 15-08-20 15:09:17 [141/662/662] [linux-x86-64-generic] Running command:
scripts/config -e NETFILTER_XT_MATCH_DCCP 
3 15-08-20 15:09:18 [141/662/662] [linux-x86-64-generic] Running command:
scripts/config -e NETFILTER_XT_MATCH_DEVGROUP 
3 15-08-20 15:09:18 [141/662/662] [linux-x86-64-generic] Running command:
scripts/config -e NETFILTER_XT_MATCH_DSCP 
3 15-08-20 15:09:18 [141/662/662] [linux-x86-64-generic] Running command:
scripts/config -e NETFILTER_XT_MATCH_ESP 
3 15-08-20 15:09:18 [141/662/662] [linux-x86-64-generic] Running command:
scripts/config -e NETFILTER_XT_MATCH_HASHLIMIT 
3 15-08-20 15:09:18 [141/662/662] [linux-x86-64-generic] Running command:
scripts/config -e NETFILTER_XT_MATCH_HELPER 
3 15-08-20 15:09:18 [141/662/662] [linux-x86-64-generic] Running command:
scripts/config -e NETFILTER_XT_MATCH_IPCOMP 
3 15-08-20 15:09:18 [141/662/662] [linux-x86-64-generic] Running command:
scripts/config -e NETFILTER_XT_MATCH_IPRANGE 
3 15-08-20 15:09:18 [141/662/662] [linux-x86-64-generic] Running command:
scripts/config -e NETFILTER_XT_MATCH_IPVS 
3 15-08-20 15:09:18 [141/662/662] [linux-x86-64-generic] Running command:
scripts/config -e NETFILTER_XT_MATCH_L2TP 
3 15-08-20 15:09:18 [141/662/662] [linux-x86-64-generic] Running command:
scripts/config -e NETFILTER_XT_MATCH_LENGTH 
3 15-08-20 15:09:19 [141/662/662] [linux-x86-64-generic] Running command:
scripts/config -e NETFILTER_XT_MATCH_LIMIT 
3 15-08-20 15:09:19 [141/662/662] [linux-x86-64-generic] Running command:
scripts/config -e NETFILTER_XT_MATCH_MAC 
3 15-08-20 15:09:19 [141/662/662] [linux-x86-64-generic] Running command:
scripts/config -e NETFILTER_XT_MATCH_MULTIPORT 
3 15-08-20 15:09:19 [141/662/662] [linux-x86-64-generic] Running command:
scripts/config -e NETFILTER_XT_MATCH_NFACCT 
3 15-08-20 15:09:19 [141/662/662] [linux-x86-64-generic] Running command:
scripts/config -e NETFILTER_XT_MATCH_OSF 
3 15-08-20 15:09:19 [141/662/662] [linux-x86-64-generic] Running command:
scripts/config -e NETFILTER_XT_MATCH_OWNER 
3 15-08-20 15:09:19 [141/662/662] [linux-x86-64-generic] Running command:
scripts/config -e NETFILTER_XT_MATCH_CGROUP 
3 15-08-20 15:09:19 [141/662/662] [linux-x86-64-generic] Running command:
scripts/config -e NETFILTER_XT_MATCH_PHYSDEV 
3 15-08-20 15:09:19 [141/662/662] [linux-x86-64-generic] Running command:
scripts/config -e NETFILTER_XT_MATCH_PKTTYPE 
3 15-08-20 15:09:20 [141/662/662] [linux-x86-64-generic] Running command:
scripts/config -e NETFILTER_XT_MATCH_QUOTA 
3 15-08-20 15:09:20 [141/662/662] [linux-x86-64-generic] Running command:
scripts/config -e NETFILTER_XT_MATCH_RATEEST 
3 15-08-20 15:09:20 [141/662/662] [linux-x86-64-generic] Running command:
scripts/config -e NETFILTER_XT_MATCH_REALM 
3 15-08-20 15:09:20 [141/662/662] [linux-x86-64-generic] Running command:
scripts/config -e NETFILTER_XT_MATCH_RECENT 
3 15-08-20 15:09:20 [141/662/662] [linux-x86-64-generic] Running command:
scripts/config -e NETFILTER_XT_MATCH_SCTP 
3 15-08-20 15:09:20 [141/662/662] [linux-x86-64-generic] Running command:
scripts/config -e NETFILTER_XT_MATCH_SOCKET 
3 15-08-20 15:09:20 [141/662/662] [linux-x86-64-generic] Running command:
scripts/config -e NETFILTER_XT_MATCH_STATISTIC 
3 15-08-20 15:09:20 [141/662/662] [linux-x86-64-generic] Running command:
scripts/config -e NETFILTER_XT_MATCH_STRING 
3 15-08-20 15:09:20 [141/662/662] [linux-x86-64-generic] Running command:
scripts/config -e NETFILTER_XT_MATCH_TCPMSS 
3 15-08-20 15:09:20 [141/662/662] [linux-x86-64-generic] Running command:
scripts/config -e NETFILTER_XT_MATCH_TIME 
3 15-08-20 15:09:21 [141/662/662] [linux-x86-64-generic] Running command:
scripts/config -e NETFILTER_XT_MATCH_U32 
3 15-08-20 15:09:21 [141/662/662] [linux-x86-64-generic] Running command:
scripts/config -e IP_VS 
3 15-08-20 15:09:21 [141/662/662] [linux-x86-64-generic] Running command:
scripts/config -e BRIDGE_NETFILTER 
3 15-08-20 15:09:21 [141/662/662] [linux-x86-64-generic] Running command:
scripts/config -e CRYPTO_CRC32C 
3 15-08-20 15:09:21 [141/662/662] [linux-x86-64-generic] Running command:
scripts/config -e CONFIGFS_FS 
3 15-08-20 15:09:21 [141/662/662] [linux-x86-64-generic] Running command:
scripts/config -e EXPERT 
3 15-08-20 15:09:21 [141/662/662] [linux-x86-64-generic] Running command:
scripts/config -e TARGET_CORE 
3 15-08-20 15:09:22 [141/662/662] [linux-x86-64-generic] Running command:
scripts/config -e ISCSI_TARGET 
3 15-08-20 15:09:22 [141/662/662] [linux-x86-64-generic] Running command:
scripts/config -e TCM_IBLOCK 
3 15-08-20 15:09:22 [141/662/662] [linux-x86-64-generic] Running command:
scripts/config -e TCM_FILEIO 
3 15-08-20 15:09:22 [141/662/662] [linux-x86-64-generic] Running command:
scripts/config -e TCM_PSCSI 
3 15-08-20 15:09:22 [141/662/662] [linux-x86-64-generic] Running command:
scripts/config -e TCM_USER 
3 15-08-20 15:09:22 [141/662/662] [linux-x86-64-generic] Running command:
scripts/config -e CONFIG_UIO 
3 15-08-20 15:09:22 [141/662/662] [linux-x86-64-generic] Running command:
scripts/config -e LOOPBACK_TARGET 
3 15-08-20 15:09:22 [141/662/662] [linux-x86-64-generic] Running command:
scripts/config -e TCM_FC 
3 15-08-20 15:09:22 [141/662/662] [linux-x86-64-generic] Running command:
scripts/config -e LIBFC 
3 15-08-20 15:09:23 [141/662/662] [linux-x86-64-generic] Running command:
scripts/config -e SCSI_FC_ATTRS 
3 15-08-20 15:09:23 [141/662/662] [linux-x86-64-generic] Running command:
scripts/config -e SCSI_ISCSI_ATTRS 
3 15-08-20 15:09:23 [141/662/662] [linux-x86-64-generic] Running command:
scripts/config -e ISCSI_TCP 
3 15-08-20 15:09:23 [141/662/662] [linux-x86-64-generic] Running command:
scripts/config -e SCSI_LOWLEVEL 
3 15-08-20 15:09:23 [141/662/662] [linux-x86-64-generic] Running command:
scripts/config -e SCSI_VIRTIO 
3 15-08-20 15:09:23 [141/662/662] [linux-x86-64-generic] Running command:
scripts/config -e HYPERVISOR_GUEST 
3 15-08-20 15:09:23 [141/662/662] [linux-x86-64-generic] Running command:
scripts/config -e PARAVIRT 
3 15-08-20 15:09:23 [141/662/662] [linux-x86-64-generic] Running command:
yes '' | make oldconfig 
3 15-08-20 15:09:24 [141/662/662] [linux-x86-64-generic] Running build-commands
3 15-08-20 15:09:24 [141/662/662] [linux-x86-64-generic] Running command:
make $MAKEFLAGS 
3 15-08-20 15:10:53 [141/662/662] [linux-x86-64-generic] Running install-commands
3 15-08-20 15:10:53 [141/662/662] [linux-x86-64-generic] Running command:
mkdir -p "$DESTDIR"/boot 
3 15-08-20 15:10:53 [141/662/662] [linux-x86-64-generic] Running command:
make INSTALL_PATH="$DESTDIR"/boot install 
3 15-08-20 15:10:55 [141/662/662] [linux-x86-64-generic] Running command:
make INSTALL_MOD_PATH="$DESTDIR" modules_install 
3 15-08-20 15:10:56 [141/662/662] [linux-x86-64-generic] Running command:
install -d "$DESTDIR$PREFIX/src/linux" 
3 15-08-20 15:10:56 [141/662/662] [linux-x86-64-generic] Running command:
(
    printf 'Makefile\0'
    printf 'Module.symvers\0'
    find arch/x86 -maxdepth 1 -name 'Makefile*' -print0
    find arch/x86 \( -name 'module.lds' -o -name 'Kbuild.platforms' -o -name 'Platform' \) -print0
    find arch/x86 \( -type d -a \( -name include -o -name scripts \) \) -o \
                             \! -type d -a \( -path '*include/*' -o -path '*scripts/*' \) -print0
    find include -name 'asm*' -prune -o -print0
    find include/asm-generic -print0
    find include/uapi -print0
    find scripts -print0
) | cpio -0pumd "$DESTDIR$PREFIX/src/linux"
 
3 15-08-20 15:10:56 [141/662/662] [linux-x86-64-generic] Elapsed time for build 00:02:15
3 15-08-20 15:10:56 [141/662/662] [linux-x86-64-generic] Starting artifact creation 
3 15-08-20 15:10:56 [141/662/662] [linux-x86-64-generic] splitting chunk 
3 15-08-20 15:11:02 [141/662/662] [linux-x86-64-generic] Now cached 16119787 bytes as linux-x86-64-generic.d634f2b285385ca1d2692e0ef3102503907e3334d9d5aecbdd85b332ed8405c6
3 15-08-20 15:11:02 [141/662/662] [linux-x86-64-generic] Elapsed time for artifact creation 00:00:05
3 15-08-20 15:11:04 [141/662/662] [linux-x86-64-generic] Cleaned up /src/tmp/tmp4dcW8k
3 15-08-20 15:11:04 [141/662/662] [linux-x86-64-generic] Elapsed time for assembly 00:02:23
3 15-08-20 15:11:04 [141/662/662] [bsp-x86_64-generic] Installing linux-x86-64-generic.d634f2b285385ca1d2692e0ef3102503907e3334d9d5aecbdd85b332ed8405c6 
3 15-08-20 15:11:04 [141/662/662] [linux-x86-64-generic] loaded metadata for strata/bsp-x86_64-generic/linux-x86-64-generic.morph
3 15-08-20 15:11:05 [141/662/662] [syslinux] Starting assembly 
3 15-08-20 15:11:05 [141/662/662] [strata-docutils.morph] loaded metadata for strata-docutils.morph
3 15-08-20 15:11:05 [141/662/662] [syslinux] Installing strata-docutils.morph.3eb8760f5f86f24bf707d0bd86f03f5cfd60d36ffa2bd79969d760269459cf32 
3 15-08-20 15:11:06 [141/662/662] [nasm] loaded metadata for nasm
3 15-08-20 15:11:06 [141/662/662] [syslinux] Installing nasm.74bcbede016473bc87abc9bbabacf60343f4f2dcde28661d9052e47294f59c6c 
3 15-08-20 15:11:06 [142/662/662] [syslinux] Starting build 
3 15-08-20 15:11:06 [142/662/662] [syslinux] Git checkout upstream:syslinux in /src/tmp/tmpLcrmgy/syslinux.build 
3 15-08-20 15:11:06 [142/662/662] [syslinux] Upstream version 2aab8555 syslinux-4.06-6-g2aab855 (syslinux-4.06 + 6 commits) 
3 15-08-20 15:11:06 [142/662/662] [syslinux] Defined build system is manual
3 15-08-20 15:11:06 [142/662/662] [syslinux] Logging build commands to /src/artifacts/syslinux.edef431b418d9efa1457bc8946a3a227ff5a9005d2492b64308575da5be5b238.build-log.3 
3 15-08-20 15:11:06 [142/662/662] [syslinux] Running build-commands
3 15-08-20 15:11:06 [142/662/662] [syslinux] Running command:
make clean 


3 15-08-20 15:11:11 [142/662/662] [syslinux] Running command:
make NO_WERROR=1 




3 15-08-20 15:11:57 [142/662/662] [syslinux] Running command:
make NO_WERROR=1 installer 


3 15-08-20 15:11:57 [142/662/662] [syslinux] Running install-commands
3 15-08-20 15:11:57 [142/662/662] [syslinux] Running command:
make INSTALLROOT="$DESTDIR" install 
3 15-08-20 15:12:00 [142/662/662] [syslinux] Elapsed time for build 00:00:54
3 15-08-20 15:12:00 [142/662/662] [syslinux] Starting artifact creation 
3 15-08-20 15:12:00 [142/662/662] [syslinux] splitting chunk 
3 15-08-20 15:12:02 [142/662/662] [syslinux] Now cached 2057305 bytes as syslinux.edef431b418d9efa1457bc8946a3a227ff5a9005d2492b64308575da5be5b238
3 15-08-20 15:12:02 [142/662/662] [syslinux] Elapsed time for artifact creation 00:00:01
3 15-08-20 15:12:02 [142/662/662] [syslinux] Cleaned up /src/tmp/tmpLcrmgy
3 15-08-20 15:12:02 [142/662/662] [syslinux] Elapsed time for assembly 00:00:57
3 15-08-20 15:12:02 [142/662/662] [bsp-x86_64-generic] Installing syslinux.edef431b418d9efa1457bc8946a3a227ff5a9005d2492b64308575da5be5b238 
3 15-08-20 15:12:02 [142/662/662] [syslinux] loaded metadata for strata/bsp-x86_64-generic/syslinux.morph
3 15-08-20 15:12:02 [143/662/662] [bsp-x86_64-generic] Starting build 
3 15-08-20 15:12:02 [143/662/662] [bsp-x86_64-generic] Defined build system is manual
3 15-08-20 15:12:02 [143/662/662] [bsp-x86_64-generic] Logging build commands to /src/artifacts/bsp-x86_64-generic.59bbf783d441d4d3c2f181f23fc29ea2fa6226012844f665d038665bd91b1f23.build-log.3 
3 15-08-20 15:12:02 [143/662/662] [bsp-x86_64-generic] Elapsed time for build 00:00:00
3 15-08-20 15:12:02 [143/662/662] [bsp-x86_64-generic] Starting artifact creation 
3 15-08-20 15:12:02 [143/662/662] [bsp-x86_64-generic] splitting stratum 
3 15-08-20 15:12:02 [143/662/662] [bsp-x86_64-generic] Now cached 275 bytes as bsp-x86_64-generic.59bbf783d441d4d3c2f181f23fc29ea2fa6226012844f665d038665bd91b1f23
3 15-08-20 15:12:02 [143/662/662] [bsp-x86_64-generic] Elapsed time for artifact creation 00:00:00
3 15-08-20 15:12:03 [143/662/662] [bsp-x86_64-generic] Cleaned up /src/tmp/tmpAeFdlU
3 15-08-20 15:12:03 [143/662/662] [bsp-x86_64-generic] Elapsed time for assembly 00:03:49
3 15-08-20 15:12:03 [143/662/662] [devel-system-x86_64-generic] Installing bsp-x86_64-generic.59bbf783d441d4d3c2f181f23fc29ea2fa6226012844f665d038665bd91b1f23 
3 15-08-20 15:12:03 [143/662/662] [bsp-x86_64-generic] loaded metadata for strata/bsp-x86_64-generic.morph
3 15-08-20 15:12:03 [143/662/662] [nfs] Starting assembly 
3 15-08-20 15:12:03 [143/662/662] [rpcbind] Starting assembly 
3 15-08-20 15:12:03 [143/662/662] [foundation] loaded metadata for foundation
3 15-08-20 15:12:03 [143/662/662] [rpcbind] Installing foundation.5666f4ec3a65337a6140ea4cf9af8375143ffed67bee31ebd543d01893dd7007 
3 15-08-20 15:12:03 [143/662/662] [ti-rpc] Starting assembly 
3 15-08-20 15:12:03 [143/662/662] [foundation] loaded metadata for foundation
3 15-08-20 15:12:03 [143/662/662] [ti-rpc] Installing foundation.5666f4ec3a65337a6140ea4cf9af8375143ffed67bee31ebd543d01893dd7007 
3 15-08-20 15:12:04 [144/662/662] [ti-rpc] Starting build 
3 15-08-20 15:12:04 [144/662/662] [ti-rpc] Git checkout upstream:ti-rpc in /src/tmp/tmpgSfypb/ti-rpc.build 
3 15-08-20 15:12:04 [144/662/662] [ti-rpc] Upstream version c5a7a190 libtirpc-0-2-3-rc4-5-gc5a7a19 (libtirpc-0-2-3-rc4 + 5 commits) 
3 15-08-20 15:12:04 [144/662/662] [ti-rpc] Defined build system is autotools
3 15-08-20 15:12:04 [144/662/662] [ti-rpc] Logging build commands to /src/artifacts/ti-rpc.2e60756ed60477b4029b01b85a684370b40f3ce0ef7e99563455806739e33fcb.build-log.3 
3 15-08-20 15:12:04 [144/662/662] [ti-rpc] Running configure-commands
3 15-08-20 15:12:04 [144/662/662] [ti-rpc] Running command:
NOCONFIGURE=1 ./autogen.sh 
3 15-08-20 15:12:07 [144/662/662] [ti-rpc] Running command:
./configure --prefix="$PREFIX" --sysconfdir=/etc 
3 15-08-20 15:12:10 [144/662/662] [ti-rpc] Running build-commands
3 15-08-20 15:12:10 [144/662/662] [ti-rpc] Running command:
make 
3 15-08-20 15:12:12 [144/662/662] [ti-rpc] Running install-commands
3 15-08-20 15:12:12 [144/662/662] [ti-rpc] Running command:
make DESTDIR="$DESTDIR" install 
3 15-08-20 15:12:12 [144/662/662] [ti-rpc] Running strip-commands
3 15-08-20 15:12:12 [144/662/662] [ti-rpc] Running command:
find "$DESTDIR" -type f \
  '(' -perm -111 -o -name '*.so*' -o -name '*.cmxs' -o -name '*.node' ')' \
  -exec sh -ec \
  'read -n4 hdr <"$1"   # check for elf header
  if [ "$hdr" != "$(printf \x7ELF)" ]; then
    exit 0
  fi
  debugfile="$DESTDIR$PREFIX/lib/debug/$(basename "$1")"
  mkdir -p "$(dirname "$debugfile")"
  objcopy --only-keep-debug "$1" "$debugfile"
  chmod 644 "$debugfile"
  strip --remove-section=.comment --remove-section=.note --strip-unneeded "$1"
  objcopy --add-gnu-debuglink "$debugfile" "$1"' - {} ';'
 
3 15-08-20 15:12:12 [144/662/662] [ti-rpc] Elapsed time for build 00:00:08
3 15-08-20 15:12:12 [144/662/662] [ti-rpc] Starting artifact creation 
3 15-08-20 15:12:12 [144/662/662] [ti-rpc] splitting chunk 
3 15-08-20 15:12:13 [144/662/662] [ti-rpc] Now cached 734700 bytes as ti-rpc.2e60756ed60477b4029b01b85a684370b40f3ce0ef7e99563455806739e33fcb
3 15-08-20 15:12:13 [144/662/662] [ti-rpc] Elapsed time for artifact creation 00:00:01
3 15-08-20 15:12:14 [144/662/662] [ti-rpc] Cleaned up /src/tmp/tmpgSfypb
3 15-08-20 15:12:14 [144/662/662] [ti-rpc] Elapsed time for assembly 00:00:10
3 15-08-20 15:12:14 [144/662/662] [rpcbind] Installing ti-rpc.2e60756ed60477b4029b01b85a684370b40f3ce0ef7e99563455806739e33fcb 
3 15-08-20 15:12:14 [144/662/662] [ti-rpc] loaded metadata for strata/nfs/ti-rpc.morph
3 15-08-20 15:12:14 [145/662/662] [rpcbind] Starting build 
3 15-08-20 15:12:14 [145/662/662] [rpcbind] Git checkout upstream:rpcbind in /src/tmp/tmpy5ODZO/rpcbind.build 
3 15-08-20 15:12:14 [145/662/662] [rpcbind] Upstream version aa3ac0d8 rpcbind-0_2_1-rc4-3-gaa3ac0d (rpcbind-0_2_1-rc4 + 3 commits) 
3 15-08-20 15:12:14 [145/662/662] [rpcbind] Defined build system is autotools
3 15-08-20 15:12:14 [145/662/662] [rpcbind] Logging build commands to /src/artifacts/rpcbind.a771f750a1fd0254118ae7d7c6f8021f2ec0fd17d7245895ff0c1add55424ab9.build-log.3 
3 15-08-20 15:12:14 [145/662/662] [rpcbind] Running configure-commands
3 15-08-20 15:12:14 [145/662/662] [rpcbind] Running command:
NOCONFIGURE=1 ./autogen.sh 
3 15-08-20 15:12:15 [145/662/662] [rpcbind] Running command:
./configure --prefix="$PREFIX" --with-rpcuser=nobody --enable-warmstarts 
3 15-08-20 15:12:16 [145/662/662] [rpcbind] Running build-commands
3 15-08-20 15:12:16 [145/662/662] [rpcbind] Running command:
make 
3 15-08-20 15:12:16 [145/662/662] [rpcbind] Running install-commands
3 15-08-20 15:12:16 [145/662/662] [rpcbind] Running command:
make DESTDIR="$DESTDIR" install 
3 15-08-20 15:12:17 [145/662/662] [rpcbind] Running command:
mkdir -p "$DESTDIR"/lib/systemd/system 
3 15-08-20 15:12:17 [145/662/662] [rpcbind] Running command:
install -m644 rpcbind.service "$DESTDIR"/lib/systemd/system 
3 15-08-20 15:12:17 [145/662/662] [rpcbind] Running command:
install -m644 rpcbind.socket "$DESTDIR"/lib/systemd/system 
3 15-08-20 15:12:17 [145/662/662] [rpcbind] Running strip-commands
3 15-08-20 15:12:17 [145/662/662] [rpcbind] Running command:
find "$DESTDIR" -type f \
  '(' -perm -111 -o -name '*.so*' -o -name '*.cmxs' -o -name '*.node' ')' \
  -exec sh -ec \
  'read -n4 hdr <"$1"   # check for elf header
  if [ "$hdr" != "$(printf \x7ELF)" ]; then
    exit 0
  fi
  debugfile="$DESTDIR$PREFIX/lib/debug/$(basename "$1")"
  mkdir -p "$(dirname "$debugfile")"
  objcopy --only-keep-debug "$1" "$debugfile"
  chmod 644 "$debugfile"
  strip --remove-section=.comment --remove-section=.note --strip-unneeded "$1"
  objcopy --add-gnu-debuglink "$debugfile" "$1"' - {} ';'
 
3 15-08-20 15:12:17 [145/662/662] [rpcbind] Elapsed time for build 00:00:03
3 15-08-20 15:12:17 [145/662/662] [rpcbind] Starting artifact creation 
3 15-08-20 15:12:17 [145/662/662] [rpcbind] splitting chunk 
3 15-08-20 15:12:17 [145/662/662] [rpcbind] Now cached 111685 bytes as rpcbind.a771f750a1fd0254118ae7d7c6f8021f2ec0fd17d7245895ff0c1add55424ab9
3 15-08-20 15:12:17 [145/662/662] [rpcbind] Elapsed time for artifact creation 00:00:00
3 15-08-20 15:12:17 [145/662/662] [rpcbind] Cleaned up /src/tmp/tmpy5ODZO
3 15-08-20 15:12:17 [145/662/662] [rpcbind] Elapsed time for assembly 00:00:14
3 15-08-20 15:12:17 [145/662/662] [nfs] Installing rpcbind.a771f750a1fd0254118ae7d7c6f8021f2ec0fd17d7245895ff0c1add55424ab9 
3 15-08-20 15:12:17 [145/662/662] [rpcbind] loaded metadata for strata/nfs/rpcbind.morph
3 15-08-20 15:12:18 [145/662/662] [ti-rpc] loaded metadata for ti-rpc
3 15-08-20 15:12:18 [145/662/662] [nfs-utils] Starting assembly 
3 15-08-20 15:12:18 [145/662/662] [foundation] loaded metadata for foundation
3 15-08-20 15:12:18 [145/662/662] [nfs-utils] Installing foundation.5666f4ec3a65337a6140ea4cf9af8375143ffed67bee31ebd543d01893dd7007 
3 15-08-20 15:12:19 [145/662/662] [ti-rpc] loaded metadata for ti-rpc
3 15-08-20 15:12:19 [145/662/662] [nfs-utils] Installing ti-rpc.2e60756ed60477b4029b01b85a684370b40f3ce0ef7e99563455806739e33fcb 
3 15-08-20 15:12:19 [145/662/662] [libevent] Starting assembly 
3 15-08-20 15:12:19 [145/662/662] [foundation] loaded metadata for foundation
3 15-08-20 15:12:19 [145/662/662] [libevent] Installing foundation.5666f4ec3a65337a6140ea4cf9af8375143ffed67bee31ebd543d01893dd7007 
3 15-08-20 15:12:19 [146/662/662] [libevent] Starting build 
3 15-08-20 15:12:19 [146/662/662] [libevent] Git checkout upstream:libevent in /src/tmp/tmpk2qD6S/libevent.build 
3 15-08-20 15:12:19 [146/662/662] [libevent] Upstream version 0b49ae34 release-2.1.5-beta (release-2.1.5-beta + 0 commits) 
3 15-08-20 15:12:19 [146/662/662] [libevent] Autodetected build system is autotools
3 15-08-20 15:12:19 [146/662/662] [libevent] Logging build commands to /src/artifacts/libevent.dd420f974e1dcb0fa828a912dffe51170f8c6c9c7403f8214c61ed24184fcf23.build-log.3 
3 15-08-20 15:12:19 [146/662/662] [libevent] Running configure-commands
3 15-08-20 15:12:19 [146/662/662] [libevent] Running command:
export NOCONFIGURE=1
if [ -e autogen ]; then ./autogen
elif [ -e autogen.sh ]; then ./autogen.sh
elif [ ! -e ./configure ]; then autoreconf -ivf
fi
./configure --prefix="$PREFIX"
 
3 15-08-20 15:12:34 [146/662/662] [libevent] Running build-commands
3 15-08-20 15:12:34 [146/662/662] [libevent] Running command:
make 
3 15-08-20 15:12:38 [146/662/662] [libevent] Running install-commands
3 15-08-20 15:12:38 [146/662/662] [libevent] Running command:
make DESTDIR="$DESTDIR" install 
3 15-08-20 15:12:39 [146/662/662] [libevent] Running strip-commands
3 15-08-20 15:12:39 [146/662/662] [libevent] Running command:
find "$DESTDIR" -type f \
  '(' -perm -111 -o -name '*.so*' -o -name '*.cmxs' -o -name '*.node' ')' \
  -exec sh -ec \
  'read -n4 hdr <"$1"   # check for elf header
  if [ "$hdr" != "$(printf \x7ELF)" ]; then
    exit 0
  fi
  debugfile="$DESTDIR$PREFIX/lib/debug/$(basename "$1")"
  mkdir -p "$(dirname "$debugfile")"
  objcopy --only-keep-debug "$1" "$debugfile"
  chmod 644 "$debugfile"
  strip --remove-section=.comment --remove-section=.note --strip-unneeded "$1"
  objcopy --add-gnu-debuglink "$debugfile" "$1"' - {} ';'
 
3 15-08-20 15:12:39 [146/662/662] [libevent] Elapsed time for build 00:00:19
3 15-08-20 15:12:39 [146/662/662] [libevent] Starting artifact creation 
3 15-08-20 15:12:39 [146/662/662] [libevent] splitting chunk 
3 15-08-20 15:12:43 [146/662/662] [libevent] Now cached 2376023 bytes as libevent.dd420f974e1dcb0fa828a912dffe51170f8c6c9c7403f8214c61ed24184fcf23
3 15-08-20 15:12:43 [146/662/662] [libevent] Elapsed time for artifact creation 00:00:04
3 15-08-20 15:12:43 [146/662/662] [libevent] Cleaned up /src/tmp/tmpk2qD6S
3 15-08-20 15:12:43 [146/662/662] [libevent] Elapsed time for assembly 00:00:24
3 15-08-20 15:12:43 [146/662/662] [nfs-utils] Installing libevent.dd420f974e1dcb0fa828a912dffe51170f8c6c9c7403f8214c61ed24184fcf23 
3 15-08-20 15:12:43 [146/662/662] [libevent] loaded metadata for libevent
3 15-08-20 15:12:43 [147/662/662] [nfs-utils] Starting build 
3 15-08-20 15:12:43 [147/662/662] [nfs-utils] Git checkout upstream:nfs-utils in /src/tmp/tmpS5TIJt/nfs-utils.build 
3 15-08-20 15:12:43 [147/662/662] [nfs-utils] Upstream version 0da9f20a nfs-utils-1-2-7-10-g0da9f20 (nfs-utils-1-2-7 + 10 commits) 
3 15-08-20 15:12:43 [147/662/662] [nfs-utils] Defined build system is autotools
3 15-08-20 15:12:43 [147/662/662] [nfs-utils] Logging build commands to /src/artifacts/nfs-utils.7836cb819aad96cc1496f4a71d0581c543b76d570e8204f1977189073c211af7.build-log.3 
3 15-08-20 15:12:43 [147/662/662] [nfs-utils] Running configure-commands
3 15-08-20 15:12:43 [147/662/662] [nfs-utils] Running command:
NOCONFIGURE=1 ./autogen.sh 
3 15-08-20 15:12:48 [147/662/662] [nfs-utils] Running command:
./configure --prefix="$PREFIX" --disable-nfsv4 --disable-nfsv41 --disable-gss --with-rpcgen=internal --without-tcp-wrappers 
3 15-08-20 15:12:56 [147/662/662] [nfs-utils] Running build-commands
3 15-08-20 15:12:56 [147/662/662] [nfs-utils] Running command:
make 
3 15-08-20 15:13:00 [147/662/662] [nfs-utils] Running install-commands
3 15-08-20 15:13:00 [147/662/662] [nfs-utils] Running command:
make DESTDIR="$DESTDIR" install 
3 15-08-20 15:13:01 [147/662/662] [nfs-utils] Running command:
mkdir -p "$DESTDIR"/lib/systemd/system 
3 15-08-20 15:13:01 [147/662/662] [nfs-utils] Running command:
install -m644 proc-fs-nfsd.mount "$DESTDIR"/lib/systemd/system 
3 15-08-20 15:13:01 [147/662/662] [nfs-utils] Running command:
install -m644 nfs-mountd.service "$DESTDIR"/lib/systemd/system 
3 15-08-20 15:13:01 [147/662/662] [nfs-utils] Running command:
install -m644 nfs-server.service "$DESTDIR"/lib/systemd/system 
3 15-08-20 15:13:01 [147/662/662] [nfs-utils] Running strip-commands
3 15-08-20 15:13:01 [147/662/662] [nfs-utils] Running command:
find "$DESTDIR" -type f \
  '(' -perm -111 -o -name '*.so*' -o -name '*.cmxs' -o -name '*.node' ')' \
  -exec sh -ec \
  'read -n4 hdr <"$1"   # check for elf header
  if [ "$hdr" != "$(printf \x7ELF)" ]; then
    exit 0
  fi
  debugfile="$DESTDIR$PREFIX/lib/debug/$(basename "$1")"
  mkdir -p "$(dirname "$debugfile")"
  objcopy --only-keep-debug "$1" "$debugfile"
  chmod 644 "$debugfile"
  strip --remove-section=.comment --remove-section=.note --strip-unneeded "$1"
  objcopy --add-gnu-debuglink "$debugfile" "$1"' - {} ';'
 
3 15-08-20 15:13:01 [147/662/662] [nfs-utils] Elapsed time for build 00:00:18
3 15-08-20 15:13:01 [147/662/662] [nfs-utils] Starting artifact creation 
3 15-08-20 15:13:01 [147/662/662] [nfs-utils] splitting chunk 
3 15-08-20 15:13:02 [147/662/662] [nfs-utils] Now cached 779660 bytes as nfs-utils.7836cb819aad96cc1496f4a71d0581c543b76d570e8204f1977189073c211af7
3 15-08-20 15:13:02 [147/662/662] [nfs-utils] Elapsed time for artifact creation 00:00:00
3 15-08-20 15:13:03 [147/662/662] [nfs-utils] Cleaned up /src/tmp/tmpS5TIJt
3 15-08-20 15:13:03 [147/662/662] [nfs-utils] Elapsed time for assembly 00:00:44
3 15-08-20 15:13:03 [147/662/662] [nfs] Installing nfs-utils.7836cb819aad96cc1496f4a71d0581c543b76d570e8204f1977189073c211af7 
3 15-08-20 15:13:03 [147/662/662] [nfs-utils] loaded metadata for strata/nfs/nfs-utils.morph
3 15-08-20 15:13:03 [147/662/662] [libevent] loaded metadata for libevent
3 15-08-20 15:13:03 [148/662/662] [nfs] Starting build 
3 15-08-20 15:13:03 [148/662/662] [nfs] Defined build system is manual
3 15-08-20 15:13:03 [148/662/662] [nfs] Logging build commands to /src/artifacts/nfs.d92d0a3062e136bb81071a2b1171686c0312f3c597596e348f1da481a9594ea8.build-log.3 
3 15-08-20 15:13:03 [148/662/662] [nfs] Elapsed time for build 00:00:00
3 15-08-20 15:13:03 [148/662/662] [nfs] Starting artifact creation 
3 15-08-20 15:13:03 [148/662/662] [nfs] splitting stratum 
3 15-08-20 15:13:03 [148/662/662] [nfs] Now cached 311 bytes as nfs.d92d0a3062e136bb81071a2b1171686c0312f3c597596e348f1da481a9594ea8
3 15-08-20 15:13:03 [148/662/662] [nfs] Elapsed time for artifact creation 00:00:00
3 15-08-20 15:13:03 [148/662/662] [nfs] Cleaned up /src/tmp/tmpqZU9Bx
3 15-08-20 15:13:03 [148/662/662] [nfs] Elapsed time for assembly 00:01:00
3 15-08-20 15:13:03 [148/662/662] [devel-system-x86_64-generic] Installing nfs.d92d0a3062e136bb81071a2b1171686c0312f3c597596e348f1da481a9594ea8 
3 15-08-20 15:13:03 [148/662/662] [nfs] loaded metadata for strata/nfs.morph
3 15-08-20 15:13:03 [148/662/662] [lorry] Starting assembly 
3 15-08-20 15:13:03 [148/662/662] [neon] Starting assembly 
3 15-08-20 15:13:03 [148/662/662] [foundation] loaded metadata for foundation
3 15-08-20 15:13:03 [148/662/662] [neon] Installing foundation.5666f4ec3a65337a6140ea4cf9af8375143ffed67bee31ebd543d01893dd7007 
3 15-08-20 15:13:04 [148/662/662] [python-cliapp] Starting assembly 
3 15-08-20 15:13:04 [148/662/662] [python-coveragepy] Starting assembly 
3 15-08-20 15:13:04 [148/662/662] [python-core] loaded metadata for python-core
3 15-08-20 15:13:04 [148/662/662] [python-coveragepy] Installing python-core.261eee184c937af51171a7c719d79a2edd0ec39c0b6469ff39385909fc9dfcd2 
3 15-08-20 15:13:04 [149/662/662] [python-coveragepy] Starting build 
3 15-08-20 15:13:05 [149/662/662] [python-coveragepy] Git checkout upstream:python-coveragepy in /src/tmp/tmpAHJoeQ/python-coveragepy.build 
3 15-08-20 15:13:05 [149/662/662] [python-coveragepy] Upstream version 77d2e3bf coverage-3.5.1-10-g77d2e3b (coverage-3.5.1 + 10 commits) 
3 15-08-20 15:13:05 [149/662/662] [python-coveragepy] Defined build system is manual
3 15-08-20 15:13:05 [149/662/662] [python-coveragepy] Logging build commands to /src/artifacts/python-coveragepy.10106ed47f66fb7d0f40e20c707ff0619c3dab9c9a05a77981065c9c211dfcc7.build-log.3 
3 15-08-20 15:13:05 [149/662/662] [python-coveragepy] Running build-commands
3 15-08-20 15:13:05 [149/662/662] [python-coveragepy] Running command:
python setup.py build 
3 15-08-20 15:13:05 [149/662/662] [python-coveragepy] Running install-commands
3 15-08-20 15:13:05 [149/662/662] [python-coveragepy] Running command:
python setup.py install --prefix=/usr --root "$DESTDIR" 
3 15-08-20 15:13:05 [149/662/662] [python-coveragepy] Elapsed time for build 00:00:01
3 15-08-20 15:13:05 [149/662/662] [python-coveragepy] Starting artifact creation 
3 15-08-20 15:13:05 [149/662/662] [python-coveragepy] splitting chunk 
3 15-08-20 15:13:06 [149/662/662] [python-coveragepy] Now cached 150974 bytes as python-coveragepy.10106ed47f66fb7d0f40e20c707ff0619c3dab9c9a05a77981065c9c211dfcc7
3 15-08-20 15:13:06 [149/662/662] [python-coveragepy] Elapsed time for artifact creation 00:00:00
3 15-08-20 15:13:06 [149/662/662] [python-coveragepy] Cleaned up /src/tmp/tmpAHJoeQ
3 15-08-20 15:13:06 [149/662/662] [python-coveragepy] Elapsed time for assembly 00:00:02
3 15-08-20 15:13:06 [149/662/662] [python-cliapp] Installing python-coveragepy.10106ed47f66fb7d0f40e20c707ff0619c3dab9c9a05a77981065c9c211dfcc7 
3 15-08-20 15:13:06 [149/662/662] [python-coveragepy] loaded metadata for strata/python-cliapp/python-coveragepy.morph
3 15-08-20 15:13:07 [149/662/662] [python-coverage-test-runner] Starting assembly 
3 15-08-20 15:13:07 [149/662/662] [python-coveragepy] loaded metadata for python-coveragepy
3 15-08-20 15:13:07 [149/662/662] [python-coverage-test-runner] Installing python-coveragepy.10106ed47f66fb7d0f40e20c707ff0619c3dab9c9a05a77981065c9c211dfcc7 
3 15-08-20 15:13:07 [149/662/662] [python-core] loaded metadata for python-core
3 15-08-20 15:13:07 [150/662/662] [python-coverage-test-runner] Starting build 
3 15-08-20 15:13:07 [150/662/662] [python-coverage-test-runner] Git checkout upstream:python-coverage-test-runner in /src/tmp/tmpCOUMQG/python-coverage-test-runner.build 
3 15-08-20 15:13:07 [150/662/662] [python-coverage-test-runner] Upstream version 8ea9421a CoverageTestRunner-1.10-3-g8ea9421 (CoverageTestRunner-1.10 + 3 commits) 
3 15-08-20 15:13:07 [150/662/662] [python-coverage-test-runner] Autodetected build system is python-distutils
3 15-08-20 15:13:07 [150/662/662] [python-coverage-test-runner] Logging build commands to /src/artifacts/python-coverage-test-runner.9d410e2965ed9bb1b79ebab75730c6e365af3f3f6a05bb491e18390f43d287ae.build-log.3 
3 15-08-20 15:13:07 [150/662/662] [python-coverage-test-runner] Running build-commands
3 15-08-20 15:13:07 [150/662/662] [python-coverage-test-runner] Running command:
python setup.py build 
3 15-08-20 15:13:08 [150/662/662] [python-coverage-test-runner] Running install-commands
3 15-08-20 15:13:08 [150/662/662] [python-coverage-test-runner] Running command:
python setup.py install --prefix "$PREFIX" --root "$DESTDIR" 
3 15-08-20 15:13:08 [150/662/662] [python-coverage-test-runner] Running strip-commands
3 15-08-20 15:13:08 [150/662/662] [python-coverage-test-runner] Running command:
find "$DESTDIR" -type f \
  '(' -perm -111 -o -name '*.so*' -o -name '*.cmxs' -o -name '*.node' ')' \
  -exec sh -ec \
  'read -n4 hdr <"$1"   # check for elf header
  if [ "$hdr" != "$(printf \x7ELF)" ]; then
    exit 0
  fi
  debugfile="$DESTDIR$PREFIX/lib/debug/$(basename "$1")"
  mkdir -p "$(dirname "$debugfile")"
  objcopy --only-keep-debug "$1" "$debugfile"
  chmod 644 "$debugfile"
  strip --remove-section=.comment --remove-section=.note --strip-unneeded "$1"
  objcopy --add-gnu-debuglink "$debugfile" "$1"' - {} ';'
 
3 15-08-20 15:13:08 [150/662/662] [python-coverage-test-runner] Elapsed time for build 00:00:00
3 15-08-20 15:13:08 [150/662/662] [python-coverage-test-runner] Starting artifact creation 
3 15-08-20 15:13:08 [150/662/662] [python-coverage-test-runner] splitting chunk 
3 15-08-20 15:13:08 [150/662/662] [python-coverage-test-runner] Now cached 8128 bytes as python-coverage-test-runner.9d410e2965ed9bb1b79ebab75730c6e365af3f3f6a05bb491e18390f43d287ae
3 15-08-20 15:13:08 [150/662/662] [python-coverage-test-runner] Elapsed time for artifact creation 00:00:00
3 15-08-20 15:13:08 [150/662/662] [python-coverage-test-runner] Cleaned up /src/tmp/tmpCOUMQG
3 15-08-20 15:13:08 [150/662/662] [python-coverage-test-runner] Elapsed time for assembly 00:00:01
3 15-08-20 15:13:08 [150/662/662] [python-cliapp] Installing python-coverage-test-runner.9d410e2965ed9bb1b79ebab75730c6e365af3f3f6a05bb491e18390f43d287ae 
3 15-08-20 15:13:08 [150/662/662] [python-coverage-test-runner] loaded metadata for python-coverage-test-runner
3 15-08-20 15:13:08 [150/662/662] [cliapp] Starting assembly 
3 15-08-20 15:13:08 [150/662/662] [python-core] loaded metadata for python-core
3 15-08-20 15:13:08 [150/662/662] [cliapp] Installing python-core.261eee184c937af51171a7c719d79a2edd0ec39c0b6469ff39385909fc9dfcd2 
3 15-08-20 15:13:09 [150/662/662] [python-coverage-test-runner] loaded metadata for python-coverage-test-runner
3 15-08-20 15:13:09 [150/662/662] [cliapp] Installing python-coverage-test-runner.9d410e2965ed9bb1b79ebab75730c6e365af3f3f6a05bb491e18390f43d287ae 
3 15-08-20 15:13:09 [151/662/662] [cliapp] Starting build 
3 15-08-20 15:13:09 [151/662/662] [cliapp] Git checkout upstream:cliapp in /src/tmp/tmpq0JHjX/cliapp.build 
3 15-08-20 15:13:09 [151/662/662] [cliapp] Upstream version cec20ced cliapp-1.20130808-18-gcec20ce (cliapp-1.20130808 + 18 commits) 
3 15-08-20 15:13:09 [151/662/662] [cliapp] Autodetected build system is python-distutils
3 15-08-20 15:13:09 [151/662/662] [cliapp] Logging build commands to /src/artifacts/cliapp.75db58b3fd90c18a14ac12aa3a5a138b96c4962ab452c20f329b5df9ed528d43.build-log.3 
3 15-08-20 15:13:09 [151/662/662] [cliapp] Running build-commands
3 15-08-20 15:13:09 [151/662/662] [cliapp] Running command:
python setup.py build 
3 15-08-20 15:13:09 [151/662/662] [cliapp] Running install-commands
3 15-08-20 15:13:09 [151/662/662] [cliapp] Running command:
python setup.py install --prefix "$PREFIX" --root "$DESTDIR" 
3 15-08-20 15:13:09 [151/662/662] [cliapp] Running strip-commands
3 15-08-20 15:13:09 [151/662/662] [cliapp] Running command:
find "$DESTDIR" -type f \
  '(' -perm -111 -o -name '*.so*' -o -name '*.cmxs' -o -name '*.node' ')' \
  -exec sh -ec \
  'read -n4 hdr <"$1"   # check for elf header
  if [ "$hdr" != "$(printf \x7ELF)" ]; then
    exit 0
  fi
  debugfile="$DESTDIR$PREFIX/lib/debug/$(basename "$1")"
  mkdir -p "$(dirname "$debugfile")"
  objcopy --only-keep-debug "$1" "$debugfile"
  chmod 644 "$debugfile"
  strip --remove-section=.comment --remove-section=.note --strip-unneeded "$1"
  objcopy --add-gnu-debuglink "$debugfile" "$1"' - {} ';'
 
3 15-08-20 15:13:09 [151/662/662] [cliapp] Elapsed time for build 00:00:00
3 15-08-20 15:13:09 [151/662/662] [cliapp] Starting artifact creation 
3 15-08-20 15:13:09 [151/662/662] [cliapp] splitting chunk 
3 15-08-20 15:13:09 [151/662/662] [cliapp] Now cached 68909 bytes as cliapp.75db58b3fd90c18a14ac12aa3a5a138b96c4962ab452c20f329b5df9ed528d43
3 15-08-20 15:13:09 [151/662/662] [cliapp] Elapsed time for artifact creation 00:00:00
3 15-08-20 15:13:10 [151/662/662] [cliapp] Cleaned up /src/tmp/tmpq0JHjX
3 15-08-20 15:13:10 [151/662/662] [cliapp] Elapsed time for assembly 00:00:01
3 15-08-20 15:13:10 [151/662/662] [python-cliapp] Installing cliapp.75db58b3fd90c18a14ac12aa3a5a138b96c4962ab452c20f329b5df9ed528d43 
3 15-08-20 15:13:10 [151/662/662] [cliapp] loaded metadata for cliapp
3 15-08-20 15:13:10 [152/662/662] [python-cliapp] Starting build 
3 15-08-20 15:13:10 [152/662/662] [python-cliapp] Defined build system is manual
3 15-08-20 15:13:10 [152/662/662] [python-cliapp] Logging build commands to /src/artifacts/python-cliapp.9061a4c0651cbb7152da09547e476fd77b47c72e9d3e520e2c7bce120d68469c.build-log.3 
3 15-08-20 15:13:10 [152/662/662] [python-cliapp] Elapsed time for build 00:00:00
3 15-08-20 15:13:10 [152/662/662] [python-cliapp] Starting artifact creation 
3 15-08-20 15:13:10 [152/662/662] [python-cliapp] splitting stratum 
3 15-08-20 15:13:10 [152/662/662] [python-cliapp] Now cached 308 bytes as python-cliapp.9061a4c0651cbb7152da09547e476fd77b47c72e9d3e520e2c7bce120d68469c
3 15-08-20 15:13:10 [152/662/662] [python-cliapp] Elapsed time for artifact creation 00:00:00
3 15-08-20 15:13:10 [152/662/662] [python-cliapp] Cleaned up /src/tmp/tmplqKvfv
3 15-08-20 15:13:10 [152/662/662] [python-cliapp] Elapsed time for assembly 00:00:06
3 15-08-20 15:13:10 [152/662/662] [neon] Installing python-cliapp.9061a4c0651cbb7152da09547e476fd77b47c72e9d3e520e2c7bce120d68469c 
3 15-08-20 15:13:10 [152/662/662] [python-cliapp] loaded metadata for strata/python-cliapp.morph
3 15-08-20 15:13:10 [152/662/662] [pcre-utils] Starting assembly 
3 15-08-20 15:13:10 [152/662/662] [pcre] Starting assembly 
3 15-08-20 15:13:10 [152/662/662] [tools] Starting assembly 
3 15-08-20 15:13:10 [152/662/662] [device-tree-compiler] Starting assembly 
3 15-08-20 15:13:10 [152/662/662] [glib-common] loaded metadata for glib-common
3 15-08-20 15:13:10 [152/662/662] [device-tree-compiler] Installing glib-common.8fcf5243d4a47abdde59ce9f8c4220eabe565fd7916c8e5160be84009a9f5a1c 
3 15-08-20 15:13:10 [152/662/662] [glib-common] loaded metadata for strata/glib-common.morph
3 15-08-20 15:13:10 [152/662/662] [gtk-doc-stub] loaded metadata for gtk-doc-stub
3 15-08-20 15:13:11 [152/662/662] [gnome-common] loaded metadata for gnome-common
3 15-08-20 15:13:11 [152/662/662] [glib] loaded metadata for glib
3 15-08-20 15:13:11 [152/662/662] [gobject-introspection] loaded metadata for gobject-introspection
3 15-08-20 15:13:11 [152/662/662] [core] loaded metadata for core
3 15-08-20 15:13:11 [153/662/662] [device-tree-compiler] Starting build 
3 15-08-20 15:13:11 [153/662/662] [device-tree-compiler] Git checkout upstream:device-tree-compiler in /src/tmp/tmpkqot3O/device-tree-compiler.build 
3 15-08-20 15:13:11 [153/662/662] [device-tree-compiler] Upstream version c92f284c v1.4.0-1-gc92f284 (v1.4.0 + 1 commits) 
3 15-08-20 15:13:11 [153/662/662] [device-tree-compiler] Defined build system is manual
3 15-08-20 15:13:11 [153/662/662] [device-tree-compiler] Logging build commands to /src/artifacts/device-tree-compiler.69e3f7056cbb508b746d0dcf6b28a253d3810f19d05eccf05a53f49dd6e498fa.build-log.3 
3 15-08-20 15:13:11 [153/662/662] [device-tree-compiler] Running build-commands
3 15-08-20 15:13:11 [153/662/662] [device-tree-compiler] Running command:
make all 
3 15-08-20 15:13:11 [153/662/662] [device-tree-compiler] Running install-commands
3 15-08-20 15:13:11 [153/662/662] [device-tree-compiler] Running command:
make install DESTDIR="$DESTDIR" PREFIX="$PREFIX" 
3 15-08-20 15:13:11 [153/662/662] [device-tree-compiler] Elapsed time for build 00:00:00
3 15-08-20 15:13:11 [153/662/662] [device-tree-compiler] Starting artifact creation 
3 15-08-20 15:13:11 [153/662/662] [device-tree-compiler] splitting chunk 
3 15-08-20 15:13:12 [153/662/662] [device-tree-compiler] Now cached 311030 bytes as device-tree-compiler.69e3f7056cbb508b746d0dcf6b28a253d3810f19d05eccf05a53f49dd6e498fa
3 15-08-20 15:13:12 [153/662/662] [device-tree-compiler] Elapsed time for artifact creation 00:00:00
3 15-08-20 15:13:12 [153/662/662] [device-tree-compiler] Cleaned up /src/tmp/tmpkqot3O
3 15-08-20 15:13:12 [153/662/662] [device-tree-compiler] Elapsed time for assembly 00:00:02
3 15-08-20 15:13:12 [153/662/662] [tools] Installing device-tree-compiler.69e3f7056cbb508b746d0dcf6b28a253d3810f19d05eccf05a53f49dd6e498fa 
3 15-08-20 15:13:12 [153/662/662] [device-tree-compiler] loaded metadata for strata/tools/device-tree-compiler.morph
3 15-08-20 15:13:13 [153/662/662] [zip] Starting assembly 
3 15-08-20 15:13:13 [153/662/662] [glib-common] loaded metadata for glib-common
3 15-08-20 15:13:13 [153/662/662] [zip] Installing glib-common.8fcf5243d4a47abdde59ce9f8c4220eabe565fd7916c8e5160be84009a9f5a1c 
3 15-08-20 15:13:13 [153/662/662] [core] loaded metadata for core
3 15-08-20 15:13:13 [154/662/662] [zip] Starting build 
3 15-08-20 15:13:13 [154/662/662] [zip] Git checkout upstream:zip in /src/tmp/tmpDnRQDY/zip.build 
3 15-08-20 15:13:14 [154/662/662] [zip] Upstream version e52e9d6a zip30 (zip30 + 0 commits) 
3 15-08-20 15:13:14 [154/662/662] [zip] Defined build system is manual
3 15-08-20 15:13:14 [154/662/662] [zip] Logging build commands to /src/artifacts/zip.9c72b178dce4fc5957aa5cf80728dfe795ed3db322b4cc8e7b30728d29caeff7.build-log.3 
3 15-08-20 15:13:14 [154/662/662] [zip] Running configure-commands
3 15-08-20 15:13:14 [154/662/662] [zip] Running command:
cp unix/Makefile . 
3 15-08-20 15:13:14 [154/662/662] [zip] Running build-commands
3 15-08-20 15:13:14 [154/662/662] [zip] Running command:
sed -i -e 's/^prefix = .*$/prefix = $$DESTDIR\/$$PREFIX/' Makefile 
3 15-08-20 15:13:14 [154/662/662] [zip] Running command:
make generic 
3 15-08-20 15:13:16 [154/662/662] [zip] Running install-commands
3 15-08-20 15:13:16 [154/662/662] [zip] Running command:
make install 
3 15-08-20 15:13:16 [154/662/662] [zip] Elapsed time for build 00:00:02
3 15-08-20 15:13:16 [154/662/662] [zip] Starting artifact creation 
3 15-08-20 15:13:16 [154/662/662] [zip] splitting chunk 
3 15-08-20 15:13:16 [154/662/662] [zip] Now cached 372462 bytes as zip.9c72b178dce4fc5957aa5cf80728dfe795ed3db322b4cc8e7b30728d29caeff7
3 15-08-20 15:13:16 [154/662/662] [zip] Elapsed time for artifact creation 00:00:00
3 15-08-20 15:13:16 [154/662/662] [zip] Cleaned up /src/tmp/tmpDnRQDY
3 15-08-20 15:13:16 [154/662/662] [zip] Elapsed time for assembly 00:00:03
3 15-08-20 15:13:16 [154/662/662] [tools] Installing zip.9c72b178dce4fc5957aa5cf80728dfe795ed3db322b4cc8e7b30728d29caeff7 
3 15-08-20 15:13:16 [154/662/662] [zip] loaded metadata for strata/tools/zip.morph
3 15-08-20 15:13:16 [154/662/662] [vala] Starting assembly 
3 15-08-20 15:13:16 [154/662/662] [core] loaded metadata for core
3 15-08-20 15:13:16 [154/662/662] [vala] Installing core.ff2bf428e04196e1f178b1d14eff9408a9ec0c298bbaf6872a6547da7efac9cf 
3 15-08-20 15:13:17 [154/662/662] [glib-common] loaded metadata for glib-common
3 15-08-20 15:13:17 [154/662/662] [vala] Installing glib-common.8fcf5243d4a47abdde59ce9f8c4220eabe565fd7916c8e5160be84009a9f5a1c 
3 15-08-20 15:13:17 [154/662/662] [vala-bootstrap] Starting assembly 
3 15-08-20 15:13:17 [154/662/662] [core] loaded metadata for core
3 15-08-20 15:13:17 [154/662/662] [vala-bootstrap] Installing core.ff2bf428e04196e1f178b1d14eff9408a9ec0c298bbaf6872a6547da7efac9cf 
3 15-08-20 15:13:18 [154/662/662] [glib-common] loaded metadata for glib-common
3 15-08-20 15:13:18 [154/662/662] [vala-bootstrap] Installing glib-common.8fcf5243d4a47abdde59ce9f8c4220eabe565fd7916c8e5160be84009a9f5a1c 
3 15-08-20 15:13:18 [155/662/662] [vala-bootstrap] Starting build 
3 15-08-20 15:13:19 [155/662/662] [vala-bootstrap] Git checkout upstream:vala in /src/tmp/tmp40tW3x/vala-bootstrap.build 
3 15-08-20 15:13:19 [155/662/662] [vala-bootstrap] Upstream version 4e4a02c0 0.16.1-3-g4e4a02c (0.16.1 + 3 commits) 
3 15-08-20 15:13:19 [155/662/662] [vala-bootstrap] Defined build system is autotools
3 15-08-20 15:13:19 [155/662/662] [vala-bootstrap] Logging build commands to /src/artifacts/vala-bootstrap.9268982e31cab7af1748dcdbbac184f668fd546a867dc0ac91b11f97e1164815.build-log.3 
3 15-08-20 15:13:19 [155/662/662] [vala-bootstrap] Running pre-configure-commands
3 15-08-20 15:13:19 [155/662/662] [vala-bootstrap] Running command:
autoreconf -ivf 
3 15-08-20 15:13:26 [155/662/662] [vala-bootstrap] Running configure-commands
3 15-08-20 15:13:26 [155/662/662] [vala-bootstrap] Running command:
./configure --prefix="$PREFIX" 
3 15-08-20 15:13:29 [155/662/662] [vala-bootstrap] Running build-commands
3 15-08-20 15:13:29 [155/662/662] [vala-bootstrap] Running command:
make 
3 15-08-20 15:13:49 [155/662/662] [vala-bootstrap] Running install-commands
3 15-08-20 15:13:49 [155/662/662] [vala-bootstrap] Running command:
make DESTDIR="$DESTDIR" install 
3 15-08-20 15:13:50 [155/662/662] [vala-bootstrap] Running strip-commands
3 15-08-20 15:13:50 [155/662/662] [vala-bootstrap] Running command:
find "$DESTDIR" -type f \
  '(' -perm -111 -o -name '*.so*' -o -name '*.cmxs' -o -name '*.node' ')' \
  -exec sh -ec \
  'read -n4 hdr <"$1"   # check for elf header
  if [ "$hdr" != "$(printf \x7ELF)" ]; then
    exit 0
  fi
  debugfile="$DESTDIR$PREFIX/lib/debug/$(basename "$1")"
  mkdir -p "$(dirname "$debugfile")"
  objcopy --only-keep-debug "$1" "$debugfile"
  chmod 644 "$debugfile"
  strip --remove-section=.comment --remove-section=.note --strip-unneeded "$1"
  objcopy --add-gnu-debuglink "$debugfile" "$1"' - {} ';'
 
3 15-08-20 15:13:50 [155/662/662] [vala-bootstrap] Elapsed time for build 00:00:32
3 15-08-20 15:13:50 [155/662/662] [vala-bootstrap] Starting artifact creation 
3 15-08-20 15:13:50 [155/662/662] [vala-bootstrap] splitting chunk 
3 15-08-20 15:13:58 [155/662/662] [vala-bootstrap] Now cached 7460540 bytes as vala-bootstrap.9268982e31cab7af1748dcdbbac184f668fd546a867dc0ac91b11f97e1164815
3 15-08-20 15:13:58 [155/662/662] [vala-bootstrap] Elapsed time for artifact creation 00:00:08
3 15-08-20 15:13:58 [155/662/662] [vala-bootstrap] Cleaned up /src/tmp/tmp40tW3x
3 15-08-20 15:13:58 [155/662/662] [vala-bootstrap] Elapsed time for assembly 00:00:41
3 15-08-20 15:13:58 [155/662/662] [vala] Installing vala-bootstrap.9268982e31cab7af1748dcdbbac184f668fd546a867dc0ac91b11f97e1164815 
3 15-08-20 15:13:58 [155/662/662] [vala-bootstrap] loaded metadata for strata/tools/vala-bootstrap.morph
3 15-08-20 15:13:58 [156/662/662] [vala] Starting build 
3 15-08-20 15:13:59 [156/662/662] [vala] Git checkout upstream:vala in /src/tmp/tmpZQvBbD/vala.build 
3 15-08-20 15:13:59 [156/662/662] [vala] Upstream version 5f6ebe00 0.28.0 (0.28.0 + 0 commits) 
3 15-08-20 15:13:59 [156/662/662] [vala] Autodetected build system is autotools
3 15-08-20 15:13:59 [156/662/662] [vala] Logging build commands to /src/artifacts/vala.14b2b1e353f951328ce92c01ac76da1a431ea3ef257b97d673663417ab978547.build-log.3 
3 15-08-20 15:13:59 [156/662/662] [vala] Running configure-commands
3 15-08-20 15:13:59 [156/662/662] [vala] Running command:
export NOCONFIGURE=1
if [ -e autogen ]; then ./autogen
elif [ -e autogen.sh ]; then ./autogen.sh
elif [ ! -e ./configure ]; then autoreconf -ivf
fi
./configure --prefix="$PREFIX"
 
3 15-08-20 15:14:09 [156/662/662] [vala] Running build-commands
3 15-08-20 15:14:09 [156/662/662] [vala] Running command:
make 
3 15-08-20 15:14:35 [156/662/662] [vala] Running install-commands
3 15-08-20 15:14:35 [156/662/662] [vala] Running command:
make DESTDIR="$DESTDIR" install 
3 15-08-20 15:14:36 [156/662/662] [vala] Running strip-commands
3 15-08-20 15:14:36 [156/662/662] [vala] Running command:
find "$DESTDIR" -type f \
  '(' -perm -111 -o -name '*.so*' -o -name '*.cmxs' -o -name '*.node' ')' \
  -exec sh -ec \
  'read -n4 hdr <"$1"   # check for elf header
  if [ "$hdr" != "$(printf \x7ELF)" ]; then
    exit 0
  fi
  debugfile="$DESTDIR$PREFIX/lib/debug/$(basename "$1")"
  mkdir -p "$(dirname "$debugfile")"
  objcopy --only-keep-debug "$1" "$debugfile"
  chmod 644 "$debugfile"
  strip --remove-section=.comment --remove-section=.note --strip-unneeded "$1"
  objcopy --add-gnu-debuglink "$debugfile" "$1"' - {} ';'
 
3 15-08-20 15:14:36 [156/662/662] [vala] Elapsed time for build 00:00:37
3 15-08-20 15:14:36 [156/662/662] [vala] Starting artifact creation 
3 15-08-20 15:14:36 [156/662/662] [vala] splitting chunk 
3 15-08-20 15:14:43 [156/662/662] [vala] Now cached 7055753 bytes as vala.14b2b1e353f951328ce92c01ac76da1a431ea3ef257b97d673663417ab978547
3 15-08-20 15:14:43 [156/662/662] [vala] Elapsed time for artifact creation 00:00:07
3 15-08-20 15:14:44 [156/662/662] [vala] Cleaned up /src/tmp/tmpZQvBbD
3 15-08-20 15:14:44 [156/662/662] [vala] Elapsed time for assembly 00:01:27
3 15-08-20 15:14:44 [156/662/662] [tools] Installing vala.14b2b1e353f951328ce92c01ac76da1a431ea3ef257b97d673663417ab978547 
3 15-08-20 15:14:44 [156/662/662] [vala] loaded metadata for vala
3 15-08-20 15:14:44 [156/662/662] [kexec-tools] Starting assembly 
3 15-08-20 15:14:44 [156/662/662] [core] loaded metadata for core
3 15-08-20 15:14:44 [156/662/662] [kexec-tools] Installing core.ff2bf428e04196e1f178b1d14eff9408a9ec0c298bbaf6872a6547da7efac9cf 
3 15-08-20 15:14:45 [156/662/662] [glib-common] loaded metadata for glib-common
3 15-08-20 15:14:45 [156/662/662] [kexec-tools] Installing glib-common.8fcf5243d4a47abdde59ce9f8c4220eabe565fd7916c8e5160be84009a9f5a1c 
3 15-08-20 15:14:45 [157/662/662] [kexec-tools] Starting build 
3 15-08-20 15:14:45 [157/662/662] [kexec-tools] Git checkout upstream:kexec-tools in /src/tmp/tmp4tKqfG/kexec-tools.build 
3 15-08-20 15:14:45 [157/662/662] [kexec-tools] Upstream version f4d1d2ad v2.0.8-6-gf4d1d2a (v2.0.8 + 6 commits) 
3 15-08-20 15:14:45 [157/662/662] [kexec-tools] Defined build system is autotools
3 15-08-20 15:14:45 [157/662/662] [kexec-tools] Logging build commands to /src/artifacts/kexec-tools.e9afd88b0338e5068283bf83dceb132c5f897a0927fe5100b5345a4aed4a52de.build-log.3 
3 15-08-20 15:14:45 [157/662/662] [kexec-tools] Running configure-commands
3 15-08-20 15:14:45 [157/662/662] [kexec-tools] Running command:
./bootstrap 
3 15-08-20 15:14:45 [157/662/662] [kexec-tools] Running command:
./configure --prefix="$PREFIX" 
3 15-08-20 15:14:47 [157/662/662] [kexec-tools] Running build-commands
3 15-08-20 15:14:47 [157/662/662] [kexec-tools] Running command:
make 
3 15-08-20 15:14:47 [157/662/662] [kexec-tools] Running install-commands
3 15-08-20 15:14:47 [157/662/662] [kexec-tools] Running command:
make DESTDIR="$DESTDIR" install 
3 15-08-20 15:14:48 [157/662/662] [kexec-tools] Running strip-commands
3 15-08-20 15:14:48 [157/662/662] [kexec-tools] Running command:
find "$DESTDIR" -type f \
  '(' -perm -111 -o -name '*.so*' -o -name '*.cmxs' -o -name '*.node' ')' \
  -exec sh -ec \
  'read -n4 hdr <"$1"   # check for elf header
  if [ "$hdr" != "$(printf \x7ELF)" ]; then
    exit 0
  fi
  debugfile="$DESTDIR$PREFIX/lib/debug/$(basename "$1")"
  mkdir -p "$(dirname "$debugfile")"
  objcopy --only-keep-debug "$1" "$debugfile"
  chmod 644 "$debugfile"
  strip --remove-section=.comment --remove-section=.note --strip-unneeded "$1"
  objcopy --add-gnu-debuglink "$debugfile" "$1"' - {} ';'
 
3 15-08-20 15:14:48 [157/662/662] [kexec-tools] Elapsed time for build 00:00:03
3 15-08-20 15:14:48 [157/662/662] [kexec-tools] Starting artifact creation 
3 15-08-20 15:14:48 [157/662/662] [kexec-tools] splitting chunk 
3 15-08-20 15:14:48 [157/662/662] [kexec-tools] Now cached 214439 bytes as kexec-tools.e9afd88b0338e5068283bf83dceb132c5f897a0927fe5100b5345a4aed4a52de
3 15-08-20 15:14:48 [157/662/662] [kexec-tools] Elapsed time for artifact creation 00:00:00
3 15-08-20 15:14:48 [157/662/662] [kexec-tools] Cleaned up /src/tmp/tmp4tKqfG
3 15-08-20 15:14:48 [157/662/662] [kexec-tools] Elapsed time for assembly 00:00:04
3 15-08-20 15:14:48 [157/662/662] [tools] Installing kexec-tools.e9afd88b0338e5068283bf83dceb132c5f897a0927fe5100b5345a4aed4a52de 
3 15-08-20 15:14:48 [157/662/662] [kexec-tools] loaded metadata for strata/tools/kexec-tools.morph
3 15-08-20 15:14:48 [157/662/662] [procps-ng] Starting assembly 
3 15-08-20 15:14:48 [157/662/662] [glib-common] loaded metadata for glib-common
3 15-08-20 15:14:48 [157/662/662] [procps-ng] Installing glib-common.8fcf5243d4a47abdde59ce9f8c4220eabe565fd7916c8e5160be84009a9f5a1c 
3 15-08-20 15:14:49 [157/662/662] [core] loaded metadata for core
3 15-08-20 15:14:49 [158/662/662] [procps-ng] Starting build 
3 15-08-20 15:14:49 [158/662/662] [procps-ng] Git checkout upstream:procps-ng in /src/tmp/tmpW2DvVS/procps-ng.build 
3 15-08-20 15:14:49 [158/662/662] [procps-ng] Upstream version 85fff468 v3.3.9 (v3.3.9 + 0 commits) 
3 15-08-20 15:14:49 [158/662/662] [procps-ng] Defined build system is autotools
3 15-08-20 15:14:49 [158/662/662] [procps-ng] Logging build commands to /src/artifacts/procps-ng.f0482412d75ad0572725b80538719e3cc00bcc378f66df143b0c7db167d0d856.build-log.3 
3 15-08-20 15:14:49 [158/662/662] [procps-ng] Running configure-commands
3 15-08-20 15:14:49 [158/662/662] [procps-ng] Running command:
NOCONFIGURE=1 ./autogen.sh 
3 15-08-20 15:14:55 [158/662/662] [procps-ng] Running command:
./configure --prefix="$PREFIX" --exec-prefix=/ 
3 15-08-20 15:15:02 [158/662/662] [procps-ng] Running build-commands
3 15-08-20 15:15:02 [158/662/662] [procps-ng] Running command:
make 
3 15-08-20 15:15:06 [158/662/662] [procps-ng] Running install-commands
3 15-08-20 15:15:06 [158/662/662] [procps-ng] Running command:
make DESTDIR="$DESTDIR" install 
3 15-08-20 15:15:06 [158/662/662] [procps-ng] Running post-install-commands
3 15-08-20 15:15:06 [158/662/662] [procps-ng] Running command:
usr_binaries="free pidof pmap slabtop top vmstat watch pgrep pkill pwdx tload uptime w"
for file in $usr_binaries; do
    ln -sf "$PREFIX"/bin/$file "$DESTDIR"/bin/$file
done
 
3 15-08-20 15:15:06 [158/662/662] [procps-ng] Running strip-commands
3 15-08-20 15:15:06 [158/662/662] [procps-ng] Running command:
find "$DESTDIR" -type f \
  '(' -perm -111 -o -name '*.so*' -o -name '*.cmxs' -o -name '*.node' ')' \
  -exec sh -ec \
  'read -n4 hdr <"$1"   # check for elf header
  if [ "$hdr" != "$(printf \x7ELF)" ]; then
    exit 0
  fi
  debugfile="$DESTDIR$PREFIX/lib/debug/$(basename "$1")"
  mkdir -p "$(dirname "$debugfile")"
  objcopy --only-keep-debug "$1" "$debugfile"
  chmod 644 "$debugfile"
  strip --remove-section=.comment --remove-section=.note --strip-unneeded "$1"
  objcopy --add-gnu-debuglink "$debugfile" "$1"' - {} ';'
 
3 15-08-20 15:15:07 [158/662/662] [procps-ng] Elapsed time for build 00:00:17
3 15-08-20 15:15:07 [158/662/662] [procps-ng] Starting artifact creation 
3 15-08-20 15:15:07 [158/662/662] [procps-ng] splitting chunk 
3 15-08-20 15:15:08 [158/662/662] [procps-ng] Now cached 779247 bytes as procps-ng.f0482412d75ad0572725b80538719e3cc00bcc378f66df143b0c7db167d0d856
3 15-08-20 15:15:08 [158/662/662] [procps-ng] Elapsed time for artifact creation 00:00:01
3 15-08-20 15:15:08 [158/662/662] [procps-ng] Cleaned up /src/tmp/tmpW2DvVS
3 15-08-20 15:15:08 [158/662/662] [procps-ng] Elapsed time for assembly 00:00:19
3 15-08-20 15:15:08 [158/662/662] [tools] Installing procps-ng.f0482412d75ad0572725b80538719e3cc00bcc378f66df143b0c7db167d0d856 
3 15-08-20 15:15:08 [158/662/662] [procps-ng] loaded metadata for strata/tools/procps-ng.morph
3 15-08-20 15:15:08 [158/662/662] [strace] Starting assembly 
3 15-08-20 15:15:08 [158/662/662] [core] loaded metadata for core
3 15-08-20 15:15:08 [158/662/662] [strace] Installing core.ff2bf428e04196e1f178b1d14eff9408a9ec0c298bbaf6872a6547da7efac9cf 
3 15-08-20 15:15:08 [158/662/662] [glib-common] loaded metadata for glib-common
3 15-08-20 15:15:08 [158/662/662] [strace] Installing glib-common.8fcf5243d4a47abdde59ce9f8c4220eabe565fd7916c8e5160be84009a9f5a1c 
3 15-08-20 15:15:09 [159/662/662] [strace] Starting build 
3 15-08-20 15:15:09 [159/662/662] [strace] Git checkout upstream:strace in /src/tmp/tmp3iba8Q/strace.build 
3 15-08-20 15:15:09 [159/662/662] [strace] Upstream version 6d8c0637 v4.8 (v4.8 + 0 commits) 
3 15-08-20 15:15:09 [159/662/662] [strace] Autodetected build system is autotools
3 15-08-20 15:15:09 [159/662/662] [strace] Logging build commands to /src/artifacts/strace.e2ac45b2d3180568654608ef4633e36d9039ac2ffef5a37226d16f84d419b62d.build-log.3 
3 15-08-20 15:15:09 [159/662/662] [strace] Running configure-commands
3 15-08-20 15:15:09 [159/662/662] [strace] Running command:
export NOCONFIGURE=1
if [ -e autogen ]; then ./autogen
elif [ -e autogen.sh ]; then ./autogen.sh
elif [ ! -e ./configure ]; then autoreconf -ivf
fi
./configure --prefix="$PREFIX"
 
3 15-08-20 15:15:17 [159/662/662] [strace] Running build-commands
3 15-08-20 15:15:17 [159/662/662] [strace] Running command:
make 
3 15-08-20 15:15:18 [159/662/662] [strace] Running install-commands
3 15-08-20 15:15:18 [159/662/662] [strace] Running command:
make DESTDIR="$DESTDIR" install 
3 15-08-20 15:15:18 [159/662/662] [strace] Running strip-commands
3 15-08-20 15:15:18 [159/662/662] [strace] Running command:
find "$DESTDIR" -type f \
  '(' -perm -111 -o -name '*.so*' -o -name '*.cmxs' -o -name '*.node' ')' \
  -exec sh -ec \
  'read -n4 hdr <"$1"   # check for elf header
  if [ "$hdr" != "$(printf \x7ELF)" ]; then
    exit 0
  fi
  debugfile="$DESTDIR$PREFIX/lib/debug/$(basename "$1")"
  mkdir -p "$(dirname "$debugfile")"
  objcopy --only-keep-debug "$1" "$debugfile"
  chmod 644 "$debugfile"
  strip --remove-section=.comment --remove-section=.note --strip-unneeded "$1"
  objcopy --add-gnu-debuglink "$debugfile" "$1"' - {} ';'
 
3 15-08-20 15:15:18 [159/662/662] [strace] Elapsed time for build 00:00:09
3 15-08-20 15:15:18 [159/662/662] [strace] Starting artifact creation 
3 15-08-20 15:15:18 [159/662/662] [strace] splitting chunk 
3 15-08-20 15:15:18 [159/662/662] [strace] Now cached 314286 bytes as strace.e2ac45b2d3180568654608ef4633e36d9039ac2ffef5a37226d16f84d419b62d
3 15-08-20 15:15:18 [159/662/662] [strace] Elapsed time for artifact creation 00:00:00
3 15-08-20 15:15:19 [159/662/662] [strace] Cleaned up /src/tmp/tmp3iba8Q
3 15-08-20 15:15:19 [159/662/662] [strace] Elapsed time for assembly 00:00:10
3 15-08-20 15:15:19 [159/662/662] [tools] Installing strace.e2ac45b2d3180568654608ef4633e36d9039ac2ffef5a37226d16f84d419b62d 
3 15-08-20 15:15:19 [159/662/662] [strace] loaded metadata for strace
3 15-08-20 15:15:19 [159/662/662] [vala-bootstrap] loaded metadata for vala-bootstrap
3 15-08-20 15:15:19 [159/662/662] [linux-user-chroot] Starting assembly 
3 15-08-20 15:15:19 [159/662/662] [python-core] loaded metadata for python-core
3 15-08-20 15:15:19 [159/662/662] [linux-user-chroot] Installing python-core.261eee184c937af51171a7c719d79a2edd0ec39c0b6469ff39385909fc9dfcd2 
3 15-08-20 15:15:19 [159/662/662] [core] loaded metadata for core
3 15-08-20 15:15:19 [160/662/662] [linux-user-chroot] Starting build 
3 15-08-20 15:15:19 [160/662/662] [linux-user-chroot] Git checkout upstream:linux-user-chroot in /src/tmp/tmpfkp7r3/linux-user-chroot.build 
3 15-08-20 15:15:19 [160/662/662] [linux-user-chroot] Upstream version d25cc110 v2013.1-2-gd25cc11 (v2013.1 + 2 commits) 
3 15-08-20 15:15:19 [160/662/662] [linux-user-chroot] Autodetected build system is autotools
3 15-08-20 15:15:19 [160/662/662] [linux-user-chroot] Logging build commands to /src/artifacts/linux-user-chroot.09a7fd40615fff7515e9af9ac5fe299b50f8b7fe612b64ae652741197bc5a7f7.build-log.3 
3 15-08-20 15:15:19 [160/662/662] [linux-user-chroot] Running configure-commands
3 15-08-20 15:15:19 [160/662/662] [linux-user-chroot] Running command:
export NOCONFIGURE=1
if [ -e autogen ]; then ./autogen
elif [ -e autogen.sh ]; then ./autogen.sh
elif [ ! -e ./configure ]; then autoreconf -ivf
fi
./configure --prefix="$PREFIX"
 
3 15-08-20 15:15:27 [160/662/662] [linux-user-chroot] Running build-commands
3 15-08-20 15:15:27 [160/662/662] [linux-user-chroot] Running command:
make 
3 15-08-20 15:15:28 [160/662/662] [linux-user-chroot] Running install-commands
3 15-08-20 15:15:28 [160/662/662] [linux-user-chroot] Running command:
make DESTDIR="$DESTDIR" install 
3 15-08-20 15:15:28 [160/662/662] [linux-user-chroot] Running strip-commands
3 15-08-20 15:15:28 [160/662/662] [linux-user-chroot] Running command:
find "$DESTDIR" -type f \
  '(' -perm -111 -o -name '*.so*' -o -name '*.cmxs' -o -name '*.node' ')' \
  -exec sh -ec \
  'read -n4 hdr <"$1"   # check for elf header
  if [ "$hdr" != "$(printf \x7ELF)" ]; then
    exit 0
  fi
  debugfile="$DESTDIR$PREFIX/lib/debug/$(basename "$1")"
  mkdir -p "$(dirname "$debugfile")"
  objcopy --only-keep-debug "$1" "$debugfile"
  chmod 644 "$debugfile"
  strip --remove-section=.comment --remove-section=.note --strip-unneeded "$1"
  objcopy --add-gnu-debuglink "$debugfile" "$1"' - {} ';'
 
3 15-08-20 15:15:28 [160/662/662] [linux-user-chroot] Elapsed time for build 00:00:08
3 15-08-20 15:15:28 [160/662/662] [linux-user-chroot] Starting artifact creation 
3 15-08-20 15:15:28 [160/662/662] [linux-user-chroot] splitting chunk 
3 15-08-20 15:15:28 [160/662/662] [linux-user-chroot] Now cached 13134 bytes as linux-user-chroot.09a7fd40615fff7515e9af9ac5fe299b50f8b7fe612b64ae652741197bc5a7f7
3 15-08-20 15:15:28 [160/662/662] [linux-user-chroot] Elapsed time for artifact creation 00:00:00
3 15-08-20 15:15:28 [160/662/662] [linux-user-chroot] Cleaned up /src/tmp/tmpfkp7r3
3 15-08-20 15:15:28 [160/662/662] [linux-user-chroot] Elapsed time for assembly 00:00:09
3 15-08-20 15:15:28 [160/662/662] [tools] Installing linux-user-chroot.09a7fd40615fff7515e9af9ac5fe299b50f8b7fe612b64ae652741197bc5a7f7 
3 15-08-20 15:15:28 [160/662/662] [linux-user-chroot] loaded metadata for linux-user-chroot
3 15-08-20 15:15:28 [160/662/662] [distcc] Starting assembly 
3 15-08-20 15:15:28 [160/662/662] [glib-common] loaded metadata for glib-common
3 15-08-20 15:15:28 [160/662/662] [distcc] Installing glib-common.8fcf5243d4a47abdde59ce9f8c4220eabe565fd7916c8e5160be84009a9f5a1c 
3 15-08-20 15:15:29 [160/662/662] [core] loaded metadata for core
3 15-08-20 15:15:29 [161/662/662] [distcc] Starting build 
3 15-08-20 15:15:29 [161/662/662] [distcc] Git checkout upstream:distcc in /src/tmp/tmp3fNZV0/distcc.build 
3 15-08-20 15:15:29 [161/662/662] [distcc] Upstream version c9691a96 (No tag found) 
3 15-08-20 15:15:29 [161/662/662] [distcc] Defined build system is autotools
3 15-08-20 15:15:29 [161/662/662] [distcc] Logging build commands to /src/artifacts/distcc.c5bdb758610f8e375252b3722b4da934d9691fd11a839627670846df28dadf5b.build-log.3 
3 15-08-20 15:15:29 [161/662/662] [distcc] Running pre-configure-commands
3 15-08-20 15:15:29 [161/662/662] [distcc] Running command:
NOCONFIGURE=1 ./autogen.sh 
3 15-08-20 15:15:30 [161/662/662] [distcc] Running command:
cp /usr/share/automake*/config.guess . 
3 15-08-20 15:15:30 [161/662/662] [distcc] Running command:
cp /usr/share/automake*/config.sub . 
3 15-08-20 15:15:30 [161/662/662] [distcc] Running configure-commands
3 15-08-20 15:15:30 [161/662/662] [distcc] Running command:
./configure --prefix="$PREFIX" --disable-Werror 
3 15-08-20 15:15:34 [161/662/662] [distcc] Running build-commands
3 15-08-20 15:15:34 [161/662/662] [distcc] Running command:
make 
3 15-08-20 15:15:37 [161/662/662] [distcc] Running install-commands
3 15-08-20 15:15:37 [161/662/662] [distcc] Running command:
make DESTDIR="$DESTDIR" install 
3 15-08-20 15:15:37 [161/662/662] [distcc] Running strip-commands
3 15-08-20 15:15:37 [161/662/662] [distcc] Running command:
find "$DESTDIR" -type f \
  '(' -perm -111 -o -name '*.so*' -o -name '*.cmxs' -o -name '*.node' ')' \
  -exec sh -ec \
  'read -n4 hdr <"$1"   # check for elf header
  if [ "$hdr" != "$(printf \x7ELF)" ]; then
    exit 0
  fi
  debugfile="$DESTDIR$PREFIX/lib/debug/$(basename "$1")"
  mkdir -p "$(dirname "$debugfile")"
  objcopy --only-keep-debug "$1" "$debugfile"
  chmod 644 "$debugfile"
  strip --remove-section=.comment --remove-section=.note --strip-unneeded "$1"
  objcopy --add-gnu-debuglink "$debugfile" "$1"' - {} ';'
 
3 15-08-20 15:15:37 [161/662/662] [distcc] Elapsed time for build 00:00:08
3 15-08-20 15:15:37 [161/662/662] [distcc] Starting artifact creation 
3 15-08-20 15:15:37 [161/662/662] [distcc] splitting chunk 
3 15-08-20 15:15:38 [161/662/662] [distcc] Now cached 845111 bytes as distcc.c5bdb758610f8e375252b3722b4da934d9691fd11a839627670846df28dadf5b
3 15-08-20 15:15:38 [161/662/662] [distcc] Elapsed time for artifact creation 00:00:00
3 15-08-20 15:15:39 [161/662/662] [distcc] Cleaned up /src/tmp/tmp3fNZV0
3 15-08-20 15:15:39 [161/662/662] [distcc] Elapsed time for assembly 00:00:10
3 15-08-20 15:15:39 [161/662/662] [tools] Installing distcc.c5bdb758610f8e375252b3722b4da934d9691fd11a839627670846df28dadf5b 
3 15-08-20 15:15:39 [161/662/662] [distcc] loaded metadata for strata/tools/distcc.morph
3 15-08-20 15:15:39 [161/662/662] [parted] Starting assembly 
3 15-08-20 15:15:39 [161/662/662] [glib-common] loaded metadata for glib-common
3 15-08-20 15:15:39 [161/662/662] [parted] Installing glib-common.8fcf5243d4a47abdde59ce9f8c4220eabe565fd7916c8e5160be84009a9f5a1c 
3 15-08-20 15:15:39 [161/662/662] [core] loaded metadata for core
3 15-08-20 15:15:39 [162/662/662] [parted] Starting build 
3 15-08-20 15:15:39 [162/662/662] [parted] Git checkout upstream:parted in /src/tmp/tmpI51iND/parted.build 
3 15-08-20 15:15:39 [162/662/662] [parted] Upstream version 387e96e6 v3.2-3-g387e96e (v3.2 + 3 commits) 
3 15-08-20 15:15:39 [162/662/662] [parted] Git submodules 
3 15-08-20 15:15:40 [162/662/662] [parted] Git checkout upstream:gnulib in /src/tmp/tmpI51iND/parted.build/gnulib 
3 15-08-20 15:15:41 [162/662/662] [parted] Upstream version 98ca2c06 v0.1-139-g98ca2c0 (v0.1 + 139 commits) 
3 15-08-20 15:15:41 [162/662/662] [parted] Defined build system is autotools
3 15-08-20 15:15:41 [162/662/662] [parted] Logging build commands to /src/artifacts/parted.461cbbbb4f9563e1a80cc3a33f27c5a8dabedb56b94b2a707d874bbecc15f48e.build-log.3 
3 15-08-20 15:15:41 [162/662/662] [parted] Running pre-configure-commands
3 15-08-20 15:15:41 [162/662/662] [parted] Running command:
sed -i -e '/^buildreq="/,/^"/{/rsync/d}' bootstrap.conf 
3 15-08-20 15:15:41 [162/662/662] [parted] Running command:
./bootstrap --skip-po --no-git --gnulib-srcdir=gnulib 
3 15-08-20 15:16:10 [162/662/662] [parted] Running configure-commands
3 15-08-20 15:16:10 [162/662/662] [parted] Running command:
./configure --prefix="$PREFIX" --disable-device-mapper 
3 15-08-20 15:16:33 [162/662/662] [parted] Running build-commands


3 15-08-20 15:16:33 [162/662/662] [parted] Running command:
make WERROR_CFLAGS="" 


3 15-08-20 15:16:42 [162/662/662] [parted] Running install-commands
3 15-08-20 15:16:42 [162/662/662] [parted] Running command:
make DESTDIR="$DESTDIR" install 
3 15-08-20 15:16:43 [162/662/662] [parted] Running strip-commands
3 15-08-20 15:16:43 [162/662/662] [parted] Running command:
find "$DESTDIR" -type f \
  '(' -perm -111 -o -name '*.so*' -o -name '*.cmxs' -o -name '*.node' ')' \
  -exec sh -ec \
  'read -n4 hdr <"$1"   # check for elf header
  if [ "$hdr" != "$(printf \x7ELF)" ]; then
    exit 0
  fi
  debugfile="$DESTDIR$PREFIX/lib/debug/$(basename "$1")"
  mkdir -p "$(dirname "$debugfile")"
  objcopy --only-keep-debug "$1" "$debugfile"
  chmod 644 "$debugfile"
  strip --remove-section=.comment --remove-section=.note --strip-unneeded "$1"
  objcopy --add-gnu-debuglink "$debugfile" "$1"' - {} ';'
 
3 15-08-20 15:16:43 [162/662/662] [parted] Elapsed time for build 00:01:03
3 15-08-20 15:16:43 [162/662/662] [parted] Starting artifact creation 
3 15-08-20 15:16:43 [162/662/662] [parted] splitting chunk 
3 15-08-20 15:16:46 [162/662/662] [parted] Now cached 1640078 bytes as parted.461cbbbb4f9563e1a80cc3a33f27c5a8dabedb56b94b2a707d874bbecc15f48e
3 15-08-20 15:16:46 [162/662/662] [parted] Elapsed time for artifact creation 00:00:02
3 15-08-20 15:16:46 [162/662/662] [parted] Cleaned up /src/tmp/tmpI51iND
3 15-08-20 15:16:46 [162/662/662] [parted] Elapsed time for assembly 00:01:07
3 15-08-20 15:16:46 [162/662/662] [tools] Installing parted.461cbbbb4f9563e1a80cc3a33f27c5a8dabedb56b94b2a707d874bbecc15f48e 
3 15-08-20 15:16:46 [162/662/662] [parted] loaded metadata for strata/tools/parted.morph
3 15-08-20 15:16:46 [162/662/662] [ipmitool] Starting assembly 
3 15-08-20 15:16:47 [162/662/662] [core] loaded metadata for core
3 15-08-20 15:16:47 [162/662/662] [ipmitool] Installing core.ff2bf428e04196e1f178b1d14eff9408a9ec0c298bbaf6872a6547da7efac9cf 
3 15-08-20 15:16:47 [162/662/662] [glib-common] loaded metadata for glib-common
3 15-08-20 15:16:47 [162/662/662] [ipmitool] Installing glib-common.8fcf5243d4a47abdde59ce9f8c4220eabe565fd7916c8e5160be84009a9f5a1c 
3 15-08-20 15:16:47 [163/662/662] [ipmitool] Starting build 
3 15-08-20 15:16:47 [163/662/662] [ipmitool] Git checkout upstream:ipmitool in /src/tmp/tmpSlBm6j/ipmitool.build 
3 15-08-20 15:16:47 [163/662/662] [ipmitool] Upstream version be7917f9 IPMITOOL_1_8_14 (IPMITOOL_1_8_14 + 0 commits) 
3 15-08-20 15:16:47 [163/662/662] [ipmitool] Defined build system is autotools
3 15-08-20 15:16:47 [163/662/662] [ipmitool] Logging build commands to /src/artifacts/ipmitool.4e74e2c265430d11211239f51a9c62f8c1f0c5ac653d37d0ae0ab737b9064d5c.build-log.3 
3 15-08-20 15:16:47 [163/662/662] [ipmitool] Running pre-configure-commands
3 15-08-20 15:16:47 [163/662/662] [ipmitool] Running command:
touch NEWS 
3 15-08-20 15:16:47 [163/662/662] [ipmitool] Running configure-commands
3 15-08-20 15:16:47 [163/662/662] [ipmitool] Running command:
export NOCONFIGURE=1
if [ -e autogen ]; then ./autogen
elif [ -e autogen.sh ]; then ./autogen.sh
elif [ ! -e ./configure ]; then autoreconf -ivf
fi
./configure --prefix="$PREFIX"
 
3 15-08-20 15:16:57 [163/662/662] [ipmitool] Running build-commands
3 15-08-20 15:16:57 [163/662/662] [ipmitool] Running command:
make 
3 15-08-20 15:17:06 [163/662/662] [ipmitool] Running install-commands
3 15-08-20 15:17:06 [163/662/662] [ipmitool] Running command:
make DESTDIR="$DESTDIR" install 
3 15-08-20 15:17:06 [163/662/662] [ipmitool] Running strip-commands
3 15-08-20 15:17:06 [163/662/662] [ipmitool] Running command:
find "$DESTDIR" -type f \
  '(' -perm -111 -o -name '*.so*' -o -name '*.cmxs' -o -name '*.node' ')' \
  -exec sh -ec \
  'read -n4 hdr <"$1"   # check for elf header
  if [ "$hdr" != "$(printf \x7ELF)" ]; then
    exit 0
  fi
  debugfile="$DESTDIR$PREFIX/lib/debug/$(basename "$1")"
  mkdir -p "$(dirname "$debugfile")"
  objcopy --only-keep-debug "$1" "$debugfile"
  chmod 644 "$debugfile"
  strip --remove-section=.comment --remove-section=.note --strip-unneeded "$1"
  objcopy --add-gnu-debuglink "$debugfile" "$1"' - {} ';'
 
3 15-08-20 15:17:06 [163/662/662] [ipmitool] Elapsed time for build 00:00:18
3 15-08-20 15:17:06 [163/662/662] [ipmitool] Starting artifact creation 
3 15-08-20 15:17:06 [163/662/662] [ipmitool] splitting chunk 
3 15-08-20 15:17:07 [163/662/662] [ipmitool] Now cached 1318474 bytes as ipmitool.4e74e2c265430d11211239f51a9c62f8c1f0c5ac653d37d0ae0ab737b9064d5c
3 15-08-20 15:17:07 [163/662/662] [ipmitool] Elapsed time for artifact creation 00:00:01
3 15-08-20 15:17:07 [163/662/662] [ipmitool] Cleaned up /src/tmp/tmpSlBm6j
3 15-08-20 15:17:07 [163/662/662] [ipmitool] Elapsed time for assembly 00:00:20
3 15-08-20 15:17:07 [163/662/662] [tools] Installing ipmitool.4e74e2c265430d11211239f51a9c62f8c1f0c5ac653d37d0ae0ab737b9064d5c 
3 15-08-20 15:17:07 [163/662/662] [ipmitool] loaded metadata for strata/tools/ipmitool.morph
3 15-08-20 15:17:08 [163/662/662] [lsof] Starting assembly 
3 15-08-20 15:17:08 [163/662/662] [glib-common] loaded metadata for glib-common
3 15-08-20 15:17:08 [163/662/662] [lsof] Installing glib-common.8fcf5243d4a47abdde59ce9f8c4220eabe565fd7916c8e5160be84009a9f5a1c 
3 15-08-20 15:17:08 [163/662/662] [core] loaded metadata for core
3 15-08-20 15:17:08 [164/662/662] [lsof] Starting build 
3 15-08-20 15:17:08 [164/662/662] [lsof] Git checkout upstream:lsof in /src/tmp/tmpfZdz6u/lsof.build 
3 15-08-20 15:17:08 [164/662/662] [lsof] Upstream version fffb8558 (No tag found) 
3 15-08-20 15:17:08 [164/662/662] [lsof] Defined build system is manual
3 15-08-20 15:17:08 [164/662/662] [lsof] Logging build commands to /src/artifacts/lsof.4fb32d8c89eb2f647cf196a3040c7e7eb5e26d29a77f3e3a156be83480a46134.build-log.3 
3 15-08-20 15:17:08 [164/662/662] [lsof] Running configure-commands
3 15-08-20 15:17:08 [164/662/662] [lsof] Running command:
tar xf lsof_*_src.tar --no-same-owner 
3 15-08-20 15:17:08 [164/662/662] [lsof] Running command:
cd lsof_*_src/ && ./Configure -n linux 
3 15-08-20 15:17:09 [164/662/662] [lsof] Running build-commands
3 15-08-20 15:17:09 [164/662/662] [lsof] Running command:
cd lsof_*_src/ && make 
3 15-08-20 15:17:09 [164/662/662] [lsof] Running install-commands
3 15-08-20 15:17:09 [164/662/662] [lsof] Running command:
mkdir -p "$DESTDIR$PREFIX"/bin 
3 15-08-20 15:17:09 [164/662/662] [lsof] Running command:
mv lsof_*_src/lsof "$DESTDIR$PREFIX"/bin/lsof 
3 15-08-20 15:17:09 [164/662/662] [lsof] Running command:
mkdir -p "$DESTDIR$PREFIX"/man/man8 
3 15-08-20 15:17:09 [164/662/662] [lsof] Running command:
mv lsof_*_src/lsof.8 "$DESTDIR$PREFIX"/man/man8 
3 15-08-20 15:17:09 [164/662/662] [lsof] Elapsed time for build 00:00:01
3 15-08-20 15:17:09 [164/662/662] [lsof] Starting artifact creation 
3 15-08-20 15:17:09 [164/662/662] [lsof] splitting chunk 
3 15-08-20 15:17:09 [164/662/662] [lsof] Now cached 103664 bytes as lsof.4fb32d8c89eb2f647cf196a3040c7e7eb5e26d29a77f3e3a156be83480a46134
3 15-08-20 15:17:09 [164/662/662] [lsof] Elapsed time for artifact creation 00:00:00
3 15-08-20 15:17:10 [164/662/662] [lsof] Cleaned up /src/tmp/tmpfZdz6u
3 15-08-20 15:17:10 [164/662/662] [lsof] Elapsed time for assembly 00:00:02
3 15-08-20 15:17:10 [164/662/662] [tools] Installing lsof.4fb32d8c89eb2f647cf196a3040c7e7eb5e26d29a77f3e3a156be83480a46134 
3 15-08-20 15:17:10 [164/662/662] [lsof] loaded metadata for strata/tools/lsof.morph
3 15-08-20 15:17:10 [164/662/662] [u-boot] Starting assembly 
3 15-08-20 15:17:10 [164/662/662] [core] loaded metadata for core
3 15-08-20 15:17:10 [164/662/662] [u-boot] Installing core.ff2bf428e04196e1f178b1d14eff9408a9ec0c298bbaf6872a6547da7efac9cf 
3 15-08-20 15:17:10 [164/662/662] [glib-common] loaded metadata for glib-common
3 15-08-20 15:17:10 [164/662/662] [u-boot] Installing glib-common.8fcf5243d4a47abdde59ce9f8c4220eabe565fd7916c8e5160be84009a9f5a1c 
3 15-08-20 15:17:10 [165/662/662] [u-boot] Starting build 
3 15-08-20 15:17:12 [165/662/662] [u-boot] Git checkout upstream:u-boot in /src/tmp/tmpehGg2W/u-boot.build 
3 15-08-20 15:17:12 [165/662/662] [u-boot] Upstream version fe57382d v2012.04.01-288-gfe57382 (v2012.04.01 + 288 commits) 
3 15-08-20 15:17:12 [165/662/662] [u-boot] Defined build system is manual
3 15-08-20 15:17:12 [165/662/662] [u-boot] Logging build commands to /src/artifacts/u-boot.0a027efff1c70e869f6a88eaa78bb8fa6087a70d0af43b71f5ad437fd02478b8.build-log.3 
3 15-08-20 15:17:12 [165/662/662] [u-boot] Running build-commands
3 15-08-20 15:17:12 [165/662/662] [u-boot] Running command:
make tools 
3 15-08-20 15:17:13 [165/662/662] [u-boot] Running install-commands
3 15-08-20 15:17:13 [165/662/662] [u-boot] Running command:
mkdir -p "$DESTDIR$PREFIX/bin" 
3 15-08-20 15:17:13 [165/662/662] [u-boot] Running command:
install -m 755 tools/img2brec.sh "$DESTDIR$PREFIX/bin/." 
3 15-08-20 15:17:13 [165/662/662] [u-boot] Running command:
install -m 755 tools/jtagconsole "$DESTDIR$PREFIX/bin/." 
3 15-08-20 15:17:13 [165/662/662] [u-boot] Running command:
install -m 755 tools/netconsole "$DESTDIR$PREFIX/bin/." 
3 15-08-20 15:17:13 [165/662/662] [u-boot] Running command:
install -m 755 tools/mkenvimage "$DESTDIR$PREFIX/bin/." 
3 15-08-20 15:17:13 [165/662/662] [u-boot] Running command:
install -m 755 tools/mkimage "$DESTDIR$PREFIX/bin/." 
3 15-08-20 15:17:13 [165/662/662] [u-boot] Elapsed time for build 00:00:02
3 15-08-20 15:17:13 [165/662/662] [u-boot] Starting artifact creation 
3 15-08-20 15:17:13 [165/662/662] [u-boot] splitting chunk 
3 15-08-20 15:17:13 [165/662/662] [u-boot] Now cached 45846 bytes as u-boot.0a027efff1c70e869f6a88eaa78bb8fa6087a70d0af43b71f5ad437fd02478b8
3 15-08-20 15:17:13 [165/662/662] [u-boot] Elapsed time for artifact creation 00:00:00
3 15-08-20 15:17:14 [165/662/662] [u-boot] Cleaned up /src/tmp/tmpehGg2W
3 15-08-20 15:17:14 [165/662/662] [u-boot] Elapsed time for assembly 00:00:04
3 15-08-20 15:17:14 [165/662/662] [tools] Installing u-boot.0a027efff1c70e869f6a88eaa78bb8fa6087a70d0af43b71f5ad437fd02478b8 
3 15-08-20 15:17:14 [165/662/662] [u-boot] loaded metadata for strata/tools/u-boot.morph
3 15-08-20 15:17:14 [165/662/662] [sudo] Starting assembly 
3 15-08-20 15:17:14 [165/662/662] [core] loaded metadata for core
3 15-08-20 15:17:14 [165/662/662] [sudo] Installing core.ff2bf428e04196e1f178b1d14eff9408a9ec0c298bbaf6872a6547da7efac9cf 
3 15-08-20 15:17:14 [165/662/662] [glib-common] loaded metadata for glib-common
3 15-08-20 15:17:14 [165/662/662] [sudo] Installing glib-common.8fcf5243d4a47abdde59ce9f8c4220eabe565fd7916c8e5160be84009a9f5a1c 
3 15-08-20 15:17:14 [166/662/662] [sudo] Starting build 
3 15-08-20 15:17:15 [166/662/662] [sudo] Git checkout upstream:sudo in /src/tmp/tmp6B01Tx/sudo.build 
3 15-08-20 15:17:15 [166/662/662] [sudo] Upstream version a4769dc7 SUDO_1_8_10p2 (SUDO_1_8_10p2 + 0 commits) 
3 15-08-20 15:17:15 [166/662/662] [sudo] Autodetected build system is autotools
3 15-08-20 15:17:15 [166/662/662] [sudo] Logging build commands to /src/artifacts/sudo.70ae6df4f03490a2183e8a1a0bbdcea057c8f614ff7484e55b67ad4222d219f1.build-log.3 
3 15-08-20 15:17:15 [166/662/662] [sudo] Running configure-commands
3 15-08-20 15:17:15 [166/662/662] [sudo] Running command:
export NOCONFIGURE=1
if [ -e autogen ]; then ./autogen
elif [ -e autogen.sh ]; then ./autogen.sh
elif [ ! -e ./configure ]; then autoreconf -ivf
fi
./configure --prefix="$PREFIX"
 
3 15-08-20 15:17:32 [166/662/662] [sudo] Running build-commands
3 15-08-20 15:17:32 [166/662/662] [sudo] Running command:
make 
3 15-08-20 15:17:36 [166/662/662] [sudo] Running install-commands
3 15-08-20 15:17:36 [166/662/662] [sudo] Running command:
make DESTDIR="$DESTDIR" install 
3 15-08-20 15:17:38 [166/662/662] [sudo] Running strip-commands
3 15-08-20 15:17:38 [166/662/662] [sudo] Running command:
find "$DESTDIR" -type f \
  '(' -perm -111 -o -name '*.so*' -o -name '*.cmxs' -o -name '*.node' ')' \
  -exec sh -ec \
  'read -n4 hdr <"$1"   # check for elf header
  if [ "$hdr" != "$(printf \x7ELF)" ]; then
    exit 0
  fi
  debugfile="$DESTDIR$PREFIX/lib/debug/$(basename "$1")"
  mkdir -p "$(dirname "$debugfile")"
  objcopy --only-keep-debug "$1" "$debugfile"
  chmod 644 "$debugfile"
  strip --remove-section=.comment --remove-section=.note --strip-unneeded "$1"
  objcopy --add-gnu-debuglink "$debugfile" "$1"' - {} ';'
 
3 15-08-20 15:17:38 [166/662/662] [sudo] Elapsed time for build 00:00:23
3 15-08-20 15:17:38 [166/662/662] [sudo] Starting artifact creation 
3 15-08-20 15:17:38 [166/662/662] [sudo] splitting chunk 
3 15-08-20 15:17:39 [166/662/662] [sudo] Now cached 1392536 bytes as sudo.70ae6df4f03490a2183e8a1a0bbdcea057c8f614ff7484e55b67ad4222d219f1
3 15-08-20 15:17:39 [166/662/662] [sudo] Elapsed time for artifact creation 00:00:01
3 15-08-20 15:17:39 [166/662/662] [sudo] Cleaned up /src/tmp/tmp6B01Tx
3 15-08-20 15:17:39 [166/662/662] [sudo] Elapsed time for assembly 00:00:25
3 15-08-20 15:17:39 [166/662/662] [tools] Installing sudo.70ae6df4f03490a2183e8a1a0bbdcea057c8f614ff7484e55b67ad4222d219f1 
3 15-08-20 15:17:39 [166/662/662] [sudo] loaded metadata for sudo
3 15-08-20 15:17:39 [166/662/662] [gdb] Starting assembly 
3 15-08-20 15:17:39 [166/662/662] [core] loaded metadata for core
3 15-08-20 15:17:39 [166/662/662] [gdb] Installing core.ff2bf428e04196e1f178b1d14eff9408a9ec0c298bbaf6872a6547da7efac9cf 
3 15-08-20 15:17:40 [166/662/662] [glib-common] loaded metadata for glib-common
3 15-08-20 15:17:40 [166/662/662] [gdb] Installing glib-common.8fcf5243d4a47abdde59ce9f8c4220eabe565fd7916c8e5160be84009a9f5a1c 
3 15-08-20 15:17:40 [167/662/662] [gdb] Starting build 
3 15-08-20 15:17:44 [167/662/662] [gdb] Git checkout upstream:binutils-gdb in /src/tmp/tmpSZLILz/gdb.build 
3 15-08-20 15:17:45 [167/662/662] [gdb] Upstream version 129ee12d gdb-7.8.2-release-2-g129ee12 (gdb-7.8.2-release + 2 commits) 
3 15-08-20 15:17:45 [167/662/662] [gdb] Defined build system is autotools
3 15-08-20 15:17:45 [167/662/662] [gdb] Logging build commands to /src/artifacts/gdb.250db27ea78860061aaafb0aa13894ea7166a00ceb325566b84aff03d25714c6.build-log.3 
3 15-08-20 15:17:45 [167/662/662] [gdb] Running configure-commands
3 15-08-20 15:17:45 [167/662/662] [gdb] Running command:
./configure --prefix="$PREFIX" --disable-werror --disable-gas --disable-binutils --disable-ld --disable-gold --disable-gprof 
3 15-08-20 15:17:47 [167/662/662] [gdb] Running build-commands
3 15-08-20 15:17:47 [167/662/662] [gdb] Running command:
make 
3 15-08-20 15:19:08 [167/662/662] [gdb] Running install-commands
3 15-08-20 15:19:08 [167/662/662] [gdb] Running command:
make DESTDIR="$DESTDIR" install 
3 15-08-20 15:19:26 [167/662/662] [gdb] Running strip-commands
3 15-08-20 15:19:26 [167/662/662] [gdb] Running command:
find "$DESTDIR" -type f \
  '(' -perm -111 -o -name '*.so*' -o -name '*.cmxs' -o -name '*.node' ')' \
  -exec sh -ec \
  'read -n4 hdr <"$1"   # check for elf header
  if [ "$hdr" != "$(printf \x7ELF)" ]; then
    exit 0
  fi
  debugfile="$DESTDIR$PREFIX/lib/debug/$(basename "$1")"
  mkdir -p "$(dirname "$debugfile")"
  objcopy --only-keep-debug "$1" "$debugfile"
  chmod 644 "$debugfile"
  strip --remove-section=.comment --remove-section=.note --strip-unneeded "$1"
  objcopy --add-gnu-debuglink "$debugfile" "$1"' - {} ';'
 
3 15-08-20 15:19:26 [167/662/662] [gdb] Elapsed time for build 00:01:46
3 15-08-20 15:19:26 [167/662/662] [gdb] Starting artifact creation 
3 15-08-20 15:19:26 [167/662/662] [gdb] splitting chunk 
3 15-08-20 15:19:43 [167/662/662] [gdb] Now cached 18254952 bytes as gdb.250db27ea78860061aaafb0aa13894ea7166a00ceb325566b84aff03d25714c6
3 15-08-20 15:19:43 [167/662/662] [gdb] Elapsed time for artifact creation 00:00:17
3 15-08-20 15:19:44 [167/662/662] [gdb] Cleaned up /src/tmp/tmpSZLILz
3 15-08-20 15:19:44 [167/662/662] [gdb] Elapsed time for assembly 00:02:04
3 15-08-20 15:19:44 [167/662/662] [tools] Installing gdb.250db27ea78860061aaafb0aa13894ea7166a00ceb325566b84aff03d25714c6 
3 15-08-20 15:19:44 [167/662/662] [gdb] loaded metadata for strata/tools/gdb.morph
3 15-08-20 15:19:45 [168/662/662] [tools] Starting build 
3 15-08-20 15:19:45 [168/662/662] [tools] Defined build system is manual
3 15-08-20 15:19:45 [168/662/662] [tools] Logging build commands to /src/artifacts/tools.5ae284c6f05620b44a2fa8113a4df092d373013dcc582fa467a71b95d2b494ba.build-log.3 
3 15-08-20 15:19:45 [168/662/662] [tools] Elapsed time for build 00:00:00
3 15-08-20 15:19:45 [168/662/662] [tools] Starting artifact creation 
3 15-08-20 15:19:45 [168/662/662] [tools] splitting stratum 
3 15-08-20 15:19:45 [168/662/662] [tools] Now cached 568 bytes as tools.5ae284c6f05620b44a2fa8113a4df092d373013dcc582fa467a71b95d2b494ba
3 15-08-20 15:19:45 [168/662/662] [tools] Elapsed time for artifact creation 00:00:00
3 15-08-20 15:19:45 [168/662/662] [tools] Cleaned up /src/tmp/tmpkNi3XC
3 15-08-20 15:19:45 [168/662/662] [tools] Elapsed time for assembly 00:06:34
3 15-08-20 15:19:45 [168/662/662] [pcre] Installing tools.5ae284c6f05620b44a2fa8113a4df092d373013dcc582fa467a71b95d2b494ba 
3 15-08-20 15:19:45 [168/662/662] [tools] loaded metadata for strata/tools.morph
3 15-08-20 15:19:45 [169/662/662] [pcre] Starting build 
3 15-08-20 15:19:46 [169/662/662] [pcre] Git checkout upstream:pcre in /src/tmp/tmpXCdwEK/pcre.build 
3 15-08-20 15:19:46 [169/662/662] [pcre] Upstream version 2720152c pcre-8.33 (pcre-8.33 + 0 commits) 
3 15-08-20 15:19:46 [169/662/662] [pcre] Autodetected build system is autotools
3 15-08-20 15:19:46 [169/662/662] [pcre] Logging build commands to /src/artifacts/pcre.79a12f81f5a398fada873162e59b3d3d336df3f47f92caed87b79beb7f943785.build-log.3 
3 15-08-20 15:19:46 [169/662/662] [pcre] Running configure-commands
3 15-08-20 15:19:46 [169/662/662] [pcre] Running command:
export NOCONFIGURE=1
if [ -e autogen ]; then ./autogen
elif [ -e autogen.sh ]; then ./autogen.sh
elif [ ! -e ./configure ]; then autoreconf -ivf
fi
./configure --prefix="$PREFIX"
 
3 15-08-20 15:19:54 [169/662/662] [pcre] Running build-commands
3 15-08-20 15:19:54 [169/662/662] [pcre] Running command:
make 
3 15-08-20 15:19:58 [169/662/662] [pcre] Running install-commands
3 15-08-20 15:19:58 [169/662/662] [pcre] Running command:
make DESTDIR="$DESTDIR" install 
3 15-08-20 15:19:58 [169/662/662] [pcre] Running strip-commands
3 15-08-20 15:19:58 [169/662/662] [pcre] Running command:
find "$DESTDIR" -type f \
  '(' -perm -111 -o -name '*.so*' -o -name '*.cmxs' -o -name '*.node' ')' \
  -exec sh -ec \
  'read -n4 hdr <"$1"   # check for elf header
  if [ "$hdr" != "$(printf \x7ELF)" ]; then
    exit 0
  fi
  debugfile="$DESTDIR$PREFIX/lib/debug/$(basename "$1")"
  mkdir -p "$(dirname "$debugfile")"
  objcopy --only-keep-debug "$1" "$debugfile"
  chmod 644 "$debugfile"
  strip --remove-section=.comment --remove-section=.note --strip-unneeded "$1"
  objcopy --add-gnu-debuglink "$debugfile" "$1"' - {} ';'
 
3 15-08-20 15:19:58 [169/662/662] [pcre] Elapsed time for build 00:00:12
3 15-08-20 15:19:58 [169/662/662] [pcre] Starting artifact creation 
3 15-08-20 15:19:58 [169/662/662] [pcre] splitting chunk 
3 15-08-20 15:19:59 [169/662/662] [pcre] Now cached 1127910 bytes as pcre.79a12f81f5a398fada873162e59b3d3d336df3f47f92caed87b79beb7f943785
3 15-08-20 15:19:59 [169/662/662] [pcre] Elapsed time for artifact creation 00:00:00
3 15-08-20 15:20:00 [169/662/662] [pcre] Cleaned up /src/tmp/tmpXCdwEK
3 15-08-20 15:20:00 [169/662/662] [pcre] Elapsed time for assembly 00:06:49
3 15-08-20 15:20:00 [169/662/662] [pcre-utils] Installing pcre.79a12f81f5a398fada873162e59b3d3d336df3f47f92caed87b79beb7f943785 
3 15-08-20 15:20:00 [169/662/662] [pcre] loaded metadata for pcre
3 15-08-20 15:20:00 [170/662/662] [pcre-utils] Starting build 
3 15-08-20 15:20:00 [170/662/662] [pcre-utils] Defined build system is manual
3 15-08-20 15:20:00 [170/662/662] [pcre-utils] Logging build commands to /src/artifacts/pcre-utils.a883abfc90c1b3d8b357e5c528272c077e7a573542144e9cd92ac1fc10f8c887.build-log.3 
3 15-08-20 15:20:00 [170/662/662] [pcre-utils] Elapsed time for build 00:00:00
3 15-08-20 15:20:00 [170/662/662] [pcre-utils] Starting artifact creation 
3 15-08-20 15:20:00 [170/662/662] [pcre-utils] splitting stratum 
3 15-08-20 15:20:00 [170/662/662] [pcre-utils] Now cached 241 bytes as pcre-utils.a883abfc90c1b3d8b357e5c528272c077e7a573542144e9cd92ac1fc10f8c887
3 15-08-20 15:20:00 [170/662/662] [pcre-utils] Elapsed time for artifact creation 00:00:00
3 15-08-20 15:20:01 [170/662/662] [pcre-utils] Cleaned up /src/tmp/tmpzF0eh7
3 15-08-20 15:20:01 [170/662/662] [pcre-utils] Elapsed time for assembly 00:06:50
3 15-08-20 15:20:01 [170/662/662] [neon] Installing pcre-utils.a883abfc90c1b3d8b357e5c528272c077e7a573542144e9cd92ac1fc10f8c887 
3 15-08-20 15:20:01 [170/662/662] [pcre-utils] loaded metadata for strata/pcre-utils.morph
3 15-08-20 15:20:01 [171/662/662] [neon] Starting build 
3 15-08-20 15:20:01 [171/662/662] [neon] Git checkout upstream:neon in /src/tmp/tmpPJIQrt/neon.build 
3 15-08-20 15:20:01 [171/662/662] [neon] Upstream version 837374e9 0.29.6-1-g837374e (0.29.6 + 1 commits) 
3 15-08-20 15:20:01 [171/662/662] [neon] Defined build system is autotools
3 15-08-20 15:20:01 [171/662/662] [neon] Logging build commands to /src/artifacts/neon.ecee7e1c88857311f9e4bb972081bc08d4f635fb311f74398712628ea77818ac.build-log.3 
3 15-08-20 15:20:01 [171/662/662] [neon] Running configure-commands
3 15-08-20 15:20:01 [171/662/662] [neon] Running command:
./autogen.sh 
3 15-08-20 15:20:03 [171/662/662] [neon] Running command:
./configure --prefix="$PREFIX" --with-ssl 
3 15-08-20 15:20:08 [171/662/662] [neon] Running build-commands
3 15-08-20 15:20:08 [171/662/662] [neon] Running command:
make 
3 15-08-20 15:20:09 [171/662/662] [neon] Running install-commands
3 15-08-20 15:20:09 [171/662/662] [neon] Running command:
make install-lib install-headers install-config DESTDIR="$DESTDIR" 
3 15-08-20 15:20:09 [171/662/662] [neon] Running strip-commands
3 15-08-20 15:20:09 [171/662/662] [neon] Running command:
find "$DESTDIR" -type f \
  '(' -perm -111 -o -name '*.so*' -o -name '*.cmxs' -o -name '*.node' ')' \
  -exec sh -ec \
  'read -n4 hdr <"$1"   # check for elf header
  if [ "$hdr" != "$(printf \x7ELF)" ]; then
    exit 0
  fi
  debugfile="$DESTDIR$PREFIX/lib/debug/$(basename "$1")"
  mkdir -p "$(dirname "$debugfile")"
  objcopy --only-keep-debug "$1" "$debugfile"
  chmod 644 "$debugfile"
  strip --remove-section=.comment --remove-section=.note --strip-unneeded "$1"
  objcopy --add-gnu-debuglink "$debugfile" "$1"' - {} ';'
 
3 15-08-20 15:20:09 [171/662/662] [neon] Elapsed time for build 00:00:08
3 15-08-20 15:20:09 [171/662/662] [neon] Starting artifact creation 
3 15-08-20 15:20:09 [171/662/662] [neon] splitting chunk 
3 15-08-20 15:20:10 [171/662/662] [neon] Now cached 366460 bytes as neon.ecee7e1c88857311f9e4bb972081bc08d4f635fb311f74398712628ea77818ac
3 15-08-20 15:20:10 [171/662/662] [neon] Elapsed time for artifact creation 00:00:00
3 15-08-20 15:20:10 [171/662/662] [neon] Cleaned up /src/tmp/tmpPJIQrt
3 15-08-20 15:20:10 [171/662/662] [neon] Elapsed time for assembly 00:07:07
3 15-08-20 15:20:10 [171/662/662] [lorry] Installing neon.ecee7e1c88857311f9e4bb972081bc08d4f635fb311f74398712628ea77818ac 
3 15-08-20 15:20:10 [171/662/662] [neon] loaded metadata for strata/lorry/neon.morph
3 15-08-20 15:20:11 [171/662/662] [libapr-util] Starting assembly 
3 15-08-20 15:20:11 [171/662/662] [python-cliapp] loaded metadata for python-cliapp
3 15-08-20 15:20:11 [171/662/662] [libapr-util] Installing python-cliapp.9061a4c0651cbb7152da09547e476fd77b47c72e9d3e520e2c7bce120d68469c 
3 15-08-20 15:20:12 [171/662/662] [libapr] Starting assembly 
3 15-08-20 15:20:12 [171/662/662] [pcre-utils] loaded metadata for pcre-utils
3 15-08-20 15:20:12 [171/662/662] [libapr] Installing pcre-utils.a883abfc90c1b3d8b357e5c528272c077e7a573542144e9cd92ac1fc10f8c887 
3 15-08-20 15:20:12 [171/662/662] [foundation] loaded metadata for foundation
3 15-08-20 15:20:12 [171/662/662] [libapr] Installing foundation.5666f4ec3a65337a6140ea4cf9af8375143ffed67bee31ebd543d01893dd7007 
3 15-08-20 15:20:13 [171/662/662] [python-cliapp] loaded metadata for python-cliapp
3 15-08-20 15:20:13 [171/662/662] [libapr] Installing python-cliapp.9061a4c0651cbb7152da09547e476fd77b47c72e9d3e520e2c7bce120d68469c 
3 15-08-20 15:20:13 [172/662/662] [libapr] Starting build 
3 15-08-20 15:20:13 [172/662/662] [libapr] Git checkout upstream:libapr in /src/tmp/tmpUKr1xy/libapr.build 
3 15-08-20 15:20:13 [172/662/662] [libapr] Upstream version 10835ec9 1.5.1 (1.5.1 + 0 commits) 
3 15-08-20 15:20:13 [172/662/662] [libapr] Defined build system is autotools
3 15-08-20 15:20:13 [172/662/662] [libapr] Logging build commands to /src/artifacts/libapr.2bae6925d213f3ed2ff040296349b6fd358c96c1b11392ef6e0ffc83632f17f5.build-log.3 
3 15-08-20 15:20:13 [172/662/662] [libapr] Running pre-configure-commands
3 15-08-20 15:20:13 [172/662/662] [libapr] Running command:
./buildconf 
3 15-08-20 15:20:14 [172/662/662] [libapr] Running configure-commands
3 15-08-20 15:20:14 [172/662/662] [libapr] Running command:
./configure \
  --prefix "$PREFIX" \
  --disable-static \
  --with-installbuilddir=/usr/share/apr-1/build
 
3 15-08-20 15:20:28 [172/662/662] [libapr] Running build-commands
3 15-08-20 15:20:28 [172/662/662] [libapr] Running command:
make 
3 15-08-20 15:20:30 [172/662/662] [libapr] Running install-commands
3 15-08-20 15:20:30 [172/662/662] [libapr] Running command:
make DESTDIR="$DESTDIR" install 
3 15-08-20 15:20:32 [172/662/662] [libapr] Running post-install-commands
3 15-08-20 15:20:32 [172/662/662] [libapr] Running command:
# Install files required for apr-util
for file in find_apr.m4 apr_common.m4 install.sh gen-build.py \
    get-version.sh config.guess config.sub
do
  cp build/$file "$DESTDIR/$PREFIX"/share/apr-1/build/"$file"
done
# Create a symlink in the build directory to the include directory
ln -sf /usr/include/apr-1 "$DESTDIR/$PREFIX"/share/apr-1/build/
 
3 15-08-20 15:20:32 [172/662/662] [libapr] Running strip-commands
3 15-08-20 15:20:32 [172/662/662] [libapr] Running command:
find "$DESTDIR" -type f \
  '(' -perm -111 -o -name '*.so*' -o -name '*.cmxs' -o -name '*.node' ')' \
  -exec sh -ec \
  'read -n4 hdr <"$1"   # check for elf header
  if [ "$hdr" != "$(printf \x7ELF)" ]; then
    exit 0
  fi
  debugfile="$DESTDIR$PREFIX/lib/debug/$(basename "$1")"
  mkdir -p "$(dirname "$debugfile")"
  objcopy --only-keep-debug "$1" "$debugfile"
  chmod 644 "$debugfile"
  strip --remove-section=.comment --remove-section=.note --strip-unneeded "$1"
  objcopy --add-gnu-debuglink "$debugfile" "$1"' - {} ';'
 
3 15-08-20 15:20:32 [172/662/662] [libapr] Elapsed time for build 00:00:19
3 15-08-20 15:20:32 [172/662/662] [libapr] Starting artifact creation 
3 15-08-20 15:20:32 [172/662/662] [libapr] splitting chunk 
3 15-08-20 15:20:32 [172/662/662] [libapr] Now cached 544531 bytes as libapr.2bae6925d213f3ed2ff040296349b6fd358c96c1b11392ef6e0ffc83632f17f5
3 15-08-20 15:20:32 [172/662/662] [libapr] Elapsed time for artifact creation 00:00:00
3 15-08-20 15:20:33 [172/662/662] [libapr] Cleaned up /src/tmp/tmpUKr1xy
3 15-08-20 15:20:33 [172/662/662] [libapr] Elapsed time for assembly 00:00:20
3 15-08-20 15:20:33 [172/662/662] [libapr-util] Installing libapr.2bae6925d213f3ed2ff040296349b6fd358c96c1b11392ef6e0ffc83632f17f5 
3 15-08-20 15:20:33 [172/662/662] [libapr] loaded metadata for strata/lorry/libapr.morph
3 15-08-20 15:20:33 [172/662/662] [foundation] loaded metadata for foundation
3 15-08-20 15:20:33 [172/662/662] [pcre-utils] loaded metadata for pcre-utils
3 15-08-20 15:20:33 [173/662/662] [libapr-util] Starting build 
3 15-08-20 15:20:33 [173/662/662] [libapr-util] Git checkout upstream:libapr-util in /src/tmp/tmpuAyX6h/libapr-util.build 
3 15-08-20 15:20:33 [173/662/662] [libapr-util] Upstream version 718a507e 1.5.4 (1.5.4 + 0 commits) 
3 15-08-20 15:20:33 [173/662/662] [libapr-util] Defined build system is autotools
3 15-08-20 15:20:33 [173/662/662] [libapr-util] Logging build commands to /src/artifacts/libapr-util.49a4b157f005359ae57e48541c4f16b09d64f6cfc384176f7f6ba07c03b93dac.build-log.3 
3 15-08-20 15:20:33 [173/662/662] [libapr-util] Running pre-configure-commands
3 15-08-20 15:20:33 [173/662/662] [libapr-util] Running command:
./buildconf --with-apr=/usr/share/apr-1 
3 15-08-20 15:20:35 [173/662/662] [libapr-util] Running configure-commands
3 15-08-20 15:20:35 [173/662/662] [libapr-util] Running command:
./configure --prefix "$PREFIX" --with-apr=/usr/bin/apr-1-config 
3 15-08-20 15:20:37 [173/662/662] [libapr-util] Running build-commands
3 15-08-20 15:20:37 [173/662/662] [libapr-util] Running command:
make 
3 15-08-20 15:20:38 [173/662/662] [libapr-util] Running install-commands
3 15-08-20 15:20:38 [173/662/662] [libapr-util] Running command:
make DESTDIR="$DESTDIR" install 
3 15-08-20 15:20:38 [173/662/662] [libapr-util] Running strip-commands
3 15-08-20 15:20:38 [173/662/662] [libapr-util] Running command:
find "$DESTDIR" -type f \
  '(' -perm -111 -o -name '*.so*' -o -name '*.cmxs' -o -name '*.node' ')' \
  -exec sh -ec \
  'read -n4 hdr <"$1"   # check for elf header
  if [ "$hdr" != "$(printf \x7ELF)" ]; then
    exit 0
  fi
  debugfile="$DESTDIR$PREFIX/lib/debug/$(basename "$1")"
  mkdir -p "$(dirname "$debugfile")"
  objcopy --only-keep-debug "$1" "$debugfile"
  chmod 644 "$debugfile"
  strip --remove-section=.comment --remove-section=.note --strip-unneeded "$1"
  objcopy --add-gnu-debuglink "$debugfile" "$1"' - {} ';'
 
3 15-08-20 15:20:38 [173/662/662] [libapr-util] Elapsed time for build 00:00:05
3 15-08-20 15:20:38 [173/662/662] [libapr-util] Starting artifact creation 
3 15-08-20 15:20:38 [173/662/662] [libapr-util] splitting chunk 
3 15-08-20 15:20:38 [173/662/662] [libapr-util] Now cached 296436 bytes as libapr-util.49a4b157f005359ae57e48541c4f16b09d64f6cfc384176f7f6ba07c03b93dac
3 15-08-20 15:20:38 [173/662/662] [libapr-util] Elapsed time for artifact creation 00:00:00
3 15-08-20 15:20:39 [173/662/662] [libapr-util] Cleaned up /src/tmp/tmpuAyX6h
3 15-08-20 15:20:39 [173/662/662] [libapr-util] Elapsed time for assembly 00:00:27
3 15-08-20 15:20:39 [173/662/662] [lorry] Installing libapr-util.49a4b157f005359ae57e48541c4f16b09d64f6cfc384176f7f6ba07c03b93dac 
3 15-08-20 15:20:39 [173/662/662] [libapr-util] loaded metadata for strata/lorry/libapr-util.morph
3 15-08-20 15:20:39 [173/662/662] [perl-dbd-sqlite-tarball] Starting assembly 
3 15-08-20 15:20:39 [173/662/662] [pcre-utils] loaded metadata for pcre-utils
3 15-08-20 15:20:39 [173/662/662] [perl-dbd-sqlite-tarball] Installing pcre-utils.a883abfc90c1b3d8b357e5c528272c077e7a573542144e9cd92ac1fc10f8c887 
3 15-08-20 15:20:39 [173/662/662] [python-cliapp] loaded metadata for python-cliapp
3 15-08-20 15:20:39 [173/662/662] [perl-dbd-sqlite-tarball] Installing python-cliapp.9061a4c0651cbb7152da09547e476fd77b47c72e9d3e520e2c7bce120d68469c 
3 15-08-20 15:20:40 [173/662/662] [foundation] loaded metadata for foundation
3 15-08-20 15:20:40 [173/662/662] [perl-dbd-sqlite-tarball] Installing foundation.5666f4ec3a65337a6140ea4cf9af8375143ffed67bee31ebd543d01893dd7007 
3 15-08-20 15:20:40 [173/662/662] [perl-dbi-tarball] Starting assembly 
3 15-08-20 15:20:40 [173/662/662] [python-cliapp] loaded metadata for python-cliapp
3 15-08-20 15:20:40 [173/662/662] [perl-dbi-tarball] Installing python-cliapp.9061a4c0651cbb7152da09547e476fd77b47c72e9d3e520e2c7bce120d68469c 
3 15-08-20 15:20:40 [173/662/662] [pcre-utils] loaded metadata for pcre-utils
3 15-08-20 15:20:40 [173/662/662] [perl-dbi-tarball] Installing pcre-utils.a883abfc90c1b3d8b357e5c528272c077e7a573542144e9cd92ac1fc10f8c887 
3 15-08-20 15:20:40 [173/662/662] [foundation] loaded metadata for foundation
3 15-08-20 15:20:40 [173/662/662] [perl-dbi-tarball] Installing foundation.5666f4ec3a65337a6140ea4cf9af8375143ffed67bee31ebd543d01893dd7007 
3 15-08-20 15:20:40 [174/662/662] [perl-dbi-tarball] Starting build 
3 15-08-20 15:20:40 [174/662/662] [perl-dbi-tarball] Git checkout upstream:perl-dbi-tarball in /src/tmp/tmpE2WLAk/perl-dbi-tarball.build 
3 15-08-20 15:20:40 [174/662/662] [perl-dbi-tarball] Upstream version 09e269cf DBI-1.622-1-g09e269c (DBI-1.622 + 1 commits) 
3 15-08-20 15:20:40 [174/662/662] [perl-dbi-tarball] Defined build system is cpan
3 15-08-20 15:20:40 [174/662/662] [perl-dbi-tarball] Logging build commands to /src/artifacts/perl-dbi-tarball.85137e8f2829dcacd3ff55fa7ff215506dcb1fcb413f9038e7b188c8011742a7.build-log.3 
3 15-08-20 15:20:40 [174/662/662] [perl-dbi-tarball] Running configure-commands
3 15-08-20 15:20:40 [174/662/662] [perl-dbi-tarball] Running command:
perl Makefile.PL INSTALLDIRS=perl \
    INSTALLARCHLIB="$PREFIX/lib/perl" \
    INSTALLPRIVLIB="$PREFIX/lib/perl" \
    INSTALLBIN="$PREFIX/bin" \
    INSTALLSCRIPT="$PREFIX/bin" \
    INSTALLMAN1DIR="$PREFIX/share/man/man1" \
    INSTALLMAN3DIR="$PREFIX/share/man/man3"
 
3 15-08-20 15:20:41 [174/662/662] [perl-dbi-tarball] Running build-commands
3 15-08-20 15:20:41 [174/662/662] [perl-dbi-tarball] Running command:
make -j1 
3 15-08-20 15:20:45 [174/662/662] [perl-dbi-tarball] Running install-commands
3 15-08-20 15:20:45 [174/662/662] [perl-dbi-tarball] Running command:
make DESTDIR="$DESTDIR" install 
3 15-08-20 15:20:46 [174/662/662] [perl-dbi-tarball] Running strip-commands
3 15-08-20 15:20:46 [174/662/662] [perl-dbi-tarball] Running command:
find "$DESTDIR" -type f \
  '(' -perm -111 -o -name '*.so*' -o -name '*.cmxs' -o -name '*.node' ')' \
  -exec sh -ec \
  'read -n4 hdr <"$1"   # check for elf header
  if [ "$hdr" != "$(printf \x7ELF)" ]; then
    exit 0
  fi
  debugfile="$DESTDIR$PREFIX/lib/debug/$(basename "$1")"
  mkdir -p "$(dirname "$debugfile")"
  objcopy --only-keep-debug "$1" "$debugfile"
  chmod 644 "$debugfile"
  strip --remove-section=.comment --remove-section=.note --strip-unneeded "$1"
  objcopy --add-gnu-debuglink "$debugfile" "$1"' - {} ';'
 
3 15-08-20 15:20:46 [174/662/662] [perl-dbi-tarball] Elapsed time for build 00:00:05
3 15-08-20 15:20:46 [174/662/662] [perl-dbi-tarball] Starting artifact creation 
3 15-08-20 15:20:46 [174/662/662] [perl-dbi-tarball] splitting chunk 
3 15-08-20 15:20:46 [174/662/662] [perl-dbi-tarball] Now cached 738538 bytes as perl-dbi-tarball.85137e8f2829dcacd3ff55fa7ff215506dcb1fcb413f9038e7b188c8011742a7
3 15-08-20 15:20:46 [174/662/662] [perl-dbi-tarball] Elapsed time for artifact creation 00:00:00
3 15-08-20 15:20:46 [174/662/662] [perl-dbi-tarball] Cleaned up /src/tmp/tmpE2WLAk
3 15-08-20 15:20:46 [174/662/662] [perl-dbi-tarball] Elapsed time for assembly 00:00:06
3 15-08-20 15:20:46 [174/662/662] [perl-dbd-sqlite-tarball] Installing perl-dbi-tarball.85137e8f2829dcacd3ff55fa7ff215506dcb1fcb413f9038e7b188c8011742a7 
3 15-08-20 15:20:46 [174/662/662] [perl-dbi-tarball] loaded metadata for strata/lorry/perl-dbi-tarball.morph
3 15-08-20 15:20:46 [175/662/662] [perl-dbd-sqlite-tarball] Starting build 
3 15-08-20 15:20:47 [175/662/662] [perl-dbd-sqlite-tarball] Git checkout upstream:perl-dbd-sqlite-tarball in /src/tmp/tmpU0T33H/perl-dbd-sqlite-tarball.build 
3 15-08-20 15:20:47 [175/662/662] [perl-dbd-sqlite-tarball] Upstream version 485b97be DBD-SQLite-1.38_01 (DBD-SQLite-1.38_01 + 0 commits) 
3 15-08-20 15:20:47 [175/662/662] [perl-dbd-sqlite-tarball] Autodetected build system is cpan
3 15-08-20 15:20:47 [175/662/662] [perl-dbd-sqlite-tarball] Logging build commands to /src/artifacts/perl-dbd-sqlite-tarball.7d65aaefd0362962732ed02a9906871276fa41ff1e784eb850040ec731170c54.build-log.3 
3 15-08-20 15:20:47 [175/662/662] [perl-dbd-sqlite-tarball] Running configure-commands
3 15-08-20 15:20:47 [175/662/662] [perl-dbd-sqlite-tarball] Running command:
perl Makefile.PL INSTALLDIRS=perl \
    INSTALLARCHLIB="$PREFIX/lib/perl" \
    INSTALLPRIVLIB="$PREFIX/lib/perl" \
    INSTALLBIN="$PREFIX/bin" \
    INSTALLSCRIPT="$PREFIX/bin" \
    INSTALLMAN1DIR="$PREFIX/share/man/man1" \
    INSTALLMAN3DIR="$PREFIX/share/man/man3"
 
3 15-08-20 15:20:47 [175/662/662] [perl-dbd-sqlite-tarball] Running build-commands
3 15-08-20 15:20:47 [175/662/662] [perl-dbd-sqlite-tarball] Running command:
make 
3 15-08-20 15:21:03 [175/662/662] [perl-dbd-sqlite-tarball] Running install-commands
3 15-08-20 15:21:03 [175/662/662] [perl-dbd-sqlite-tarball] Running command:
make DESTDIR="$DESTDIR" install 
3 15-08-20 15:21:03 [175/662/662] [perl-dbd-sqlite-tarball] Running strip-commands
3 15-08-20 15:21:03 [175/662/662] [perl-dbd-sqlite-tarball] Running command:
find "$DESTDIR" -type f \
  '(' -perm -111 -o -name '*.so*' -o -name '*.cmxs' -o -name '*.node' ')' \
  -exec sh -ec \
  'read -n4 hdr <"$1"   # check for elf header
  if [ "$hdr" != "$(printf \x7ELF)" ]; then
    exit 0
  fi
  debugfile="$DESTDIR$PREFIX/lib/debug/$(basename "$1")"
  mkdir -p "$(dirname "$debugfile")"
  objcopy --only-keep-debug "$1" "$debugfile"
  chmod 644 "$debugfile"
  strip --remove-section=.comment --remove-section=.note --strip-unneeded "$1"
  objcopy --add-gnu-debuglink "$debugfile" "$1"' - {} ';'
 
3 15-08-20 15:21:03 [175/662/662] [perl-dbd-sqlite-tarball] Elapsed time for build 00:00:16
3 15-08-20 15:21:03 [175/662/662] [perl-dbd-sqlite-tarball] Starting artifact creation 
3 15-08-20 15:21:03 [175/662/662] [perl-dbd-sqlite-tarball] splitting chunk 
3 15-08-20 15:21:04 [175/662/662] [perl-dbd-sqlite-tarball] Now cached 1830879 bytes as perl-dbd-sqlite-tarball.7d65aaefd0362962732ed02a9906871276fa41ff1e784eb850040ec731170c54
3 15-08-20 15:21:04 [175/662/662] [perl-dbd-sqlite-tarball] Elapsed time for artifact creation 00:00:00
3 15-08-20 15:21:04 [175/662/662] [perl-dbd-sqlite-tarball] Cleaned up /src/tmp/tmpU0T33H
3 15-08-20 15:21:04 [175/662/662] [perl-dbd-sqlite-tarball] Elapsed time for assembly 00:00:25
3 15-08-20 15:21:04 [175/662/662] [lorry] Installing perl-dbd-sqlite-tarball.7d65aaefd0362962732ed02a9906871276fa41ff1e784eb850040ec731170c54 
3 15-08-20 15:21:04 [175/662/662] [perl-dbd-sqlite-tarball] loaded metadata for perl-dbd-sqlite-tarball
3 15-08-20 15:21:04 [175/662/662] [bzr-fastimport] Starting assembly 
3 15-08-20 15:21:04 [175/662/662] [python-fastimport] Starting assembly 
3 15-08-20 15:21:04 [175/662/662] [pcre-utils] loaded metadata for pcre-utils
3 15-08-20 15:21:04 [175/662/662] [python-fastimport] Installing pcre-utils.a883abfc90c1b3d8b357e5c528272c077e7a573542144e9cd92ac1fc10f8c887 
3 15-08-20 15:21:05 [175/662/662] [python-cliapp] loaded metadata for python-cliapp
3 15-08-20 15:21:05 [175/662/662] [python-fastimport] Installing python-cliapp.9061a4c0651cbb7152da09547e476fd77b47c72e9d3e520e2c7bce120d68469c 
3 15-08-20 15:21:05 [175/662/662] [foundation] loaded metadata for foundation
3 15-08-20 15:21:05 [175/662/662] [python-fastimport] Installing foundation.5666f4ec3a65337a6140ea4cf9af8375143ffed67bee31ebd543d01893dd7007 
3 15-08-20 15:21:05 [176/662/662] [python-fastimport] Starting build 
3 15-08-20 15:21:05 [176/662/662] [python-fastimport] Git checkout upstream:python-fastimport in /src/tmp/tmpnkd5KW/python-fastimport.build 
3 15-08-20 15:21:05 [176/662/662] [python-fastimport] Upstream version 6500a5e7 fastimport-0.9.2-1-g6500a5e (fastimport-0.9.2 + 1 commits) 
3 15-08-20 15:21:05 [176/662/662] [python-fastimport] Autodetected build system is python-distutils
3 15-08-20 15:21:05 [176/662/662] [python-fastimport] Logging build commands to /src/artifacts/python-fastimport.2c2095883d17a1852a2804307680a82afa18a3bde1efc427abeb3f10c3773f1e.build-log.3 
3 15-08-20 15:21:05 [176/662/662] [python-fastimport] Running build-commands
3 15-08-20 15:21:05 [176/662/662] [python-fastimport] Running command:
python setup.py build 
3 15-08-20 15:21:05 [176/662/662] [python-fastimport] Running install-commands
3 15-08-20 15:21:05 [176/662/662] [python-fastimport] Running command:
python setup.py install --prefix "$PREFIX" --root "$DESTDIR" 
3 15-08-20 15:21:05 [176/662/662] [python-fastimport] Running strip-commands
3 15-08-20 15:21:05 [176/662/662] [python-fastimport] Running command:
find "$DESTDIR" -type f \
  '(' -perm -111 -o -name '*.so*' -o -name '*.cmxs' -o -name '*.node' ')' \
  -exec sh -ec \
  'read -n4 hdr <"$1"   # check for elf header
  if [ "$hdr" != "$(printf \x7ELF)" ]; then
    exit 0
  fi
  debugfile="$DESTDIR$PREFIX/lib/debug/$(basename "$1")"
  mkdir -p "$(dirname "$debugfile")"
  objcopy --only-keep-debug "$1" "$debugfile"
  chmod 644 "$debugfile"
  strip --remove-section=.comment --remove-section=.note --strip-unneeded "$1"
  objcopy --add-gnu-debuglink "$debugfile" "$1"' - {} ';'
 
3 15-08-20 15:21:05 [176/662/662] [python-fastimport] Elapsed time for build 00:00:00
3 15-08-20 15:21:05 [176/662/662] [python-fastimport] Starting artifact creation 
3 15-08-20 15:21:05 [176/662/662] [python-fastimport] splitting chunk 
3 15-08-20 15:21:05 [176/662/662] [python-fastimport] Now cached 52568 bytes as python-fastimport.2c2095883d17a1852a2804307680a82afa18a3bde1efc427abeb3f10c3773f1e
3 15-08-20 15:21:05 [176/662/662] [python-fastimport] Elapsed time for artifact creation 00:00:00
3 15-08-20 15:21:06 [176/662/662] [python-fastimport] Cleaned up /src/tmp/tmpnkd5KW
3 15-08-20 15:21:06 [176/662/662] [python-fastimport] Elapsed time for assembly 00:00:01
3 15-08-20 15:21:06 [176/662/662] [bzr-fastimport] Installing python-fastimport.2c2095883d17a1852a2804307680a82afa18a3bde1efc427abeb3f10c3773f1e 
3 15-08-20 15:21:06 [176/662/662] [python-fastimport] loaded metadata for python-fastimport
3 15-08-20 15:21:06 [176/662/662] [pcre-utils] loaded metadata for pcre-utils
3 15-08-20 15:21:06 [176/662/662] [foundation] loaded metadata for foundation
3 15-08-20 15:21:06 [176/662/662] [bzr-tarball] Starting assembly 
3 15-08-20 15:21:06 [176/662/662] [pcre-utils] loaded metadata for pcre-utils
3 15-08-20 15:21:06 [176/662/662] [bzr-tarball] Installing pcre-utils.a883abfc90c1b3d8b357e5c528272c077e7a573542144e9cd92ac1fc10f8c887 
3 15-08-20 15:21:07 [176/662/662] [python-cliapp] loaded metadata for python-cliapp
3 15-08-20 15:21:07 [176/662/662] [bzr-tarball] Installing python-cliapp.9061a4c0651cbb7152da09547e476fd77b47c72e9d3e520e2c7bce120d68469c 
3 15-08-20 15:21:07 [176/662/662] [foundation] loaded metadata for foundation
3 15-08-20 15:21:07 [176/662/662] [bzr-tarball] Installing foundation.5666f4ec3a65337a6140ea4cf9af8375143ffed67bee31ebd543d01893dd7007 
3 15-08-20 15:21:07 [177/662/662] [bzr-tarball] Starting build 
3 15-08-20 15:21:08 [177/662/662] [bzr-tarball] Git checkout upstream:bzr-tarball in /src/tmp/tmpiYFOLp/bzr-tarball.build 
3 15-08-20 15:21:08 [177/662/662] [bzr-tarball] Upstream version e61c7edb bzr-2.6b2 (bzr-2.6b2 + 0 commits) 
3 15-08-20 15:21:08 [177/662/662] [bzr-tarball] Autodetected build system is python-distutils
3 15-08-20 15:21:08 [177/662/662] [bzr-tarball] Logging build commands to /src/artifacts/bzr-tarball.63743ce8ef98da900d140ac4a033db696e822ae11ffc287085e2c79a4d71e4f9.build-log.3 
3 15-08-20 15:21:08 [177/662/662] [bzr-tarball] Running build-commands
3 15-08-20 15:21:08 [177/662/662] [bzr-tarball] Running command:
python setup.py build 
3 15-08-20 15:21:26 [177/662/662] [bzr-tarball] Running install-commands
3 15-08-20 15:21:26 [177/662/662] [bzr-tarball] Running command:
python setup.py install --prefix "$PREFIX" --root "$DESTDIR" 
3 15-08-20 15:21:28 [177/662/662] [bzr-tarball] Running strip-commands
3 15-08-20 15:21:28 [177/662/662] [bzr-tarball] Running command:
find "$DESTDIR" -type f \
  '(' -perm -111 -o -name '*.so*' -o -name '*.cmxs' -o -name '*.node' ')' \
  -exec sh -ec \
  'read -n4 hdr <"$1"   # check for elf header
  if [ "$hdr" != "$(printf \x7ELF)" ]; then
    exit 0
  fi
  debugfile="$DESTDIR$PREFIX/lib/debug/$(basename "$1")"
  mkdir -p "$(dirname "$debugfile")"
  objcopy --only-keep-debug "$1" "$debugfile"
  chmod 644 "$debugfile"
  strip --remove-section=.comment --remove-section=.note --strip-unneeded "$1"
  objcopy --add-gnu-debuglink "$debugfile" "$1"' - {} ';'
 
3 15-08-20 15:21:29 [177/662/662] [bzr-tarball] Elapsed time for build 00:00:21
3 15-08-20 15:21:29 [177/662/662] [bzr-tarball] Starting artifact creation 
3 15-08-20 15:21:29 [177/662/662] [bzr-tarball] splitting chunk 
3 15-08-20 15:21:35 [177/662/662] [bzr-tarball] Now cached 7653891 bytes as bzr-tarball.63743ce8ef98da900d140ac4a033db696e822ae11ffc287085e2c79a4d71e4f9
3 15-08-20 15:21:35 [177/662/662] [bzr-tarball] Elapsed time for artifact creation 00:00:06
3 15-08-20 15:21:35 [177/662/662] [bzr-tarball] Cleaned up /src/tmp/tmpiYFOLp
3 15-08-20 15:21:35 [177/662/662] [bzr-tarball] Elapsed time for assembly 00:00:28
3 15-08-20 15:21:35 [177/662/662] [bzr-fastimport] Installing bzr-tarball.63743ce8ef98da900d140ac4a033db696e822ae11ffc287085e2c79a4d71e4f9 
3 15-08-20 15:21:35 [177/662/662] [bzr-tarball] loaded metadata for bzr-tarball
3 15-08-20 15:21:36 [177/662/662] [python-cliapp] loaded metadata for python-cliapp
3 15-08-20 15:21:36 [178/662/662] [bzr-fastimport] Starting build 
3 15-08-20 15:21:36 [178/662/662] [bzr-fastimport] Git checkout upstream:bzr-fastimport in /src/tmp/tmp46TT8G/bzr-fastimport.build 
3 15-08-20 15:21:36 [178/662/662] [bzr-fastimport] Upstream version b3cda996 release-0.13.0-3-gb3cda99 (release-0.13.0 + 3 commits) 
3 15-08-20 15:21:36 [178/662/662] [bzr-fastimport] Autodetected build system is python-distutils
3 15-08-20 15:21:36 [178/662/662] [bzr-fastimport] Logging build commands to /src/artifacts/bzr-fastimport.b7b313bc9b9b28bb1dcb5505385182ef1500ddbc38d5eb758c539b6162b2e2a4.build-log.3 
3 15-08-20 15:21:36 [178/662/662] [bzr-fastimport] Running build-commands
3 15-08-20 15:21:36 [178/662/662] [bzr-fastimport] Running command:
python setup.py build 
3 15-08-20 15:21:36 [178/662/662] [bzr-fastimport] Running install-commands
3 15-08-20 15:21:36 [178/662/662] [bzr-fastimport] Running command:
python setup.py install --prefix "$PREFIX" --root "$DESTDIR" 
3 15-08-20 15:21:36 [178/662/662] [bzr-fastimport] Running strip-commands
3 15-08-20 15:21:36 [178/662/662] [bzr-fastimport] Running command:
find "$DESTDIR" -type f \
  '(' -perm -111 -o -name '*.so*' -o -name '*.cmxs' -o -name '*.node' ')' \
  -exec sh -ec \
  'read -n4 hdr <"$1"   # check for elf header
  if [ "$hdr" != "$(printf \x7ELF)" ]; then
    exit 0
  fi
  debugfile="$DESTDIR$PREFIX/lib/debug/$(basename "$1")"
  mkdir -p "$(dirname "$debugfile")"
  objcopy --only-keep-debug "$1" "$debugfile"
  chmod 644 "$debugfile"
  strip --remove-section=.comment --remove-section=.note --strip-unneeded "$1"
  objcopy --add-gnu-debuglink "$debugfile" "$1"' - {} ';'
 
3 15-08-20 15:21:36 [178/662/662] [bzr-fastimport] Elapsed time for build 00:00:00
3 15-08-20 15:21:36 [178/662/662] [bzr-fastimport] Starting artifact creation 
3 15-08-20 15:21:36 [178/662/662] [bzr-fastimport] splitting chunk 
3 15-08-20 15:21:36 [178/662/662] [bzr-fastimport] Now cached 129227 bytes as bzr-fastimport.b7b313bc9b9b28bb1dcb5505385182ef1500ddbc38d5eb758c539b6162b2e2a4
3 15-08-20 15:21:36 [178/662/662] [bzr-fastimport] Elapsed time for artifact creation 00:00:00
3 15-08-20 15:21:36 [178/662/662] [bzr-fastimport] Cleaned up /src/tmp/tmp46TT8G
3 15-08-20 15:21:36 [178/662/662] [bzr-fastimport] Elapsed time for assembly 00:00:32
3 15-08-20 15:21:36 [178/662/662] [lorry] Installing bzr-fastimport.b7b313bc9b9b28bb1dcb5505385182ef1500ddbc38d5eb758c539b6162b2e2a4 
3 15-08-20 15:21:36 [178/662/662] [bzr-fastimport] loaded metadata for bzr-fastimport
3 15-08-20 15:21:37 [178/662/662] [cvs-tarball] Starting assembly 
3 15-08-20 15:21:37 [178/662/662] [python-cliapp] loaded metadata for python-cliapp
3 15-08-20 15:21:37 [178/662/662] [cvs-tarball] Installing python-cliapp.9061a4c0651cbb7152da09547e476fd77b47c72e9d3e520e2c7bce120d68469c 
3 15-08-20 15:21:37 [178/662/662] [pcre-utils] loaded metadata for pcre-utils
3 15-08-20 15:21:37 [178/662/662] [cvs-tarball] Installing pcre-utils.a883abfc90c1b3d8b357e5c528272c077e7a573542144e9cd92ac1fc10f8c887 
3 15-08-20 15:21:37 [178/662/662] [foundation] loaded metadata for foundation
3 15-08-20 15:21:37 [178/662/662] [cvs-tarball] Installing foundation.5666f4ec3a65337a6140ea4cf9af8375143ffed67bee31ebd543d01893dd7007 
3 15-08-20 15:21:37 [179/662/662] [cvs-tarball] Starting build 
3 15-08-20 15:21:38 [179/662/662] [cvs-tarball] Git checkout upstream:cvs-tarball in /src/tmp/tmpVKtE1P/cvs-tarball.build 
3 15-08-20 15:21:38 [179/662/662] [cvs-tarball] Upstream version ca4cd317 (No tag found) 
3 15-08-20 15:21:38 [179/662/662] [cvs-tarball] Defined build system is autotools
3 15-08-20 15:21:38 [179/662/662] [cvs-tarball] Logging build commands to /src/artifacts/cvs-tarball.dda70b7fb011e196d615de7d11e7cb86f63e712ccb1273144cc43917cf4053d5.build-log.3 
3 15-08-20 15:21:38 [179/662/662] [cvs-tarball] Running pre-configure-commands
3 15-08-20 15:21:38 [179/662/662] [cvs-tarball] Running command:
cp /usr/share/automake*/config.guess build-aux 
3 15-08-20 15:21:38 [179/662/662] [cvs-tarball] Running command:
cp /usr/share/automake*/config.sub build-aux 
3 15-08-20 15:21:38 [179/662/662] [cvs-tarball] Running configure-commands
3 15-08-20 15:21:38 [179/662/662] [cvs-tarball] Running command:
YACC='bison -y' ./configure --prefix "$PREFIX" --with-external-zlib --without-gssapi --without-krb4 --disable-dependency-tracking --disable-nls --disable-rpath --enable-rootcommit 
3 15-08-20 15:22:54 [179/662/662] [cvs-tarball] Running build-commands
3 15-08-20 15:22:54 [179/662/662] [cvs-tarball] Running command:
make 
3 15-08-20 15:22:59 [179/662/662] [cvs-tarball] Running install-commands
3 15-08-20 15:22:59 [179/662/662] [cvs-tarball] Running command:
make DESTDIR="$DESTDIR" install 
3 15-08-20 15:22:59 [179/662/662] [cvs-tarball] Running strip-commands
3 15-08-20 15:22:59 [179/662/662] [cvs-tarball] Running command:
find "$DESTDIR" -type f \
  '(' -perm -111 -o -name '*.so*' -o -name '*.cmxs' -o -name '*.node' ')' \
  -exec sh -ec \
  'read -n4 hdr <"$1"   # check for elf header
  if [ "$hdr" != "$(printf \x7ELF)" ]; then
    exit 0
  fi
  debugfile="$DESTDIR$PREFIX/lib/debug/$(basename "$1")"
  mkdir -p "$(dirname "$debugfile")"
  objcopy --only-keep-debug "$1" "$debugfile"
  chmod 644 "$debugfile"
  strip --remove-section=.comment --remove-section=.note --strip-unneeded "$1"
  objcopy --add-gnu-debuglink "$debugfile" "$1"' - {} ';'
 
3 15-08-20 15:22:59 [179/662/662] [cvs-tarball] Elapsed time for build 00:01:21
3 15-08-20 15:22:59 [179/662/662] [cvs-tarball] Starting artifact creation 
3 15-08-20 15:22:59 [179/662/662] [cvs-tarball] splitting chunk 
3 15-08-20 15:23:01 [179/662/662] [cvs-tarball] Now cached 1345777 bytes as cvs-tarball.dda70b7fb011e196d615de7d11e7cb86f63e712ccb1273144cc43917cf4053d5
3 15-08-20 15:23:01 [179/662/662] [cvs-tarball] Elapsed time for artifact creation 00:00:01
3 15-08-20 15:23:01 [179/662/662] [cvs-tarball] Cleaned up /src/tmp/tmpVKtE1P
3 15-08-20 15:23:01 [179/662/662] [cvs-tarball] Elapsed time for assembly 00:01:24
3 15-08-20 15:23:01 [179/662/662] [lorry] Installing cvs-tarball.dda70b7fb011e196d615de7d11e7cb86f63e712ccb1273144cc43917cf4053d5 
3 15-08-20 15:23:01 [179/662/662] [cvs-tarball] loaded metadata for strata/lorry/cvs-tarball.morph
3 15-08-20 15:23:01 [179/662/662] [swig] Starting assembly 
3 15-08-20 15:23:01 [179/662/662] [foundation] loaded metadata for foundation
3 15-08-20 15:23:01 [179/662/662] [swig] Installing foundation.5666f4ec3a65337a6140ea4cf9af8375143ffed67bee31ebd543d01893dd7007 
3 15-08-20 15:23:02 [179/662/662] [pcre-utils] loaded metadata for pcre-utils
3 15-08-20 15:23:02 [179/662/662] [swig] Installing pcre-utils.a883abfc90c1b3d8b357e5c528272c077e7a573542144e9cd92ac1fc10f8c887 
3 15-08-20 15:23:02 [179/662/662] [python-cliapp] loaded metadata for python-cliapp
3 15-08-20 15:23:02 [179/662/662] [swig] Installing python-cliapp.9061a4c0651cbb7152da09547e476fd77b47c72e9d3e520e2c7bce120d68469c 
3 15-08-20 15:23:02 [180/662/662] [swig] Starting build 
3 15-08-20 15:23:02 [180/662/662] [swig] Git checkout upstream:swig in /src/tmp/tmpO2V4F8/swig.build 
3 15-08-20 15:23:02 [180/662/662] [swig] Upstream version 4e235957 rel-3.0.6 (rel-3.0.6 + 0 commits) 
3 15-08-20 15:23:02 [180/662/662] [swig] Defined build system is autotools
3 15-08-20 15:23:02 [180/662/662] [swig] Logging build commands to /src/artifacts/swig.29758441711fbe695b5e8efb7ed29c100d50000678a4fd25b2e67da7267303f7.build-log.3 
3 15-08-20 15:23:02 [180/662/662] [swig] Running pre-configure-commands
3 15-08-20 15:23:02 [180/662/662] [swig] Running command:
./autogen.sh 
3 15-08-20 15:23:06 [180/662/662] [swig] Running configure-commands
3 15-08-20 15:23:06 [180/662/662] [swig] Running command:
./configure --prefix="$PREFIX" --disable-ccache 
3 15-08-20 15:23:09 [180/662/662] [swig] Running build-commands
3 15-08-20 15:23:09 [180/662/662] [swig] Running command:
make 
3 15-08-20 15:23:13 [180/662/662] [swig] Running install-commands
3 15-08-20 15:23:13 [180/662/662] [swig] Running command:
make DESTDIR="$DESTDIR" install 
3 15-08-20 15:23:16 [180/662/662] [swig] Running strip-commands
3 15-08-20 15:23:16 [180/662/662] [swig] Running command:
find "$DESTDIR" -type f \
  '(' -perm -111 -o -name '*.so*' -o -name '*.cmxs' -o -name '*.node' ')' \
  -exec sh -ec \
  'read -n4 hdr <"$1"   # check for elf header
  if [ "$hdr" != "$(printf \x7ELF)" ]; then
    exit 0
  fi
  debugfile="$DESTDIR$PREFIX/lib/debug/$(basename "$1")"
  mkdir -p "$(dirname "$debugfile")"
  objcopy --only-keep-debug "$1" "$debugfile"
  chmod 644 "$debugfile"
  strip --remove-section=.comment --remove-section=.note --strip-unneeded "$1"
  objcopy --add-gnu-debuglink "$debugfile" "$1"' - {} ';'
 
3 15-08-20 15:23:16 [180/662/662] [swig] Elapsed time for build 00:00:14
3 15-08-20 15:23:16 [180/662/662] [swig] Starting artifact creation 
3 15-08-20 15:23:16 [180/662/662] [swig] splitting chunk 
3 15-08-20 15:23:18 [180/662/662] [swig] Now cached 2539728 bytes as swig.29758441711fbe695b5e8efb7ed29c100d50000678a4fd25b2e67da7267303f7
3 15-08-20 15:23:18 [180/662/662] [swig] Elapsed time for artifact creation 00:00:02
3 15-08-20 15:23:19 [180/662/662] [swig] Cleaned up /src/tmp/tmpO2V4F8
3 15-08-20 15:23:19 [180/662/662] [swig] Elapsed time for assembly 00:00:17
3 15-08-20 15:23:19 [180/662/662] [lorry] Installing swig.29758441711fbe695b5e8efb7ed29c100d50000678a4fd25b2e67da7267303f7 
3 15-08-20 15:23:19 [180/662/662] [swig] loaded metadata for strata/lorry/swig.morph
3 15-08-20 15:23:19 [180/662/662] [hg-fast-export] Starting assembly 
3 15-08-20 15:23:19 [180/662/662] [foundation] loaded metadata for foundation
3 15-08-20 15:23:19 [180/662/662] [hg-fast-export] Installing foundation.5666f4ec3a65337a6140ea4cf9af8375143ffed67bee31ebd543d01893dd7007 
3 15-08-20 15:23:20 [180/662/662] [mercurial-tarball] Starting assembly 
3 15-08-20 15:23:20 [180/662/662] [foundation] loaded metadata for foundation
3 15-08-20 15:23:20 [180/662/662] [mercurial-tarball] Installing foundation.5666f4ec3a65337a6140ea4cf9af8375143ffed67bee31ebd543d01893dd7007 
3 15-08-20 15:23:20 [180/662/662] [python-cliapp] loaded metadata for python-cliapp
3 15-08-20 15:23:20 [180/662/662] [mercurial-tarball] Installing python-cliapp.9061a4c0651cbb7152da09547e476fd77b47c72e9d3e520e2c7bce120d68469c 
3 15-08-20 15:23:20 [180/662/662] [pcre-utils] loaded metadata for pcre-utils
3 15-08-20 15:23:20 [180/662/662] [mercurial-tarball] Installing pcre-utils.a883abfc90c1b3d8b357e5c528272c077e7a573542144e9cd92ac1fc10f8c887 
3 15-08-20 15:23:20 [181/662/662] [mercurial-tarball] Starting build 
3 15-08-20 15:23:21 [181/662/662] [mercurial-tarball] Git checkout upstream:mercurial-tarball in /src/tmp/tmpYi1v5u/mercurial-tarball.build 
3 15-08-20 15:23:21 [181/662/662] [mercurial-tarball] Upstream version 4b0aa73b mercurial-1.9.3-4-g4b0aa73 (mercurial-1.9.3 + 4 commits) 
3 15-08-20 15:23:21 [181/662/662] [mercurial-tarball] Defined build system is manual
3 15-08-20 15:23:21 [181/662/662] [mercurial-tarball] Logging build commands to /src/artifacts/mercurial-tarball.bf075f37d5f72bd345fc3fc9c8b1113a294c23074b35ec00936658b6713e38e7.build-log.3 
3 15-08-20 15:23:21 [181/662/662] [mercurial-tarball] Running build-commands
3 15-08-20 15:23:21 [181/662/662] [mercurial-tarball] Running command:
make build PREFIX="$PREFIX" 
3 15-08-20 15:23:23 [181/662/662] [mercurial-tarball] Running install-commands
3 15-08-20 15:23:23 [181/662/662] [mercurial-tarball] Running command:
make install-bin PREFIX="$PREFIX" DESTDIR="$DESTDIR" 
3 15-08-20 15:23:23 [181/662/662] [mercurial-tarball] Elapsed time for build 00:00:02
3 15-08-20 15:23:23 [181/662/662] [mercurial-tarball] Starting artifact creation 
3 15-08-20 15:23:23 [181/662/662] [mercurial-tarball] splitting chunk 
3 15-08-20 15:23:25 [181/662/662] [mercurial-tarball] Now cached 2466989 bytes as mercurial-tarball.bf075f37d5f72bd345fc3fc9c8b1113a294c23074b35ec00936658b6713e38e7
3 15-08-20 15:23:25 [181/662/662] [mercurial-tarball] Elapsed time for artifact creation 00:00:01
3 15-08-20 15:23:25 [181/662/662] [mercurial-tarball] Cleaned up /src/tmp/tmpYi1v5u
3 15-08-20 15:23:25 [181/662/662] [mercurial-tarball] Elapsed time for assembly 00:00:05
3 15-08-20 15:23:25 [181/662/662] [hg-fast-export] Installing mercurial-tarball.bf075f37d5f72bd345fc3fc9c8b1113a294c23074b35ec00936658b6713e38e7 
3 15-08-20 15:23:25 [181/662/662] [mercurial-tarball] loaded metadata for strata/lorry/mercurial-tarball.morph
3 15-08-20 15:23:26 [181/662/662] [pcre-utils] loaded metadata for pcre-utils
3 15-08-20 15:23:26 [181/662/662] [python-cliapp] loaded metadata for python-cliapp
3 15-08-20 15:23:26 [182/662/662] [hg-fast-export] Starting build 
3 15-08-20 15:23:26 [182/662/662] [hg-fast-export] Git checkout upstream:hg-fast-export in /src/tmp/tmpdBm5pd/hg-fast-export.build 
3 15-08-20 15:23:26 [182/662/662] [hg-fast-export] Upstream version 09a472aa debian/20120618-1-6-g09a472a (debian/20120618-1 + 6 commits) 
3 15-08-20 15:23:26 [182/662/662] [hg-fast-export] Defined build system is manual
3 15-08-20 15:23:26 [182/662/662] [hg-fast-export] Logging build commands to /src/artifacts/hg-fast-export.864128a237fbba7a45a75e52c77d5b8981f65e6433e3f3c672d1d5e127094c65.build-log.3 
3 15-08-20 15:23:26 [182/662/662] [hg-fast-export] Running install-commands
3 15-08-20 15:23:26 [182/662/662] [hg-fast-export] Running command:
install -d "$DESTDIR/$PREFIX/bin" 
3 15-08-20 15:23:26 [182/662/662] [hg-fast-export] Running command:
install -m 0755 hg-fast-export.py "$DESTDIR/$PREFIX/bin/" 
3 15-08-20 15:23:26 [182/662/662] [hg-fast-export] Running command:
install -m 0755 hg-reset.py "$DESTDIR/$PREFIX/bin/" 
3 15-08-20 15:23:26 [182/662/662] [hg-fast-export] Running command:
install -m 0755 hg-fast-export.sh "$DESTDIR/$PREFIX/bin/hg-fast-export" 
3 15-08-20 15:23:26 [182/662/662] [hg-fast-export] Running command:
install -m 0755 hg-reset.sh "$DESTDIR/$PREFIX/bin/hg-reset" 
3 15-08-20 15:23:26 [182/662/662] [hg-fast-export] Running command:
install -d "$DESTDIR/$PREFIX/lib/python2.7/site-packages" 
3 15-08-20 15:23:26 [182/662/662] [hg-fast-export] Running command:
install -m 0644 hg2git.py "$DESTDIR/$PREFIX/lib/python2.7/site-packages/" 
3 15-08-20 15:23:26 [182/662/662] [hg-fast-export] Elapsed time for build 00:00:00
3 15-08-20 15:23:26 [182/662/662] [hg-fast-export] Starting artifact creation 
3 15-08-20 15:23:26 [182/662/662] [hg-fast-export] splitting chunk 
3 15-08-20 15:23:26 [182/662/662] [hg-fast-export] Now cached 8417 bytes as hg-fast-export.864128a237fbba7a45a75e52c77d5b8981f65e6433e3f3c672d1d5e127094c65
3 15-08-20 15:23:26 [182/662/662] [hg-fast-export] Elapsed time for artifact creation 00:00:00
3 15-08-20 15:23:27 [182/662/662] [hg-fast-export] Cleaned up /src/tmp/tmpdBm5pd
3 15-08-20 15:23:27 [182/662/662] [hg-fast-export] Elapsed time for assembly 00:00:07
3 15-08-20 15:23:27 [182/662/662] [lorry] Installing hg-fast-export.864128a237fbba7a45a75e52c77d5b8981f65e6433e3f3c672d1d5e127094c65 
3 15-08-20 15:23:27 [182/662/662] [hg-fast-export] loaded metadata for strata/lorry/hg-fast-export.morph
3 15-08-20 15:23:27 [182/662/662] [cvsps] Starting assembly 
3 15-08-20 15:23:27 [182/662/662] [foundation] loaded metadata for foundation
3 15-08-20 15:23:27 [182/662/662] [cvsps] Installing foundation.5666f4ec3a65337a6140ea4cf9af8375143ffed67bee31ebd543d01893dd7007 
3 15-08-20 15:23:27 [182/662/662] [pcre-utils] loaded metadata for pcre-utils
3 15-08-20 15:23:27 [182/662/662] [cvsps] Installing pcre-utils.a883abfc90c1b3d8b357e5c528272c077e7a573542144e9cd92ac1fc10f8c887 
3 15-08-20 15:23:27 [182/662/662] [python-cliapp] loaded metadata for python-cliapp
3 15-08-20 15:23:27 [182/662/662] [cvsps] Installing python-cliapp.9061a4c0651cbb7152da09547e476fd77b47c72e9d3e520e2c7bce120d68469c 
3 15-08-20 15:23:27 [183/662/662] [cvsps] Starting build 
3 15-08-20 15:23:27 [183/662/662] [cvsps] Git checkout upstream:cvsps in /src/tmp/tmpJMR7U0/cvsps.build 
3 15-08-20 15:23:27 [183/662/662] [cvsps] Upstream version 71c6d1f5 (No tag found) 
3 15-08-20 15:23:27 [183/662/662] [cvsps] Defined build system is manual
3 15-08-20 15:23:27 [183/662/662] [cvsps] Logging build commands to /src/artifacts/cvsps.8fca28775cb3ba04f4c822bea47e972eff44fc00b7b459de84c869ff3854c168.build-log.3 
3 15-08-20 15:23:27 [183/662/662] [cvsps] Running build-commands
3 15-08-20 15:23:27 [183/662/662] [cvsps] Running command:
make 
3 15-08-20 15:23:28 [183/662/662] [cvsps] Running install-commands
3 15-08-20 15:23:28 [183/662/662] [cvsps] Running command:
make install prefix="$DESTDIR$PREFIX" 
3 15-08-20 15:23:28 [183/662/662] [cvsps] Elapsed time for build 00:00:00
3 15-08-20 15:23:28 [183/662/662] [cvsps] Starting artifact creation 
3 15-08-20 15:23:28 [183/662/662] [cvsps] splitting chunk 
3 15-08-20 15:23:28 [183/662/662] [cvsps] Now cached 99177 bytes as cvsps.8fca28775cb3ba04f4c822bea47e972eff44fc00b7b459de84c869ff3854c168
3 15-08-20 15:23:28 [183/662/662] [cvsps] Elapsed time for artifact creation 00:00:00
3 15-08-20 15:23:28 [183/662/662] [cvsps] Cleaned up /src/tmp/tmpJMR7U0
3 15-08-20 15:23:28 [183/662/662] [cvsps] Elapsed time for assembly 00:00:01
3 15-08-20 15:23:28 [183/662/662] [lorry] Installing cvsps.8fca28775cb3ba04f4c822bea47e972eff44fc00b7b459de84c869ff3854c168 
3 15-08-20 15:23:28 [183/662/662] [cvsps] loaded metadata for strata/lorry/cvsps.morph
3 15-08-20 15:23:29 [183/662/662] [bzr-tarball] loaded metadata for bzr-tarball
3 15-08-20 15:23:29 [183/662/662] [mercurial-tarball] loaded metadata for mercurial-tarball
3 15-08-20 15:23:29 [183/662/662] [libserf] Starting assembly 
3 15-08-20 15:23:29 [183/662/662] [libapr] loaded metadata for libapr
3 15-08-20 15:23:29 [183/662/662] [libserf] Installing libapr.2bae6925d213f3ed2ff040296349b6fd358c96c1b11392ef6e0ffc83632f17f5 
3 15-08-20 15:23:30 [183/662/662] [libapr-util] loaded metadata for libapr-util
3 15-08-20 15:23:30 [183/662/662] [libserf] Installing libapr-util.49a4b157f005359ae57e48541c4f16b09d64f6cfc384176f7f6ba07c03b93dac 
3 15-08-20 15:23:30 [183/662/662] [python-cliapp] loaded metadata for python-cliapp
3 15-08-20 15:23:30 [183/662/662] [pcre-utils] loaded metadata for pcre-utils
3 15-08-20 15:23:30 [183/662/662] [foundation] loaded metadata for foundation
3 15-08-20 15:23:30 [184/662/662] [libserf] Starting build 
3 15-08-20 15:23:30 [184/662/662] [libserf] Git checkout upstream:libserf-tarball in /src/tmp/tmpUvreri/libserf.build 
3 15-08-20 15:23:30 [184/662/662] [libserf] Upstream version 6f61a1ac serf-1.1.0 (serf-1.1.0 + 0 commits) 
3 15-08-20 15:23:30 [184/662/662] [libserf] Defined build system is autotools
3 15-08-20 15:23:30 [184/662/662] [libserf] Logging build commands to /src/artifacts/libserf.be8e177d35f851bf922c69a2cbb6cffdb719fdacf8f29665057c8d48345e81f0.build-log.3 
3 15-08-20 15:23:30 [184/662/662] [libserf] Running pre-configure-commands
3 15-08-20 15:23:30 [184/662/662] [libserf] Running command:
cp /usr/share/automake*/config.guess build 
3 15-08-20 15:23:30 [184/662/662] [libserf] Running command:
cp /usr/share/automake*/config.sub build 
3 15-08-20 15:23:30 [184/662/662] [libserf] Running configure-commands
3 15-08-20 15:23:30 [184/662/662] [libserf] Running command:
export NOCONFIGURE=1
if [ -e autogen ]; then ./autogen
elif [ -e autogen.sh ]; then ./autogen.sh
elif [ ! -e ./configure ]; then autoreconf -ivf
fi
./configure --prefix="$PREFIX"
 
3 15-08-20 15:23:31 [184/662/662] [libserf] Running build-commands
3 15-08-20 15:23:31 [184/662/662] [libserf] Running command:
make 
3 15-08-20 15:23:32 [184/662/662] [libserf] Running install-commands
3 15-08-20 15:23:32 [184/662/662] [libserf] Running command:
make DESTDIR="$DESTDIR" install 
3 15-08-20 15:23:33 [184/662/662] [libserf] Running strip-commands
3 15-08-20 15:23:33 [184/662/662] [libserf] Running command:
find "$DESTDIR" -type f \
  '(' -perm -111 -o -name '*.so*' -o -name '*.cmxs' -o -name '*.node' ')' \
  -exec sh -ec \
  'read -n4 hdr <"$1"   # check for elf header
  if [ "$hdr" != "$(printf \x7ELF)" ]; then
    exit 0
  fi
  debugfile="$DESTDIR$PREFIX/lib/debug/$(basename "$1")"
  mkdir -p "$(dirname "$debugfile")"
  objcopy --only-keep-debug "$1" "$debugfile"
  chmod 644 "$debugfile"
  strip --remove-section=.comment --remove-section=.note --strip-unneeded "$1"
  objcopy --add-gnu-debuglink "$debugfile" "$1"' - {} ';'
 
3 15-08-20 15:23:33 [184/662/662] [libserf] Elapsed time for build 00:00:02
3 15-08-20 15:23:33 [184/662/662] [libserf] Starting artifact creation 
3 15-08-20 15:23:33 [184/662/662] [libserf] splitting chunk 
3 15-08-20 15:23:33 [184/662/662] [libserf] Now cached 169247 bytes as libserf.be8e177d35f851bf922c69a2cbb6cffdb719fdacf8f29665057c8d48345e81f0
3 15-08-20 15:23:33 [184/662/662] [libserf] Elapsed time for artifact creation 00:00:00
3 15-08-20 15:23:33 [184/662/662] [libserf] Cleaned up /src/tmp/tmpUvreri
3 15-08-20 15:23:33 [184/662/662] [libserf] Elapsed time for assembly 00:00:04
3 15-08-20 15:23:33 [184/662/662] [lorry] Installing libserf.be8e177d35f851bf922c69a2cbb6cffdb719fdacf8f29665057c8d48345e81f0 
3 15-08-20 15:23:33 [184/662/662] [libserf] loaded metadata for strata/lorry/libserf.morph
3 15-08-20 15:23:33 [184/662/662] [python-fastimport] loaded metadata for python-fastimport
3 15-08-20 15:23:33 [184/662/662] [lorry] Starting assembly 
3 15-08-20 15:23:33 [184/662/662] [cvs-tarball] loaded metadata for cvs-tarball
3 15-08-20 15:23:33 [184/662/662] [lorry] Installing cvs-tarball.dda70b7fb011e196d615de7d11e7cb86f63e712ccb1273144cc43917cf4053d5 
3 15-08-20 15:23:34 [184/662/662] [bzr-fastimport] loaded metadata for bzr-fastimport
3 15-08-20 15:23:34 [184/662/662] [lorry] Installing bzr-fastimport.b7b313bc9b9b28bb1dcb5505385182ef1500ddbc38d5eb758c539b6162b2e2a4 
3 15-08-20 15:23:34 [184/662/662] [mercurial-tarball] loaded metadata for mercurial-tarball
3 15-08-20 15:23:34 [184/662/662] [lorry] Installing mercurial-tarball.bf075f37d5f72bd345fc3fc9c8b1113a294c23074b35ec00936658b6713e38e7 
3 15-08-20 15:23:34 [184/662/662] [perl-dbd-sqlite-tarball] loaded metadata for perl-dbd-sqlite-tarball
3 15-08-20 15:23:34 [184/662/662] [lorry] Installing perl-dbd-sqlite-tarball.7d65aaefd0362962732ed02a9906871276fa41ff1e784eb850040ec731170c54 
3 15-08-20 15:23:34 [184/662/662] [cvsps] loaded metadata for cvsps
3 15-08-20 15:23:34 [184/662/662] [lorry] Installing cvsps.8fca28775cb3ba04f4c822bea47e972eff44fc00b7b459de84c869ff3854c168 
3 15-08-20 15:23:34 [184/662/662] [hg-fast-export] loaded metadata for hg-fast-export
3 15-08-20 15:23:34 [184/662/662] [lorry] Installing hg-fast-export.864128a237fbba7a45a75e52c77d5b8981f65e6433e3f3c672d1d5e127094c65 
3 15-08-20 15:23:34 [184/662/662] [pcre-utils] loaded metadata for pcre-utils
3 15-08-20 15:23:34 [184/662/662] [bzr-tarball] loaded metadata for bzr-tarball
3 15-08-20 15:23:34 [184/662/662] [python-cliapp] loaded metadata for python-cliapp
3 15-08-20 15:23:34 [184/662/662] [foundation] loaded metadata for foundation
3 15-08-20 15:23:34 [184/662/662] [perl-dbi-tarball] loaded metadata for perl-dbi-tarball
3 15-08-20 15:23:34 [184/662/662] [subversion-tarball] Starting assembly 
3 15-08-20 15:23:34 [184/662/662] [foundation] loaded metadata for foundation
3 15-08-20 15:23:34 [184/662/662] [subversion-tarball] Installing foundation.5666f4ec3a65337a6140ea4cf9af8375143ffed67bee31ebd543d01893dd7007 
3 15-08-20 15:23:35 [184/662/662] [neon] loaded metadata for neon
3 15-08-20 15:23:35 [184/662/662] [subversion-tarball] Installing neon.ecee7e1c88857311f9e4bb972081bc08d4f635fb311f74398712628ea77818ac 
3 15-08-20 15:23:35 [184/662/662] [libapr-util] loaded metadata for libapr-util
3 15-08-20 15:23:35 [184/662/662] [subversion-tarball] Installing libapr-util.49a4b157f005359ae57e48541c4f16b09d64f6cfc384176f7f6ba07c03b93dac 
3 15-08-20 15:23:35 [184/662/662] [pcre-utils] loaded metadata for pcre-utils
3 15-08-20 15:23:35 [184/662/662] [libserf] loaded metadata for libserf
3 15-08-20 15:23:35 [184/662/662] [subversion-tarball] Installing libserf.be8e177d35f851bf922c69a2cbb6cffdb719fdacf8f29665057c8d48345e81f0 
3 15-08-20 15:23:35 [184/662/662] [libapr] loaded metadata for libapr
3 15-08-20 15:23:35 [184/662/662] [swig] loaded metadata for swig
3 15-08-20 15:23:35 [184/662/662] [subversion-tarball] Installing swig.29758441711fbe695b5e8efb7ed29c100d50000678a4fd25b2e67da7267303f7 
3 15-08-20 15:23:35 [184/662/662] [python-cliapp] loaded metadata for python-cliapp
3 15-08-20 15:23:35 [185/662/662] [subversion-tarball] Starting build 
3 15-08-20 15:23:36 [185/662/662] [subversion-tarball] Git checkout upstream:subversion-tarball in /src/tmp/tmpvMcAAb/subversion-tarball.build 
3 15-08-20 15:23:36 [185/662/662] [subversion-tarball] Upstream version bb0ef45f subversion-1.8.13 (subversion-1.8.13 + 0 commits) 
3 15-08-20 15:23:36 [185/662/662] [subversion-tarball] Defined build system is autotools
3 15-08-20 15:23:36 [185/662/662] [subversion-tarball] Logging build commands to /src/artifacts/subversion-tarball.7ffd689a47847928dc0427d40f69ae7b1bd0b044dd3dab877aef52539c2490f7.build-log.3 
3 15-08-20 15:23:36 [185/662/662] [subversion-tarball] Running pre-configure-commands
3 15-08-20 15:23:36 [185/662/662] [subversion-tarball] Running command:
LIBTOOL_CONFIG=/usr/share/libtool/build-aux/ ./autogen.sh 
3 15-08-20 15:23:39 [185/662/662] [subversion-tarball] Running configure-commands
3 15-08-20 15:23:39 [185/662/662] [subversion-tarball] Running command:
python gen-make.py build.conf 
3 15-08-20 15:23:40 [185/662/662] [subversion-tarball] Running command:
./configure --prefix="$PREFIX" --without-berkeley-db 
3 15-08-20 15:23:44 [185/662/662] [subversion-tarball] Running build-commands
3 15-08-20 15:23:44 [185/662/662] [subversion-tarball] Running command:
make 
3 15-08-20 15:24:05 [185/662/662] [subversion-tarball] Running install-commands
3 15-08-20 15:24:05 [185/662/662] [subversion-tarball] Running command:
make install DESTDIR="$DESTDIR" 
3 15-08-20 15:24:11 [185/662/662] [subversion-tarball] Running command:
make swig-pl 
3 15-08-20 15:25:13 [185/662/662] [subversion-tarball] Running command:
make install-swig-pl DESTDIR="$DESTDIR" 
3 15-08-20 15:25:14 [185/662/662] [subversion-tarball] Running strip-commands
3 15-08-20 15:25:14 [185/662/662] [subversion-tarball] Running command:
find "$DESTDIR" -type f \
  '(' -perm -111 -o -name '*.so*' -o -name '*.cmxs' -o -name '*.node' ')' \
  -exec sh -ec \
  'read -n4 hdr <"$1"   # check for elf header
  if [ "$hdr" != "$(printf \x7ELF)" ]; then
    exit 0
  fi
  debugfile="$DESTDIR$PREFIX/lib/debug/$(basename "$1")"
  mkdir -p "$(dirname "$debugfile")"
  objcopy --only-keep-debug "$1" "$debugfile"
  chmod 644 "$debugfile"
  strip --remove-section=.comment --remove-section=.note --strip-unneeded "$1"
  objcopy --add-gnu-debuglink "$debugfile" "$1"' - {} ';'
 
3 15-08-20 15:25:14 [185/662/662] [subversion-tarball] Elapsed time for build 00:01:38
3 15-08-20 15:25:14 [185/662/662] [subversion-tarball] Starting artifact creation 
3 15-08-20 15:25:14 [185/662/662] [subversion-tarball] splitting chunk 
3 15-08-20 15:25:35 [185/662/662] [subversion-tarball] Now cached 14899138 bytes as subversion-tarball.7ffd689a47847928dc0427d40f69ae7b1bd0b044dd3dab877aef52539c2490f7
3 15-08-20 15:25:35 [185/662/662] [subversion-tarball] Elapsed time for artifact creation 00:00:21
3 15-08-20 15:25:36 [185/662/662] [subversion-tarball] Cleaned up /src/tmp/tmpvMcAAb
3 15-08-20 15:25:36 [185/662/662] [subversion-tarball] Elapsed time for assembly 00:02:01
3 15-08-20 15:25:36 [185/662/662] [lorry] Installing subversion-tarball.7ffd689a47847928dc0427d40f69ae7b1bd0b044dd3dab877aef52539c2490f7 
3 15-08-20 15:25:36 [185/662/662] [subversion-tarball] loaded metadata for strata/lorry/subversion-tarball.morph
3 15-08-20 15:25:36 [185/662/662] [python-fastimport] loaded metadata for python-fastimport
3 15-08-20 15:25:36 [186/662/662] [lorry] Starting build 
3 15-08-20 15:25:36 [186/662/662] [lorry] Git checkout baserock:baserock/lorry in /src/tmp/tmpl8KWmX/lorry.build 
3 15-08-20 15:25:36 [186/662/662] [lorry] Upstream version a55f642c (No tag found) 
3 15-08-20 15:25:36 [186/662/662] [lorry] Defined build system is python-distutils
3 15-08-20 15:25:36 [186/662/662] [lorry] Logging build commands to /src/artifacts/lorry.6113ef77fce3ff5fe7d55b58091c63495b8e2eae5989432981e691d60004da28.build-log.3 
3 15-08-20 15:25:36 [186/662/662] [lorry] Running build-commands
3 15-08-20 15:25:36 [186/662/662] [lorry] Running command:
python setup.py build 
3 15-08-20 15:25:37 [186/662/662] [lorry] Running install-commands
3 15-08-20 15:25:37 [186/662/662] [lorry] Running command:
python setup.py install --prefix "$PREFIX" --root "$DESTDIR" 
3 15-08-20 15:25:37 [186/662/662] [lorry] Running strip-commands
3 15-08-20 15:25:37 [186/662/662] [lorry] Running command:
find "$DESTDIR" -type f \
  '(' -perm -111 -o -name '*.so*' -o -name '*.cmxs' -o -name '*.node' ')' \
  -exec sh -ec \
  'read -n4 hdr <"$1"   # check for elf header
  if [ "$hdr" != "$(printf \x7ELF)" ]; then
    exit 0
  fi
  debugfile="$DESTDIR$PREFIX/lib/debug/$(basename "$1")"
  mkdir -p "$(dirname "$debugfile")"
  objcopy --only-keep-debug "$1" "$debugfile"
  chmod 644 "$debugfile"
  strip --remove-section=.comment --remove-section=.note --strip-unneeded "$1"
  objcopy --add-gnu-debuglink "$debugfile" "$1"' - {} ';'
 
3 15-08-20 15:25:37 [186/662/662] [lorry] Elapsed time for build 00:00:00
3 15-08-20 15:25:37 [186/662/662] [lorry] Starting artifact creation 
3 15-08-20 15:25:37 [186/662/662] [lorry] splitting chunk 
3 15-08-20 15:25:37 [186/662/662] [lorry] Now cached 11458 bytes as lorry.6113ef77fce3ff5fe7d55b58091c63495b8e2eae5989432981e691d60004da28
3 15-08-20 15:25:37 [186/662/662] [lorry] Elapsed time for artifact creation 00:00:00
3 15-08-20 15:25:37 [186/662/662] [lorry] Cleaned up /src/tmp/tmpl8KWmX
3 15-08-20 15:25:37 [186/662/662] [lorry] Elapsed time for assembly 00:02:04
3 15-08-20 15:25:37 [186/662/662] [lorry] Installing lorry.6113ef77fce3ff5fe7d55b58091c63495b8e2eae5989432981e691d60004da28 
3 15-08-20 15:25:37 [186/662/662] [lorry] loaded metadata for strata/lorry/lorry.morph
3 15-08-20 15:25:37 [186/662/662] [perl-dbi-tarball] loaded metadata for perl-dbi-tarball
3 15-08-20 15:25:37 [186/662/662] [libapr] loaded metadata for libapr
3 15-08-20 15:25:37 [186/662/662] [subversion-tarball] loaded metadata for subversion-tarball
3 15-08-20 15:25:37 [187/662/662] [lorry] Starting build 
3 15-08-20 15:25:37 [187/662/662] [lorry] Defined build system is manual
3 15-08-20 15:25:37 [187/662/662] [lorry] Logging build commands to /src/artifacts/lorry.c59d5a8b7ca250cec387a119e64eb7f55ebc7dcca90cc08a97be21283db46b5c.build-log.3 
3 15-08-20 15:25:37 [187/662/662] [lorry] Elapsed time for build 00:00:00
3 15-08-20 15:25:37 [187/662/662] [lorry] Starting artifact creation 
3 15-08-20 15:25:37 [187/662/662] [lorry] splitting stratum 
3 15-08-20 15:25:37 [187/662/662] [lorry] Now cached 605 bytes as lorry.c59d5a8b7ca250cec387a119e64eb7f55ebc7dcca90cc08a97be21283db46b5c
3 15-08-20 15:25:37 [187/662/662] [lorry] Elapsed time for artifact creation 00:00:00
3 15-08-20 15:25:38 [187/662/662] [lorry] Cleaned up /src/tmp/tmpev6lcP
3 15-08-20 15:25:38 [187/662/662] [lorry] Elapsed time for assembly 00:12:34
3 15-08-20 15:25:38 [187/662/662] [devel-system-x86_64-generic] Installing lorry.c59d5a8b7ca250cec387a119e64eb7f55ebc7dcca90cc08a97be21283db46b5c 
3 15-08-20 15:25:38 [187/662/662] [lorry] loaded metadata for strata/lorry.morph
3 15-08-20 15:25:38 [187/662/662] [python3-core] Starting assembly 
3 15-08-20 15:25:38 [187/662/662] [python3] Starting assembly 
3 15-08-20 15:25:38 [187/662/662] [core] loaded metadata for core
3 15-08-20 15:25:38 [187/662/662] [python3] Installing core.ff2bf428e04196e1f178b1d14eff9408a9ec0c298bbaf6872a6547da7efac9cf 
3 15-08-20 15:25:39 [188/662/662] [python3] Starting build 
3 15-08-20 15:25:41 [188/662/662] [python3] Git checkout upstream:cpython in /src/tmp/tmpyYzXfH/python3.build 
3 15-08-20 15:25:41 [188/662/662] [python3] Upstream version 3f1e8a3d v3.4.3 (v3.4.3 + 0 commits) 
3 15-08-20 15:25:42 [188/662/662] [python3] Defined build system is autotools
3 15-08-20 15:25:42 [188/662/662] [python3] Logging build commands to /src/artifacts/python3.78d0e9f4bcae235aa01a62fd0fae158d9cfc445e06b05911a0f2e18fbaf8ed04.build-log.3 
3 15-08-20 15:25:42 [188/662/662] [python3] Running configure-commands
3 15-08-20 15:25:42 [188/662/662] [python3] Running command:
./configure --prefix="$PREFIX" --enable-shared 
3 15-08-20 15:26:02 [188/662/662] [python3] Running build-commands
3 15-08-20 15:26:02 [188/662/662] [python3] Running command:
make 
3 15-08-20 15:27:06 [188/662/662] [python3] Running install-commands
3 15-08-20 15:27:06 [188/662/662] [python3] Running command:
make DESTDIR="$DESTDIR" install 
3 15-08-20 15:27:18 [188/662/662] [python3] Running post-install-commands
3 15-08-20 15:27:18 [188/662/662] [python3] Running command:
test -x "$DESTDIR"/"$PREFIX"/bin/python3 || ln -s python3.4 "$DESTDIR"/"$PREFIX"/bin/python3 
3 15-08-20 15:27:18 [188/662/662] [python3] Running strip-commands
3 15-08-20 15:27:18 [188/662/662] [python3] Running command:
find "$DESTDIR" -type f \
  '(' -perm -111 -o -name '*.so*' -o -name '*.cmxs' -o -name '*.node' ')' \
  -exec sh -ec \
  'read -n4 hdr <"$1"   # check for elf header
  if [ "$hdr" != "$(printf \x7ELF)" ]; then
    exit 0
  fi
  debugfile="$DESTDIR$PREFIX/lib/debug/$(basename "$1")"
  mkdir -p "$(dirname "$debugfile")"
  objcopy --only-keep-debug "$1" "$debugfile"
  chmod 644 "$debugfile"
  strip --remove-section=.comment --remove-section=.note --strip-unneeded "$1"
  objcopy --add-gnu-debuglink "$debugfile" "$1"' - {} ';'
 
3 15-08-20 15:27:19 [188/662/662] [python3] Elapsed time for build 00:01:39
3 15-08-20 15:27:19 [188/662/662] [python3] Starting artifact creation 
3 15-08-20 15:27:19 [188/662/662] [python3] splitting chunk 
3 15-08-20 15:27:54 [188/662/662] [python3] Now cached 33065475 bytes as python3.78d0e9f4bcae235aa01a62fd0fae158d9cfc445e06b05911a0f2e18fbaf8ed04
3 15-08-20 15:27:54 [188/662/662] [python3] Elapsed time for artifact creation 00:00:35
3 15-08-20 15:27:54 [188/662/662] [python3] Cleaned up /src/tmp/tmpyYzXfH
3 15-08-20 15:27:54 [188/662/662] [python3] Elapsed time for assembly 00:02:15
3 15-08-20 15:27:54 [188/662/662] [python3-core] Installing python3.78d0e9f4bcae235aa01a62fd0fae158d9cfc445e06b05911a0f2e18fbaf8ed04 
3 15-08-20 15:27:55 [188/662/662] [python3] loaded metadata for strata/python3-core/python3.morph
3 15-08-20 15:27:57 [189/662/662] [python3-core] Starting build 
3 15-08-20 15:27:57 [189/662/662] [python3-core] Defined build system is manual
3 15-08-20 15:27:57 [189/662/662] [python3-core] Logging build commands to /src/artifacts/python3-core.0e12afdcc4d234aa0930585ce493c67ad6fccefbfd07591861431202ff3cc02d.build-log.3 
3 15-08-20 15:27:57 [189/662/662] [python3-core] Elapsed time for build 00:00:00
3 15-08-20 15:27:57 [189/662/662] [python3-core] Starting artifact creation 
3 15-08-20 15:27:57 [189/662/662] [python3-core] splitting stratum 
3 15-08-20 15:27:57 [189/662/662] [python3-core] Now cached 245 bytes as python3-core.0e12afdcc4d234aa0930585ce493c67ad6fccefbfd07591861431202ff3cc02d
3 15-08-20 15:27:57 [189/662/662] [python3-core] Elapsed time for artifact creation 00:00:00
3 15-08-20 15:27:57 [189/662/662] [python3-core] Cleaned up /src/tmp/tmp4vUYZu
3 15-08-20 15:27:57 [189/662/662] [python3-core] Elapsed time for assembly 00:02:18
3 15-08-20 15:27:57 [189/662/662] [devel-system-x86_64-generic] Installing python3-core.0e12afdcc4d234aa0930585ce493c67ad6fccefbfd07591861431202ff3cc02d 
3 15-08-20 15:27:57 [189/662/662] [python3-core] loaded metadata for strata/python3-core.morph
3 15-08-20 15:27:57 [189/662/662] [ruby] Starting assembly 
3 15-08-20 15:27:57 [189/662/662] [hoe] Starting assembly 
3 15-08-20 15:27:57 [189/662/662] [ruby] Starting assembly 
3 15-08-20 15:27:57 [189/662/662] [libyaml] Starting assembly 
3 15-08-20 15:27:58 [189/662/662] [tools] loaded metadata for tools
3 15-08-20 15:27:58 [189/662/662] [libyaml] Installing tools.5ae284c6f05620b44a2fa8113a4df092d373013dcc582fa467a71b95d2b494ba 
3 15-08-20 15:27:58 [190/662/662] [libyaml] Starting build 
3 15-08-20 15:27:58 [190/662/662] [libyaml] Git checkout upstream:libyaml-hg in /src/tmp/tmpXQqpvh/libyaml.build 
3 15-08-20 15:27:58 [190/662/662] [libyaml] Upstream version 0577078d 0.1.5-1-g0577078 (0.1.5 + 1 commits) 
3 15-08-20 15:27:58 [190/662/662] [libyaml] Autodetected build system is autotools
3 15-08-20 15:27:58 [190/662/662] [libyaml] Logging build commands to /src/artifacts/libyaml.cbc2187b4441c0acc4f7dbd50aa737689a7b8e84401c912af994a984524229f7.build-log.3 
3 15-08-20 15:27:58 [190/662/662] [libyaml] Running configure-commands
3 15-08-20 15:27:58 [190/662/662] [libyaml] Running command:
export NOCONFIGURE=1
if [ -e autogen ]; then ./autogen
elif [ -e autogen.sh ]; then ./autogen.sh
elif [ ! -e ./configure ]; then autoreconf -ivf
fi
./configure --prefix="$PREFIX"
 
3 15-08-20 15:28:05 [190/662/662] [libyaml] Running build-commands
3 15-08-20 15:28:05 [190/662/662] [libyaml] Running command:
make 
3 15-08-20 15:28:08 [190/662/662] [libyaml] Running install-commands
3 15-08-20 15:28:08 [190/662/662] [libyaml] Running command:
make DESTDIR="$DESTDIR" install 
3 15-08-20 15:28:08 [190/662/662] [libyaml] Running strip-commands
3 15-08-20 15:28:08 [190/662/662] [libyaml] Running command:
find "$DESTDIR" -type f \
  '(' -perm -111 -o -name '*.so*' -o -name '*.cmxs' -o -name '*.node' ')' \
  -exec sh -ec \
  'read -n4 hdr <"$1"   # check for elf header
  if [ "$hdr" != "$(printf \x7ELF)" ]; then
    exit 0
  fi
  debugfile="$DESTDIR$PREFIX/lib/debug/$(basename "$1")"
  mkdir -p "$(dirname "$debugfile")"
  objcopy --only-keep-debug "$1" "$debugfile"
  chmod 644 "$debugfile"
  strip --remove-section=.comment --remove-section=.note --strip-unneeded "$1"
  objcopy --add-gnu-debuglink "$debugfile" "$1"' - {} ';'
 
3 15-08-20 15:28:08 [190/662/662] [libyaml] Elapsed time for build 00:00:10
3 15-08-20 15:28:08 [190/662/662] [libyaml] Starting artifact creation 
3 15-08-20 15:28:08 [190/662/662] [libyaml] splitting chunk 
3 15-08-20 15:28:09 [190/662/662] [libyaml] Now cached 337278 bytes as libyaml.cbc2187b4441c0acc4f7dbd50aa737689a7b8e84401c912af994a984524229f7
3 15-08-20 15:28:09 [190/662/662] [libyaml] Elapsed time for artifact creation 00:00:00
3 15-08-20 15:28:09 [190/662/662] [libyaml] Cleaned up /src/tmp/tmpXQqpvh
3 15-08-20 15:28:09 [190/662/662] [libyaml] Elapsed time for assembly 00:00:11
3 15-08-20 15:28:09 [190/662/662] [ruby] Installing libyaml.cbc2187b4441c0acc4f7dbd50aa737689a7b8e84401c912af994a984524229f7 
3 15-08-20 15:28:09 [190/662/662] [libyaml] loaded metadata for libyaml
3 15-08-20 15:28:10 [190/662/662] [tools] loaded metadata for tools
3 15-08-20 15:28:10 [190/662/662] [ruby-1.8] Starting assembly 
3 15-08-20 15:28:10 [190/662/662] [tools] loaded metadata for tools
3 15-08-20 15:28:10 [190/662/662] [ruby-1.8] Installing tools.5ae284c6f05620b44a2fa8113a4df092d373013dcc582fa467a71b95d2b494ba 
3 15-08-20 15:28:10 [191/662/662] [ruby-1.8] Starting build 
3 15-08-20 15:28:11 [191/662/662] [ruby-1.8] Git checkout upstream:ruby in /src/tmp/tmpDmfpzR/ruby-1.8.build 
3 15-08-20 15:28:12 [191/662/662] [ruby-1.8] Upstream version 7a24f171 v1_8_7-413-g7a24f17 (v1_8_7 + 413 commits) 
3 15-08-20 15:28:12 [191/662/662] [ruby-1.8] Defined build system is autotools
3 15-08-20 15:28:12 [191/662/662] [ruby-1.8] Logging build commands to /src/artifacts/ruby-1.8.718134413f31d99f4315a0ef5a441e34e7591767a62d01568df77069e936e37a.build-log.3 
3 15-08-20 15:28:12 [191/662/662] [ruby-1.8] Running pre-configure-commands
3 15-08-20 15:28:12 [191/662/662] [ruby-1.8] Running command:
cp /usr/share/automake*/config.guess . 
3 15-08-20 15:28:12 [191/662/662] [ruby-1.8] Running command:
cp /usr/share/automake*/config.sub . 
3 15-08-20 15:28:12 [191/662/662] [ruby-1.8] Running command:
autoconf 
3 15-08-20 15:28:12 [191/662/662] [ruby-1.8] Running configure-commands
3 15-08-20 15:28:12 [191/662/662] [ruby-1.8] Running command:
./configure --prefix=/usr --program-suffix=-1.8 
3 15-08-20 15:28:22 [191/662/662] [ruby-1.8] Running build-commands
3 15-08-20 15:28:22 [191/662/662] [ruby-1.8] Running command:
make 
3 15-08-20 15:28:47 [191/662/662] [ruby-1.8] Running install-commands
3 15-08-20 15:28:47 [191/662/662] [ruby-1.8] Running command:
make DESTDIR="$DESTDIR" install 
3 15-08-20 15:28:47 [191/662/662] [ruby-1.8] Running strip-commands
3 15-08-20 15:28:47 [191/662/662] [ruby-1.8] Running command:
find "$DESTDIR" -type f \
  '(' -perm -111 -o -name '*.so*' -o -name '*.cmxs' -o -name '*.node' ')' \
  -exec sh -ec \
  'read -n4 hdr <"$1"   # check for elf header
  if [ "$hdr" != "$(printf \x7ELF)" ]; then
    exit 0
  fi
  debugfile="$DESTDIR$PREFIX/lib/debug/$(basename "$1")"
  mkdir -p "$(dirname "$debugfile")"
  objcopy --only-keep-debug "$1" "$debugfile"
  chmod 644 "$debugfile"
  strip --remove-section=.comment --remove-section=.note --strip-unneeded "$1"
  objcopy --add-gnu-debuglink "$debugfile" "$1"' - {} ';'
 
3 15-08-20 15:28:47 [191/662/662] [ruby-1.8] Elapsed time for build 00:00:36
3 15-08-20 15:28:47 [191/662/662] [ruby-1.8] Starting artifact creation 
3 15-08-20 15:28:47 [191/662/662] [ruby-1.8] splitting chunk 
3 15-08-20 15:28:55 [191/662/662] [ruby-1.8] Now cached 4829945 bytes as ruby-1.8.718134413f31d99f4315a0ef5a441e34e7591767a62d01568df77069e936e37a
3 15-08-20 15:28:55 [191/662/662] [ruby-1.8] Elapsed time for artifact creation 00:00:07
3 15-08-20 15:28:55 [191/662/662] [ruby-1.8] Cleaned up /src/tmp/tmpDmfpzR
3 15-08-20 15:28:55 [191/662/662] [ruby-1.8] Elapsed time for assembly 00:00:45
3 15-08-20 15:28:55 [191/662/662] [ruby] Installing ruby-1.8.718134413f31d99f4315a0ef5a441e34e7591767a62d01568df77069e936e37a 
3 15-08-20 15:28:55 [191/662/662] [ruby-1.8] loaded metadata for strata/ruby/ruby-1.8.morph
3 15-08-20 15:28:55 [192/662/662] [ruby] Starting build 
3 15-08-20 15:28:56 [192/662/662] [ruby] Git checkout upstream:ruby in /src/tmp/tmpchsMy0/ruby.build 
3 15-08-20 15:28:57 [192/662/662] [ruby] Upstream version 05604af5 (No tag found) 
3 15-08-20 15:28:57 [192/662/662] [ruby] Defined build system is autotools
3 15-08-20 15:28:57 [192/662/662] [ruby] Logging build commands to /src/artifacts/ruby.3384c5f69bf713a18a4b3c891de7fa48ca9fcb92a3620551c60dfdae8ddf3b89.build-log.3 
3 15-08-20 15:28:57 [192/662/662] [ruby] Running pre-configure-commands
3 15-08-20 15:28:57 [192/662/662] [ruby] Running command:
cp /usr/share/automake*/config.guess tool 
3 15-08-20 15:28:57 [192/662/662] [ruby] Running command:
cp /usr/share/automake*/config.sub tool 
3 15-08-20 15:28:57 [192/662/662] [ruby] Running command:
autoconf 
3 15-08-20 15:28:58 [192/662/662] [ruby] Running configure-commands
3 15-08-20 15:28:58 [192/662/662] [ruby] Running command:
./configure --prefix=/usr --enable-shared --with-baseruby=/usr/bin/ruby-1.8 
3 15-08-20 15:29:17 [192/662/662] [ruby] Running build-commands
3 15-08-20 15:29:17 [192/662/662] [ruby] Running command:
make 
3 15-08-20 15:31:47 [192/662/662] [ruby] Running install-commands
3 15-08-20 15:31:47 [192/662/662] [ruby] Running command:
make DESTDIR="$DESTDIR" install 
3 15-08-20 15:31:54 [192/662/662] [ruby] Running strip-commands
3 15-08-20 15:31:54 [192/662/662] [ruby] Running command:
find "$DESTDIR" -type f \
  '(' -perm -111 -o -name '*.so*' -o -name '*.cmxs' -o -name '*.node' ')' \
  -exec sh -ec \
  'read -n4 hdr <"$1"   # check for elf header
  if [ "$hdr" != "$(printf \x7ELF)" ]; then
    exit 0
  fi
  debugfile="$DESTDIR$PREFIX/lib/debug/$(basename "$1")"
  mkdir -p "$(dirname "$debugfile")"
  objcopy --only-keep-debug "$1" "$debugfile"
  chmod 644 "$debugfile"
  strip --remove-section=.comment --remove-section=.note --strip-unneeded "$1"
  objcopy --add-gnu-debuglink "$debugfile" "$1"' - {} ';'
 
3 15-08-20 15:31:54 [192/662/662] [ruby] Elapsed time for build 00:02:58
3 15-08-20 15:31:54 [192/662/662] [ruby] Starting artifact creation 
3 15-08-20 15:31:54 [192/662/662] [ruby] splitting chunk 
3 15-08-20 15:32:32 [192/662/662] [ruby] Now cached 27446191 bytes as ruby.3384c5f69bf713a18a4b3c891de7fa48ca9fcb92a3620551c60dfdae8ddf3b89
3 15-08-20 15:32:32 [192/662/662] [ruby] Elapsed time for artifact creation 00:00:38
3 15-08-20 15:32:33 [192/662/662] [ruby] Cleaned up /src/tmp/tmpchsMy0
3 15-08-20 15:32:33 [192/662/662] [ruby] Elapsed time for assembly 00:04:35
3 15-08-20 15:32:33 [192/662/662] [hoe] Installing ruby.3384c5f69bf713a18a4b3c891de7fa48ca9fcb92a3620551c60dfdae8ddf3b89 
3 15-08-20 15:32:35 [192/662/662] [ruby] loaded metadata for strata/ruby/ruby.morph
3 15-08-20 15:32:37 [192/662/662] [tools] loaded metadata for tools
3 15-08-20 15:32:37 [193/662/662] [hoe] Starting build 
3 15-08-20 15:32:38 [193/662/662] [hoe] Git checkout upstream:ruby-gems/hoe in /src/tmp/tmpi19b8E/hoe.build 
3 15-08-20 15:32:38 [193/662/662] [hoe] Upstream version 50a2706d (No tag found) 
3 15-08-20 15:32:38 [193/662/662] [hoe] Defined build system is manual
3 15-08-20 15:32:38 [193/662/662] [hoe] Logging build commands to /src/artifacts/hoe.7c5bab88e1dedecbc3ae182c7a4a51fddd3f333d4a41411bc3cee1a00ec8babb.build-log.3 
3 15-08-20 15:32:38 [193/662/662] [hoe] Running build-commands
3 15-08-20 15:32:38 [193/662/662] [hoe] Running command:
rake gem 
3 15-08-20 15:32:38 [193/662/662] [hoe] Running install-commands
3 15-08-20 15:32:38 [193/662/662] [hoe] Running command:
mkdir -p "$DESTDIR/$(gem environment home)" 
3 15-08-20 15:32:38 [193/662/662] [hoe] Running command:
gem install --install-dir "$DESTDIR/$(gem environment home)" --bindir "$DESTDIR/$PREFIX/bin" --ignore-dependencies --local ./pkg/hoe-*.gem 
3 15-08-20 15:32:39 [193/662/662] [hoe] Elapsed time for build 00:00:01
3 15-08-20 15:32:39 [193/662/662] [hoe] Starting artifact creation 
3 15-08-20 15:32:39 [193/662/662] [hoe] splitting chunk 
3 15-08-20 15:32:39 [193/662/662] [hoe] Now cached 285641 bytes as hoe.7c5bab88e1dedecbc3ae182c7a4a51fddd3f333d4a41411bc3cee1a00ec8babb
3 15-08-20 15:32:39 [193/662/662] [hoe] Elapsed time for artifact creation 00:00:00
3 15-08-20 15:32:39 [193/662/662] [hoe] Cleaned up /src/tmp/tmpi19b8E
3 15-08-20 15:32:39 [193/662/662] [hoe] Elapsed time for assembly 00:04:41
3 15-08-20 15:32:39 [193/662/662] [ruby] Installing hoe.7c5bab88e1dedecbc3ae182c7a4a51fddd3f333d4a41411bc3cee1a00ec8babb 
3 15-08-20 15:32:39 [193/662/662] [hoe] loaded metadata for strata/ruby/hoe.morph
3 15-08-20 15:32:41 [193/662/662] [rake-compiler] Starting assembly 
3 15-08-20 15:32:41 [193/662/662] [tools] loaded metadata for tools
3 15-08-20 15:32:41 [193/662/662] [rake-compiler] Installing tools.5ae284c6f05620b44a2fa8113a4df092d373013dcc582fa467a71b95d2b494ba 
3 15-08-20 15:32:44 [193/662/662] [ruby] loaded metadata for ruby
3 15-08-20 15:32:44 [193/662/662] [rake-compiler] Installing ruby.3384c5f69bf713a18a4b3c891de7fa48ca9fcb92a3620551c60dfdae8ddf3b89 
3 15-08-20 15:32:44 [194/662/662] [rake-compiler] Starting build 
3 15-08-20 15:32:44 [194/662/662] [rake-compiler] Git checkout upstream:ruby-gems/rake-compiler in /src/tmp/tmpgXYgeI/rake-compiler.build 
3 15-08-20 15:32:44 [194/662/662] [rake-compiler] Upstream version aaed621f v0.9.3 (v0.9.3 + 0 commits) 
3 15-08-20 15:32:44 [194/662/662] [rake-compiler] Defined build system is manual
3 15-08-20 15:32:44 [194/662/662] [rake-compiler] Logging build commands to /src/artifacts/rake-compiler.36186c52beef6084ec9a2abf7a86fb7c209d0a2ee1650cd4bed4a09de3c4425b.build-log.3 
3 15-08-20 15:32:44 [194/662/662] [rake-compiler] Running build-commands
3 15-08-20 15:32:44 [194/662/662] [rake-compiler] Running command:
rake gem 
3 15-08-20 15:32:44 [194/662/662] [rake-compiler] Running install-commands
3 15-08-20 15:32:44 [194/662/662] [rake-compiler] Running command:
mkdir -p "$DESTDIR/$(gem environment home)" 
3 15-08-20 15:32:44 [194/662/662] [rake-compiler] Running command:
gem install --install-dir "$DESTDIR/$(gem environment home)" --bindir "$DESTDIR/$PREFIX/bin" --ignore-dependencies --local ./pkg/rake-compiler-*.gem 
3 15-08-20 15:32:45 [194/662/662] [rake-compiler] Elapsed time for build 00:00:01
3 15-08-20 15:32:45 [194/662/662] [rake-compiler] Starting artifact creation 
3 15-08-20 15:32:45 [194/662/662] [rake-compiler] splitting chunk 
3 15-08-20 15:32:45 [194/662/662] [rake-compiler] Now cached 76581 bytes as rake-compiler.36186c52beef6084ec9a2abf7a86fb7c209d0a2ee1650cd4bed4a09de3c4425b
3 15-08-20 15:32:45 [194/662/662] [rake-compiler] Elapsed time for artifact creation 00:00:00
3 15-08-20 15:32:46 [194/662/662] [rake-compiler] Cleaned up /src/tmp/tmpgXYgeI
3 15-08-20 15:32:46 [194/662/662] [rake-compiler] Elapsed time for assembly 00:00:05
3 15-08-20 15:32:46 [194/662/662] [ruby] Installing rake-compiler.36186c52beef6084ec9a2abf7a86fb7c209d0a2ee1650cd4bed4a09de3c4425b 
3 15-08-20 15:32:46 [194/662/662] [rake-compiler] loaded metadata for strata/ruby/rake-compiler.morph
3 15-08-20 15:32:46 [194/662/662] [ruby-1.8] loaded metadata for ruby-1.8
3 15-08-20 15:32:46 [194/662/662] [bundler] Starting assembly 
3 15-08-20 15:32:48 [194/662/662] [ruby] loaded metadata for ruby
3 15-08-20 15:32:48 [194/662/662] [bundler] Installing ruby.3384c5f69bf713a18a4b3c891de7fa48ca9fcb92a3620551c60dfdae8ddf3b89 
3 15-08-20 15:32:49 [194/662/662] [tools] loaded metadata for tools
3 15-08-20 15:32:49 [195/662/662] [bundler] Starting build 
3 15-08-20 15:32:49 [195/662/662] [bundler] Git checkout upstream:bundler in /src/tmp/tmpjdu6rs/bundler.build 
3 15-08-20 15:32:49 [195/662/662] [bundler] Upstream version 0708fbe6 v1.6.2-1-g0708fbe (v1.6.2 + 1 commits) 
3 15-08-20 15:32:49 [195/662/662] [bundler] Defined build system is manual
3 15-08-20 15:32:49 [195/662/662] [bundler] Logging build commands to /src/artifacts/bundler.2b9423154f8af80e8c0849520d97605675dce04e74250fbd12a05900d604dc0b.build-log.3 
3 15-08-20 15:32:49 [195/662/662] [bundler] Running build-commands
3 15-08-20 15:32:49 [195/662/662] [bundler] Running command:
rake build 
3 15-08-20 15:32:50 [195/662/662] [bundler] Running install-commands
3 15-08-20 15:32:50 [195/662/662] [bundler] Running command:
gem install ./pkg/*gem --bindir "$DESTDIR/$PREFIX/bin" --install-dir "$DESTDIR/$PREFIX/lib/ruby/gems/2.0.0" 
3 15-08-20 15:32:52 [195/662/662] [bundler] Elapsed time for build 00:00:03
3 15-08-20 15:32:52 [195/662/662] [bundler] Starting artifact creation 
3 15-08-20 15:32:52 [195/662/662] [bundler] splitting chunk 
3 15-08-20 15:32:53 [195/662/662] [bundler] Now cached 607995 bytes as bundler.2b9423154f8af80e8c0849520d97605675dce04e74250fbd12a05900d604dc0b
3 15-08-20 15:32:53 [195/662/662] [bundler] Elapsed time for artifact creation 00:00:00
3 15-08-20 15:32:54 [195/662/662] [bundler] Cleaned up /src/tmp/tmpjdu6rs
3 15-08-20 15:32:54 [195/662/662] [bundler] Elapsed time for assembly 00:00:07
3 15-08-20 15:32:54 [195/662/662] [ruby] Installing bundler.2b9423154f8af80e8c0849520d97605675dce04e74250fbd12a05900d604dc0b 
3 15-08-20 15:32:54 [195/662/662] [bundler] loaded metadata for strata/ruby/bundler.morph
3 15-08-20 15:32:54 [195/662/662] [libyaml] loaded metadata for libyaml
3 15-08-20 15:32:56 [195/662/662] [ruby] loaded metadata for ruby
3 15-08-20 15:32:56 [196/662/662] [ruby] Starting build 
3 15-08-20 15:32:56 [196/662/662] [ruby] Defined build system is manual
3 15-08-20 15:32:56 [196/662/662] [ruby] Logging build commands to /src/artifacts/ruby.e5873761b2bb8fecb444340a0baba605b0a893a2244acc0c32cfcba85d9553e3.build-log.3 
3 15-08-20 15:32:56 [196/662/662] [ruby] Elapsed time for build 00:00:00
3 15-08-20 15:32:56 [196/662/662] [ruby] Starting artifact creation 
3 15-08-20 15:32:56 [196/662/662] [ruby] splitting stratum 
3 15-08-20 15:32:56 [196/662/662] [ruby] Now cached 315 bytes as ruby.e5873761b2bb8fecb444340a0baba605b0a893a2244acc0c32cfcba85d9553e3
3 15-08-20 15:32:56 [196/662/662] [ruby] Elapsed time for artifact creation 00:00:00
3 15-08-20 15:32:57 [196/662/662] [ruby] Cleaned up /src/tmp/tmpYGvvtj
3 15-08-20 15:32:57 [196/662/662] [ruby] Elapsed time for assembly 00:04:59
3 15-08-20 15:32:57 [196/662/662] [devel-system-x86_64-generic] Installing ruby.e5873761b2bb8fecb444340a0baba605b0a893a2244acc0c32cfcba85d9553e3 
3 15-08-20 15:32:57 [196/662/662] [ruby] loaded metadata for strata/ruby.morph
3 15-08-20 15:32:59 [196/662/662] [core] loaded metadata for core
3 15-08-20 15:32:59 [196/662/662] [devel-system-x86_64-generic] Installing core.ff2bf428e04196e1f178b1d14eff9408a9ec0c298bbaf6872a6547da7efac9cf 
3 15-08-20 15:32:59 [196/662/662] [python-core] loaded metadata for python-core
3 15-08-20 15:32:59 [196/662/662] [devel-system-x86_64-generic] Installing python-core.261eee184c937af51171a7c719d79a2edd0ec39c0b6469ff39385909fc9dfcd2 
3 15-08-20 15:32:59 [196/662/662] [python-pygobject] Starting assembly 
3 15-08-20 15:32:59 [196/662/662] [pygobject] Starting assembly 
3 15-08-20 15:32:59 [196/662/662] [glib-common] loaded metadata for glib-common
3 15-08-20 15:32:59 [196/662/662] [pygobject] Installing glib-common.8fcf5243d4a47abdde59ce9f8c4220eabe565fd7916c8e5160be84009a9f5a1c 
3 15-08-20 15:33:00 [196/662/662] [core] loaded metadata for core
3 15-08-20 15:33:00 [197/662/662] [pygobject] Starting build 
3 15-08-20 15:33:00 [197/662/662] [pygobject] Git checkout upstream:pygobject in /src/tmp/tmpAI16Qa/pygobject.build 
3 15-08-20 15:33:00 [197/662/662] [pygobject] Upstream version 276341d7 3.12.0-1-g276341d (3.12.0 + 1 commits) 
3 15-08-20 15:33:00 [197/662/662] [pygobject] Defined build system is autotools
3 15-08-20 15:33:00 [197/662/662] [pygobject] Logging build commands to /src/artifacts/pygobject.e733d96c4333eec39f888e9ef72658a436c4f6c3c1150ad8ec8bed517e3e860a.build-log.3 
3 15-08-20 15:33:00 [197/662/662] [pygobject] Running configure-commands
3 15-08-20 15:33:00 [197/662/662] [pygobject] Running command:
./autogen.sh --prefix="$PREFIX" --disable-cairo 
3 15-08-20 15:33:10 [197/662/662] [pygobject] Running build-commands
3 15-08-20 15:33:10 [197/662/662] [pygobject] Running command:
make 
3 15-08-20 15:33:14 [197/662/662] [pygobject] Running install-commands
3 15-08-20 15:33:14 [197/662/662] [pygobject] Running command:
make DESTDIR="$DESTDIR" install 
3 15-08-20 15:33:14 [197/662/662] [pygobject] Running strip-commands
3 15-08-20 15:33:14 [197/662/662] [pygobject] Running command:
find "$DESTDIR" -type f \
  '(' -perm -111 -o -name '*.so*' -o -name '*.cmxs' -o -name '*.node' ')' \
  -exec sh -ec \
  'read -n4 hdr <"$1"   # check for elf header
  if [ "$hdr" != "$(printf \x7ELF)" ]; then
    exit 0
  fi
  debugfile="$DESTDIR$PREFIX/lib/debug/$(basename "$1")"
  mkdir -p "$(dirname "$debugfile")"
  objcopy --only-keep-debug "$1" "$debugfile"
  chmod 644 "$debugfile"
  strip --remove-section=.comment --remove-section=.note --strip-unneeded "$1"
  objcopy --add-gnu-debuglink "$debugfile" "$1"' - {} ';'
 
3 15-08-20 15:33:14 [197/662/662] [pygobject] Elapsed time for build 00:00:14
3 15-08-20 15:33:14 [197/662/662] [pygobject] Starting artifact creation 
3 15-08-20 15:33:14 [197/662/662] [pygobject] splitting chunk 
3 15-08-20 15:33:15 [197/662/662] [pygobject] Now cached 694742 bytes as pygobject.e733d96c4333eec39f888e9ef72658a436c4f6c3c1150ad8ec8bed517e3e860a
3 15-08-20 15:33:15 [197/662/662] [pygobject] Elapsed time for artifact creation 00:00:00
3 15-08-20 15:33:15 [197/662/662] [pygobject] Cleaned up /src/tmp/tmpAI16Qa
3 15-08-20 15:33:15 [197/662/662] [pygobject] Elapsed time for assembly 00:00:16
3 15-08-20 15:33:15 [197/662/662] [python-pygobject] Installing pygobject.e733d96c4333eec39f888e9ef72658a436c4f6c3c1150ad8ec8bed517e3e860a 
3 15-08-20 15:33:15 [197/662/662] [pygobject] loaded metadata for strata/python-pygobject/pygobject.morph
3 15-08-20 15:33:16 [198/662/662] [python-pygobject] Starting build 
3 15-08-20 15:33:16 [198/662/662] [python-pygobject] Defined build system is manual
3 15-08-20 15:33:16 [198/662/662] [python-pygobject] Logging build commands to /src/artifacts/python-pygobject.13fcb72b609ec8750f61cfe78f55c5b4bda7a439ad5be5b7676cf0161cc92653.build-log.3 
3 15-08-20 15:33:16 [198/662/662] [python-pygobject] Elapsed time for build 00:00:00
3 15-08-20 15:33:16 [198/662/662] [python-pygobject] Starting artifact creation 
3 15-08-20 15:33:16 [198/662/662] [python-pygobject] splitting stratum 
3 15-08-20 15:33:16 [198/662/662] [python-pygobject] Now cached 247 bytes as python-pygobject.13fcb72b609ec8750f61cfe78f55c5b4bda7a439ad5be5b7676cf0161cc92653
3 15-08-20 15:33:16 [198/662/662] [python-pygobject] Elapsed time for artifact creation 00:00:00
3 15-08-20 15:33:16 [198/662/662] [python-pygobject] Cleaned up /src/tmp/tmp2WEKjC
3 15-08-20 15:33:16 [198/662/662] [python-pygobject] Elapsed time for assembly 00:00:17
3 15-08-20 15:33:16 [198/662/662] [devel-system-x86_64-generic] Installing python-pygobject.13fcb72b609ec8750f61cfe78f55c5b4bda7a439ad5be5b7676cf0161cc92653 
3 15-08-20 15:33:16 [198/662/662] [python-pygobject] loaded metadata for strata/python-pygobject.morph
3 15-08-20 15:33:16 [198/662/662] [libsoup-common] Starting assembly 
3 15-08-20 15:33:16 [198/662/662] [libsoup] Starting assembly 
3 15-08-20 15:33:16 [198/662/662] [core] loaded metadata for core
3 15-08-20 15:33:16 [198/662/662] [libsoup] Installing core.ff2bf428e04196e1f178b1d14eff9408a9ec0c298bbaf6872a6547da7efac9cf 
3 15-08-20 15:33:17 [198/662/662] [glib-common] loaded metadata for glib-common
3 15-08-20 15:33:17 [198/662/662] [libsoup] Installing glib-common.8fcf5243d4a47abdde59ce9f8c4220eabe565fd7916c8e5160be84009a9f5a1c 
3 15-08-20 15:33:17 [199/662/662] [libsoup] Starting build 
3 15-08-20 15:33:17 [199/662/662] [libsoup] Git checkout upstream:libsoup in /src/tmp/tmpKU_ooh/libsoup.build 
3 15-08-20 15:33:17 [199/662/662] [libsoup] Upstream version c29630a8 2.48.0 (2.48.0 + 0 commits) 
3 15-08-20 15:33:17 [199/662/662] [libsoup] Defined build system is autotools
3 15-08-20 15:33:17 [199/662/662] [libsoup] Logging build commands to /src/artifacts/libsoup.43f3bf5d70d56c44d911bc767112ed3845d698a9fcc937f850d9bfafc81a3f39.build-log.3 
3 15-08-20 15:33:17 [199/662/662] [libsoup] Running configure-commands
3 15-08-20 15:33:17 [199/662/662] [libsoup] Running command:
NOCONFIGURE=1 ./autogen.sh 
3 15-08-20 15:33:24 [199/662/662] [libsoup] Running command:
./configure --prefix="$PREFIX" --disable-tls-check 
3 15-08-20 15:33:27 [199/662/662] [libsoup] Running build-commands
3 15-08-20 15:33:27 [199/662/662] [libsoup] Running command:
make 
3 15-08-20 15:33:35 [199/662/662] [libsoup] Running install-commands
3 15-08-20 15:33:35 [199/662/662] [libsoup] Running command:
make DESTDIR="$DESTDIR" install 
3 15-08-20 15:33:37 [199/662/662] [libsoup] Running strip-commands
3 15-08-20 15:33:37 [199/662/662] [libsoup] Running command:
find "$DESTDIR" -type f \
  '(' -perm -111 -o -name '*.so*' -o -name '*.cmxs' -o -name '*.node' ')' \
  -exec sh -ec \
  'read -n4 hdr <"$1"   # check for elf header
  if [ "$hdr" != "$(printf \x7ELF)" ]; then
    exit 0
  fi
  debugfile="$DESTDIR$PREFIX/lib/debug/$(basename "$1")"
  mkdir -p "$(dirname "$debugfile")"
  objcopy --only-keep-debug "$1" "$debugfile"
  chmod 644 "$debugfile"
  strip --remove-section=.comment --remove-section=.note --strip-unneeded "$1"
  objcopy --add-gnu-debuglink "$debugfile" "$1"' - {} ';'
 
3 15-08-20 15:33:37 [199/662/662] [libsoup] Elapsed time for build 00:00:20
3 15-08-20 15:33:37 [199/662/662] [libsoup] Starting artifact creation 
3 15-08-20 15:33:37 [199/662/662] [libsoup] splitting chunk 
3 15-08-20 15:33:41 [199/662/662] [libsoup] Now cached 2252651 bytes as libsoup.43f3bf5d70d56c44d911bc767112ed3845d698a9fcc937f850d9bfafc81a3f39
3 15-08-20 15:33:41 [199/662/662] [libsoup] Elapsed time for artifact creation 00:00:03
3 15-08-20 15:33:41 [199/662/662] [libsoup] Cleaned up /src/tmp/tmpKU_ooh
3 15-08-20 15:33:41 [199/662/662] [libsoup] Elapsed time for assembly 00:00:24
3 15-08-20 15:33:41 [199/662/662] [libsoup-common] Installing libsoup.43f3bf5d70d56c44d911bc767112ed3845d698a9fcc937f850d9bfafc81a3f39 
3 15-08-20 15:33:41 [199/662/662] [libsoup] loaded metadata for strata/libsoup-common/libsoup.morph
3 15-08-20 15:33:42 [200/662/662] [libsoup-common] Starting build 
3 15-08-20 15:33:42 [200/662/662] [libsoup-common] Defined build system is manual
3 15-08-20 15:33:42 [200/662/662] [libsoup-common] Logging build commands to /src/artifacts/libsoup-common.77ab26c3e3afbd48ed3495bd1aa50d08abc112d8267be7653c883b038db09fbf.build-log.3 
3 15-08-20 15:33:42 [200/662/662] [libsoup-common] Elapsed time for build 00:00:00
3 15-08-20 15:33:42 [200/662/662] [libsoup-common] Starting artifact creation 
3 15-08-20 15:33:42 [200/662/662] [libsoup-common] splitting stratum 
3 15-08-20 15:33:42 [200/662/662] [libsoup-common] Now cached 244 bytes as libsoup-common.77ab26c3e3afbd48ed3495bd1aa50d08abc112d8267be7653c883b038db09fbf
3 15-08-20 15:33:42 [200/662/662] [libsoup-common] Elapsed time for artifact creation 00:00:00
3 15-08-20 15:33:42 [200/662/662] [libsoup-common] Cleaned up /src/tmp/tmpMH0QBn
3 15-08-20 15:33:42 [200/662/662] [libsoup-common] Elapsed time for assembly 00:00:25
3 15-08-20 15:33:42 [200/662/662] [devel-system-x86_64-generic] Installing libsoup-common.77ab26c3e3afbd48ed3495bd1aa50d08abc112d8267be7653c883b038db09fbf 
3 15-08-20 15:33:42 [200/662/662] [libsoup-common] loaded metadata for strata/libsoup-common.morph
3 15-08-20 15:33:42 [200/662/662] [ansible] Starting assembly 
3 15-08-20 15:33:42 [200/662/662] [ansible] Starting assembly 
3 15-08-20 15:33:42 [200/662/662] [core] loaded metadata for core
3 15-08-20 15:33:42 [200/662/662] [ansible] Installing core.ff2bf428e04196e1f178b1d14eff9408a9ec0c298bbaf6872a6547da7efac9cf 
3 15-08-20 15:33:43 [200/662/662] [python-common] loaded metadata for python-common
3 15-08-20 15:33:43 [200/662/662] [ansible] Installing python-common.70f2fdbdecbc202c93d5d643a804d1db4b129215f47450cd27f12af5eb63d8f0 
3 15-08-20 15:33:43 [201/662/662] [ansible] Starting build 
3 15-08-20 15:33:43 [201/662/662] [ansible] Git checkout upstream:ansible in /src/tmp/tmpE5kPeh/ansible.build 
3 15-08-20 15:33:43 [201/662/662] [ansible] Upstream version 0a712454 v1.8.4-1-g0a71245 (v1.8.4 + 1 commits) 
3 15-08-20 15:33:43 [201/662/662] [ansible] Git submodules 
3 15-08-20 15:33:43 [201/662/662] [ansible] Try fetching tarball git___git_baserock_org_delta_ansible_modules_core.tar 
3 15-08-20 15:34:13 [201/662/662] [ansible] Git repo is mirrored at /src/gits/git___git_baserock_org_delta_ansible_modules_core
3 15-08-20 15:34:14 [201/662/662] [ansible] Git checkout upstream:ansible-modules-core.git in /src/tmp/tmpE5kPeh/ansible.build/lib/ansible/modules/core 
3 15-08-20 15:34:14 [201/662/662] [ansible] Upstream version f22df783 (No tag found) 
3 15-08-20 15:34:14 [201/662/662] [ansible] Try fetching tarball git___git_baserock_org_delta_ansible_modules_extras.tar 
3 15-08-20 15:34:47 [201/662/662] [ansible] Git repo is mirrored at /src/gits/git___git_baserock_org_delta_ansible_modules_extras
3 15-08-20 15:34:47 [201/662/662] [ansible] Git checkout upstream:ansible-modules-extras.git in /src/tmp/tmpE5kPeh/ansible.build/lib/ansible/modules/extras 
3 15-08-20 15:34:47 [201/662/662] [ansible] Upstream version 23190986 (No tag found) 
3 15-08-20 15:34:47 [201/662/662] [ansible] Git checkout upstream:ansible-modules-core.git in /src/tmp/tmpE5kPeh/ansible.build/v2/ansible/modules/core 
3 15-08-20 15:34:47 [201/662/662] [ansible] Upstream version cb69744b (No tag found) 
3 15-08-20 15:34:47 [201/662/662] [ansible] Git checkout upstream:ansible-modules-extras.git in /src/tmp/tmpE5kPeh/ansible.build/v2/ansible/modules/extras 
3 15-08-20 15:34:47 [201/662/662] [ansible] Upstream version 8a4f07ee (No tag found) 
3 15-08-20 15:34:47 [201/662/662] [ansible] Defined build system is python-distutils
3 15-08-20 15:34:47 [201/662/662] [ansible] Logging build commands to /src/artifacts/ansible.8e4b12bce99c2b6e2f4988bd6e82f7311b3b3b57262c023fee2f7e2f8f9707f2.build-log.3 
3 15-08-20 15:34:47 [201/662/662] [ansible] Running build-commands
3 15-08-20 15:34:47 [201/662/662] [ansible] Running command:
python setup.py build 
3 15-08-20 15:34:47 [201/662/662] [ansible] Running install-commands
3 15-08-20 15:34:47 [201/662/662] [ansible] Running command:
python setup.py install --prefix "$PREFIX" --root "$DESTDIR" 
3 15-08-20 15:34:48 [201/662/662] [ansible] Running post-install-commands
3 15-08-20 15:34:48 [201/662/662] [ansible] Running command:
install -D -m644 /proc/self/fd/0 "$DESTDIR/etc/ansible/ansible.cfg" <<EOF
[defaults]
log_path=/var/log/ansible
EOF
 
3 15-08-20 15:34:48 [201/662/662] [ansible] Running strip-commands
3 15-08-20 15:34:48 [201/662/662] [ansible] Running command:
find "$DESTDIR" -type f \
  '(' -perm -111 -o -name '*.so*' -o -name '*.cmxs' -o -name '*.node' ')' \
  -exec sh -ec \
  'read -n4 hdr <"$1"   # check for elf header
  if [ "$hdr" != "$(printf \x7ELF)" ]; then
    exit 0
  fi
  debugfile="$DESTDIR$PREFIX/lib/debug/$(basename "$1")"
  mkdir -p "$(dirname "$debugfile")"
  objcopy --only-keep-debug "$1" "$debugfile"
  chmod 644 "$debugfile"
  strip --remove-section=.comment --remove-section=.note --strip-unneeded "$1"
  objcopy --add-gnu-debuglink "$debugfile" "$1"' - {} ';'
 
3 15-08-20 15:34:48 [201/662/662] [ansible] Elapsed time for build 00:01:05
3 15-08-20 15:34:48 [201/662/662] [ansible] Starting artifact creation 
3 15-08-20 15:34:48 [201/662/662] [ansible] splitting chunk 
3 15-08-20 15:34:50 [201/662/662] [ansible] Now cached 1452258 bytes as ansible.8e4b12bce99c2b6e2f4988bd6e82f7311b3b3b57262c023fee2f7e2f8f9707f2
3 15-08-20 15:34:50 [201/662/662] [ansible] Elapsed time for artifact creation 00:00:01
3 15-08-20 15:34:50 [201/662/662] [ansible] Cleaned up /src/tmp/tmpE5kPeh
3 15-08-20 15:34:50 [201/662/662] [ansible] Elapsed time for assembly 00:01:07
3 15-08-20 15:34:50 [201/662/662] [ansible] Installing ansible.8e4b12bce99c2b6e2f4988bd6e82f7311b3b3b57262c023fee2f7e2f8f9707f2 
3 15-08-20 15:34:50 [201/662/662] [ansible] loaded metadata for strata/ansible/ansible.morph
3 15-08-20 15:34:51 [201/662/662] [openstack-ansible-modules] Starting assembly 
3 15-08-20 15:34:51 [201/662/662] [python-common] loaded metadata for python-common
3 15-08-20 15:34:51 [201/662/662] [openstack-ansible-modules] Installing python-common.70f2fdbdecbc202c93d5d643a804d1db4b129215f47450cd27f12af5eb63d8f0 
3 15-08-20 15:34:51 [201/662/662] [core] loaded metadata for core
3 15-08-20 15:34:51 [202/662/662] [openstack-ansible-modules] Starting build 
3 15-08-20 15:34:51 [202/662/662] [openstack-ansible-modules] Git checkout upstream:openstack/openstack-ansible-modules in /src/tmp/tmpFFFKGP/openstack-ansible-modules.build 
3 15-08-20 15:34:52 [202/662/662] [openstack-ansible-modules] Upstream version 451dcdea (No tag found) 
3 15-08-20 15:34:52 [202/662/662] [openstack-ansible-modules] Defined build system is manual
3 15-08-20 15:34:52 [202/662/662] [openstack-ansible-modules] Logging build commands to /src/artifacts/openstack-ansible-modules.e785c4c23d4e6ec5289d61848f173903943df682170ce06fd20a9e030196fcf2.build-log.3 
3 15-08-20 15:34:52 [202/662/662] [openstack-ansible-modules] Running install-commands
3 15-08-20 15:34:52 [202/662/662] [openstack-ansible-modules] Running command:
mkdir -p "$DESTDIR$PREFIX"/share/ansible/ansible-openstack-modules 
3 15-08-20 15:34:52 [202/662/662] [openstack-ansible-modules] Running command:
cp -r * "$DESTDIR$PREFIX"/share/ansible/ansible-openstack-modules 
3 15-08-20 15:34:52 [202/662/662] [openstack-ansible-modules] Elapsed time for build 00:00:00
3 15-08-20 15:34:52 [202/662/662] [openstack-ansible-modules] Starting artifact creation 
3 15-08-20 15:34:52 [202/662/662] [openstack-ansible-modules] splitting chunk 
3 15-08-20 15:34:52 [202/662/662] [openstack-ansible-modules] Now cached 31077 bytes as openstack-ansible-modules.e785c4c23d4e6ec5289d61848f173903943df682170ce06fd20a9e030196fcf2
3 15-08-20 15:34:52 [202/662/662] [openstack-ansible-modules] Elapsed time for artifact creation 00:00:00
3 15-08-20 15:34:52 [202/662/662] [openstack-ansible-modules] Cleaned up /src/tmp/tmpFFFKGP
3 15-08-20 15:34:52 [202/662/662] [openstack-ansible-modules] Elapsed time for assembly 00:00:01
3 15-08-20 15:34:52 [202/662/662] [ansible] Installing openstack-ansible-modules.e785c4c23d4e6ec5289d61848f173903943df682170ce06fd20a9e030196fcf2 
3 15-08-20 15:34:52 [202/662/662] [openstack-ansible-modules] loaded metadata for strata/ansible/openstack-ansible-modules.morph
3 15-08-20 15:34:52 [203/662/662] [ansible] Starting build 
3 15-08-20 15:34:52 [203/662/662] [ansible] Defined build system is manual
3 15-08-20 15:34:52 [203/662/662] [ansible] Logging build commands to /src/artifacts/ansible.2ac2dd619f1ed263d4171d305cfeb974f6330d559d4108073b51f50a776473f3.build-log.3 
3 15-08-20 15:34:52 [203/662/662] [ansible] Elapsed time for build 00:00:00
3 15-08-20 15:34:52 [203/662/662] [ansible] Starting artifact creation 
3 15-08-20 15:34:52 [203/662/662] [ansible] splitting stratum 
3 15-08-20 15:34:52 [203/662/662] [ansible] Now cached 276 bytes as ansible.2ac2dd619f1ed263d4171d305cfeb974f6330d559d4108073b51f50a776473f3
3 15-08-20 15:34:52 [203/662/662] [ansible] Elapsed time for artifact creation 00:00:00
3 15-08-20 15:34:52 [203/662/662] [ansible] Cleaned up /src/tmp/tmpqn5eay
3 15-08-20 15:34:52 [203/662/662] [ansible] Elapsed time for assembly 00:01:10
3 15-08-20 15:34:52 [203/662/662] [devel-system-x86_64-generic] Installing ansible.2ac2dd619f1ed263d4171d305cfeb974f6330d559d4108073b51f50a776473f3 
3 15-08-20 15:34:52 [203/662/662] [ansible] loaded metadata for strata/ansible.morph
3 15-08-20 15:34:52 [203/662/662] [tools] loaded metadata for tools
3 15-08-20 15:34:52 [203/662/662] [devel-system-x86_64-generic] Installing tools.5ae284c6f05620b44a2fa8113a4df092d373013dcc582fa467a71b95d2b494ba 
3 15-08-20 15:34:53 [203/662/662] [coreutils-common] loaded metadata for coreutils-common
3 15-08-20 15:34:53 [203/662/662] [devel-system-x86_64-generic] Installing coreutils-common.dc6b0d69a633f34292460a4c4dcd2d5d254f1d25ef4ec7976d1f69e104c30592 
3 15-08-20 15:34:53 [203/662/662] [glib-common] loaded metadata for glib-common
3 15-08-20 15:34:53 [203/662/662] [devel-system-x86_64-generic] Installing glib-common.8fcf5243d4a47abdde59ce9f8c4220eabe565fd7916c8e5160be84009a9f5a1c 
3 15-08-20 15:34:53 [203/662/662] [baserock-import] Starting assembly 
3 15-08-20 15:34:53 [203/662/662] [baserock-import] Starting assembly 
3 15-08-20 15:34:53 [203/662/662] [ansicolor] Starting assembly 
3 15-08-20 15:34:53 [203/662/662] [python-common] loaded metadata for python-common
3 15-08-20 15:34:53 [203/662/662] [ansicolor] Installing python-common.70f2fdbdecbc202c93d5d643a804d1db4b129215f47450cd27f12af5eb63d8f0 
3 15-08-20 15:34:54 [203/662/662] [morph-utils] Starting assembly 
3 15-08-20 15:34:54 [203/662/662] [ruamel.yaml] Starting assembly 
3 15-08-20 15:34:54 [203/662/662] [python-pygobject] loaded metadata for python-pygobject
3 15-08-20 15:34:54 [203/662/662] [ruamel.yaml] Installing python-pygobject.13fcb72b609ec8750f61cfe78f55c5b4bda7a439ad5be5b7676cf0161cc92653 
3 15-08-20 15:34:54 [203/662/662] [python-cliapp] loaded metadata for python-cliapp
3 15-08-20 15:34:54 [203/662/662] [ruamel.yaml] Installing python-cliapp.9061a4c0651cbb7152da09547e476fd77b47c72e9d3e520e2c7bce120d68469c 
3 15-08-20 15:34:54 [203/662/662] [ostree-core] Starting assembly 
3 15-08-20 15:34:54 [203/662/662] [ostree] Starting assembly 
3 15-08-20 15:34:54 [203/662/662] [core] loaded metadata for core
3 15-08-20 15:34:54 [203/662/662] [ostree] Installing core.ff2bf428e04196e1f178b1d14eff9408a9ec0c298bbaf6872a6547da7efac9cf 
3 15-08-20 15:34:55 [203/662/662] [libsoup-common] loaded metadata for libsoup-common
3 15-08-20 15:34:55 [203/662/662] [ostree] Installing libsoup-common.77ab26c3e3afbd48ed3495bd1aa50d08abc112d8267be7653c883b038db09fbf 
3 15-08-20 15:34:55 [203/662/662] [libgsystem] Starting assembly 
3 15-08-20 15:34:55 [203/662/662] [core] loaded metadata for core
3 15-08-20 15:34:55 [203/662/662] [libgsystem] Installing core.ff2bf428e04196e1f178b1d14eff9408a9ec0c298bbaf6872a6547da7efac9cf 
3 15-08-20 15:34:56 [203/662/662] [libsoup-common] loaded metadata for libsoup-common
3 15-08-20 15:34:56 [203/662/662] [libgsystem] Installing libsoup-common.77ab26c3e3afbd48ed3495bd1aa50d08abc112d8267be7653c883b038db09fbf 
3 15-08-20 15:34:56 [204/662/662] [libgsystem] Starting build 
3 15-08-20 15:34:56 [204/662/662] [libgsystem] Git checkout upstream:libgsystem in /src/tmp/tmpCS3hUA/libgsystem.build 
3 15-08-20 15:34:56 [204/662/662] [libgsystem] Upstream version 8231b8ad v2015.1-1-g8231b8a (v2015.1 + 1 commits) 
3 15-08-20 15:34:56 [204/662/662] [libgsystem] Autodetected build system is autotools
3 15-08-20 15:34:56 [204/662/662] [libgsystem] Logging build commands to /src/artifacts/libgsystem.ec79ae35a2d61e6394b7e1fe813d18cb13b4f59880e426daa00613447b00bac8.build-log.3 
3 15-08-20 15:34:56 [204/662/662] [libgsystem] Running configure-commands
3 15-08-20 15:34:56 [204/662/662] [libgsystem] Running command:
export NOCONFIGURE=1
if [ -e autogen ]; then ./autogen
elif [ -e autogen.sh ]; then ./autogen.sh
elif [ ! -e ./configure ]; then autoreconf -ivf
fi
./configure --prefix="$PREFIX"
 
3 15-08-20 15:35:04 [204/662/662] [libgsystem] Running build-commands
3 15-08-20 15:35:04 [204/662/662] [libgsystem] Running command:
make 
3 15-08-20 15:35:06 [204/662/662] [libgsystem] Running install-commands
3 15-08-20 15:35:06 [204/662/662] [libgsystem] Running command:
make DESTDIR="$DESTDIR" install 
3 15-08-20 15:35:07 [204/662/662] [libgsystem] Running strip-commands
3 15-08-20 15:35:07 [204/662/662] [libgsystem] Running command:
find "$DESTDIR" -type f \
  '(' -perm -111 -o -name '*.so*' -o -name '*.cmxs' -o -name '*.node' ')' \
  -exec sh -ec \
  'read -n4 hdr <"$1"   # check for elf header
  if [ "$hdr" != "$(printf \x7ELF)" ]; then
    exit 0
  fi
  debugfile="$DESTDIR$PREFIX/lib/debug/$(basename "$1")"
  mkdir -p "$(dirname "$debugfile")"
  objcopy --only-keep-debug "$1" "$debugfile"
  chmod 644 "$debugfile"
  strip --remove-section=.comment --remove-section=.note --strip-unneeded "$1"
  objcopy --add-gnu-debuglink "$debugfile" "$1"' - {} ';'
 
3 15-08-20 15:35:07 [204/662/662] [libgsystem] Elapsed time for build 00:00:11
3 15-08-20 15:35:07 [204/662/662] [libgsystem] Starting artifact creation 
3 15-08-20 15:35:07 [204/662/662] [libgsystem] splitting chunk 
3 15-08-20 15:35:07 [204/662/662] [libgsystem] Now cached 104496 bytes as libgsystem.ec79ae35a2d61e6394b7e1fe813d18cb13b4f59880e426daa00613447b00bac8
3 15-08-20 15:35:07 [204/662/662] [libgsystem] Elapsed time for artifact creation 00:00:00
3 15-08-20 15:35:07 [204/662/662] [libgsystem] Cleaned up /src/tmp/tmpCS3hUA
3 15-08-20 15:35:07 [204/662/662] [libgsystem] Elapsed time for assembly 00:00:12
3 15-08-20 15:35:07 [204/662/662] [ostree] Installing libgsystem.ec79ae35a2d61e6394b7e1fe813d18cb13b4f59880e426daa00613447b00bac8 
3 15-08-20 15:35:07 [204/662/662] [libgsystem] loaded metadata for libgsystem
3 15-08-20 15:35:07 [205/662/662] [ostree] Starting build 
3 15-08-20 15:35:07 [205/662/662] [ostree] Git checkout upstream:ostree in /src/tmp/tmpEWW_mz/ostree.build 
3 15-08-20 15:35:07 [205/662/662] [ostree] Upstream version c9704e98 v2015.3-21-gc9704e9 (v2015.3 + 21 commits) 
3 15-08-20 15:35:07 [205/662/662] [ostree] Autodetected build system is autotools
3 15-08-20 15:35:07 [205/662/662] [ostree] Logging build commands to /src/artifacts/ostree.152878a2aebd9c7136cc4f55ccabdadefd183fed2f12a226c9ba0fb3061ff4f3.build-log.3 
3 15-08-20 15:35:07 [205/662/662] [ostree] Running configure-commands
3 15-08-20 15:35:07 [205/662/662] [ostree] Running command:
export NOCONFIGURE=1
if [ -e autogen ]; then ./autogen
elif [ -e autogen.sh ]; then ./autogen.sh
elif [ ! -e ./configure ]; then autoreconf -ivf
fi
./configure --prefix="$PREFIX"
 
3 15-08-20 15:35:18 [205/662/662] [ostree] Running build-commands
3 15-08-20 15:35:18 [205/662/662] [ostree] Running command:
make 
3 15-08-20 15:35:22 [205/662/662] [ostree] Running install-commands
3 15-08-20 15:35:22 [205/662/662] [ostree] Running command:
make DESTDIR="$DESTDIR" install 
3 15-08-20 15:35:23 [205/662/662] [ostree] Running strip-commands
3 15-08-20 15:35:23 [205/662/662] [ostree] Running command:
find "$DESTDIR" -type f \
  '(' -perm -111 -o -name '*.so*' -o -name '*.cmxs' -o -name '*.node' ')' \
  -exec sh -ec \
  'read -n4 hdr <"$1"   # check for elf header
  if [ "$hdr" != "$(printf \x7ELF)" ]; then
    exit 0
  fi
  debugfile="$DESTDIR$PREFIX/lib/debug/$(basename "$1")"
  mkdir -p "$(dirname "$debugfile")"
  objcopy --only-keep-debug "$1" "$debugfile"
  chmod 644 "$debugfile"
  strip --remove-section=.comment --remove-section=.note --strip-unneeded "$1"
  objcopy --add-gnu-debuglink "$debugfile" "$1"' - {} ';'
 
3 15-08-20 15:35:23 [205/662/662] [ostree] Elapsed time for build 00:00:16
3 15-08-20 15:35:23 [205/662/662] [ostree] Starting artifact creation 
3 15-08-20 15:35:23 [205/662/662] [ostree] splitting chunk 
3 15-08-20 15:35:24 [205/662/662] [ostree] Now cached 770094 bytes as ostree.152878a2aebd9c7136cc4f55ccabdadefd183fed2f12a226c9ba0fb3061ff4f3
3 15-08-20 15:35:24 [205/662/662] [ostree] Elapsed time for artifact creation 00:00:00
3 15-08-20 15:35:24 [205/662/662] [ostree] Cleaned up /src/tmp/tmpEWW_mz
3 15-08-20 15:35:24 [205/662/662] [ostree] Elapsed time for assembly 00:00:30
3 15-08-20 15:35:24 [205/662/662] [ostree-core] Installing ostree.152878a2aebd9c7136cc4f55ccabdadefd183fed2f12a226c9ba0fb3061ff4f3 
3 15-08-20 15:35:24 [205/662/662] [ostree] loaded metadata for ostree
3 15-08-20 15:35:25 [205/662/662] [libgsystem] loaded metadata for libgsystem
3 15-08-20 15:35:25 [206/662/662] [ostree-core] Starting build 
3 15-08-20 15:35:25 [206/662/662] [ostree-core] Defined build system is manual
3 15-08-20 15:35:25 [206/662/662] [ostree-core] Logging build commands to /src/artifacts/ostree-core.ab1ae70da946b389677d51698e7ac581eb1aff473428eeaf75b59399d77b2379.build-log.3 
3 15-08-20 15:35:25 [206/662/662] [ostree-core] Elapsed time for build 00:00:00
3 15-08-20 15:35:25 [206/662/662] [ostree-core] Starting artifact creation 
3 15-08-20 15:35:25 [206/662/662] [ostree-core] splitting stratum 
3 15-08-20 15:35:25 [206/662/662] [ostree-core] Now cached 272 bytes as ostree-core.ab1ae70da946b389677d51698e7ac581eb1aff473428eeaf75b59399d77b2379
3 15-08-20 15:35:25 [206/662/662] [ostree-core] Elapsed time for artifact creation 00:00:00
3 15-08-20 15:35:25 [206/662/662] [ostree-core] Cleaned up /src/tmp/tmppP_IPT
3 15-08-20 15:35:25 [206/662/662] [ostree-core] Elapsed time for assembly 00:00:31
3 15-08-20 15:35:25 [206/662/662] [ruamel.yaml] Installing ostree-core.ab1ae70da946b389677d51698e7ac581eb1aff473428eeaf75b59399d77b2379 
3 15-08-20 15:35:25 [206/662/662] [ostree-core] loaded metadata for strata/ostree-core.morph
3 15-08-20 15:35:25 [206/662/662] [core] loaded metadata for core
3 15-08-20 15:35:25 [206/662/662] [python-core] loaded metadata for python-core
3 15-08-20 15:35:25 [206/662/662] [python-wsgi] loaded metadata for python-wsgi
3 15-08-20 15:35:25 [206/662/662] [ruamel.yaml] Installing python-wsgi.992b5be4871dad909183cce0963f0998e90406cf61ce75e6588bfe1562beacc1 
3 15-08-20 15:35:25 [207/662/662] [ruamel.yaml] Starting build 
3 15-08-20 15:35:25 [207/662/662] [ruamel.yaml] Git checkout upstream:python-packages/ruamel.yaml in /src/tmp/tmpM653PK/ruamel.yaml.build 
3 15-08-20 15:35:25 [207/662/662] [ruamel.yaml] Upstream version 840b3ccd (No tag found) 
3 15-08-20 15:35:25 [207/662/662] [ruamel.yaml] Autodetected build system is python-distutils
3 15-08-20 15:35:25 [207/662/662] [ruamel.yaml] Logging build commands to /src/artifacts/ruamel.yaml.deea1d12e063a6f5cefba455cb5d40340d6db24eb40735b971489cc02e88fc32.build-log.3 
3 15-08-20 15:35:25 [207/662/662] [ruamel.yaml] Running build-commands
3 15-08-20 15:35:25 [207/662/662] [ruamel.yaml] Running command:
python setup.py build 
3 15-08-20 15:35:26 [207/662/662] [ruamel.yaml] Running install-commands
3 15-08-20 15:35:26 [207/662/662] [ruamel.yaml] Running command:
python setup.py install --prefix "$PREFIX" --root "$DESTDIR" 
3 15-08-20 15:35:26 [207/662/662] [ruamel.yaml] Running strip-commands
3 15-08-20 15:35:26 [207/662/662] [ruamel.yaml] Running command:
find "$DESTDIR" -type f \
  '(' -perm -111 -o -name '*.so*' -o -name '*.cmxs' -o -name '*.node' ')' \
  -exec sh -ec \
  'read -n4 hdr <"$1"   # check for elf header
  if [ "$hdr" != "$(printf \x7ELF)" ]; then
    exit 0
  fi
  debugfile="$DESTDIR$PREFIX/lib/debug/$(basename "$1")"
  mkdir -p "$(dirname "$debugfile")"
  objcopy --only-keep-debug "$1" "$debugfile"
  chmod 644 "$debugfile"
  strip --remove-section=.comment --remove-section=.note --strip-unneeded "$1"
  objcopy --add-gnu-debuglink "$debugfile" "$1"' - {} ';'
 
3 15-08-20 15:35:26 [207/662/662] [ruamel.yaml] Elapsed time for build 00:00:00
3 15-08-20 15:35:26 [207/662/662] [ruamel.yaml] Starting artifact creation 
3 15-08-20 15:35:26 [207/662/662] [ruamel.yaml] splitting chunk 
3 15-08-20 15:35:26 [207/662/662] [ruamel.yaml] Now cached 135642 bytes as ruamel.yaml.deea1d12e063a6f5cefba455cb5d40340d6db24eb40735b971489cc02e88fc32
3 15-08-20 15:35:26 [207/662/662] [ruamel.yaml] Elapsed time for artifact creation 00:00:00
3 15-08-20 15:35:27 [207/662/662] [ruamel.yaml] Cleaned up /src/tmp/tmpM653PK
3 15-08-20 15:35:27 [207/662/662] [ruamel.yaml] Elapsed time for assembly 00:00:33
3 15-08-20 15:35:27 [207/662/662] [morph-utils] Installing ruamel.yaml.deea1d12e063a6f5cefba455cb5d40340d6db24eb40735b971489cc02e88fc32 
3 15-08-20 15:35:27 [207/662/662] [ruamel.yaml] loaded metadata for ruamel.yaml
3 15-08-20 15:35:27 [207/662/662] [pylru] Starting assembly 
3 15-08-20 15:35:27 [207/662/662] [core] loaded metadata for core
3 15-08-20 15:35:27 [207/662/662] [pylru] Installing core.ff2bf428e04196e1f178b1d14eff9408a9ec0c298bbaf6872a6547da7efac9cf 
3 15-08-20 15:35:28 [207/662/662] [ostree-core] loaded metadata for ostree-core
3 15-08-20 15:35:28 [207/662/662] [pylru] Installing ostree-core.ab1ae70da946b389677d51698e7ac581eb1aff473428eeaf75b59399d77b2379 
3 15-08-20 15:35:28 [207/662/662] [python-pygobject] loaded metadata for python-pygobject
3 15-08-20 15:35:28 [207/662/662] [pylru] Installing python-pygobject.13fcb72b609ec8750f61cfe78f55c5b4bda7a439ad5be5b7676cf0161cc92653 
3 15-08-20 15:35:28 [207/662/662] [python-cliapp] loaded metadata for python-cliapp
3 15-08-20 15:35:28 [207/662/662] [pylru] Installing python-cliapp.9061a4c0651cbb7152da09547e476fd77b47c72e9d3e520e2c7bce120d68469c 
3 15-08-20 15:35:28 [207/662/662] [python-core] loaded metadata for python-core
3 15-08-20 15:35:28 [207/662/662] [python-wsgi] loaded metadata for python-wsgi
3 15-08-20 15:35:28 [207/662/662] [pylru] Installing python-wsgi.992b5be4871dad909183cce0963f0998e90406cf61ce75e6588bfe1562beacc1 
3 15-08-20 15:35:28 [208/662/662] [pylru] Starting build 
3 15-08-20 15:35:28 [208/662/662] [pylru] Git checkout upstream:python-packages/pylru in /src/tmp/tmpcQqvLG/pylru.build 
3 15-08-20 15:35:28 [208/662/662] [pylru] Upstream version 221dd259 (No tag found) 
3 15-08-20 15:35:28 [208/662/662] [pylru] Autodetected build system is python-distutils
3 15-08-20 15:35:28 [208/662/662] [pylru] Logging build commands to /src/artifacts/pylru.d7fc990973ea90812b09da87bf334a67bf06931a4338e15bed799a9fc789ae8a.build-log.3 
3 15-08-20 15:35:28 [208/662/662] [pylru] Running build-commands
3 15-08-20 15:35:28 [208/662/662] [pylru] Running command:
python setup.py build 
3 15-08-20 15:35:28 [208/662/662] [pylru] Running install-commands
3 15-08-20 15:35:28 [208/662/662] [pylru] Running command:
python setup.py install --prefix "$PREFIX" --root "$DESTDIR" 
3 15-08-20 15:35:29 [208/662/662] [pylru] Running strip-commands
3 15-08-20 15:35:29 [208/662/662] [pylru] Running command:
find "$DESTDIR" -type f \
  '(' -perm -111 -o -name '*.so*' -o -name '*.cmxs' -o -name '*.node' ')' \
  -exec sh -ec \
  'read -n4 hdr <"$1"   # check for elf header
  if [ "$hdr" != "$(printf \x7ELF)" ]; then
    exit 0
  fi
  debugfile="$DESTDIR$PREFIX/lib/debug/$(basename "$1")"
  mkdir -p "$(dirname "$debugfile")"
  objcopy --only-keep-debug "$1" "$debugfile"
  chmod 644 "$debugfile"
  strip --remove-section=.comment --remove-section=.note --strip-unneeded "$1"
  objcopy --add-gnu-debuglink "$debugfile" "$1"' - {} ';'
 
3 15-08-20 15:35:29 [208/662/662] [pylru] Elapsed time for build 00:00:00
3 15-08-20 15:35:29 [208/662/662] [pylru] Starting artifact creation 
3 15-08-20 15:35:29 [208/662/662] [pylru] splitting chunk 
3 15-08-20 15:35:29 [208/662/662] [pylru] Now cached 10431 bytes as pylru.d7fc990973ea90812b09da87bf334a67bf06931a4338e15bed799a9fc789ae8a
3 15-08-20 15:35:29 [208/662/662] [pylru] Elapsed time for artifact creation 00:00:00
3 15-08-20 15:35:29 [208/662/662] [pylru] Cleaned up /src/tmp/tmpcQqvLG
3 15-08-20 15:35:29 [208/662/662] [pylru] Elapsed time for assembly 00:00:01
3 15-08-20 15:35:29 [208/662/662] [morph-utils] Installing pylru.d7fc990973ea90812b09da87bf334a67bf06931a4338e15bed799a9fc789ae8a 
3 15-08-20 15:35:29 [208/662/662] [pylru] loaded metadata for pylru
3 15-08-20 15:35:29 [208/662/662] [pyfilesystem] Starting assembly 
3 15-08-20 15:35:29 [208/662/662] [python-pygobject] loaded metadata for python-pygobject
3 15-08-20 15:35:29 [208/662/662] [pyfilesystem] Installing python-pygobject.13fcb72b609ec8750f61cfe78f55c5b4bda7a439ad5be5b7676cf0161cc92653 
3 15-08-20 15:35:30 [208/662/662] [ostree-core] loaded metadata for ostree-core
3 15-08-20 15:35:30 [208/662/662] [pyfilesystem] Installing ostree-core.ab1ae70da946b389677d51698e7ac581eb1aff473428eeaf75b59399d77b2379 
3 15-08-20 15:35:30 [208/662/662] [python-wsgi] loaded metadata for python-wsgi
3 15-08-20 15:35:30 [208/662/662] [pyfilesystem] Installing python-wsgi.992b5be4871dad909183cce0963f0998e90406cf61ce75e6588bfe1562beacc1 
3 15-08-20 15:35:30 [208/662/662] [core] loaded metadata for core
3 15-08-20 15:35:30 [208/662/662] [python-core] loaded metadata for python-core
3 15-08-20 15:35:30 [208/662/662] [python-cliapp] loaded metadata for python-cliapp
3 15-08-20 15:35:30 [208/662/662] [pyfilesystem] Installing python-cliapp.9061a4c0651cbb7152da09547e476fd77b47c72e9d3e520e2c7bce120d68469c 
3 15-08-20 15:35:30 [209/662/662] [pyfilesystem] Starting build 
3 15-08-20 15:35:30 [209/662/662] [pyfilesystem] Git checkout upstream:pyfilesystem in /src/tmp/tmp59YSfj/pyfilesystem.build 
3 15-08-20 15:35:30 [209/662/662] [pyfilesystem] Upstream version 821f7db1 (No tag found) 
3 15-08-20 15:35:30 [209/662/662] [pyfilesystem] Defined build system is manual
3 15-08-20 15:35:30 [209/662/662] [pyfilesystem] Logging build commands to /src/artifacts/pyfilesystem.99da02dcd703513a9c40c179aaa23a00d1f643afa1a7d68ee834dbf5dd077637.build-log.3 
3 15-08-20 15:35:30 [209/662/662] [pyfilesystem] Running build-commands
3 15-08-20 15:35:30 [209/662/662] [pyfilesystem] Running command:
python setup.py build 
3 15-08-20 15:35:30 [209/662/662] [pyfilesystem] Running install-commands
3 15-08-20 15:35:30 [209/662/662] [pyfilesystem] Running command:
python setup.py install --prefix="$PREFIX" --root "$DESTDIR" 
3 15-08-20 15:35:31 [209/662/662] [pyfilesystem] Elapsed time for build 00:00:01
3 15-08-20 15:35:31 [209/662/662] [pyfilesystem] Starting artifact creation 
3 15-08-20 15:35:31 [209/662/662] [pyfilesystem] splitting chunk 
3 15-08-20 15:35:31 [209/662/662] [pyfilesystem] Now cached 546997 bytes as pyfilesystem.99da02dcd703513a9c40c179aaa23a00d1f643afa1a7d68ee834dbf5dd077637
3 15-08-20 15:35:31 [209/662/662] [pyfilesystem] Elapsed time for artifact creation 00:00:00
3 15-08-20 15:35:31 [209/662/662] [pyfilesystem] Cleaned up /src/tmp/tmp59YSfj
3 15-08-20 15:35:31 [209/662/662] [pyfilesystem] Elapsed time for assembly 00:00:02
3 15-08-20 15:35:31 [209/662/662] [morph-utils] Installing pyfilesystem.99da02dcd703513a9c40c179aaa23a00d1f643afa1a7d68ee834dbf5dd077637 
3 15-08-20 15:35:31 [209/662/662] [pyfilesystem] loaded metadata for strata/morph-utils/pyfilesystem.morph
3 15-08-20 15:35:31 [209/662/662] [python-ttystatus] Starting assembly 
3 15-08-20 15:35:31 [209/662/662] [core] loaded metadata for core
3 15-08-20 15:35:31 [209/662/662] [python-ttystatus] Installing core.ff2bf428e04196e1f178b1d14eff9408a9ec0c298bbaf6872a6547da7efac9cf 
3 15-08-20 15:35:32 [209/662/662] [python-wsgi] loaded metadata for python-wsgi
3 15-08-20 15:35:32 [209/662/662] [python-ttystatus] Installing python-wsgi.992b5be4871dad909183cce0963f0998e90406cf61ce75e6588bfe1562beacc1 
3 15-08-20 15:35:32 [209/662/662] [python-pygobject] loaded metadata for python-pygobject
3 15-08-20 15:35:32 [209/662/662] [python-ttystatus] Installing python-pygobject.13fcb72b609ec8750f61cfe78f55c5b4bda7a439ad5be5b7676cf0161cc92653 
3 15-08-20 15:35:32 [209/662/662] [python-core] loaded metadata for python-core
3 15-08-20 15:35:32 [209/662/662] [python-cliapp] loaded metadata for python-cliapp
3 15-08-20 15:35:32 [209/662/662] [python-ttystatus] Installing python-cliapp.9061a4c0651cbb7152da09547e476fd77b47c72e9d3e520e2c7bce120d68469c 
3 15-08-20 15:35:32 [209/662/662] [ostree-core] loaded metadata for ostree-core
3 15-08-20 15:35:32 [209/662/662] [python-ttystatus] Installing ostree-core.ab1ae70da946b389677d51698e7ac581eb1aff473428eeaf75b59399d77b2379 
3 15-08-20 15:35:32 [210/662/662] [python-ttystatus] Starting build 
3 15-08-20 15:35:32 [210/662/662] [python-ttystatus] Git checkout upstream:python-ttystatus in /src/tmp/tmpWOMXaS/python-ttystatus.build 
3 15-08-20 15:35:32 [210/662/662] [python-ttystatus] Upstream version 47d87121 ttystatus-0.15-1-g47d8712 (ttystatus-0.15 + 1 commits) 
3 15-08-20 15:35:32 [210/662/662] [python-ttystatus] Defined build system is manual
3 15-08-20 15:35:32 [210/662/662] [python-ttystatus] Logging build commands to /src/artifacts/python-ttystatus.72de5542d038cbe8375be4b6f3e4883731a3ded1ca84096821a84ecbafaab223.build-log.3 
3 15-08-20 15:35:32 [210/662/662] [python-ttystatus] Running build-commands
3 15-08-20 15:35:32 [210/662/662] [python-ttystatus] Running command:
python setup.py build 
3 15-08-20 15:35:32 [210/662/662] [python-ttystatus] Running install-commands
3 15-08-20 15:35:32 [210/662/662] [python-ttystatus] Running command:
python setup.py install --prefix=/usr --root "$DESTDIR" 
3 15-08-20 15:35:33 [210/662/662] [python-ttystatus] Elapsed time for build 00:00:00
3 15-08-20 15:35:33 [210/662/662] [python-ttystatus] Starting artifact creation 
3 15-08-20 15:35:33 [210/662/662] [python-ttystatus] splitting chunk 
3 15-08-20 15:35:33 [210/662/662] [python-ttystatus] Now cached 25518 bytes as python-ttystatus.72de5542d038cbe8375be4b6f3e4883731a3ded1ca84096821a84ecbafaab223
3 15-08-20 15:35:33 [210/662/662] [python-ttystatus] Elapsed time for artifact creation 00:00:00
3 15-08-20 15:35:33 [210/662/662] [python-ttystatus] Cleaned up /src/tmp/tmpWOMXaS
3 15-08-20 15:35:33 [210/662/662] [python-ttystatus] Elapsed time for assembly 00:00:01
3 15-08-20 15:35:33 [210/662/662] [morph-utils] Installing python-ttystatus.72de5542d038cbe8375be4b6f3e4883731a3ded1ca84096821a84ecbafaab223 
3 15-08-20 15:35:33 [210/662/662] [python-ttystatus] loaded metadata for strata/morph-utils/python-ttystatus.morph
3 15-08-20 15:35:33 [210/662/662] [morph] Starting assembly 
3 15-08-20 15:35:33 [210/662/662] [python-cliapp] loaded metadata for python-cliapp
3 15-08-20 15:35:33 [210/662/662] [morph] Installing python-cliapp.9061a4c0651cbb7152da09547e476fd77b47c72e9d3e520e2c7bce120d68469c 
3 15-08-20 15:35:33 [210/662/662] [python-pygobject] loaded metadata for python-pygobject
3 15-08-20 15:35:33 [210/662/662] [morph] Installing python-pygobject.13fcb72b609ec8750f61cfe78f55c5b4bda7a439ad5be5b7676cf0161cc92653 
3 15-08-20 15:35:34 [210/662/662] [cmdtest] Starting assembly 
3 15-08-20 15:35:34 [210/662/662] [ostree-core] loaded metadata for ostree-core
3 15-08-20 15:35:34 [210/662/662] [cmdtest] Installing ostree-core.ab1ae70da946b389677d51698e7ac581eb1aff473428eeaf75b59399d77b2379 
3 15-08-20 15:35:34 [210/662/662] [python-ttystatus] loaded metadata for python-ttystatus
3 15-08-20 15:35:34 [210/662/662] [cmdtest] Installing python-ttystatus.72de5542d038cbe8375be4b6f3e4883731a3ded1ca84096821a84ecbafaab223 
3 15-08-20 15:35:34 [210/662/662] [python-pygobject] loaded metadata for python-pygobject
3 15-08-20 15:35:34 [210/662/662] [python-core] loaded metadata for python-core
3 15-08-20 15:35:34 [210/662/662] [python-wsgi] loaded metadata for python-wsgi
3 15-08-20 15:35:34 [210/662/662] [core] loaded metadata for core
3 15-08-20 15:35:34 [210/662/662] [python-cliapp] loaded metadata for python-cliapp
3 15-08-20 15:35:34 [211/662/662] [cmdtest] Starting build 
3 15-08-20 15:35:34 [211/662/662] [cmdtest] Git checkout upstream:cmdtest in /src/tmp/tmpcPyP0w/cmdtest.build 
3 15-08-20 15:35:34 [211/662/662] [cmdtest] Upstream version ac917918 cmdtest-0.12-29-gac91791 (cmdtest-0.12 + 29 commits) 
3 15-08-20 15:35:34 [211/662/662] [cmdtest] Defined build system is manual
3 15-08-20 15:35:34 [211/662/662] [cmdtest] Logging build commands to /src/artifacts/cmdtest.fa4c7ea2657beb96005763c7fca828580b17a4890aed6de17dc14da09f222c4e.build-log.3 
3 15-08-20 15:35:34 [211/662/662] [cmdtest] Running build-commands
3 15-08-20 15:35:34 [211/662/662] [cmdtest] Running command:
python setup.py build 
3 15-08-20 15:35:35 [211/662/662] [cmdtest] Running install-commands
3 15-08-20 15:35:35 [211/662/662] [cmdtest] Running command:
python setup.py install --prefix=/usr --root "$DESTDIR" 
3 15-08-20 15:35:35 [211/662/662] [cmdtest] Elapsed time for build 00:00:00
3 15-08-20 15:35:35 [211/662/662] [cmdtest] Starting artifact creation 
3 15-08-20 15:35:35 [211/662/662] [cmdtest] splitting chunk 
3 15-08-20 15:35:35 [211/662/662] [cmdtest] Now cached 36066 bytes as cmdtest.fa4c7ea2657beb96005763c7fca828580b17a4890aed6de17dc14da09f222c4e
3 15-08-20 15:35:35 [211/662/662] [cmdtest] Elapsed time for artifact creation 00:00:00
3 15-08-20 15:35:35 [211/662/662] [cmdtest] Cleaned up /src/tmp/tmpcPyP0w
3 15-08-20 15:35:35 [211/662/662] [cmdtest] Elapsed time for assembly 00:00:01
3 15-08-20 15:35:35 [211/662/662] [morph] Installing cmdtest.fa4c7ea2657beb96005763c7fca828580b17a4890aed6de17dc14da09f222c4e 
3 15-08-20 15:35:35 [211/662/662] [cmdtest] loaded metadata for strata/morph-utils/cmdtest.morph
3 15-08-20 15:35:36 [211/662/662] [core] loaded metadata for core
3 15-08-20 15:35:36 [211/662/662] [pylru] loaded metadata for pylru
3 15-08-20 15:35:36 [211/662/662] [morph] Installing pylru.d7fc990973ea90812b09da87bf334a67bf06931a4338e15bed799a9fc789ae8a 
3 15-08-20 15:35:36 [211/662/662] [python-core] loaded metadata for python-core
3 15-08-20 15:35:36 [211/662/662] [pyfilesystem] loaded metadata for pyfilesystem
3 15-08-20 15:35:36 [211/662/662] [morph] Installing pyfilesystem.99da02dcd703513a9c40c179aaa23a00d1f643afa1a7d68ee834dbf5dd077637 
3 15-08-20 15:35:36 [211/662/662] [python-wsgi] loaded metadata for python-wsgi
3 15-08-20 15:35:36 [211/662/662] [ostree-core] loaded metadata for ostree-core
3 15-08-20 15:35:36 [212/662/662] [morph] Starting build 
3 15-08-20 15:35:36 [212/662/662] [morph] Git checkout baserock:baserock/morph in /src/tmp/tmpZMEbof/morph.build 
3 15-08-20 15:35:36 [212/662/662] [morph] Upstream version 60c378c5 baserock-definitions-v3-140-g60c378c (baserock-definitions-v3 + 140 commits) 
3 15-08-20 15:35:36 [212/662/662] [morph] Autodetected build system is python-distutils
3 15-08-20 15:35:36 [212/662/662] [morph] Logging build commands to /src/artifacts/morph.d73a38e5c2bca81e1c701b16513cb658ac0634e5bdfef36e4d9ec9a5307cd2fd.build-log.3 
3 15-08-20 15:35:36 [212/662/662] [morph] Running build-commands
3 15-08-20 15:35:36 [212/662/662] [morph] Running command:
python setup.py build 
3 15-08-20 15:35:36 [212/662/662] [morph] Running install-commands
3 15-08-20 15:35:36 [212/662/662] [morph] Running command:
python setup.py install --prefix "$PREFIX" --root "$DESTDIR" 
3 15-08-20 15:35:37 [212/662/662] [morph] Running strip-commands
3 15-08-20 15:35:37 [212/662/662] [morph] Running command:
find "$DESTDIR" -type f \
  '(' -perm -111 -o -name '*.so*' -o -name '*.cmxs' -o -name '*.node' ')' \
  -exec sh -ec \
  'read -n4 hdr <"$1"   # check for elf header
  if [ "$hdr" != "$(printf \x7ELF)" ]; then
    exit 0
  fi
  debugfile="$DESTDIR$PREFIX/lib/debug/$(basename "$1")"
  mkdir -p "$(dirname "$debugfile")"
  objcopy --only-keep-debug "$1" "$debugfile"
  chmod 644 "$debugfile"
  strip --remove-section=.comment --remove-section=.note --strip-unneeded "$1"
  objcopy --add-gnu-debuglink "$debugfile" "$1"' - {} ';'
 
3 15-08-20 15:35:37 [212/662/662] [morph] Elapsed time for build 00:00:01
3 15-08-20 15:35:37 [212/662/662] [morph] Starting artifact creation 
3 15-08-20 15:35:37 [212/662/662] [morph] splitting chunk 
3 15-08-20 15:35:38 [212/662/662] [morph] Now cached 558917 bytes as morph.d73a38e5c2bca81e1c701b16513cb658ac0634e5bdfef36e4d9ec9a5307cd2fd
3 15-08-20 15:35:38 [212/662/662] [morph] Elapsed time for artifact creation 00:00:00
3 15-08-20 15:35:38 [212/662/662] [morph] Cleaned up /src/tmp/tmpZMEbof
3 15-08-20 15:35:38 [212/662/662] [morph] Elapsed time for assembly 00:00:05
3 15-08-20 15:35:38 [212/662/662] [morph-utils] Installing morph.d73a38e5c2bca81e1c701b16513cb658ac0634e5bdfef36e4d9ec9a5307cd2fd 
3 15-08-20 15:35:38 [212/662/662] [morph] loaded metadata for morph
3 15-08-20 15:35:38 [212/662/662] [git-fat] Starting assembly 
3 15-08-20 15:35:38 [212/662/662] [python-pygobject] loaded metadata for python-pygobject
3 15-08-20 15:35:38 [212/662/662] [git-fat] Installing python-pygobject.13fcb72b609ec8750f61cfe78f55c5b4bda7a439ad5be5b7676cf0161cc92653 
3 15-08-20 15:35:39 [212/662/662] [ostree-core] loaded metadata for ostree-core
3 15-08-20 15:35:39 [212/662/662] [git-fat] Installing ostree-core.ab1ae70da946b389677d51698e7ac581eb1aff473428eeaf75b59399d77b2379 
3 15-08-20 15:35:39 [212/662/662] [python-wsgi] loaded metadata for python-wsgi
3 15-08-20 15:35:39 [212/662/662] [git-fat] Installing python-wsgi.992b5be4871dad909183cce0963f0998e90406cf61ce75e6588bfe1562beacc1 
3 15-08-20 15:35:39 [212/662/662] [core] loaded metadata for core
3 15-08-20 15:35:39 [212/662/662] [python-cliapp] loaded metadata for python-cliapp
3 15-08-20 15:35:39 [212/662/662] [git-fat] Installing python-cliapp.9061a4c0651cbb7152da09547e476fd77b47c72e9d3e520e2c7bce120d68469c 
3 15-08-20 15:35:39 [212/662/662] [python-core] loaded metadata for python-core
3 15-08-20 15:35:39 [213/662/662] [git-fat] Starting build 
3 15-08-20 15:35:39 [213/662/662] [git-fat] Git checkout upstream:git-fat in /src/tmp/tmpxfULD_/git-fat.build 
3 15-08-20 15:35:39 [213/662/662] [git-fat] Upstream version 208f88d0 (No tag found) 
3 15-08-20 15:35:39 [213/662/662] [git-fat] Defined build system is manual
3 15-08-20 15:35:39 [213/662/662] [git-fat] Logging build commands to /src/artifacts/git-fat.b2fa4646241750541ff273f54a0e0912b3f88a99b864fd07f77378419eb919ce.build-log.3 
3 15-08-20 15:35:39 [213/662/662] [git-fat] Running install-commands
3 15-08-20 15:35:39 [213/662/662] [git-fat] Running command:
install -D -m 755 git-fat "$DESTDIR/usr/bin/git-fat" 
3 15-08-20 15:35:39 [213/662/662] [git-fat] Elapsed time for build 00:00:00
3 15-08-20 15:35:39 [213/662/662] [git-fat] Starting artifact creation 
3 15-08-20 15:35:39 [213/662/662] [git-fat] splitting chunk 
3 15-08-20 15:35:39 [213/662/662] [git-fat] Now cached 6794 bytes as git-fat.b2fa4646241750541ff273f54a0e0912b3f88a99b864fd07f77378419eb919ce
3 15-08-20 15:35:39 [213/662/662] [git-fat] Elapsed time for artifact creation 00:00:00
3 15-08-20 15:35:39 [213/662/662] [git-fat] Cleaned up /src/tmp/tmpxfULD_
3 15-08-20 15:35:39 [213/662/662] [git-fat] Elapsed time for assembly 00:00:01
3 15-08-20 15:35:39 [213/662/662] [morph-utils] Installing git-fat.b2fa4646241750541ff273f54a0e0912b3f88a99b864fd07f77378419eb919ce 
3 15-08-20 15:35:39 [213/662/662] [git-fat] loaded metadata for strata/tools/git-fat.morph
3 15-08-20 15:35:39 [213/662/662] [cmdtest] loaded metadata for cmdtest
3 15-08-20 15:35:39 [214/662/662] [morph-utils] Starting build 
3 15-08-20 15:35:39 [214/662/662] [morph-utils] Defined build system is manual
3 15-08-20 15:35:39 [214/662/662] [morph-utils] Logging build commands to /src/artifacts/morph-utils.70647487a8fd304db8e2dd5e6d43ac006832a364eb678d1ce87c499f77dbd516.build-log.3 
3 15-08-20 15:35:39 [214/662/662] [morph-utils] Elapsed time for build 00:00:00
3 15-08-20 15:35:39 [214/662/662] [morph-utils] Starting artifact creation 
3 15-08-20 15:35:39 [214/662/662] [morph-utils] splitting stratum 
3 15-08-20 15:35:39 [214/662/662] [morph-utils] Now cached 401 bytes as morph-utils.70647487a8fd304db8e2dd5e6d43ac006832a364eb678d1ce87c499f77dbd516
3 15-08-20 15:35:39 [214/662/662] [morph-utils] Elapsed time for artifact creation 00:00:00
3 15-08-20 15:35:40 [214/662/662] [morph-utils] Cleaned up /src/tmp/tmpzd3anl
3 15-08-20 15:35:40 [214/662/662] [morph-utils] Elapsed time for assembly 00:00:45
3 15-08-20 15:35:40 [214/662/662] [ansicolor] Installing morph-utils.70647487a8fd304db8e2dd5e6d43ac006832a364eb678d1ce87c499f77dbd516 
3 15-08-20 15:35:40 [214/662/662] [morph-utils] loaded metadata for strata/morph-utils.morph
3 15-08-20 15:35:40 [215/662/662] [ansicolor] Starting build 
3 15-08-20 15:35:40 [215/662/662] [ansicolor] Git checkout upstream:python-packages/ansicolor in /src/tmp/tmp9W5Yyv/ansicolor.build 
3 15-08-20 15:35:40 [215/662/662] [ansicolor] Upstream version 9d3adbaf 0.2.4 (0.2.4 + 0 commits) 
3 15-08-20 15:35:40 [215/662/662] [ansicolor] Autodetected build system is python-distutils
3 15-08-20 15:35:40 [215/662/662] [ansicolor] Logging build commands to /src/artifacts/ansicolor.47daf035d8822df51a8b8a741e62d8d749427da0ebee82493865d485025e6d94.build-log.3 
3 15-08-20 15:35:40 [215/662/662] [ansicolor] Running build-commands
3 15-08-20 15:35:40 [215/662/662] [ansicolor] Running command:
python setup.py build 
3 15-08-20 15:35:40 [215/662/662] [ansicolor] Running install-commands
3 15-08-20 15:35:40 [215/662/662] [ansicolor] Running command:
python setup.py install --prefix "$PREFIX" --root "$DESTDIR" 
3 15-08-20 15:35:40 [215/662/662] [ansicolor] Running strip-commands
3 15-08-20 15:35:40 [215/662/662] [ansicolor] Running command:
find "$DESTDIR" -type f \
  '(' -perm -111 -o -name '*.so*' -o -name '*.cmxs' -o -name '*.node' ')' \
  -exec sh -ec \
  'read -n4 hdr <"$1"   # check for elf header
  if [ "$hdr" != "$(printf \x7ELF)" ]; then
    exit 0
  fi
  debugfile="$DESTDIR$PREFIX/lib/debug/$(basename "$1")"
  mkdir -p "$(dirname "$debugfile")"
  objcopy --only-keep-debug "$1" "$debugfile"
  chmod 644 "$debugfile"
  strip --remove-section=.comment --remove-section=.note --strip-unneeded "$1"
  objcopy --add-gnu-debuglink "$debugfile" "$1"' - {} ';'
 
3 15-08-20 15:35:40 [215/662/662] [ansicolor] Elapsed time for build 00:00:00
3 15-08-20 15:35:40 [215/662/662] [ansicolor] Starting artifact creation 
3 15-08-20 15:35:40 [215/662/662] [ansicolor] splitting chunk 
3 15-08-20 15:35:40 [215/662/662] [ansicolor] Now cached 11284 bytes as ansicolor.47daf035d8822df51a8b8a741e62d8d749427da0ebee82493865d485025e6d94
3 15-08-20 15:35:40 [215/662/662] [ansicolor] Elapsed time for artifact creation 00:00:00
3 15-08-20 15:35:41 [215/662/662] [ansicolor] Cleaned up /src/tmp/tmp9W5Yyv
3 15-08-20 15:35:41 [215/662/662] [ansicolor] Elapsed time for assembly 00:00:47
3 15-08-20 15:35:41 [215/662/662] [baserock-import] Installing ansicolor.47daf035d8822df51a8b8a741e62d8d749427da0ebee82493865d485025e6d94 
3 15-08-20 15:35:41 [215/662/662] [ansicolor] loaded metadata for ansicolor
3 15-08-20 15:35:41 [215/662/662] [python-common] loaded metadata for python-common
3 15-08-20 15:35:41 [215/662/662] [morph-utils] loaded metadata for morph-utils
3 15-08-20 15:35:41 [216/662/662] [baserock-import] Starting build 
3 15-08-20 15:35:41 [216/662/662] [baserock-import] Git checkout baserock:baserock/import in /src/tmp/tmp3PPWCh/baserock-import.build 
3 15-08-20 15:35:41 [216/662/662] [baserock-import] Upstream version 46197951 (No tag found) 
3 15-08-20 15:35:41 [216/662/662] [baserock-import] Autodetected build system is python-distutils
3 15-08-20 15:35:41 [216/662/662] [baserock-import] Logging build commands to /src/artifacts/baserock-import.9c7fa48e7a43ff502b9fca5560585274f8410e60e8d10b2746c84eb1b397c7d8.build-log.3 
3 15-08-20 15:35:41 [216/662/662] [baserock-import] Running build-commands
3 15-08-20 15:35:41 [216/662/662] [baserock-import] Running command:
python setup.py build 
3 15-08-20 15:35:42 [216/662/662] [baserock-import] Running install-commands
3 15-08-20 15:35:42 [216/662/662] [baserock-import] Running command:
python setup.py install --prefix "$PREFIX" --root "$DESTDIR" 
3 15-08-20 15:35:42 [216/662/662] [baserock-import] Running strip-commands
3 15-08-20 15:35:42 [216/662/662] [baserock-import] Running command:
find "$DESTDIR" -type f \
  '(' -perm -111 -o -name '*.so*' -o -name '*.cmxs' -o -name '*.node' ')' \
  -exec sh -ec \
  'read -n4 hdr <"$1"   # check for elf header
  if [ "$hdr" != "$(printf \x7ELF)" ]; then
    exit 0
  fi
  debugfile="$DESTDIR$PREFIX/lib/debug/$(basename "$1")"
  mkdir -p "$(dirname "$debugfile")"
  objcopy --only-keep-debug "$1" "$debugfile"
  chmod 644 "$debugfile"
  strip --remove-section=.comment --remove-section=.note --strip-unneeded "$1"
  objcopy --add-gnu-debuglink "$debugfile" "$1"' - {} ';'
 
3 15-08-20 15:35:42 [216/662/662] [baserock-import] Elapsed time for build 00:00:01
3 15-08-20 15:35:42 [216/662/662] [baserock-import] Starting artifact creation 
3 15-08-20 15:35:42 [216/662/662] [baserock-import] splitting chunk 
3 15-08-20 15:35:43 [216/662/662] [baserock-import] Now cached 52164 bytes as baserock-import.9c7fa48e7a43ff502b9fca5560585274f8410e60e8d10b2746c84eb1b397c7d8
3 15-08-20 15:35:43 [216/662/662] [baserock-import] Elapsed time for artifact creation 00:00:00
3 15-08-20 15:35:43 [216/662/662] [baserock-import] Cleaned up /src/tmp/tmp3PPWCh
3 15-08-20 15:35:43 [216/662/662] [baserock-import] Elapsed time for assembly 00:00:49
3 15-08-20 15:35:43 [216/662/662] [baserock-import] Installing baserock-import.9c7fa48e7a43ff502b9fca5560585274f8410e60e8d10b2746c84eb1b397c7d8 
3 15-08-20 15:35:43 [216/662/662] [baserock-import] loaded metadata for baserock-import
3 15-08-20 15:35:44 [216/662/662] [requests-cache] Starting assembly 
3 15-08-20 15:35:44 [216/662/662] [python-common] loaded metadata for python-common
3 15-08-20 15:35:44 [216/662/662] [requests-cache] Installing python-common.70f2fdbdecbc202c93d5d643a804d1db4b129215f47450cd27f12af5eb63d8f0 
3 15-08-20 15:35:44 [216/662/662] [morph-utils] loaded metadata for morph-utils
3 15-08-20 15:35:44 [216/662/662] [requests-cache] Installing morph-utils.70647487a8fd304db8e2dd5e6d43ac006832a364eb678d1ce87c499f77dbd516 
3 15-08-20 15:35:44 [217/662/662] [requests-cache] Starting build 
3 15-08-20 15:35:44 [217/662/662] [requests-cache] Git checkout upstream:python-packages/requests-cache in /src/tmp/tmpNbTk1T/requests-cache.build 
3 15-08-20 15:35:44 [217/662/662] [requests-cache] Upstream version a1b5e65c v0.4.6 (v0.4.6 + 0 commits) 
3 15-08-20 15:35:44 [217/662/662] [requests-cache] Autodetected build system is python-distutils
3 15-08-20 15:35:44 [217/662/662] [requests-cache] Logging build commands to /src/artifacts/requests-cache.f08e5dfa8eea6ca40f68a3085d27f8d24968ba961f14a7b2bb3fe7a49a0029f4.build-log.3 
3 15-08-20 15:35:44 [217/662/662] [requests-cache] Running build-commands
3 15-08-20 15:35:44 [217/662/662] [requests-cache] Running command:
python setup.py build 
3 15-08-20 15:35:45 [217/662/662] [requests-cache] Running install-commands
3 15-08-20 15:35:45 [217/662/662] [requests-cache] Running command:
python setup.py install --prefix "$PREFIX" --root "$DESTDIR" 
3 15-08-20 15:35:45 [217/662/662] [requests-cache] Running strip-commands
3 15-08-20 15:35:45 [217/662/662] [requests-cache] Running command:
find "$DESTDIR" -type f \
  '(' -perm -111 -o -name '*.so*' -o -name '*.cmxs' -o -name '*.node' ')' \
  -exec sh -ec \
  'read -n4 hdr <"$1"   # check for elf header
  if [ "$hdr" != "$(printf \x7ELF)" ]; then
    exit 0
  fi
  debugfile="$DESTDIR$PREFIX/lib/debug/$(basename "$1")"
  mkdir -p "$(dirname "$debugfile")"
  objcopy --only-keep-debug "$1" "$debugfile"
  chmod 644 "$debugfile"
  strip --remove-section=.comment --remove-section=.note --strip-unneeded "$1"
  objcopy --add-gnu-debuglink "$debugfile" "$1"' - {} ';'
 
3 15-08-20 15:35:45 [217/662/662] [requests-cache] Elapsed time for build 00:00:00
3 15-08-20 15:35:45 [217/662/662] [requests-cache] Starting artifact creation 
3 15-08-20 15:35:45 [217/662/662] [requests-cache] splitting chunk 
3 15-08-20 15:35:45 [217/662/662] [requests-cache] Now cached 20693 bytes as requests-cache.f08e5dfa8eea6ca40f68a3085d27f8d24968ba961f14a7b2bb3fe7a49a0029f4
3 15-08-20 15:35:45 [217/662/662] [requests-cache] Elapsed time for artifact creation 00:00:00
3 15-08-20 15:35:46 [217/662/662] [requests-cache] Cleaned up /src/tmp/tmpNbTk1T
3 15-08-20 15:35:46 [217/662/662] [requests-cache] Elapsed time for assembly 00:00:02
3 15-08-20 15:35:46 [217/662/662] [baserock-import] Installing requests-cache.f08e5dfa8eea6ca40f68a3085d27f8d24968ba961f14a7b2bb3fe7a49a0029f4 
3 15-08-20 15:35:46 [217/662/662] [requests-cache] loaded metadata for requests-cache
3 15-08-20 15:35:46 [217/662/662] [ansicolor] loaded metadata for ansicolor
3 15-08-20 15:35:46 [218/662/662] [baserock-import] Starting build 
3 15-08-20 15:35:46 [218/662/662] [baserock-import] Defined build system is manual
3 15-08-20 15:35:46 [218/662/662] [baserock-import] Logging build commands to /src/artifacts/baserock-import.7980b1fd511d07dacd3f4f74424d2885bee480ddeffdd7d32b8ce3ce91d1fa1e.build-log.3 
3 15-08-20 15:35:46 [218/662/662] [baserock-import] Elapsed time for build 00:00:00
3 15-08-20 15:35:46 [218/662/662] [baserock-import] Starting artifact creation 
3 15-08-20 15:35:46 [218/662/662] [baserock-import] splitting stratum 
3 15-08-20 15:35:46 [218/662/662] [baserock-import] Now cached 300 bytes as baserock-import.7980b1fd511d07dacd3f4f74424d2885bee480ddeffdd7d32b8ce3ce91d1fa1e
3 15-08-20 15:35:46 [218/662/662] [baserock-import] Elapsed time for artifact creation 00:00:00
3 15-08-20 15:35:46 [218/662/662] [baserock-import] Cleaned up /src/tmp/tmpI2QoxO
3 15-08-20 15:35:46 [218/662/662] [baserock-import] Elapsed time for assembly 00:00:53
3 15-08-20 15:35:46 [218/662/662] [devel-system-x86_64-generic] Installing baserock-import.7980b1fd511d07dacd3f4f74424d2885bee480ddeffdd7d32b8ce3ce91d1fa1e 
3 15-08-20 15:35:46 [218/662/662] [baserock-import] loaded metadata for strata/baserock-import.morph
3 15-08-20 15:35:46 [218/662/662] [python-tools] Starting assembly 
3 15-08-20 15:35:46 [218/662/662] [logilab-common] Starting assembly 
3 15-08-20 15:35:46 [218/662/662] [python-core] loaded metadata for python-core
3 15-08-20 15:35:46 [218/662/662] [logilab-common] Installing python-core.261eee184c937af51171a7c719d79a2edd0ec39c0b6469ff39385909fc9dfcd2 
3 15-08-20 15:35:47 [219/662/662] [logilab-common] Starting build 
3 15-08-20 15:35:47 [219/662/662] [logilab-common] Git checkout upstream:python-packages/logilab-common in /src/tmp/tmpKkh_CZ/logilab-common.build 
3 15-08-20 15:35:47 [219/662/662] [logilab-common] Upstream version d1d8f793 logilab-common-centos-version-0.62.0-1 (logilab-common-centos-version-0.62.0-1 + 0 commits) 
3 15-08-20 15:35:47 [219/662/662] [logilab-common] Autodetected build system is python-distutils
3 15-08-20 15:35:47 [219/662/662] [logilab-common] Logging build commands to /src/artifacts/logilab-common.0967d988c259ad0434b3df8e78ba00b25bc81542491517c9eec68c0c4648e5b8.build-log.3 
3 15-08-20 15:35:47 [219/662/662] [logilab-common] Running build-commands
3 15-08-20 15:35:47 [219/662/662] [logilab-common] Running command:
python setup.py build 
3 15-08-20 15:35:47 [219/662/662] [logilab-common] Running install-commands
3 15-08-20 15:35:47 [219/662/662] [logilab-common] Running command:
python setup.py install --prefix "$PREFIX" --root "$DESTDIR" 
3 15-08-20 15:35:48 [219/662/662] [logilab-common] Running strip-commands
3 15-08-20 15:35:48 [219/662/662] [logilab-common] Running command:
find "$DESTDIR" -type f \
  '(' -perm -111 -o -name '*.so*' -o -name '*.cmxs' -o -name '*.node' ')' \
  -exec sh -ec \
  'read -n4 hdr <"$1"   # check for elf header
  if [ "$hdr" != "$(printf \x7ELF)" ]; then
    exit 0
  fi
  debugfile="$DESTDIR$PREFIX/lib/debug/$(basename "$1")"
  mkdir -p "$(dirname "$debugfile")"
  objcopy --only-keep-debug "$1" "$debugfile"
  chmod 644 "$debugfile"
  strip --remove-section=.comment --remove-section=.note --strip-unneeded "$1"
  objcopy --add-gnu-debuglink "$debugfile" "$1"' - {} ';'
 
3 15-08-20 15:35:48 [219/662/662] [logilab-common] Elapsed time for build 00:00:01
3 15-08-20 15:35:48 [219/662/662] [logilab-common] Starting artifact creation 
3 15-08-20 15:35:48 [219/662/662] [logilab-common] splitting chunk 
3 15-08-20 15:35:48 [219/662/662] [logilab-common] Now cached 384732 bytes as logilab-common.0967d988c259ad0434b3df8e78ba00b25bc81542491517c9eec68c0c4648e5b8
3 15-08-20 15:35:48 [219/662/662] [logilab-common] Elapsed time for artifact creation 00:00:00
3 15-08-20 15:35:48 [219/662/662] [logilab-common] Cleaned up /src/tmp/tmpKkh_CZ
3 15-08-20 15:35:48 [219/662/662] [logilab-common] Elapsed time for assembly 00:00:02
3 15-08-20 15:35:48 [219/662/662] [python-tools] Installing logilab-common.0967d988c259ad0434b3df8e78ba00b25bc81542491517c9eec68c0c4648e5b8 
3 15-08-20 15:35:48 [219/662/662] [logilab-common] loaded metadata for logilab-common
3 15-08-20 15:35:49 [219/662/662] [pylint] Starting assembly 
3 15-08-20 15:35:49 [219/662/662] [python-core] loaded metadata for python-core
3 15-08-20 15:35:49 [219/662/662] [pylint] Installing python-core.261eee184c937af51171a7c719d79a2edd0ec39c0b6469ff39385909fc9dfcd2 
3 15-08-20 15:35:50 [220/662/662] [pylint] Starting build 
3 15-08-20 15:35:50 [220/662/662] [pylint] Git checkout upstream:python-packages/pylint in /src/tmp/tmp8IGwxL/pylint.build 
3 15-08-20 15:35:50 [220/662/662] [pylint] Upstream version ba998d7a pylint-1.4.2 (pylint-1.4.2 + 0 commits) 
3 15-08-20 15:35:50 [220/662/662] [pylint] Autodetected build system is python-distutils
3 15-08-20 15:35:50 [220/662/662] [pylint] Logging build commands to /src/artifacts/pylint.692a00e0c36d3e57910c5173debb456c7577d012e9c143e1fde32eed0cbc33d7.build-log.3 
3 15-08-20 15:35:50 [220/662/662] [pylint] Running build-commands
3 15-08-20 15:35:50 [220/662/662] [pylint] Running command:
python setup.py build 
3 15-08-20 15:35:50 [220/662/662] [pylint] Running install-commands
3 15-08-20 15:35:50 [220/662/662] [pylint] Running command:
python setup.py install --prefix "$PREFIX" --root "$DESTDIR" 
3 15-08-20 15:35:51 [220/662/662] [pylint] Running strip-commands
3 15-08-20 15:35:51 [220/662/662] [pylint] Running command:
find "$DESTDIR" -type f \
  '(' -perm -111 -o -name '*.so*' -o -name '*.cmxs' -o -name '*.node' ')' \
  -exec sh -ec \
  'read -n4 hdr <"$1"   # check for elf header
  if [ "$hdr" != "$(printf \x7ELF)" ]; then
    exit 0
  fi
  debugfile="$DESTDIR$PREFIX/lib/debug/$(basename "$1")"
  mkdir -p "$(dirname "$debugfile")"
  objcopy --only-keep-debug "$1" "$debugfile"
  chmod 644 "$debugfile"
  strip --remove-section=.comment --remove-section=.note --strip-unneeded "$1"
  objcopy --add-gnu-debuglink "$debugfile" "$1"' - {} ';'
 
3 15-08-20 15:35:51 [220/662/662] [pylint] Elapsed time for build 00:00:01
3 15-08-20 15:35:51 [220/662/662] [pylint] Starting artifact creation 
3 15-08-20 15:35:51 [220/662/662] [pylint] splitting chunk 
3 15-08-20 15:35:51 [220/662/662] [pylint] Now cached 419105 bytes as pylint.692a00e0c36d3e57910c5173debb456c7577d012e9c143e1fde32eed0cbc33d7
3 15-08-20 15:35:51 [220/662/662] [pylint] Elapsed time for artifact creation 00:00:00
3 15-08-20 15:35:51 [220/662/662] [pylint] Cleaned up /src/tmp/tmp8IGwxL
3 15-08-20 15:35:51 [220/662/662] [pylint] Elapsed time for assembly 00:00:02
3 15-08-20 15:35:51 [220/662/662] [python-tools] Installing pylint.692a00e0c36d3e57910c5173debb456c7577d012e9c143e1fde32eed0cbc33d7 
3 15-08-20 15:35:52 [220/662/662] [pylint] loaded metadata for pylint
3 15-08-20 15:35:52 [220/662/662] [virtualenv] Starting assembly 
3 15-08-20 15:35:52 [220/662/662] [python-core] loaded metadata for python-core
3 15-08-20 15:35:52 [220/662/662] [virtualenv] Installing python-core.261eee184c937af51171a7c719d79a2edd0ec39c0b6469ff39385909fc9dfcd2 
3 15-08-20 15:35:52 [221/662/662] [virtualenv] Starting build 
3 15-08-20 15:35:52 [221/662/662] [virtualenv] Git checkout upstream:python-packages/virtualenv in /src/tmp/tmpvxfYR5/virtualenv.build 
3 15-08-20 15:35:52 [221/662/662] [virtualenv] Upstream version 9205ff46 12.0.5 (12.0.5 + 0 commits) 
3 15-08-20 15:35:52 [221/662/662] [virtualenv] Autodetected build system is python-distutils
3 15-08-20 15:35:52 [221/662/662] [virtualenv] Logging build commands to /src/artifacts/virtualenv.992e9bc2747dd322d53f7078eedde22b3eb9f7bb3eb107cd5ccbbaaa65c9d1a4.build-log.3 
3 15-08-20 15:35:52 [221/662/662] [virtualenv] Running build-commands
3 15-08-20 15:35:52 [221/662/662] [virtualenv] Running command:
python setup.py build 
3 15-08-20 15:35:53 [221/662/662] [virtualenv] Running install-commands
3 15-08-20 15:35:53 [221/662/662] [virtualenv] Running command:
python setup.py install --prefix "$PREFIX" --root "$DESTDIR" 
3 15-08-20 15:35:53 [221/662/662] [virtualenv] Running strip-commands
3 15-08-20 15:35:53 [221/662/662] [virtualenv] Running command:
find "$DESTDIR" -type f \
  '(' -perm -111 -o -name '*.so*' -o -name '*.cmxs' -o -name '*.node' ')' \
  -exec sh -ec \
  'read -n4 hdr <"$1"   # check for elf header
  if [ "$hdr" != "$(printf \x7ELF)" ]; then
    exit 0
  fi
  debugfile="$DESTDIR$PREFIX/lib/debug/$(basename "$1")"
  mkdir -p "$(dirname "$debugfile")"
  objcopy --only-keep-debug "$1" "$debugfile"
  chmod 644 "$debugfile"
  strip --remove-section=.comment --remove-section=.note --strip-unneeded "$1"
  objcopy --add-gnu-debuglink "$debugfile" "$1"' - {} ';'
 
3 15-08-20 15:35:53 [221/662/662] [virtualenv] Elapsed time for build 00:00:00
3 15-08-20 15:35:53 [221/662/662] [virtualenv] Starting artifact creation 
3 15-08-20 15:35:53 [221/662/662] [virtualenv] splitting chunk 
3 15-08-20 15:35:53 [221/662/662] [virtualenv] Now cached 1815028 bytes as virtualenv.992e9bc2747dd322d53f7078eedde22b3eb9f7bb3eb107cd5ccbbaaa65c9d1a4
3 15-08-20 15:35:53 [221/662/662] [virtualenv] Elapsed time for artifact creation 00:00:00
3 15-08-20 15:35:53 [221/662/662] [virtualenv] Cleaned up /src/tmp/tmpvxfYR5
3 15-08-20 15:35:53 [221/662/662] [virtualenv] Elapsed time for assembly 00:00:01
3 15-08-20 15:35:53 [221/662/662] [python-tools] Installing virtualenv.992e9bc2747dd322d53f7078eedde22b3eb9f7bb3eb107cd5ccbbaaa65c9d1a4 
3 15-08-20 15:35:54 [221/662/662] [virtualenv] loaded metadata for virtualenv
3 15-08-20 15:35:54 [221/662/662] [astroid] Starting assembly 
3 15-08-20 15:35:54 [221/662/662] [python-core] loaded metadata for python-core
3 15-08-20 15:35:54 [221/662/662] [astroid] Installing python-core.261eee184c937af51171a7c719d79a2edd0ec39c0b6469ff39385909fc9dfcd2 
3 15-08-20 15:35:54 [222/662/662] [astroid] Starting build 
3 15-08-20 15:35:54 [222/662/662] [astroid] Git checkout upstream:python-packages/astroid in /src/tmp/tmp_qaR68/astroid.build 
3 15-08-20 15:35:54 [222/662/662] [astroid] Upstream version 194dc114 astroid-1.3.5 (astroid-1.3.5 + 0 commits) 
3 15-08-20 15:35:54 [222/662/662] [astroid] Autodetected build system is python-distutils
3 15-08-20 15:35:54 [222/662/662] [astroid] Logging build commands to /src/artifacts/astroid.bc4d33fda72cd93c92a8023f351f702e21e97df69d94e221c8945fe983231972.build-log.3 
3 15-08-20 15:35:54 [222/662/662] [astroid] Running build-commands
3 15-08-20 15:35:54 [222/662/662] [astroid] Running command:
python setup.py build 
3 15-08-20 15:35:55 [222/662/662] [astroid] Running install-commands
3 15-08-20 15:35:55 [222/662/662] [astroid] Running command:
python setup.py install --prefix "$PREFIX" --root "$DESTDIR" 
3 15-08-20 15:35:55 [222/662/662] [astroid] Running strip-commands
3 15-08-20 15:35:55 [222/662/662] [astroid] Running command:
find "$DESTDIR" -type f \
  '(' -perm -111 -o -name '*.so*' -o -name '*.cmxs' -o -name '*.node' ')' \
  -exec sh -ec \
  'read -n4 hdr <"$1"   # check for elf header
  if [ "$hdr" != "$(printf \x7ELF)" ]; then
    exit 0
  fi
  debugfile="$DESTDIR$PREFIX/lib/debug/$(basename "$1")"
  mkdir -p "$(dirname "$debugfile")"
  objcopy --only-keep-debug "$1" "$debugfile"
  chmod 644 "$debugfile"
  strip --remove-section=.comment --remove-section=.note --strip-unneeded "$1"
  objcopy --add-gnu-debuglink "$debugfile" "$1"' - {} ';'
 
3 15-08-20 15:35:55 [222/662/662] [astroid] Elapsed time for build 00:00:01
3 15-08-20 15:35:55 [222/662/662] [astroid] Starting artifact creation 
3 15-08-20 15:35:55 [222/662/662] [astroid] splitting chunk 
3 15-08-20 15:35:56 [222/662/662] [astroid] Now cached 287165 bytes as astroid.bc4d33fda72cd93c92a8023f351f702e21e97df69d94e221c8945fe983231972
3 15-08-20 15:35:56 [222/662/662] [astroid] Elapsed time for artifact creation 00:00:00
3 15-08-20 15:35:56 [222/662/662] [astroid] Cleaned up /src/tmp/tmp_qaR68
3 15-08-20 15:35:56 [222/662/662] [astroid] Elapsed time for assembly 00:00:02
3 15-08-20 15:35:56 [222/662/662] [python-tools] Installing astroid.bc4d33fda72cd93c92a8023f351f702e21e97df69d94e221c8945fe983231972 
3 15-08-20 15:35:56 [222/662/662] [astroid] loaded metadata for astroid
3 15-08-20 15:35:56 [223/662/662] [python-tools] Starting build 
3 15-08-20 15:35:56 [223/662/662] [python-tools] Defined build system is manual
3 15-08-20 15:35:56 [223/662/662] [python-tools] Logging build commands to /src/artifacts/python-tools.c2e04dd7dafffd54c4d48727c3441a1a0747d9ee5d64d7eca2027b9d69fbc087.build-log.3 
3 15-08-20 15:35:56 [223/662/662] [python-tools] Elapsed time for build 00:00:00
3 15-08-20 15:35:56 [223/662/662] [python-tools] Starting artifact creation 
3 15-08-20 15:35:56 [223/662/662] [python-tools] splitting stratum 
3 15-08-20 15:35:56 [223/662/662] [python-tools] Now cached 329 bytes as python-tools.c2e04dd7dafffd54c4d48727c3441a1a0747d9ee5d64d7eca2027b9d69fbc087
3 15-08-20 15:35:56 [223/662/662] [python-tools] Elapsed time for artifact creation 00:00:00
3 15-08-20 15:35:56 [223/662/662] [python-tools] Cleaned up /src/tmp/tmpnRQ0Nd
3 15-08-20 15:35:56 [223/662/662] [python-tools] Elapsed time for assembly 00:00:10
3 15-08-20 15:35:56 [223/662/662] [devel-system-x86_64-generic] Installing python-tools.c2e04dd7dafffd54c4d48727c3441a1a0747d9ee5d64d7eca2027b9d69fbc087 
3 15-08-20 15:35:56 [223/662/662] [python-tools] loaded metadata for strata/python-tools.morph
3 15-08-20 15:35:56 [223/662/662] [morph-utils] loaded metadata for morph-utils
3 15-08-20 15:35:56 [223/662/662] [devel-system-x86_64-generic] Installing morph-utils.70647487a8fd304db8e2dd5e6d43ac006832a364eb678d1ce87c499f77dbd516 
3 15-08-20 15:35:56 [223/662/662] [openstack-clients] Starting assembly 
3 15-08-20 15:35:56 [223/662/662] [argparse] Starting assembly 
3 15-08-20 15:35:56 [223/662/662] [openstack-common] loaded metadata for openstack-common
3 15-08-20 15:35:56 [223/662/662] [argparse] Installing openstack-common.b0a6b61d2145f58386f2034eb08fca37a322e7b75bc403e571869e0598a49911 
3 15-08-20 15:35:57 [224/662/662] [argparse] Starting build 
3 15-08-20 15:35:57 [224/662/662] [argparse] Git checkout upstream:argparse in /src/tmp/tmpaQ5AD2/argparse.build 
3 15-08-20 15:35:57 [224/662/662] [argparse] Upstream version ec94cd42 r130 (r130 + 0 commits) 
3 15-08-20 15:35:57 [224/662/662] [argparse] Defined build system is python-distutils
3 15-08-20 15:35:57 [224/662/662] [argparse] Logging build commands to /src/artifacts/argparse.b2a7ffa9e654d5ae5ba3c93b64b7cfb80d1b1417085e113105b8490526996163.build-log.3 
3 15-08-20 15:35:57 [224/662/662] [argparse] Running build-commands
3 15-08-20 15:35:57 [224/662/662] [argparse] Running command:
python setup.py build 
3 15-08-20 15:35:58 [224/662/662] [argparse] Running install-commands
3 15-08-20 15:35:58 [224/662/662] [argparse] Running command:
python setup.py install --prefix "$PREFIX" --root "$DESTDIR" 
3 15-08-20 15:35:58 [224/662/662] [argparse] Running strip-commands
3 15-08-20 15:35:58 [224/662/662] [argparse] Running command:
find "$DESTDIR" -type f \
  '(' -perm -111 -o -name '*.so*' -o -name '*.cmxs' -o -name '*.node' ')' \
  -exec sh -ec \
  'read -n4 hdr <"$1"   # check for elf header
  if [ "$hdr" != "$(printf \x7ELF)" ]; then
    exit 0
  fi
  debugfile="$DESTDIR$PREFIX/lib/debug/$(basename "$1")"
  mkdir -p "$(dirname "$debugfile")"
  objcopy --only-keep-debug "$1" "$debugfile"
  chmod 644 "$debugfile"
  strip --remove-section=.comment --remove-section=.note --strip-unneeded "$1"
  objcopy --add-gnu-debuglink "$debugfile" "$1"' - {} ';'
 
3 15-08-20 15:35:58 [224/662/662] [argparse] Elapsed time for build 00:00:00
3 15-08-20 15:35:58 [224/662/662] [argparse] Starting artifact creation 
3 15-08-20 15:35:58 [224/662/662] [argparse] splitting chunk 
3 15-08-20 15:35:58 [224/662/662] [argparse] Now cached 42960 bytes as argparse.b2a7ffa9e654d5ae5ba3c93b64b7cfb80d1b1417085e113105b8490526996163
3 15-08-20 15:35:58 [224/662/662] [argparse] Elapsed time for artifact creation 00:00:00
3 15-08-20 15:35:58 [224/662/662] [argparse] Cleaned up /src/tmp/tmpaQ5AD2
3 15-08-20 15:35:58 [224/662/662] [argparse] Elapsed time for assembly 00:00:02
3 15-08-20 15:35:58 [224/662/662] [openstack-clients] Installing argparse.b2a7ffa9e654d5ae5ba3c93b64b7cfb80d1b1417085e113105b8490526996163 
3 15-08-20 15:35:58 [224/662/662] [argparse] loaded metadata for strata/openstack-clients/argparse.morph
3 15-08-20 15:35:59 [224/662/662] [tablib] Starting assembly 
3 15-08-20 15:35:59 [224/662/662] [openstack-common] loaded metadata for openstack-common
3 15-08-20 15:35:59 [224/662/662] [tablib] Installing openstack-common.b0a6b61d2145f58386f2034eb08fca37a322e7b75bc403e571869e0598a49911 
3 15-08-20 15:36:00 [225/662/662] [tablib] Starting build 
3 15-08-20 15:36:00 [225/662/662] [tablib] Git checkout upstream:python-packages/tablib in /src/tmp/tmp5g1ZjA/tablib.build 
3 15-08-20 15:36:00 [225/662/662] [tablib] Upstream version 1cc051f3 v0.10.0 (v0.10.0 + 0 commits) 
3 15-08-20 15:36:00 [225/662/662] [tablib] Defined build system is python-distutils
3 15-08-20 15:36:00 [225/662/662] [tablib] Logging build commands to /src/artifacts/tablib.30cb2b071dac30aba0481e6ce0066d9a011778190025f32e730dee1851ed9589.build-log.3 
3 15-08-20 15:36:00 [225/662/662] [tablib] Running build-commands
3 15-08-20 15:36:00 [225/662/662] [tablib] Running command:
python setup.py build 
3 15-08-20 15:36:01 [225/662/662] [tablib] Running install-commands
3 15-08-20 15:36:01 [225/662/662] [tablib] Running command:
python setup.py install --prefix "$PREFIX" --root "$DESTDIR" 
3 15-08-20 15:36:02 [225/662/662] [tablib] Running strip-commands
3 15-08-20 15:36:02 [225/662/662] [tablib] Running command:
find "$DESTDIR" -type f \
  '(' -perm -111 -o -name '*.so*' -o -name '*.cmxs' -o -name '*.node' ')' \
  -exec sh -ec \
  'read -n4 hdr <"$1"   # check for elf header
  if [ "$hdr" != "$(printf \x7ELF)" ]; then
    exit 0
  fi
  debugfile="$DESTDIR$PREFIX/lib/debug/$(basename "$1")"
  mkdir -p "$(dirname "$debugfile")"
  objcopy --only-keep-debug "$1" "$debugfile"
  chmod 644 "$debugfile"
  strip --remove-section=.comment --remove-section=.note --strip-unneeded "$1"
  objcopy --add-gnu-debuglink "$debugfile" "$1"' - {} ';'
 
3 15-08-20 15:36:02 [225/662/662] [tablib] Elapsed time for build 00:00:02
3 15-08-20 15:36:02 [225/662/662] [tablib] Starting artifact creation 
3 15-08-20 15:36:02 [225/662/662] [tablib] splitting chunk 
3 15-08-20 15:36:03 [225/662/662] [tablib] Now cached 1435485 bytes as tablib.30cb2b071dac30aba0481e6ce0066d9a011778190025f32e730dee1851ed9589
3 15-08-20 15:36:03 [225/662/662] [tablib] Elapsed time for artifact creation 00:00:01
3 15-08-20 15:36:04 [225/662/662] [tablib] Cleaned up /src/tmp/tmp5g1ZjA
3 15-08-20 15:36:04 [225/662/662] [tablib] Elapsed time for assembly 00:00:04
3 15-08-20 15:36:04 [225/662/662] [openstack-clients] Installing tablib.30cb2b071dac30aba0481e6ce0066d9a011778190025f32e730dee1851ed9589 
3 15-08-20 15:36:04 [225/662/662] [tablib] loaded metadata for strata/openstack-clients/tablib.morph
3 15-08-20 15:36:04 [225/662/662] [python-glanceclient] Starting assembly 
3 15-08-20 15:36:04 [225/662/662] [warlock] Starting assembly 
3 15-08-20 15:36:04 [225/662/662] [openstack-common] loaded metadata for openstack-common
3 15-08-20 15:36:04 [225/662/662] [warlock] Installing openstack-common.b0a6b61d2145f58386f2034eb08fca37a322e7b75bc403e571869e0598a49911 
3 15-08-20 15:36:05 [226/662/662] [warlock] Starting build 
3 15-08-20 15:36:05 [226/662/662] [warlock] Git checkout upstream:warlock in /src/tmp/tmppArpi6/warlock.build 
3 15-08-20 15:36:05 [226/662/662] [warlock] Upstream version 408ccb82 1.1.0 (1.1.0 + 0 commits) 
3 15-08-20 15:36:05 [226/662/662] [warlock] Autodetected build system is python-distutils
3 15-08-20 15:36:05 [226/662/662] [warlock] Logging build commands to /src/artifacts/warlock.e6bd60336825a4de4c2c433407485de75e164a8bd9e9e22aadff1cda3d892701.build-log.3 
3 15-08-20 15:36:05 [226/662/662] [warlock] Running build-commands
3 15-08-20 15:36:05 [226/662/662] [warlock] Running command:
python setup.py build 
3 15-08-20 15:36:05 [226/662/662] [warlock] Running install-commands
3 15-08-20 15:36:05 [226/662/662] [warlock] Running command:
python setup.py install --prefix "$PREFIX" --root "$DESTDIR" 
3 15-08-20 15:36:06 [226/662/662] [warlock] Running strip-commands
3 15-08-20 15:36:06 [226/662/662] [warlock] Running command:
find "$DESTDIR" -type f \
  '(' -perm -111 -o -name '*.so*' -o -name '*.cmxs' -o -name '*.node' ')' \
  -exec sh -ec \
  'read -n4 hdr <"$1"   # check for elf header
  if [ "$hdr" != "$(printf \x7ELF)" ]; then
    exit 0
  fi
  debugfile="$DESTDIR$PREFIX/lib/debug/$(basename "$1")"
  mkdir -p "$(dirname "$debugfile")"
  objcopy --only-keep-debug "$1" "$debugfile"
  chmod 644 "$debugfile"
  strip --remove-section=.comment --remove-section=.note --strip-unneeded "$1"
  objcopy --add-gnu-debuglink "$debugfile" "$1"' - {} ';'
 
3 15-08-20 15:36:06 [226/662/662] [warlock] Elapsed time for build 00:00:00
3 15-08-20 15:36:06 [226/662/662] [warlock] Starting artifact creation 
3 15-08-20 15:36:06 [226/662/662] [warlock] splitting chunk 
3 15-08-20 15:36:06 [226/662/662] [warlock] Now cached 4785 bytes as warlock.e6bd60336825a4de4c2c433407485de75e164a8bd9e9e22aadff1cda3d892701
3 15-08-20 15:36:06 [226/662/662] [warlock] Elapsed time for artifact creation 00:00:00
3 15-08-20 15:36:06 [226/662/662] [warlock] Cleaned up /src/tmp/tmppArpi6
3 15-08-20 15:36:06 [226/662/662] [warlock] Elapsed time for assembly 00:00:02
3 15-08-20 15:36:06 [226/662/662] [python-glanceclient] Installing warlock.e6bd60336825a4de4c2c433407485de75e164a8bd9e9e22aadff1cda3d892701 
3 15-08-20 15:36:06 [226/662/662] [warlock] loaded metadata for warlock
3 15-08-20 15:36:07 [226/662/662] [python-keystoneclient] Starting assembly 
3 15-08-20 15:36:07 [226/662/662] [openstack-common] loaded metadata for openstack-common
3 15-08-20 15:36:07 [226/662/662] [python-keystoneclient] Installing openstack-common.b0a6b61d2145f58386f2034eb08fca37a322e7b75bc403e571869e0598a49911 
3 15-08-20 15:36:08 [227/662/662] [python-keystoneclient] Starting build 
3 15-08-20 15:36:08 [227/662/662] [python-keystoneclient] Git checkout upstream:openstack/python-keystoneclient in /src/tmp/tmpNJopqL/python-keystoneclient.build 
3 15-08-20 15:36:08 [227/662/662] [python-keystoneclient] Upstream version 8fa6b6f0 1.3.1 (1.3.1 + 0 commits) 
3 15-08-20 15:36:08 [227/662/662] [python-keystoneclient] Autodetected build system is python-distutils
3 15-08-20 15:36:08 [227/662/662] [python-keystoneclient] Logging build commands to /src/artifacts/python-keystoneclient.8c9c5528c5dde7fbc775e661c475a1caff7a5e0865696213885981bb60dd3cb9.build-log.3 
3 15-08-20 15:36:08 [227/662/662] [python-keystoneclient] Running build-commands
3 15-08-20 15:36:08 [227/662/662] [python-keystoneclient] Running command:
python setup.py build 
3 15-08-20 15:36:08 [227/662/662] [python-keystoneclient] Running install-commands
3 15-08-20 15:36:08 [227/662/662] [python-keystoneclient] Running command:
python setup.py install --prefix "$PREFIX" --root "$DESTDIR" 
3 15-08-20 15:36:09 [227/662/662] [python-keystoneclient] Running strip-commands
3 15-08-20 15:36:09 [227/662/662] [python-keystoneclient] Running command:
find "$DESTDIR" -type f \
  '(' -perm -111 -o -name '*.so*' -o -name '*.cmxs' -o -name '*.node' ')' \
  -exec sh -ec \
  'read -n4 hdr <"$1"   # check for elf header
  if [ "$hdr" != "$(printf \x7ELF)" ]; then
    exit 0
  fi
  debugfile="$DESTDIR$PREFIX/lib/debug/$(basename "$1")"
  mkdir -p "$(dirname "$debugfile")"
  objcopy --only-keep-debug "$1" "$debugfile"
  chmod 644 "$debugfile"
  strip --remove-section=.comment --remove-section=.note --strip-unneeded "$1"
  objcopy --add-gnu-debuglink "$debugfile" "$1"' - {} ';'
 
3 15-08-20 15:36:09 [227/662/662] [python-keystoneclient] Elapsed time for build 00:00:01
3 15-08-20 15:36:09 [227/662/662] [python-keystoneclient] Starting artifact creation 
3 15-08-20 15:36:09 [227/662/662] [python-keystoneclient] splitting chunk 
3 15-08-20 15:36:10 [227/662/662] [python-keystoneclient] Now cached 595287 bytes as python-keystoneclient.8c9c5528c5dde7fbc775e661c475a1caff7a5e0865696213885981bb60dd3cb9
3 15-08-20 15:36:10 [227/662/662] [python-keystoneclient] Elapsed time for artifact creation 00:00:00
3 15-08-20 15:36:10 [227/662/662] [python-keystoneclient] Cleaned up /src/tmp/tmpNJopqL
3 15-08-20 15:36:10 [227/662/662] [python-keystoneclient] Elapsed time for assembly 00:00:03
3 15-08-20 15:36:10 [227/662/662] [python-glanceclient] Installing python-keystoneclient.8c9c5528c5dde7fbc775e661c475a1caff7a5e0865696213885981bb60dd3cb9 
3 15-08-20 15:36:10 [227/662/662] [python-keystoneclient] loaded metadata for python-keystoneclient
3 15-08-20 15:36:10 [227/662/662] [openstack-common] loaded metadata for openstack-common
3 15-08-20 15:36:10 [228/662/662] [python-glanceclient] Starting build 
3 15-08-20 15:36:10 [228/662/662] [python-glanceclient] Git checkout upstream:openstack/python-glanceclient in /src/tmp/tmpRvKSgO/python-glanceclient.build 
3 15-08-20 15:36:10 [228/662/662] [python-glanceclient] Upstream version b176c28b 0.17.1 (0.17.1 + 0 commits) 
3 15-08-20 15:36:10 [228/662/662] [python-glanceclient] Autodetected build system is python-distutils
3 15-08-20 15:36:10 [228/662/662] [python-glanceclient] Logging build commands to /src/artifacts/python-glanceclient.7ebe07a98bbb55334c84cb4a038e8708d0add469b7112855b75b5858f452e0df.build-log.3 
3 15-08-20 15:36:10 [228/662/662] [python-glanceclient] Running build-commands
3 15-08-20 15:36:10 [228/662/662] [python-glanceclient] Running command:
python setup.py build 
3 15-08-20 15:36:11 [228/662/662] [python-glanceclient] Running install-commands
3 15-08-20 15:36:11 [228/662/662] [python-glanceclient] Running command:
python setup.py install --prefix "$PREFIX" --root "$DESTDIR" 
3 15-08-20 15:36:11 [228/662/662] [python-glanceclient] Running strip-commands
3 15-08-20 15:36:11 [228/662/662] [python-glanceclient] Running command:
find "$DESTDIR" -type f \
  '(' -perm -111 -o -name '*.so*' -o -name '*.cmxs' -o -name '*.node' ')' \
  -exec sh -ec \
  'read -n4 hdr <"$1"   # check for elf header
  if [ "$hdr" != "$(printf \x7ELF)" ]; then
    exit 0
  fi
  debugfile="$DESTDIR$PREFIX/lib/debug/$(basename "$1")"
  mkdir -p "$(dirname "$debugfile")"
  objcopy --only-keep-debug "$1" "$debugfile"
  chmod 644 "$debugfile"
  strip --remove-section=.comment --remove-section=.note --strip-unneeded "$1"
  objcopy --add-gnu-debuglink "$debugfile" "$1"' - {} ';'
 
3 15-08-20 15:36:11 [228/662/662] [python-glanceclient] Elapsed time for build 00:00:01
3 15-08-20 15:36:11 [228/662/662] [python-glanceclient] Starting artifact creation 
3 15-08-20 15:36:11 [228/662/662] [python-glanceclient] splitting chunk 
3 15-08-20 15:36:11 [228/662/662] [python-glanceclient] Now cached 130221 bytes as python-glanceclient.7ebe07a98bbb55334c84cb4a038e8708d0add469b7112855b75b5858f452e0df
3 15-08-20 15:36:11 [228/662/662] [python-glanceclient] Elapsed time for artifact creation 00:00:00
3 15-08-20 15:36:12 [228/662/662] [python-glanceclient] Cleaned up /src/tmp/tmpRvKSgO
3 15-08-20 15:36:12 [228/662/662] [python-glanceclient] Elapsed time for assembly 00:00:07
3 15-08-20 15:36:12 [228/662/662] [openstack-clients] Installing python-glanceclient.7ebe07a98bbb55334c84cb4a038e8708d0add469b7112855b75b5858f452e0df 
3 15-08-20 15:36:12 [228/662/662] [python-glanceclient] loaded metadata for python-glanceclient
3 15-08-20 15:36:12 [228/662/662] [python-swiftclient] Starting assembly 
3 15-08-20 15:36:12 [228/662/662] [openstack-common] loaded metadata for openstack-common
3 15-08-20 15:36:12 [228/662/662] [python-swiftclient] Installing openstack-common.b0a6b61d2145f58386f2034eb08fca37a322e7b75bc403e571869e0598a49911 
3 15-08-20 15:36:12 [229/662/662] [python-swiftclient] Starting build 
3 15-08-20 15:36:13 [229/662/662] [python-swiftclient] Git checkout upstream:openstack/python-swiftclient in /src/tmp/tmpe485cd/python-swiftclient.build 
3 15-08-20 15:36:13 [229/662/662] [python-swiftclient] Upstream version bb4d2ab5 2.3.1 (2.3.1 + 0 commits) 
3 15-08-20 15:36:13 [229/662/662] [python-swiftclient] Autodetected build system is python-distutils
3 15-08-20 15:36:13 [229/662/662] [python-swiftclient] Logging build commands to /src/artifacts/python-swiftclient.52ca2eef4b5cd1d369d0474b7e73aa2dbbc34e48bd5848597cfe39f674425277.build-log.3 
3 15-08-20 15:36:13 [229/662/662] [python-swiftclient] Running build-commands
3 15-08-20 15:36:13 [229/662/662] [python-swiftclient] Running command:
python setup.py build 
3 15-08-20 15:36:13 [229/662/662] [python-swiftclient] Running install-commands
3 15-08-20 15:36:13 [229/662/662] [python-swiftclient] Running command:
python setup.py install --prefix "$PREFIX" --root "$DESTDIR" 
3 15-08-20 15:36:13 [229/662/662] [python-swiftclient] Running strip-commands
3 15-08-20 15:36:13 [229/662/662] [python-swiftclient] Running command:
find "$DESTDIR" -type f \
  '(' -perm -111 -o -name '*.so*' -o -name '*.cmxs' -o -name '*.node' ')' \
  -exec sh -ec \
  'read -n4 hdr <"$1"   # check for elf header
  if [ "$hdr" != "$(printf \x7ELF)" ]; then
    exit 0
  fi
  debugfile="$DESTDIR$PREFIX/lib/debug/$(basename "$1")"
  mkdir -p "$(dirname "$debugfile")"
  objcopy --only-keep-debug "$1" "$debugfile"
  chmod 644 "$debugfile"
  strip --remove-section=.comment --remove-section=.note --strip-unneeded "$1"
  objcopy --add-gnu-debuglink "$debugfile" "$1"' - {} ';'
 
3 15-08-20 15:36:13 [229/662/662] [python-swiftclient] Elapsed time for build 00:00:00
3 15-08-20 15:36:13 [229/662/662] [python-swiftclient] Starting artifact creation 
3 15-08-20 15:36:13 [229/662/662] [python-swiftclient] splitting chunk 
3 15-08-20 15:36:14 [229/662/662] [python-swiftclient] Now cached 97755 bytes as python-swiftclient.52ca2eef4b5cd1d369d0474b7e73aa2dbbc34e48bd5848597cfe39f674425277
3 15-08-20 15:36:14 [229/662/662] [python-swiftclient] Elapsed time for artifact creation 00:00:00
3 15-08-20 15:36:14 [229/662/662] [python-swiftclient] Cleaned up /src/tmp/tmpe485cd
3 15-08-20 15:36:14 [229/662/662] [python-swiftclient] Elapsed time for assembly 00:00:02
3 15-08-20 15:36:14 [229/662/662] [openstack-clients] Installing python-swiftclient.52ca2eef4b5cd1d369d0474b7e73aa2dbbc34e48bd5848597cfe39f674425277 
3 15-08-20 15:36:14 [229/662/662] [python-swiftclient] loaded metadata for python-swiftclient
3 15-08-20 15:36:14 [229/662/662] [python-novaclient] Starting assembly 
3 15-08-20 15:36:14 [229/662/662] [openstack-common] loaded metadata for openstack-common
3 15-08-20 15:36:14 [229/662/662] [python-novaclient] Installing openstack-common.b0a6b61d2145f58386f2034eb08fca37a322e7b75bc403e571869e0598a49911 
3 15-08-20 15:36:15 [229/662/662] [python-keystoneclient] loaded metadata for python-keystoneclient
3 15-08-20 15:36:15 [229/662/662] [python-novaclient] Installing python-keystoneclient.8c9c5528c5dde7fbc775e661c475a1caff7a5e0865696213885981bb60dd3cb9 
3 15-08-20 15:36:15 [230/662/662] [python-novaclient] Starting build 
3 15-08-20 15:36:15 [230/662/662] [python-novaclient] Git checkout upstream:openstack/python-novaclient in /src/tmp/tmpmvIVDQ/python-novaclient.build 
3 15-08-20 15:36:15 [230/662/662] [python-novaclient] Upstream version e0f50729 2.23.0 (2.23.0 + 0 commits) 
3 15-08-20 15:36:15 [230/662/662] [python-novaclient] Autodetected build system is python-distutils
3 15-08-20 15:36:15 [230/662/662] [python-novaclient] Logging build commands to /src/artifacts/python-novaclient.d55c42cf32ed2e883a8e7b133f9989779d9a9247a474f1793fb07a20d0df7abb.build-log.3 
3 15-08-20 15:36:15 [230/662/662] [python-novaclient] Running build-commands
3 15-08-20 15:36:15 [230/662/662] [python-novaclient] Running command:
python setup.py build 
3 15-08-20 15:36:16 [230/662/662] [python-novaclient] Running install-commands
3 15-08-20 15:36:16 [230/662/662] [python-novaclient] Running command:
python setup.py install --prefix "$PREFIX" --root "$DESTDIR" 
3 15-08-20 15:36:16 [230/662/662] [python-novaclient] Running strip-commands
3 15-08-20 15:36:16 [230/662/662] [python-novaclient] Running command:
find "$DESTDIR" -type f \
  '(' -perm -111 -o -name '*.so*' -o -name '*.cmxs' -o -name '*.node' ')' \
  -exec sh -ec \
  'read -n4 hdr <"$1"   # check for elf header
  if [ "$hdr" != "$(printf \x7ELF)" ]; then
    exit 0
  fi
  debugfile="$DESTDIR$PREFIX/lib/debug/$(basename "$1")"
  mkdir -p "$(dirname "$debugfile")"
  objcopy --only-keep-debug "$1" "$debugfile"
  chmod 644 "$debugfile"
  strip --remove-section=.comment --remove-section=.note --strip-unneeded "$1"
  objcopy --add-gnu-debuglink "$debugfile" "$1"' - {} ';'
 
3 15-08-20 15:36:16 [230/662/662] [python-novaclient] Elapsed time for build 00:00:01
3 15-08-20 15:36:16 [230/662/662] [python-novaclient] Starting artifact creation 
3 15-08-20 15:36:16 [230/662/662] [python-novaclient] splitting chunk 
3 15-08-20 15:36:17 [230/662/662] [python-novaclient] Now cached 434314 bytes as python-novaclient.d55c42cf32ed2e883a8e7b133f9989779d9a9247a474f1793fb07a20d0df7abb
3 15-08-20 15:36:17 [230/662/662] [python-novaclient] Elapsed time for artifact creation 00:00:00
3 15-08-20 15:36:17 [230/662/662] [python-novaclient] Cleaned up /src/tmp/tmpmvIVDQ
3 15-08-20 15:36:17 [230/662/662] [python-novaclient] Elapsed time for assembly 00:00:03
3 15-08-20 15:36:17 [230/662/662] [openstack-clients] Installing python-novaclient.d55c42cf32ed2e883a8e7b133f9989779d9a9247a474f1793fb07a20d0df7abb 
3 15-08-20 15:36:17 [230/662/662] [python-novaclient] loaded metadata for python-novaclient
3 15-08-20 15:36:17 [230/662/662] [python-saharaclient] Starting assembly 
3 15-08-20 15:36:17 [230/662/662] [openstack-common] loaded metadata for openstack-common
3 15-08-20 15:36:17 [230/662/662] [python-saharaclient] Installing openstack-common.b0a6b61d2145f58386f2034eb08fca37a322e7b75bc403e571869e0598a49911 
3 15-08-20 15:36:18 [230/662/662] [python-keystoneclient] loaded metadata for python-keystoneclient
3 15-08-20 15:36:18 [230/662/662] [python-saharaclient] Installing python-keystoneclient.8c9c5528c5dde7fbc775e661c475a1caff7a5e0865696213885981bb60dd3cb9 
3 15-08-20 15:36:18 [231/662/662] [python-saharaclient] Starting build 
3 15-08-20 15:36:18 [231/662/662] [python-saharaclient] Git checkout upstream:openstack/python-saharaclient in /src/tmp/tmpbsnRT7/python-saharaclient.build 
3 15-08-20 15:36:18 [231/662/662] [python-saharaclient] Upstream version 319ceb6a 0.8.0 (0.8.0 + 0 commits) 
3 15-08-20 15:36:18 [231/662/662] [python-saharaclient] Autodetected build system is python-distutils
3 15-08-20 15:36:18 [231/662/662] [python-saharaclient] Logging build commands to /src/artifacts/python-saharaclient.0d90ca564e55e55375588ade7e05822371e2b77272f87ade986f26089f6eec92.build-log.3 
3 15-08-20 15:36:18 [231/662/662] [python-saharaclient] Running build-commands
3 15-08-20 15:36:18 [231/662/662] [python-saharaclient] Running command:
python setup.py build 
3 15-08-20 15:36:19 [231/662/662] [python-saharaclient] Running install-commands
3 15-08-20 15:36:19 [231/662/662] [python-saharaclient] Running command:
python setup.py install --prefix "$PREFIX" --root "$DESTDIR" 
3 15-08-20 15:36:19 [231/662/662] [python-saharaclient] Running strip-commands
3 15-08-20 15:36:19 [231/662/662] [python-saharaclient] Running command:
find "$DESTDIR" -type f \
  '(' -perm -111 -o -name '*.so*' -o -name '*.cmxs' -o -name '*.node' ')' \
  -exec sh -ec \
  'read -n4 hdr <"$1"   # check for elf header
  if [ "$hdr" != "$(printf \x7ELF)" ]; then
    exit 0
  fi
  debugfile="$DESTDIR$PREFIX/lib/debug/$(basename "$1")"
  mkdir -p "$(dirname "$debugfile")"
  objcopy --only-keep-debug "$1" "$debugfile"
  chmod 644 "$debugfile"
  strip --remove-section=.comment --remove-section=.note --strip-unneeded "$1"
  objcopy --add-gnu-debuglink "$debugfile" "$1"' - {} ';'
 
3 15-08-20 15:36:19 [231/662/662] [python-saharaclient] Elapsed time for build 00:00:01
3 15-08-20 15:36:19 [231/662/662] [python-saharaclient] Starting artifact creation 
3 15-08-20 15:36:19 [231/662/662] [python-saharaclient] splitting chunk 
3 15-08-20 15:36:19 [231/662/662] [python-saharaclient] Now cached 126496 bytes as python-saharaclient.0d90ca564e55e55375588ade7e05822371e2b77272f87ade986f26089f6eec92
3 15-08-20 15:36:19 [231/662/662] [python-saharaclient] Elapsed time for artifact creation 00:00:00
3 15-08-20 15:36:19 [231/662/662] [python-saharaclient] Cleaned up /src/tmp/tmpbsnRT7
3 15-08-20 15:36:19 [231/662/662] [python-saharaclient] Elapsed time for assembly 00:00:02
3 15-08-20 15:36:19 [231/662/662] [openstack-clients] Installing python-saharaclient.0d90ca564e55e55375588ade7e05822371e2b77272f87ade986f26089f6eec92 
3 15-08-20 15:36:19 [231/662/662] [python-saharaclient] loaded metadata for python-saharaclient
3 15-08-20 15:36:19 [231/662/662] [python-neutronclient] Starting assembly 
3 15-08-20 15:36:19 [231/662/662] [openstack-common] loaded metadata for openstack-common
3 15-08-20 15:36:19 [231/662/662] [python-neutronclient] Installing openstack-common.b0a6b61d2145f58386f2034eb08fca37a322e7b75bc403e571869e0598a49911 
3 15-08-20 15:36:20 [231/662/662] [cliff] Starting assembly 
3 15-08-20 15:36:20 [231/662/662] [pyparsing] Starting assembly 
3 15-08-20 15:36:20 [231/662/662] [openstack-common] loaded metadata for openstack-common
3 15-08-20 15:36:20 [231/662/662] [pyparsing] Installing openstack-common.b0a6b61d2145f58386f2034eb08fca37a322e7b75bc403e571869e0598a49911 
3 15-08-20 15:36:21 [232/662/662] [pyparsing] Starting build 
3 15-08-20 15:36:21 [232/662/662] [pyparsing] Git checkout upstream:python-packages/pyparsing.git in /src/tmp/tmp8vQHNP/pyparsing.build 
3 15-08-20 15:36:21 [232/662/662] [pyparsing] Upstream version 8062c76a pyparsing_2.0.3 (pyparsing_2.0.3 + 0 commits) 
3 15-08-20 15:36:21 [232/662/662] [pyparsing] Defined build system is manual
3 15-08-20 15:36:21 [232/662/662] [pyparsing] Logging build commands to /src/artifacts/pyparsing.c158eb86d9730c52a834424a30a7c2d5ec24cfbb4bcd743dc0d046567e1bea49.build-log.3 
3 15-08-20 15:36:21 [232/662/662] [pyparsing] Running build-commands
3 15-08-20 15:36:21 [232/662/662] [pyparsing] Running command:
cd src && python setup.py build 
3 15-08-20 15:36:21 [232/662/662] [pyparsing] Running install-commands
3 15-08-20 15:36:21 [232/662/662] [pyparsing] Running command:
cd src && python setup.py install --prefix "$PREFIX" --root "$DESTDIR" 
3 15-08-20 15:36:22 [232/662/662] [pyparsing] Elapsed time for build 00:00:00
3 15-08-20 15:36:22 [232/662/662] [pyparsing] Starting artifact creation 
3 15-08-20 15:36:22 [232/662/662] [pyparsing] splitting chunk 
3 15-08-20 15:36:22 [232/662/662] [pyparsing] Now cached 83673 bytes as pyparsing.c158eb86d9730c52a834424a30a7c2d5ec24cfbb4bcd743dc0d046567e1bea49
3 15-08-20 15:36:22 [232/662/662] [pyparsing] Elapsed time for artifact creation 00:00:00
3 15-08-20 15:36:22 [232/662/662] [pyparsing] Cleaned up /src/tmp/tmp8vQHNP
3 15-08-20 15:36:22 [232/662/662] [pyparsing] Elapsed time for assembly 00:00:01
3 15-08-20 15:36:22 [232/662/662] [cliff] Installing pyparsing.c158eb86d9730c52a834424a30a7c2d5ec24cfbb4bcd743dc0d046567e1bea49 
3 15-08-20 15:36:22 [232/662/662] [pyparsing] loaded metadata for strata/openstack-clients/pyparsing.morph
3 15-08-20 15:36:23 [232/662/662] [cmd2] Starting assembly 
3 15-08-20 15:36:23 [232/662/662] [openstack-common] loaded metadata for openstack-common
3 15-08-20 15:36:23 [232/662/662] [cmd2] Installing openstack-common.b0a6b61d2145f58386f2034eb08fca37a322e7b75bc403e571869e0598a49911 
3 15-08-20 15:36:24 [232/662/662] [pyparsing] loaded metadata for pyparsing
3 15-08-20 15:36:24 [232/662/662] [cmd2] Installing pyparsing.c158eb86d9730c52a834424a30a7c2d5ec24cfbb4bcd743dc0d046567e1bea49 
3 15-08-20 15:36:24 [233/662/662] [cmd2] Starting build 
3 15-08-20 15:36:24 [233/662/662] [cmd2] Git checkout upstream:python-packages/cmd2-hg in /src/tmp/tmpG9Muub/cmd2.build 
3 15-08-20 15:36:24 [233/662/662] [cmd2] Upstream version c0d606bd 0.6.7 (0.6.7 + 0 commits) 
3 15-08-20 15:36:24 [233/662/662] [cmd2] Autodetected build system is python-distutils
3 15-08-20 15:36:24 [233/662/662] [cmd2] Logging build commands to /src/artifacts/cmd2.89548839e30fe55cbfccf43097ab95571ea0d2249662a4c2fb107fb6125011e1.build-log.3 
3 15-08-20 15:36:24 [233/662/662] [cmd2] Running build-commands
3 15-08-20 15:36:24 [233/662/662] [cmd2] Running command:
python setup.py build 
3 15-08-20 15:36:24 [233/662/662] [cmd2] Running install-commands
3 15-08-20 15:36:24 [233/662/662] [cmd2] Running command:
python setup.py install --prefix "$PREFIX" --root "$DESTDIR" 
3 15-08-20 15:36:25 [233/662/662] [cmd2] Running strip-commands
3 15-08-20 15:36:25 [233/662/662] [cmd2] Running command:
find "$DESTDIR" -type f \
  '(' -perm -111 -o -name '*.so*' -o -name '*.cmxs' -o -name '*.node' ')' \
  -exec sh -ec \
  'read -n4 hdr <"$1"   # check for elf header
  if [ "$hdr" != "$(printf \x7ELF)" ]; then
    exit 0
  fi
  debugfile="$DESTDIR$PREFIX/lib/debug/$(basename "$1")"
  mkdir -p "$(dirname "$debugfile")"
  objcopy --only-keep-debug "$1" "$debugfile"
  chmod 644 "$debugfile"
  strip --remove-section=.comment --remove-section=.note --strip-unneeded "$1"
  objcopy --add-gnu-debuglink "$debugfile" "$1"' - {} ';'
 
3 15-08-20 15:36:25 [233/662/662] [cmd2] Elapsed time for build 00:00:00
3 15-08-20 15:36:25 [233/662/662] [cmd2] Starting artifact creation 
3 15-08-20 15:36:25 [233/662/662] [cmd2] splitting chunk 
3 15-08-20 15:36:25 [233/662/662] [cmd2] Now cached 41096 bytes as cmd2.89548839e30fe55cbfccf43097ab95571ea0d2249662a4c2fb107fb6125011e1
3 15-08-20 15:36:25 [233/662/662] [cmd2] Elapsed time for artifact creation 00:00:00
3 15-08-20 15:36:25 [233/662/662] [cmd2] Cleaned up /src/tmp/tmpG9Muub
3 15-08-20 15:36:25 [233/662/662] [cmd2] Elapsed time for assembly 00:00:02
3 15-08-20 15:36:25 [233/662/662] [cliff] Installing cmd2.89548839e30fe55cbfccf43097ab95571ea0d2249662a4c2fb107fb6125011e1 
3 15-08-20 15:36:25 [233/662/662] [cmd2] loaded metadata for cmd2
3 15-08-20 15:36:25 [233/662/662] [openstack-common] loaded metadata for openstack-common
3 15-08-20 15:36:25 [234/662/662] [cliff] Starting build 
3 15-08-20 15:36:25 [234/662/662] [cliff] Git checkout upstream:openstack/cliff in /src/tmp/tmpYGWKo7/cliff.build 
3 15-08-20 15:36:25 [234/662/662] [cliff] Upstream version b703ad32 1.10.1 (1.10.1 + 0 commits) 
3 15-08-20 15:36:25 [234/662/662] [cliff] Autodetected build system is python-distutils
3 15-08-20 15:36:25 [234/662/662] [cliff] Logging build commands to /src/artifacts/cliff.6782f91def4bfa6121272a666fe7a37539b5ebdca7ca6c815c7fbaeb1b4a16b6.build-log.3 
3 15-08-20 15:36:25 [234/662/662] [cliff] Running build-commands
3 15-08-20 15:36:25 [234/662/662] [cliff] Running command:
python setup.py build 
3 15-08-20 15:36:26 [234/662/662] [cliff] Running install-commands
3 15-08-20 15:36:26 [234/662/662] [cliff] Running command:
python setup.py install --prefix "$PREFIX" --root "$DESTDIR" 
3 15-08-20 15:36:26 [234/662/662] [cliff] Running strip-commands
3 15-08-20 15:36:26 [234/662/662] [cliff] Running command:
find "$DESTDIR" -type f \
  '(' -perm -111 -o -name '*.so*' -o -name '*.cmxs' -o -name '*.node' ')' \
  -exec sh -ec \
  'read -n4 hdr <"$1"   # check for elf header
  if [ "$hdr" != "$(printf \x7ELF)" ]; then
    exit 0
  fi
  debugfile="$DESTDIR$PREFIX/lib/debug/$(basename "$1")"
  mkdir -p "$(dirname "$debugfile")"
  objcopy --only-keep-debug "$1" "$debugfile"
  chmod 644 "$debugfile"
  strip --remove-section=.comment --remove-section=.note --strip-unneeded "$1"
  objcopy --add-gnu-debuglink "$debugfile" "$1"' - {} ';'
 
3 15-08-20 15:36:26 [234/662/662] [cliff] Elapsed time for build 00:00:00
3 15-08-20 15:36:26 [234/662/662] [cliff] Starting artifact creation 
3 15-08-20 15:36:26 [234/662/662] [cliff] splitting chunk 
3 15-08-20 15:36:26 [234/662/662] [cliff] Now cached 43459 bytes as cliff.6782f91def4bfa6121272a666fe7a37539b5ebdca7ca6c815c7fbaeb1b4a16b6
3 15-08-20 15:36:26 [234/662/662] [cliff] Elapsed time for artifact creation 00:00:00
3 15-08-20 15:36:26 [234/662/662] [cliff] Cleaned up /src/tmp/tmpYGWKo7
3 15-08-20 15:36:26 [234/662/662] [cliff] Elapsed time for assembly 00:00:06
3 15-08-20 15:36:26 [234/662/662] [python-neutronclient] Installing cliff.6782f91def4bfa6121272a666fe7a37539b5ebdca7ca6c815c7fbaeb1b4a16b6 
3 15-08-20 15:36:26 [234/662/662] [cliff] loaded metadata for cliff
3 15-08-20 15:36:26 [234/662/662] [python-keystoneclient] loaded metadata for python-keystoneclient
3 15-08-20 15:36:26 [234/662/662] [python-neutronclient] Installing python-keystoneclient.8c9c5528c5dde7fbc775e661c475a1caff7a5e0865696213885981bb60dd3cb9 
3 15-08-20 15:36:27 [235/662/662] [python-neutronclient] Starting build 
3 15-08-20 15:36:27 [235/662/662] [python-neutronclient] Git checkout upstream:openstack/python-neutronclient in /src/tmp/tmpdXy6Wh/python-neutronclient.build 
3 15-08-20 15:36:27 [235/662/662] [python-neutronclient] Upstream version aa1215a5 2.4.0 (2.4.0 + 0 commits) 
3 15-08-20 15:36:27 [235/662/662] [python-neutronclient] Autodetected build system is python-distutils
3 15-08-20 15:36:27 [235/662/662] [python-neutronclient] Logging build commands to /src/artifacts/python-neutronclient.2a482aeca6beb1cbd1be7ead2649917f455c023457cd6c1a22a31d4e41ac3f9e.build-log.3 
3 15-08-20 15:36:27 [235/662/662] [python-neutronclient] Running build-commands
3 15-08-20 15:36:27 [235/662/662] [python-neutronclient] Running command:
python setup.py build 
3 15-08-20 15:36:27 [235/662/662] [python-neutronclient] Running install-commands
3 15-08-20 15:36:27 [235/662/662] [python-neutronclient] Running command:
python setup.py install --prefix "$PREFIX" --root "$DESTDIR" 
3 15-08-20 15:36:28 [235/662/662] [python-neutronclient] Running strip-commands
3 15-08-20 15:36:28 [235/662/662] [python-neutronclient] Running command:
find "$DESTDIR" -type f \
  '(' -perm -111 -o -name '*.so*' -o -name '*.cmxs' -o -name '*.node' ')' \
  -exec sh -ec \
  'read -n4 hdr <"$1"   # check for elf header
  if [ "$hdr" != "$(printf \x7ELF)" ]; then
    exit 0
  fi
  debugfile="$DESTDIR$PREFIX/lib/debug/$(basename "$1")"
  mkdir -p "$(dirname "$debugfile")"
  objcopy --only-keep-debug "$1" "$debugfile"
  chmod 644 "$debugfile"
  strip --remove-section=.comment --remove-section=.note --strip-unneeded "$1"
  objcopy --add-gnu-debuglink "$debugfile" "$1"' - {} ';'
 
3 15-08-20 15:36:28 [235/662/662] [python-neutronclient] Elapsed time for build 00:00:01
3 15-08-20 15:36:28 [235/662/662] [python-neutronclient] Starting artifact creation 
3 15-08-20 15:36:28 [235/662/662] [python-neutronclient] splitting chunk 
3 15-08-20 15:36:28 [235/662/662] [python-neutronclient] Now cached 317280 bytes as python-neutronclient.2a482aeca6beb1cbd1be7ead2649917f455c023457cd6c1a22a31d4e41ac3f9e
3 15-08-20 15:36:28 [235/662/662] [python-neutronclient] Elapsed time for artifact creation 00:00:00
3 15-08-20 15:36:28 [235/662/662] [python-neutronclient] Cleaned up /src/tmp/tmpdXy6Wh
3 15-08-20 15:36:28 [235/662/662] [python-neutronclient] Elapsed time for assembly 00:00:08
3 15-08-20 15:36:28 [235/662/662] [openstack-clients] Installing python-neutronclient.2a482aeca6beb1cbd1be7ead2649917f455c023457cd6c1a22a31d4e41ac3f9e 
3 15-08-20 15:36:28 [235/662/662] [python-neutronclient] loaded metadata for python-neutronclient
3 15-08-20 15:36:29 [235/662/662] [pyparsing] loaded metadata for pyparsing
3 15-08-20 15:36:29 [235/662/662] [python-designateclient] Starting assembly 
3 15-08-20 15:36:29 [235/662/662] [cliff] loaded metadata for cliff
3 15-08-20 15:36:29 [235/662/662] [python-designateclient] Installing cliff.6782f91def4bfa6121272a666fe7a37539b5ebdca7ca6c815c7fbaeb1b4a16b6 
3 15-08-20 15:36:29 [235/662/662] [python-keystoneclient] loaded metadata for python-keystoneclient
3 15-08-20 15:36:29 [235/662/662] [python-designateclient] Installing python-keystoneclient.8c9c5528c5dde7fbc775e661c475a1caff7a5e0865696213885981bb60dd3cb9 
3 15-08-20 15:36:29 [235/662/662] [openstack-common] loaded metadata for openstack-common
3 15-08-20 15:36:29 [236/662/662] [python-designateclient] Starting build 
3 15-08-20 15:36:29 [236/662/662] [python-designateclient] Git checkout upstream:openstack/python-designateclient in /src/tmp/tmp3K5MIQ/python-designateclient.build 
3 15-08-20 15:36:29 [236/662/662] [python-designateclient] Upstream version a900b41e 1.1.0 (1.1.0 + 0 commits) 
3 15-08-20 15:36:29 [236/662/662] [python-designateclient] Autodetected build system is python-distutils
3 15-08-20 15:36:29 [236/662/662] [python-designateclient] Logging build commands to /src/artifacts/python-designateclient.fc223f1ec6aaf6d68208bb74c77f6c08ed063c52c423fe0d4e8fd89f96b9eba1.build-log.3 
3 15-08-20 15:36:29 [236/662/662] [python-designateclient] Running build-commands
3 15-08-20 15:36:29 [236/662/662] [python-designateclient] Running command:
python setup.py build 
3 15-08-20 15:36:30 [236/662/662] [python-designateclient] Running install-commands
3 15-08-20 15:36:30 [236/662/662] [python-designateclient] Running command:
python setup.py install --prefix "$PREFIX" --root "$DESTDIR" 
3 15-08-20 15:36:30 [236/662/662] [python-designateclient] Running strip-commands
3 15-08-20 15:36:30 [236/662/662] [python-designateclient] Running command:
find "$DESTDIR" -type f \
  '(' -perm -111 -o -name '*.so*' -o -name '*.cmxs' -o -name '*.node' ')' \
  -exec sh -ec \
  'read -n4 hdr <"$1"   # check for elf header
  if [ "$hdr" != "$(printf \x7ELF)" ]; then
    exit 0
  fi
  debugfile="$DESTDIR$PREFIX/lib/debug/$(basename "$1")"
  mkdir -p "$(dirname "$debugfile")"
  objcopy --only-keep-debug "$1" "$debugfile"
  chmod 644 "$debugfile"
  strip --remove-section=.comment --remove-section=.note --strip-unneeded "$1"
  objcopy --add-gnu-debuglink "$debugfile" "$1"' - {} ';'
 
3 15-08-20 15:36:30 [236/662/662] [python-designateclient] Elapsed time for build 00:00:01
3 15-08-20 15:36:30 [236/662/662] [python-designateclient] Starting artifact creation 
3 15-08-20 15:36:30 [236/662/662] [python-designateclient] splitting chunk 
3 15-08-20 15:36:30 [236/662/662] [python-designateclient] Now cached 33293 bytes as python-designateclient.fc223f1ec6aaf6d68208bb74c77f6c08ed063c52c423fe0d4e8fd89f96b9eba1
3 15-08-20 15:36:30 [236/662/662] [python-designateclient] Elapsed time for artifact creation 00:00:00
3 15-08-20 15:36:31 [236/662/662] [python-designateclient] Cleaned up /src/tmp/tmp3K5MIQ
3 15-08-20 15:36:31 [236/662/662] [python-designateclient] Elapsed time for assembly 00:00:02
3 15-08-20 15:36:31 [236/662/662] [openstack-clients] Installing python-designateclient.fc223f1ec6aaf6d68208bb74c77f6c08ed063c52c423fe0d4e8fd89f96b9eba1 
3 15-08-20 15:36:31 [236/662/662] [python-designateclient] loaded metadata for python-designateclient
3 15-08-20 15:36:31 [236/662/662] [warlock] loaded metadata for warlock
3 15-08-20 15:36:31 [236/662/662] [cmd2] loaded metadata for cmd2
3 15-08-20 15:36:31 [236/662/662] [python-ironicclient] Starting assembly 
3 15-08-20 15:36:31 [236/662/662] [openstack-common] loaded metadata for openstack-common
3 15-08-20 15:36:31 [236/662/662] [python-ironicclient] Installing openstack-common.b0a6b61d2145f58386f2034eb08fca37a322e7b75bc403e571869e0598a49911 
3 15-08-20 15:36:32 [237/662/662] [python-ironicclient] Starting build 
3 15-08-20 15:36:32 [237/662/662] [python-ironicclient] Git checkout upstream:openstack/python-ironicclient in /src/tmp/tmpkVP9ZY/python-ironicclient.build 
3 15-08-20 15:36:32 [237/662/662] [python-ironicclient] Upstream version 4390a216 0.4.1 (0.4.1 + 0 commits) 
3 15-08-20 15:36:32 [237/662/662] [python-ironicclient] Defined build system is python-distutils
3 15-08-20 15:36:32 [237/662/662] [python-ironicclient] Logging build commands to /src/artifacts/python-ironicclient.db5b84b28123cb5640eb85914881feb9c69e20dd7af59a4dd4975957a11ca63d.build-log.3 
3 15-08-20 15:36:32 [237/662/662] [python-ironicclient] Running build-commands
3 15-08-20 15:36:32 [237/662/662] [python-ironicclient] Running command:
python setup.py build 
3 15-08-20 15:36:32 [237/662/662] [python-ironicclient] Running install-commands
3 15-08-20 15:36:32 [237/662/662] [python-ironicclient] Running command:
python setup.py install --prefix "$PREFIX" --root "$DESTDIR" 
3 15-08-20 15:36:33 [237/662/662] [python-ironicclient] Running strip-commands
3 15-08-20 15:36:33 [237/662/662] [python-ironicclient] Running command:
find "$DESTDIR" -type f \
  '(' -perm -111 -o -name '*.so*' -o -name '*.cmxs' -o -name '*.node' ')' \
  -exec sh -ec \
  'read -n4 hdr <"$1"   # check for elf header
  if [ "$hdr" != "$(printf \x7ELF)" ]; then
    exit 0
  fi
  debugfile="$DESTDIR$PREFIX/lib/debug/$(basename "$1")"
  mkdir -p "$(dirname "$debugfile")"
  objcopy --only-keep-debug "$1" "$debugfile"
  chmod 644 "$debugfile"
  strip --remove-section=.comment --remove-section=.note --strip-unneeded "$1"
  objcopy --add-gnu-debuglink "$debugfile" "$1"' - {} ';'
 
3 15-08-20 15:36:33 [237/662/662] [python-ironicclient] Elapsed time for build 00:00:01
3 15-08-20 15:36:33 [237/662/662] [python-ironicclient] Starting artifact creation 
3 15-08-20 15:36:33 [237/662/662] [python-ironicclient] splitting chunk 
3 15-08-20 15:36:33 [237/662/662] [python-ironicclient] Now cached 145848 bytes as python-ironicclient.db5b84b28123cb5640eb85914881feb9c69e20dd7af59a4dd4975957a11ca63d
3 15-08-20 15:36:33 [237/662/662] [python-ironicclient] Elapsed time for artifact creation 00:00:00
3 15-08-20 15:36:33 [237/662/662] [python-ironicclient] Cleaned up /src/tmp/tmpkVP9ZY
3 15-08-20 15:36:33 [237/662/662] [python-ironicclient] Elapsed time for assembly 00:00:02
3 15-08-20 15:36:33 [237/662/662] [openstack-clients] Installing python-ironicclient.db5b84b28123cb5640eb85914881feb9c69e20dd7af59a4dd4975957a11ca63d 
3 15-08-20 15:36:33 [237/662/662] [python-ironicclient] loaded metadata for strata/openstack-clients/python-ironicclient.morph
3 15-08-20 15:36:33 [237/662/662] [cliff] loaded metadata for cliff
3 15-08-20 15:36:33 [237/662/662] [appdirs] Starting assembly 
3 15-08-20 15:36:33 [237/662/662] [openstack-common] loaded metadata for openstack-common
3 15-08-20 15:36:33 [237/662/662] [appdirs] Installing openstack-common.b0a6b61d2145f58386f2034eb08fca37a322e7b75bc403e571869e0598a49911 
3 15-08-20 15:36:34 [238/662/662] [appdirs] Starting build 
3 15-08-20 15:36:34 [238/662/662] [appdirs] Git checkout upstream:python-packages/appdirs in /src/tmp/tmpue_Vpq/appdirs.build 
3 15-08-20 15:36:34 [238/662/662] [appdirs] Upstream version 57f2bc44 1.4.0 (1.4.0 + 0 commits) 
3 15-08-20 15:36:34 [238/662/662] [appdirs] Defined build system is python-distutils
3 15-08-20 15:36:34 [238/662/662] [appdirs] Logging build commands to /src/artifacts/appdirs.b7c6532f88109ba89d6ef7d75aced653ad1a1f0bfcb8b8b595700fdb2844d7a6.build-log.3 
3 15-08-20 15:36:34 [238/662/662] [appdirs] Running build-commands
3 15-08-20 15:36:34 [238/662/662] [appdirs] Running command:
python setup.py build 
3 15-08-20 15:36:35 [238/662/662] [appdirs] Running install-commands
3 15-08-20 15:36:35 [238/662/662] [appdirs] Running command:
python setup.py install --prefix "$PREFIX" --root "$DESTDIR" 
3 15-08-20 15:36:35 [238/662/662] [appdirs] Running strip-commands
3 15-08-20 15:36:35 [238/662/662] [appdirs] Running command:
find "$DESTDIR" -type f \
  '(' -perm -111 -o -name '*.so*' -o -name '*.cmxs' -o -name '*.node' ')' \
  -exec sh -ec \
  'read -n4 hdr <"$1"   # check for elf header
  if [ "$hdr" != "$(printf \x7ELF)" ]; then
    exit 0
  fi
  debugfile="$DESTDIR$PREFIX/lib/debug/$(basename "$1")"
  mkdir -p "$(dirname "$debugfile")"
  objcopy --only-keep-debug "$1" "$debugfile"
  chmod 644 "$debugfile"
  strip --remove-section=.comment --remove-section=.note --strip-unneeded "$1"
  objcopy --add-gnu-debuglink "$debugfile" "$1"' - {} ';'
 
3 15-08-20 15:36:35 [238/662/662] [appdirs] Elapsed time for build 00:00:00
3 15-08-20 15:36:35 [238/662/662] [appdirs] Starting artifact creation 
3 15-08-20 15:36:35 [238/662/662] [appdirs] splitting chunk 
3 15-08-20 15:36:35 [238/662/662] [appdirs] Now cached 11493 bytes as appdirs.b7c6532f88109ba89d6ef7d75aced653ad1a1f0bfcb8b8b595700fdb2844d7a6
3 15-08-20 15:36:35 [238/662/662] [appdirs] Elapsed time for artifact creation 00:00:00
3 15-08-20 15:36:35 [238/662/662] [appdirs] Cleaned up /src/tmp/tmpue_Vpq
3 15-08-20 15:36:35 [238/662/662] [appdirs] Elapsed time for assembly 00:00:02
3 15-08-20 15:36:35 [238/662/662] [openstack-clients] Installing appdirs.b7c6532f88109ba89d6ef7d75aced653ad1a1f0bfcb8b8b595700fdb2844d7a6 
3 15-08-20 15:36:35 [238/662/662] [appdirs] loaded metadata for strata/openstack-clients/appdirs.morph
3 15-08-20 15:36:35 [238/662/662] [python-ceilometerclient] Starting assembly 
3 15-08-20 15:36:35 [238/662/662] [openstack-common] loaded metadata for openstack-common
3 15-08-20 15:36:35 [238/662/662] [python-ceilometerclient] Installing openstack-common.b0a6b61d2145f58386f2034eb08fca37a322e7b75bc403e571869e0598a49911 
3 15-08-20 15:36:36 [238/662/662] [python-keystoneclient] loaded metadata for python-keystoneclient
3 15-08-20 15:36:36 [238/662/662] [python-ceilometerclient] Installing python-keystoneclient.8c9c5528c5dde7fbc775e661c475a1caff7a5e0865696213885981bb60dd3cb9 
3 15-08-20 15:36:36 [239/662/662] [python-ceilometerclient] Starting build 
3 15-08-20 15:36:36 [239/662/662] [python-ceilometerclient] Git checkout upstream:openstack/python-ceilometerclient in /src/tmp/tmpWwKoBj/python-ceilometerclient.build 
3 15-08-20 15:36:36 [239/662/662] [python-ceilometerclient] Upstream version 127aadfd 1.0.14 (1.0.14 + 0 commits) 
3 15-08-20 15:36:36 [239/662/662] [python-ceilometerclient] Autodetected build system is python-distutils
3 15-08-20 15:36:36 [239/662/662] [python-ceilometerclient] Logging build commands to /src/artifacts/python-ceilometerclient.e5965ed6319bfec8cb91b1e24d64a57f9ad97ced68e2a49b82d3ca113d8f169e.build-log.3 
3 15-08-20 15:36:36 [239/662/662] [python-ceilometerclient] Running build-commands
3 15-08-20 15:36:36 [239/662/662] [python-ceilometerclient] Running command:
python setup.py build 
3 15-08-20 15:36:37 [239/662/662] [python-ceilometerclient] Running install-commands
3 15-08-20 15:36:37 [239/662/662] [python-ceilometerclient] Running command:
python setup.py install --prefix "$PREFIX" --root "$DESTDIR" 
3 15-08-20 15:36:37 [239/662/662] [python-ceilometerclient] Running strip-commands
3 15-08-20 15:36:37 [239/662/662] [python-ceilometerclient] Running command:
find "$DESTDIR" -type f \
  '(' -perm -111 -o -name '*.so*' -o -name '*.cmxs' -o -name '*.node' ')' \
  -exec sh -ec \
  'read -n4 hdr <"$1"   # check for elf header
  if [ "$hdr" != "$(printf \x7ELF)" ]; then
    exit 0
  fi
  debugfile="$DESTDIR$PREFIX/lib/debug/$(basename "$1")"
  mkdir -p "$(dirname "$debugfile")"
  objcopy --only-keep-debug "$1" "$debugfile"
  chmod 644 "$debugfile"
  strip --remove-section=.comment --remove-section=.note --strip-unneeded "$1"
  objcopy --add-gnu-debuglink "$debugfile" "$1"' - {} ';'
 
3 15-08-20 15:36:37 [239/662/662] [python-ceilometerclient] Elapsed time for build 00:00:01
3 15-08-20 15:36:37 [239/662/662] [python-ceilometerclient] Starting artifact creation 
3 15-08-20 15:36:37 [239/662/662] [python-ceilometerclient] splitting chunk 
3 15-08-20 15:36:37 [239/662/662] [python-ceilometerclient] Now cached 165849 bytes as python-ceilometerclient.e5965ed6319bfec8cb91b1e24d64a57f9ad97ced68e2a49b82d3ca113d8f169e
3 15-08-20 15:36:37 [239/662/662] [python-ceilometerclient] Elapsed time for artifact creation 00:00:00
3 15-08-20 15:36:38 [239/662/662] [python-ceilometerclient] Cleaned up /src/tmp/tmpWwKoBj
3 15-08-20 15:36:38 [239/662/662] [python-ceilometerclient] Elapsed time for assembly 00:00:02
3 15-08-20 15:36:38 [239/662/662] [openstack-clients] Installing python-ceilometerclient.e5965ed6319bfec8cb91b1e24d64a57f9ad97ced68e2a49b82d3ca113d8f169e 
3 15-08-20 15:36:38 [239/662/662] [python-ceilometerclient] loaded metadata for python-ceilometerclient
3 15-08-20 15:36:38 [239/662/662] [cliff-tablib] Starting assembly 
3 15-08-20 15:36:38 [239/662/662] [openstack-common] loaded metadata for openstack-common
3 15-08-20 15:36:38 [239/662/662] [cliff-tablib] Installing openstack-common.b0a6b61d2145f58386f2034eb08fca37a322e7b75bc403e571869e0598a49911 
3 15-08-20 15:36:39 [240/662/662] [cliff-tablib] Starting build 
3 15-08-20 15:36:39 [240/662/662] [cliff-tablib] Git checkout upstream:python-packages/cliff-tablib in /src/tmp/tmp57Oi0b/cliff-tablib.build 
3 15-08-20 15:36:39 [240/662/662] [cliff-tablib] Upstream version a83bf47d 1.1 (1.1 + 0 commits) 
3 15-08-20 15:36:39 [240/662/662] [cliff-tablib] Defined build system is python-distutils
3 15-08-20 15:36:39 [240/662/662] [cliff-tablib] Logging build commands to /src/artifacts/cliff-tablib.ba219619826250ba03d100ca05456e5310110106381e6d4da47b8492460ea463.build-log.3 
3 15-08-20 15:36:39 [240/662/662] [cliff-tablib] Running build-commands
3 15-08-20 15:36:39 [240/662/662] [cliff-tablib] Running command:
python setup.py build 
3 15-08-20 15:36:39 [240/662/662] [cliff-tablib] Running install-commands
3 15-08-20 15:36:39 [240/662/662] [cliff-tablib] Running command:
python setup.py install --prefix "$PREFIX" --root "$DESTDIR" 
3 15-08-20 15:36:39 [240/662/662] [cliff-tablib] Running strip-commands
3 15-08-20 15:36:39 [240/662/662] [cliff-tablib] Running command:
find "$DESTDIR" -type f \
  '(' -perm -111 -o -name '*.so*' -o -name '*.cmxs' -o -name '*.node' ')' \
  -exec sh -ec \
  'read -n4 hdr <"$1"   # check for elf header
  if [ "$hdr" != "$(printf \x7ELF)" ]; then
    exit 0
  fi
  debugfile="$DESTDIR$PREFIX/lib/debug/$(basename "$1")"
  mkdir -p "$(dirname "$debugfile")"
  objcopy --only-keep-debug "$1" "$debugfile"
  chmod 644 "$debugfile"
  strip --remove-section=.comment --remove-section=.note --strip-unneeded "$1"
  objcopy --add-gnu-debuglink "$debugfile" "$1"' - {} ';'
 
3 15-08-20 15:36:40 [240/662/662] [cliff-tablib] Elapsed time for build 00:00:00
3 15-08-20 15:36:40 [240/662/662] [cliff-tablib] Starting artifact creation 
3 15-08-20 15:36:40 [240/662/662] [cliff-tablib] splitting chunk 
3 15-08-20 15:36:40 [240/662/662] [cliff-tablib] Now cached 2847 bytes as cliff-tablib.ba219619826250ba03d100ca05456e5310110106381e6d4da47b8492460ea463
3 15-08-20 15:36:40 [240/662/662] [cliff-tablib] Elapsed time for artifact creation 00:00:00
3 15-08-20 15:36:40 [240/662/662] [cliff-tablib] Cleaned up /src/tmp/tmp57Oi0b
3 15-08-20 15:36:40 [240/662/662] [cliff-tablib] Elapsed time for assembly 00:00:02
3 15-08-20 15:36:40 [240/662/662] [openstack-clients] Installing cliff-tablib.ba219619826250ba03d100ca05456e5310110106381e6d4da47b8492460ea463 
3 15-08-20 15:36:40 [240/662/662] [cliff-tablib] loaded metadata for strata/openstack-clients/cliff-tablib.morph
3 15-08-20 15:36:40 [240/662/662] [python-keystoneclient] loaded metadata for python-keystoneclient
3 15-08-20 15:36:40 [240/662/662] [python-cinderclient] Starting assembly 
3 15-08-20 15:36:40 [240/662/662] [openstack-common] loaded metadata for openstack-common
3 15-08-20 15:36:40 [240/662/662] [python-cinderclient] Installing openstack-common.b0a6b61d2145f58386f2034eb08fca37a322e7b75bc403e571869e0598a49911 
3 15-08-20 15:36:41 [240/662/662] [python-keystoneclient] loaded metadata for python-keystoneclient
3 15-08-20 15:36:41 [240/662/662] [python-cinderclient] Installing python-keystoneclient.8c9c5528c5dde7fbc775e661c475a1caff7a5e0865696213885981bb60dd3cb9 
3 15-08-20 15:36:41 [241/662/662] [python-cinderclient] Starting build 
3 15-08-20 15:36:41 [241/662/662] [python-cinderclient] Git checkout upstream:openstack/python-cinderclient in /src/tmp/tmpMmtUBG/python-cinderclient.build 
3 15-08-20 15:36:41 [241/662/662] [python-cinderclient] Upstream version ac9b0913 1.1.1 (1.1.1 + 0 commits) 
3 15-08-20 15:36:41 [241/662/662] [python-cinderclient] Autodetected build system is python-distutils
3 15-08-20 15:36:41 [241/662/662] [python-cinderclient] Logging build commands to /src/artifacts/python-cinderclient.df9d2fc9051ba02dcf14cdf9abad68cc1c700dea510c158f70a9af9807f23864.build-log.3 
3 15-08-20 15:36:41 [241/662/662] [python-cinderclient] Running build-commands
3 15-08-20 15:36:41 [241/662/662] [python-cinderclient] Running command:
python setup.py build 
3 15-08-20 15:36:42 [241/662/662] [python-cinderclient] Running install-commands
3 15-08-20 15:36:42 [241/662/662] [python-cinderclient] Running command:
python setup.py install --prefix "$PREFIX" --root "$DESTDIR" 
3 15-08-20 15:36:42 [241/662/662] [python-cinderclient] Running strip-commands
3 15-08-20 15:36:42 [241/662/662] [python-cinderclient] Running command:
find "$DESTDIR" -type f \
  '(' -perm -111 -o -name '*.so*' -o -name '*.cmxs' -o -name '*.node' ')' \
  -exec sh -ec \
  'read -n4 hdr <"$1"   # check for elf header
  if [ "$hdr" != "$(printf \x7ELF)" ]; then
    exit 0
  fi
  debugfile="$DESTDIR$PREFIX/lib/debug/$(basename "$1")"
  mkdir -p "$(dirname "$debugfile")"
  objcopy --only-keep-debug "$1" "$debugfile"
  chmod 644 "$debugfile"
  strip --remove-section=.comment --remove-section=.note --strip-unneeded "$1"
  objcopy --add-gnu-debuglink "$debugfile" "$1"' - {} ';'
 
3 15-08-20 15:36:42 [241/662/662] [python-cinderclient] Elapsed time for build 00:00:01
3 15-08-20 15:36:42 [241/662/662] [python-cinderclient] Starting artifact creation 
3 15-08-20 15:36:42 [241/662/662] [python-cinderclient] splitting chunk 
3 15-08-20 15:36:42 [241/662/662] [python-cinderclient] Now cached 299995 bytes as python-cinderclient.df9d2fc9051ba02dcf14cdf9abad68cc1c700dea510c158f70a9af9807f23864
3 15-08-20 15:36:42 [241/662/662] [python-cinderclient] Elapsed time for artifact creation 00:00:00
3 15-08-20 15:36:43 [241/662/662] [python-cinderclient] Cleaned up /src/tmp/tmpMmtUBG
3 15-08-20 15:36:43 [241/662/662] [python-cinderclient] Elapsed time for assembly 00:00:02
3 15-08-20 15:36:43 [241/662/662] [openstack-clients] Installing python-cinderclient.df9d2fc9051ba02dcf14cdf9abad68cc1c700dea510c158f70a9af9807f23864 
3 15-08-20 15:36:43 [241/662/662] [python-cinderclient] loaded metadata for python-cinderclient
3 15-08-20 15:36:43 [241/662/662] [python-troveclient] Starting assembly 
3 15-08-20 15:36:43 [241/662/662] [openstack-common] loaded metadata for openstack-common
3 15-08-20 15:36:43 [241/662/662] [python-troveclient] Installing openstack-common.b0a6b61d2145f58386f2034eb08fca37a322e7b75bc403e571869e0598a49911 
3 15-08-20 15:36:44 [242/662/662] [python-troveclient] Starting build 
3 15-08-20 15:36:44 [242/662/662] [python-troveclient] Git checkout upstream:openstack/python-troveclient in /src/tmp/tmpTa70Xe/python-troveclient.build 
3 15-08-20 15:36:44 [242/662/662] [python-troveclient] Upstream version e010a919 1.0.7 (1.0.7 + 0 commits) 
3 15-08-20 15:36:44 [242/662/662] [python-troveclient] Autodetected build system is python-distutils
3 15-08-20 15:36:44 [242/662/662] [python-troveclient] Logging build commands to /src/artifacts/python-troveclient.3eee72e6337df0d9e2c5e13c082b92975c06a0a0d0e2a0f88b7acf1742f77dde.build-log.3 
3 15-08-20 15:36:44 [242/662/662] [python-troveclient] Running build-commands
3 15-08-20 15:36:44 [242/662/662] [python-troveclient] Running command:
python setup.py build 
3 15-08-20 15:36:44 [242/662/662] [python-troveclient] Running install-commands
3 15-08-20 15:36:44 [242/662/662] [python-troveclient] Running command:
python setup.py install --prefix "$PREFIX" --root "$DESTDIR" 
3 15-08-20 15:36:45 [242/662/662] [python-troveclient] Running strip-commands
3 15-08-20 15:36:45 [242/662/662] [python-troveclient] Running command:
find "$DESTDIR" -type f \
  '(' -perm -111 -o -name '*.so*' -o -name '*.cmxs' -o -name '*.node' ')' \
  -exec sh -ec \
  'read -n4 hdr <"$1"   # check for elf header
  if [ "$hdr" != "$(printf \x7ELF)" ]; then
    exit 0
  fi
  debugfile="$DESTDIR$PREFIX/lib/debug/$(basename "$1")"
  mkdir -p "$(dirname "$debugfile")"
  objcopy --only-keep-debug "$1" "$debugfile"
  chmod 644 "$debugfile"
  strip --remove-section=.comment --remove-section=.note --strip-unneeded "$1"
  objcopy --add-gnu-debuglink "$debugfile" "$1"' - {} ';'
 
3 15-08-20 15:36:45 [242/662/662] [python-troveclient] Elapsed time for build 00:00:01
3 15-08-20 15:36:45 [242/662/662] [python-troveclient] Starting artifact creation 
3 15-08-20 15:36:45 [242/662/662] [python-troveclient] splitting chunk 
3 15-08-20 15:36:45 [242/662/662] [python-troveclient] Now cached 216861 bytes as python-troveclient.3eee72e6337df0d9e2c5e13c082b92975c06a0a0d0e2a0f88b7acf1742f77dde
3 15-08-20 15:36:45 [242/662/662] [python-troveclient] Elapsed time for artifact creation 00:00:00
3 15-08-20 15:36:45 [242/662/662] [python-troveclient] Cleaned up /src/tmp/tmpTa70Xe
3 15-08-20 15:36:45 [242/662/662] [python-troveclient] Elapsed time for assembly 00:00:02
3 15-08-20 15:36:45 [242/662/662] [openstack-clients] Installing python-troveclient.3eee72e6337df0d9e2c5e13c082b92975c06a0a0d0e2a0f88b7acf1742f77dde 
3 15-08-20 15:36:45 [242/662/662] [python-troveclient] loaded metadata for python-troveclient
3 15-08-20 15:36:45 [242/662/662] [python-barbicanclient] Starting assembly 
3 15-08-20 15:36:45 [242/662/662] [openstack-common] loaded metadata for openstack-common
3 15-08-20 15:36:45 [242/662/662] [python-barbicanclient] Installing openstack-common.b0a6b61d2145f58386f2034eb08fca37a322e7b75bc403e571869e0598a49911 
3 15-08-20 15:36:46 [242/662/662] [python-keystoneclient] loaded metadata for python-keystoneclient
3 15-08-20 15:36:46 [242/662/662] [python-barbicanclient] Installing python-keystoneclient.8c9c5528c5dde7fbc775e661c475a1caff7a5e0865696213885981bb60dd3cb9 
3 15-08-20 15:36:46 [242/662/662] [cliff] loaded metadata for cliff
3 15-08-20 15:36:46 [242/662/662] [python-barbicanclient] Installing cliff.6782f91def4bfa6121272a666fe7a37539b5ebdca7ca6c815c7fbaeb1b4a16b6 
3 15-08-20 15:36:46 [243/662/662] [python-barbicanclient] Starting build 
3 15-08-20 15:36:46 [243/662/662] [python-barbicanclient] Git checkout upstream:openstack/python-barbicanclient in /src/tmp/tmpJFNAWE/python-barbicanclient.build 
3 15-08-20 15:36:46 [243/662/662] [python-barbicanclient] Upstream version 29193668 3.0.3 (3.0.3 + 0 commits) 
3 15-08-20 15:36:46 [243/662/662] [python-barbicanclient] Autodetected build system is python-distutils
3 15-08-20 15:36:46 [243/662/662] [python-barbicanclient] Logging build commands to /src/artifacts/python-barbicanclient.5252ff5e0e5bc378d12433ac268d5bfccee413972f1905515f0f68de0f1eefab.build-log.3 
3 15-08-20 15:36:46 [243/662/662] [python-barbicanclient] Running build-commands
3 15-08-20 15:36:46 [243/662/662] [python-barbicanclient] Running command:
python setup.py build 
3 15-08-20 15:36:47 [243/662/662] [python-barbicanclient] Running install-commands
3 15-08-20 15:36:47 [243/662/662] [python-barbicanclient] Running command:
python setup.py install --prefix "$PREFIX" --root "$DESTDIR" 
3 15-08-20 15:36:47 [243/662/662] [python-barbicanclient] Running strip-commands
3 15-08-20 15:36:47 [243/662/662] [python-barbicanclient] Running command:
find "$DESTDIR" -type f \
  '(' -perm -111 -o -name '*.so*' -o -name '*.cmxs' -o -name '*.node' ')' \
  -exec sh -ec \
  'read -n4 hdr <"$1"   # check for elf header
  if [ "$hdr" != "$(printf \x7ELF)" ]; then
    exit 0
  fi
  debugfile="$DESTDIR$PREFIX/lib/debug/$(basename "$1")"
  mkdir -p "$(dirname "$debugfile")"
  objcopy --only-keep-debug "$1" "$debugfile"
  chmod 644 "$debugfile"
  strip --remove-section=.comment --remove-section=.note --strip-unneeded "$1"
  objcopy --add-gnu-debuglink "$debugfile" "$1"' - {} ';'
 
3 15-08-20 15:36:47 [243/662/662] [python-barbicanclient] Elapsed time for build 00:00:01
3 15-08-20 15:36:47 [243/662/662] [python-barbicanclient] Starting artifact creation 
3 15-08-20 15:36:47 [243/662/662] [python-barbicanclient] splitting chunk 
3 15-08-20 15:36:47 [243/662/662] [python-barbicanclient] Now cached 71648 bytes as python-barbicanclient.5252ff5e0e5bc378d12433ac268d5bfccee413972f1905515f0f68de0f1eefab
3 15-08-20 15:36:47 [243/662/662] [python-barbicanclient] Elapsed time for artifact creation 00:00:00
3 15-08-20 15:36:48 [243/662/662] [python-barbicanclient] Cleaned up /src/tmp/tmpJFNAWE
3 15-08-20 15:36:48 [243/662/662] [python-barbicanclient] Elapsed time for assembly 00:00:02
3 15-08-20 15:36:48 [243/662/662] [openstack-clients] Installing python-barbicanclient.5252ff5e0e5bc378d12433ac268d5bfccee413972f1905515f0f68de0f1eefab 
3 15-08-20 15:36:48 [243/662/662] [python-barbicanclient] loaded metadata for python-barbicanclient
3 15-08-20 15:36:48 [243/662/662] [python-heatclient] Starting assembly 
3 15-08-20 15:36:48 [243/662/662] [python-keystoneclient] loaded metadata for python-keystoneclient
3 15-08-20 15:36:48 [243/662/662] [python-heatclient] Installing python-keystoneclient.8c9c5528c5dde7fbc775e661c475a1caff7a5e0865696213885981bb60dd3cb9 
3 15-08-20 15:36:49 [243/662/662] [openstack-common] loaded metadata for openstack-common
3 15-08-20 15:36:49 [244/662/662] [python-heatclient] Starting build 
3 15-08-20 15:36:49 [244/662/662] [python-heatclient] Git checkout upstream:openstack/python-heatclient in /src/tmp/tmpX2qQM0/python-heatclient.build 
3 15-08-20 15:36:49 [244/662/662] [python-heatclient] Upstream version 6d528f00 0.4.0 (0.4.0 + 0 commits) 
3 15-08-20 15:36:49 [244/662/662] [python-heatclient] Autodetected build system is python-distutils
3 15-08-20 15:36:49 [244/662/662] [python-heatclient] Logging build commands to /src/artifacts/python-heatclient.da5d8d1a6bf9311373f80a9b9adec77009e2f5c72abe30e204d6431005d08cbd.build-log.3 
3 15-08-20 15:36:49 [244/662/662] [python-heatclient] Running build-commands
3 15-08-20 15:36:49 [244/662/662] [python-heatclient] Running command:
python setup.py build 
3 15-08-20 15:36:49 [244/662/662] [python-heatclient] Running install-commands
3 15-08-20 15:36:49 [244/662/662] [python-heatclient] Running command:
python setup.py install --prefix "$PREFIX" --root "$DESTDIR" 
3 15-08-20 15:36:50 [244/662/662] [python-heatclient] Running strip-commands
3 15-08-20 15:36:50 [244/662/662] [python-heatclient] Running command:
find "$DESTDIR" -type f \
  '(' -perm -111 -o -name '*.so*' -o -name '*.cmxs' -o -name '*.node' ')' \
  -exec sh -ec \
  'read -n4 hdr <"$1"   # check for elf header
  if [ "$hdr" != "$(printf \x7ELF)" ]; then
    exit 0
  fi
  debugfile="$DESTDIR$PREFIX/lib/debug/$(basename "$1")"
  mkdir -p "$(dirname "$debugfile")"
  objcopy --only-keep-debug "$1" "$debugfile"
  chmod 644 "$debugfile"
  strip --remove-section=.comment --remove-section=.note --strip-unneeded "$1"
  objcopy --add-gnu-debuglink "$debugfile" "$1"' - {} ';'
 
3 15-08-20 15:36:50 [244/662/662] [python-heatclient] Elapsed time for build 00:00:01
3 15-08-20 15:36:50 [244/662/662] [python-heatclient] Starting artifact creation 
3 15-08-20 15:36:50 [244/662/662] [python-heatclient] splitting chunk 
3 15-08-20 15:36:50 [244/662/662] [python-heatclient] Now cached 196882 bytes as python-heatclient.da5d8d1a6bf9311373f80a9b9adec77009e2f5c72abe30e204d6431005d08cbd
3 15-08-20 15:36:50 [244/662/662] [python-heatclient] Elapsed time for artifact creation 00:00:00
3 15-08-20 15:36:50 [244/662/662] [python-heatclient] Cleaned up /src/tmp/tmpX2qQM0
3 15-08-20 15:36:50 [244/662/662] [python-heatclient] Elapsed time for assembly 00:00:02
3 15-08-20 15:36:50 [244/662/662] [openstack-clients] Installing python-heatclient.da5d8d1a6bf9311373f80a9b9adec77009e2f5c72abe30e204d6431005d08cbd 
3 15-08-20 15:36:50 [244/662/662] [python-heatclient] loaded metadata for python-heatclient
3 15-08-20 15:36:50 [244/662/662] [python-openstackclient] Starting assembly 
3 15-08-20 15:36:50 [244/662/662] [openstack-common] loaded metadata for openstack-common
3 15-08-20 15:36:50 [244/662/662] [python-openstackclient] Installing openstack-common.b0a6b61d2145f58386f2034eb08fca37a322e7b75bc403e571869e0598a49911 
3 15-08-20 15:36:51 [245/662/662] [python-openstackclient] Starting build 
3 15-08-20 15:36:51 [245/662/662] [python-openstackclient] Git checkout upstream:openstack/python-openstackclient in /src/tmp/tmpeiNBX8/python-openstackclient.build 
3 15-08-20 15:36:51 [245/662/662] [python-openstackclient] Upstream version 28f65e66 1.2.0 (1.2.0 + 0 commits) 
3 15-08-20 15:36:51 [245/662/662] [python-openstackclient] Defined build system is python-distutils
3 15-08-20 15:36:51 [245/662/662] [python-openstackclient] Logging build commands to /src/artifacts/python-openstackclient.d4de0aed465abe05ff386e02613815954fd777a2699a2cfdfd1dfc2b59d9c65c.build-log.3 
3 15-08-20 15:36:51 [245/662/662] [python-openstackclient] Running build-commands
3 15-08-20 15:36:51 [245/662/662] [python-openstackclient] Running command:
python setup.py build 
3 15-08-20 15:36:52 [245/662/662] [python-openstackclient] Running install-commands
3 15-08-20 15:36:52 [245/662/662] [python-openstackclient] Running command:
python setup.py install --prefix "$PREFIX" --root "$DESTDIR" 
3 15-08-20 15:36:52 [245/662/662] [python-openstackclient] Running strip-commands
3 15-08-20 15:36:52 [245/662/662] [python-openstackclient] Running command:
find "$DESTDIR" -type f \
  '(' -perm -111 -o -name '*.so*' -o -name '*.cmxs' -o -name '*.node' ')' \
  -exec sh -ec \
  'read -n4 hdr <"$1"   # check for elf header
  if [ "$hdr" != "$(printf \x7ELF)" ]; then
    exit 0
  fi
  debugfile="$DESTDIR$PREFIX/lib/debug/$(basename "$1")"
  mkdir -p "$(dirname "$debugfile")"
  objcopy --only-keep-debug "$1" "$debugfile"
  chmod 644 "$debugfile"
  strip --remove-section=.comment --remove-section=.note --strip-unneeded "$1"
  objcopy --add-gnu-debuglink "$debugfile" "$1"' - {} ';'
 
3 15-08-20 15:36:52 [245/662/662] [python-openstackclient] Elapsed time for build 00:00:01
3 15-08-20 15:36:52 [245/662/662] [python-openstackclient] Starting artifact creation 
3 15-08-20 15:36:52 [245/662/662] [python-openstackclient] splitting chunk 
3 15-08-20 15:36:53 [245/662/662] [python-openstackclient] Now cached 360606 bytes as python-openstackclient.d4de0aed465abe05ff386e02613815954fd777a2699a2cfdfd1dfc2b59d9c65c
3 15-08-20 15:36:53 [245/662/662] [python-openstackclient] Elapsed time for artifact creation 00:00:00
3 15-08-20 15:36:53 [245/662/662] [python-openstackclient] Cleaned up /src/tmp/tmpeiNBX8
3 15-08-20 15:36:53 [245/662/662] [python-openstackclient] Elapsed time for assembly 00:00:02
3 15-08-20 15:36:53 [245/662/662] [openstack-clients] Installing python-openstackclient.d4de0aed465abe05ff386e02613815954fd777a2699a2cfdfd1dfc2b59d9c65c 
3 15-08-20 15:36:53 [245/662/662] [python-openstackclient] loaded metadata for strata/openstack-clients/python-openstackclient.morph
3 15-08-20 15:36:53 [245/662/662] [os-client-config] Starting assembly 
3 15-08-20 15:36:53 [245/662/662] [openstack-common] loaded metadata for openstack-common
3 15-08-20 15:36:53 [245/662/662] [os-client-config] Installing openstack-common.b0a6b61d2145f58386f2034eb08fca37a322e7b75bc403e571869e0598a49911 
3 15-08-20 15:36:54 [246/662/662] [os-client-config] Starting build 
3 15-08-20 15:36:54 [246/662/662] [os-client-config] Git checkout upstream:openstack/os-client-config in /src/tmp/tmpiimVok/os-client-config.build 
3 15-08-20 15:36:54 [246/662/662] [os-client-config] Upstream version a0df6770 1.3.0 (1.3.0 + 0 commits) 
3 15-08-20 15:36:54 [246/662/662] [os-client-config] Defined build system is python-distutils
3 15-08-20 15:36:54 [246/662/662] [os-client-config] Logging build commands to /src/artifacts/os-client-config.1972df4c7de267c185da7258eb7d6d1f20f9fc6913b68cfefeca072ab466dafc.build-log.3 
3 15-08-20 15:36:54 [246/662/662] [os-client-config] Running build-commands
3 15-08-20 15:36:54 [246/662/662] [os-client-config] Running command:
python setup.py build 
3 15-08-20 15:36:55 [246/662/662] [os-client-config] Running install-commands
3 15-08-20 15:36:55 [246/662/662] [os-client-config] Running command:
python setup.py install --prefix "$PREFIX" --root "$DESTDIR" 
3 15-08-20 15:36:55 [246/662/662] [os-client-config] Running strip-commands
3 15-08-20 15:36:55 [246/662/662] [os-client-config] Running command:
find "$DESTDIR" -type f \
  '(' -perm -111 -o -name '*.so*' -o -name '*.cmxs' -o -name '*.node' ')' \
  -exec sh -ec \
  'read -n4 hdr <"$1"   # check for elf header
  if [ "$hdr" != "$(printf \x7ELF)" ]; then
    exit 0
  fi
  debugfile="$DESTDIR$PREFIX/lib/debug/$(basename "$1")"
  mkdir -p "$(dirname "$debugfile")"
  objcopy --only-keep-debug "$1" "$debugfile"
  chmod 644 "$debugfile"
  strip --remove-section=.comment --remove-section=.note --strip-unneeded "$1"
  objcopy --add-gnu-debuglink "$debugfile" "$1"' - {} ';'
 
3 15-08-20 15:36:55 [246/662/662] [os-client-config] Elapsed time for build 00:00:00
3 15-08-20 15:36:55 [246/662/662] [os-client-config] Starting artifact creation 
3 15-08-20 15:36:55 [246/662/662] [os-client-config] splitting chunk 
3 15-08-20 15:36:55 [246/662/662] [os-client-config] Now cached 22933 bytes as os-client-config.1972df4c7de267c185da7258eb7d6d1f20f9fc6913b68cfefeca072ab466dafc
3 15-08-20 15:36:55 [246/662/662] [os-client-config] Elapsed time for artifact creation 00:00:00
3 15-08-20 15:36:55 [246/662/662] [os-client-config] Cleaned up /src/tmp/tmpiimVok
3 15-08-20 15:36:55 [246/662/662] [os-client-config] Elapsed time for assembly 00:00:02
3 15-08-20 15:36:55 [246/662/662] [openstack-clients] Installing os-client-config.1972df4c7de267c185da7258eb7d6d1f20f9fc6913b68cfefeca072ab466dafc 
3 15-08-20 15:36:55 [246/662/662] [os-client-config] loaded metadata for strata/openstack-clients/os-client-config.morph
3 15-08-20 15:36:55 [247/662/662] [openstack-clients] Starting build 
3 15-08-20 15:36:56 [247/662/662] [openstack-clients] Defined build system is manual
3 15-08-20 15:36:56 [247/662/662] [openstack-clients] Logging build commands to /src/artifacts/openstack-clients.e115bbf09722070f98c76c5e5978f8c523c35c621ab9000d38b04fc5703cbd24.build-log.3 
3 15-08-20 15:36:56 [247/662/662] [openstack-clients] Elapsed time for build 00:00:00
3 15-08-20 15:36:56 [247/662/662] [openstack-clients] Starting artifact creation 
3 15-08-20 15:36:56 [247/662/662] [openstack-clients] splitting stratum 
3 15-08-20 15:36:56 [247/662/662] [openstack-clients] Now cached 767 bytes as openstack-clients.e115bbf09722070f98c76c5e5978f8c523c35c621ab9000d38b04fc5703cbd24
3 15-08-20 15:36:56 [247/662/662] [openstack-clients] Elapsed time for artifact creation 00:00:00
3 15-08-20 15:36:56 [247/662/662] [openstack-clients] Cleaned up /src/tmp/tmpiPlpYv
3 15-08-20 15:36:56 [247/662/662] [openstack-clients] Elapsed time for assembly 00:00:59
3 15-08-20 15:36:56 [247/662/662] [devel-system-x86_64-generic] Installing openstack-clients.e115bbf09722070f98c76c5e5978f8c523c35c621ab9000d38b04fc5703cbd24 
3 15-08-20 15:36:56 [247/662/662] [openstack-clients] loaded metadata for strata/openstack-clients.morph
3 15-08-20 15:36:56 [247/662/662] [python-cliapp] loaded metadata for python-cliapp
3 15-08-20 15:36:56 [247/662/662] [devel-system-x86_64-generic] Installing python-cliapp.9061a4c0651cbb7152da09547e476fd77b47c72e9d3e520e2c7bce120d68469c 
3 15-08-20 15:36:56 [247/662/662] [build-essential] loaded metadata for build-essential
3 15-08-20 15:36:56 [247/662/662] [devel-system-x86_64-generic] Installing build-essential.e1bdf843212f662b23383566b09874097b32deae33d512280a33572574f5d94f 
3 15-08-20 15:36:56 [247/662/662] [ostree-core] loaded metadata for ostree-core
3 15-08-20 15:36:56 [247/662/662] [devel-system-x86_64-generic] Installing ostree-core.ab1ae70da946b389677d51698e7ac581eb1aff473428eeaf75b59399d77b2379 
3 15-08-20 15:36:56 [247/662/662] [nodejs] Starting assembly 
3 15-08-20 15:36:56 [247/662/662] [node] Starting assembly 
3 15-08-20 15:36:56 [247/662/662] [core] loaded metadata for core
3 15-08-20 15:36:56 [247/662/662] [node] Installing core.ff2bf428e04196e1f178b1d14eff9408a9ec0c298bbaf6872a6547da7efac9cf 
3 15-08-20 15:36:57 [248/662/662] [node] Starting build 
3 15-08-20 15:36:59 [248/662/662] [node] Git checkout upstream:node in /src/tmp/tmpBVTd7N/node.build 
3 15-08-20 15:36:59 [248/662/662] [node] Upstream version cc56c62e v0.10.26 (v0.10.26 + 0 commits) 
3 15-08-20 15:36:59 [248/662/662] [node] Autodetected build system is autotools
3 15-08-20 15:36:59 [248/662/662] [node] Logging build commands to /src/artifacts/node.56d91cb871d9135ab79d332147383dbaf48d191cad46bb6dbca2ce384529ec78.build-log.3 
3 15-08-20 15:36:59 [248/662/662] [node] Running configure-commands
3 15-08-20 15:36:59 [248/662/662] [node] Running command:
export NOCONFIGURE=1
if [ -e autogen ]; then ./autogen
elif [ -e autogen.sh ]; then ./autogen.sh
elif [ ! -e ./configure ]; then autoreconf -ivf
fi
./configure --prefix="$PREFIX"
 
3 15-08-20 15:37:00 [248/662/662] [node] Running build-commands
3 15-08-20 15:37:00 [248/662/662] [node] Running command:
make 
3 15-08-20 15:37:27 [248/662/662] [node] Running install-commands
3 15-08-20 15:37:27 [248/662/662] [node] Running command:
make DESTDIR="$DESTDIR" install 
3 15-08-20 15:37:27 [248/662/662] [node] Running strip-commands
3 15-08-20 15:37:27 [248/662/662] [node] Running command:
find "$DESTDIR" -type f \
  '(' -perm -111 -o -name '*.so*' -o -name '*.cmxs' -o -name '*.node' ')' \
  -exec sh -ec \
  'read -n4 hdr <"$1"   # check for elf header
  if [ "$hdr" != "$(printf \x7ELF)" ]; then
    exit 0
  fi
  debugfile="$DESTDIR$PREFIX/lib/debug/$(basename "$1")"
  mkdir -p "$(dirname "$debugfile")"
  objcopy --only-keep-debug "$1" "$debugfile"
  chmod 644 "$debugfile"
  strip --remove-section=.comment --remove-section=.note --strip-unneeded "$1"
  objcopy --add-gnu-debuglink "$debugfile" "$1"' - {} ';'
 
3 15-08-20 15:37:28 [248/662/662] [node] Elapsed time for build 00:00:30
3 15-08-20 15:37:28 [248/662/662] [node] Starting artifact creation 
3 15-08-20 15:37:28 [248/662/662] [node] splitting chunk 
3 15-08-20 15:37:31 [248/662/662] [node] Now cached 5402633 bytes as node.56d91cb871d9135ab79d332147383dbaf48d191cad46bb6dbca2ce384529ec78
3 15-08-20 15:37:31 [248/662/662] [node] Elapsed time for artifact creation 00:00:03
3 15-08-20 15:37:32 [248/662/662] [node] Cleaned up /src/tmp/tmpBVTd7N
3 15-08-20 15:37:32 [248/662/662] [node] Elapsed time for assembly 00:00:35
3 15-08-20 15:37:32 [248/662/662] [nodejs] Installing node.56d91cb871d9135ab79d332147383dbaf48d191cad46bb6dbca2ce384529ec78 
3 15-08-20 15:37:32 [248/662/662] [node] loaded metadata for node
3 15-08-20 15:37:33 [249/662/662] [nodejs] Starting build 
3 15-08-20 15:37:33 [249/662/662] [nodejs] Defined build system is manual
3 15-08-20 15:37:33 [249/662/662] [nodejs] Logging build commands to /src/artifacts/nodejs.dc059d9afc6a21328f93f8bc4ebf8f0ccfb76735b5dacd759fecaf96ede5ca04.build-log.3 
3 15-08-20 15:37:33 [249/662/662] [nodejs] Elapsed time for build 00:00:00
3 15-08-20 15:37:33 [249/662/662] [nodejs] Starting artifact creation 
3 15-08-20 15:37:33 [249/662/662] [nodejs] splitting stratum 
3 15-08-20 15:37:33 [249/662/662] [nodejs] Now cached 239 bytes as nodejs.dc059d9afc6a21328f93f8bc4ebf8f0ccfb76735b5dacd759fecaf96ede5ca04
3 15-08-20 15:37:33 [249/662/662] [nodejs] Elapsed time for artifact creation 00:00:00
3 15-08-20 15:37:33 [249/662/662] [nodejs] Cleaned up /src/tmp/tmpma4WO6
3 15-08-20 15:37:33 [249/662/662] [nodejs] Elapsed time for assembly 00:00:36
3 15-08-20 15:37:33 [249/662/662] [devel-system-x86_64-generic] Installing nodejs.dc059d9afc6a21328f93f8bc4ebf8f0ccfb76735b5dacd759fecaf96ede5ca04 
3 15-08-20 15:37:33 [249/662/662] [nodejs] loaded metadata for strata/nodejs.morph
3 15-08-20 15:37:33 [250/662/662] [devel-system-x86_64-generic] Starting build 
3 15-08-20 15:37:33 [250/662/662] [devel-system-x86_64-generic] Logging build commands to /src/artifacts/devel-system-x86_64-generic.1ead552744e019a9d1772bbf428142f56c4a036d8c8f0005c42972c85684a8c0.build-log.3 
3 15-08-20 15:37:33 [250/662/662] [devel-system-x86_64-generic] Running install-commands
3 15-08-20 15:37:33 [250/662/662] [devel-system-x86_64-generic] Running command:
update-ca-certificates 
AWS_AUTO_SCALING_HOME=/opt/aws/apitools/as
AWS_CLOUDWATCH_HOME=/opt/aws/apitools/mon
AWS_ELB_HOME=/opt/aws/apitools/elb
AWS_PATH=/opt/aws
AWS_RDS_HOME=/opt/aws/apitools/rds
EC2_AMITOOL_HOME=/opt/aws/amitools/ec2
EC2_HOME=/opt/aws/apitools/ec2
GIT_NO_REPLACE_OBJECTS=1
HISTSIZE=1000
HOME=/root
HOSTNAME=ip-172-31-26-51
JAVA_HOME=/usr/lib/jvm/jre
LANG=en_GB.UTF-8
LESSOPEN=||/usr/bin/lesspipe.sh %s
LESS_TERMCAP_mb=[01;31m
LESS_TERMCAP_md=[01;38;5;208m
LESS_TERMCAP_me=[0m
LESS_TERMCAP_se=[0m
LESS_TERMCAP_ue=[0m
LESS_TERMCAP_us=[04;38;5;111m
LOGNAME=root
LS_COLORS=rs=0:di=01;34:ln=01;36:mh=00:pi=40;33:so=01;35:do=01;35:bd=40;33;01:cd=40;33;01:or=40;31;01:mi=01;05;37;41:su=37;41:sg=30;43:ca=30;41:tw=30;42:ow=34;42:st=37;44:ex=01;32:*.tar=01;31:*.tgz=01;31:*.arc=01;31:*.arj=01;31:*.taz=01;31:*.lha=01;31:*.lzh=01;31:*.lzma=01;31:*.tlz=01;31:*.txz=01;31:*.tzo=01;31:*.t7z=01;31:*.zip=01;31:*.z=01;31:*.Z=01;31:*.dz=01;31:*.gz=01;31:*.lrz=01;31:*.lz=01;31:*.lzo=01;31:*.xz=01;31:*.bz2=01;31:*.bz=01;31:*.tbz=01;31:*.tbz2=01;31:*.tz=01;31:*.deb=01;31:*.rpm=01;31:*.jar=01;31:*.war=01;31:*.ear=01;31:*.sar=01;31:*.rar=01;31:*.alz=01;31:*.ace=01;31:*.zoo=01;31:*.cpio=01;31:*.7z=01;31:*.rz=01;31:*.cab=01;31:*.jpg=01;35:*.jpeg=01;35:*.gif=01;35:*.bmp=01;35:*.pbm=01;35:*.pgm=01;35:*.ppm=01;35:*.tga=01;35:*.xbm=01;35:*.xpm=01;35:*.tif=01;35:*.tiff=01;35:*.png=01;35:*.svg=01;35:*.svgz=01;35:*.mng=01;35:*.pcx=01;35:*.mov=01;35:*.mpg=01;35:*.mpeg=01;35:*.m2v=01;35:*.mkv=01;35:*.ogm=01;35:*.mp4=01;35:*.m4v=01;35:*.mp4v=01;35:*.vob=01;35:*.qt=01;35:*.nuv=01;35:*.wmv=01;35:*.asf=01;35:*.rm=01;35:*.rmvb=01;35:*.flc=01;35:*.avi=01;35:*.fli=01;35:*.flv=01;35:*.gl=01;35:*.dl=01;35:*.xcf=01;35:*.xwd=01;35:*.yuv=01;35:*.cgm=01;35:*.emf=01;35:*.axv=01;35:*.anx=01;35:*.ogv=01;35:*.ogx=01;35:*.aac=01;36:*.au=01;36:*.flac=01;36:*.mid=01;36:*.midi=01;36:*.mka=01;36:*.mp3=01;36:*.mpc=01;36:*.ogg=01;36:*.ra=01;36:*.wav=01;36:*.axa=01;36:*.oga=01;36:*.spx=01;36:*.xspf=01;36:
MAIL=/var/spool/mail/ec2-user
OLDPWD=/src/ybd
PATH=/sbin:/bin:/usr/sbin:/usr/bin:/opt/aws/bin:/opt/aws/bin:/sbin:/usr/sbin:/usr/local/sbin
PWD=/src/definitions
SHELL=/bin/bash
SHLVL=2
STY=4775.pts-0.ip-172-31-26-51
SUDO_COMMAND=/bin/su
SUDO_GID=500
SUDO_UID=500
SUDO_USER=ec2-user
TERM=screen
TERMCAP=SC|screen|VT 100/ANSI X3.64 virtual terminal:\
	:DO=\E[%dB:LE=\E[%dD:RI=\E[%dC:UP=\E[%dA:bs:bt=\E[Z:\
	:cd=\E[J:ce=\E[K:cl=\E[H\E[J:cm=\E[%i%d;%dH:ct=\E[3g:\
	:do=^J:nd=\E[C:pt:rc=\E8:rs=\Ec:sc=\E7:st=\EH:up=\EM:\
	:le=^H:bl=^G:cr=^M:it#8:ho=\E[H:nw=\EE:ta=^I:is=\E)0:\
	:li#47:co#175:am:xn:xv:LP:sr=\EM:al=\E[L:AL=\E[%dL:\
	:cs=\E[%i%d;%dr:dl=\E[M:DL=\E[%dM:dc=\E[P:DC=\E[%dP:\
	:im=\E[4h:ei=\E[4l:mi:IC=\E[%d@:ks=\E[?1h\E=:\
	:ke=\E[?1l\E>:vi=\E[?25l:ve=\E[34h\E[?25h:vs=\E[34l:\
	:ti=\E[?1049h:te=\E[?1049l:us=\E[4m:ue=\E[24m:so=\E[3m:\
	:se=\E[23m:mb=\E[5m:md=\E[1m:mr=\E[7m:me=\E[m:ms:\
	:Co#8:pa#64:AF=\E[3%dm:AB=\E[4%dm:op=\E[39;49m:AX:\
	:vb=\Eg:G0:as=\E(0:ae=\E(B:\
	:ac=\140\140aaffggjjkkllmmnnooppqqrrssttuuvvwwxxyyzz{{||}}~~..--++,,hhII00:\
	:po=\E[5i:pf=\E[4i:k0=\E[10~:k1=\EOP:k2=\EOQ:k3=\EOR:\
	:k4=\EOS:k5=\E[15~:k6=\E[17~:k7=\E[18~:k8=\E[19~:\
	:k9=\E[20~:k;=\E[21~:F1=\E[23~:F2=\E[24~:F3=\E[1;2P:\
	:F4=\E[1;2Q:F5=\E[1;2R:F6=\E[1;2S:F7=\E[15;2~:\
	:F8=\E[17;2~:F9=\E[18;2~:FA=\E[19;2~:kb=:K2=\EOE:\
	:kB=\E[Z:kF=\E[1;2B:kR=\E[1;2A:*4=\E[3;2~:*7=\E[1;2F:\
	:#2=\E[1;2H:#3=\E[2;2~:#4=\E[1;2D:%c=\E[6;2~:%e=\E[5;2~:\
	:%i=\E[1;2C:kh=\E[1~:@1=\E[1~:kH=\E[4~:@7=\E[4~:\
	:kN=\E[6~:kP=\E[5~:kI=\E[2~:kD=\E[3~:ku=\EOA:kd=\EOB:\
	:kr=\EOC:kl=\EOD:km:
USER=root
USERNAME=root
WINDOW=0
_=../ybd/ybd.py
ldconfig -r /src/tmp/tmpom7fEP
# # update-ca-certificates
CCACHE_DIR=/tmp/ccache
CCACHE_EXTRAFILES=
DEFINITIONS_REF=HEAD baserock-15.17-rc-519-g6cb6399 (baserock-15.17-rc + 519 commits)
DESTDIR=/devel-system-x86_64-generic.inst
HOME=/tmp
LC_ALL=C
LOGNAME=tomjon
MORPH_ARCH=x86_64
PATH=/usr/lib/ccache:/usr/bin:/bin:/usr/sbin:/sbin
PREFIX=/usr
PROGRAM_REF=HEAD 15-27-60-gdde8ba8-dirty (15-27 + 60 commits)
SHELL=/bin/sh
TARGET=x86_64-baserock-linux-gnu
TARGET_STAGE1=x86_64-bootstrap-linux-gnu
TERM=dumb
TZ=UTC
USER=tomjon
USERNAME=tomjon
sh -c update-ca-certificates
sh: update-ca-certificates: not found


3 15-08-20 15:37:33 [250/662/662] [devel-system-x86_64-generic] ERROR: command failed in directory /src/definitions:

 sh -c update-ca-certificates




3 15-08-20 15:37:33 [250/662/662] [devel-system-x86_64-generic] ERROR: log file is at /src/artifacts/devel-system-x86_64-generic.1ead552744e019a9d1772bbf428142f56c4a036d8c8f0005c42972c85684a8c0.build-log.3


3 15-08-20 15:37:33 [250/662/662] [devel-system-x86_64-generic] Elapsed time for build 00:00:00
3 15-08-20 15:37:33 [250/662/662] [devel-system-x86_64-generic] Elapsed time for assembly 01:31:27
3 15-08-20 15:37:33 [250/662/662] [ci] Elapsed time for assembly 01:31:27
3 15-08-20 15:37:33 [250/662/662] [TOTAL] Elapsed time 02:38:26
